ARM GAS  /tmp/ccnlZ69U.s 			page 1


   1              		.cpu cortex-m4
   2              		.arch armv7e-m
   3              		.fpu fpv4-sp-d16
   4              		.eabi_attribute 27, 1
   5              		.eabi_attribute 28, 1
   6              		.eabi_attribute 20, 1
   7              		.eabi_attribute 21, 1
   8              		.eabi_attribute 23, 3
   9              		.eabi_attribute 24, 1
  10              		.eabi_attribute 25, 1
  11              		.eabi_attribute 26, 1
  12              		.eabi_attribute 30, 1
  13              		.eabi_attribute 34, 1
  14              		.eabi_attribute 18, 4
  15              		.file	"bridgeif_fdb.c"
  16              		.text
  17              	.Ltext0:
  18              		.cfi_sections	.debug_frame
  19              		.file 1 "Middlewares/Third_Party/LwIP/src/netif/bridgeif_fdb.c"
  20              		.section	.text.bridgeif_fdb_age_one_second,"ax",%progbits
  21              		.align	1
  22              		.syntax unified
  23              		.thumb
  24              		.thumb_func
  26              	bridgeif_fdb_age_one_second:
  27              	.LVL0:
  28              	.LFB158:
   1:Middlewares/Third_Party/LwIP/src/netif/bridgeif_fdb.c **** /**
   2:Middlewares/Third_Party/LwIP/src/netif/bridgeif_fdb.c ****  * @file
   3:Middlewares/Third_Party/LwIP/src/netif/bridgeif_fdb.c ****  * lwIP netif implementing an FDB for IEEE 802.1D MAC Bridge
   4:Middlewares/Third_Party/LwIP/src/netif/bridgeif_fdb.c ****  */
   5:Middlewares/Third_Party/LwIP/src/netif/bridgeif_fdb.c **** 
   6:Middlewares/Third_Party/LwIP/src/netif/bridgeif_fdb.c **** /*
   7:Middlewares/Third_Party/LwIP/src/netif/bridgeif_fdb.c ****  * Copyright (c) 2017 Simon Goldschmidt.
   8:Middlewares/Third_Party/LwIP/src/netif/bridgeif_fdb.c ****  * All rights reserved.
   9:Middlewares/Third_Party/LwIP/src/netif/bridgeif_fdb.c ****  *
  10:Middlewares/Third_Party/LwIP/src/netif/bridgeif_fdb.c ****  * Redistribution and use in source and binary forms, with or without modification,
  11:Middlewares/Third_Party/LwIP/src/netif/bridgeif_fdb.c ****  * are permitted provided that the following conditions are met:
  12:Middlewares/Third_Party/LwIP/src/netif/bridgeif_fdb.c ****  *
  13:Middlewares/Third_Party/LwIP/src/netif/bridgeif_fdb.c ****  * 1. Redistributions of source code must retain the above copyright notice,
  14:Middlewares/Third_Party/LwIP/src/netif/bridgeif_fdb.c ****  *    this list of conditions and the following disclaimer.
  15:Middlewares/Third_Party/LwIP/src/netif/bridgeif_fdb.c ****  * 2. Redistributions in binary form must reproduce the above copyright notice,
  16:Middlewares/Third_Party/LwIP/src/netif/bridgeif_fdb.c ****  *    this list of conditions and the following disclaimer in the documentation
  17:Middlewares/Third_Party/LwIP/src/netif/bridgeif_fdb.c ****  *    and/or other materials provided with the distribution.
  18:Middlewares/Third_Party/LwIP/src/netif/bridgeif_fdb.c ****  * 3. The name of the author may not be used to endorse or promote products
  19:Middlewares/Third_Party/LwIP/src/netif/bridgeif_fdb.c ****  *    derived from this software without specific prior written permission.
  20:Middlewares/Third_Party/LwIP/src/netif/bridgeif_fdb.c ****  *
  21:Middlewares/Third_Party/LwIP/src/netif/bridgeif_fdb.c ****  * THIS SOFTWARE IS PROVIDED BY THE AUTHOR ``AS IS'' AND ANY EXPRESS OR IMPLIED
  22:Middlewares/Third_Party/LwIP/src/netif/bridgeif_fdb.c ****  * WARRANTIES, INCLUDING, BUT NOT LIMITED TO, THE IMPLIED WARRANTIES OF
  23:Middlewares/Third_Party/LwIP/src/netif/bridgeif_fdb.c ****  * MERCHANTABILITY AND FITNESS FOR A PARTICULAR PURPOSE ARE DISCLAIMED. IN NO EVENT
  24:Middlewares/Third_Party/LwIP/src/netif/bridgeif_fdb.c ****  * SHALL THE AUTHOR BE LIABLE FOR ANY DIRECT, INDIRECT, INCIDENTAL, SPECIAL,
  25:Middlewares/Third_Party/LwIP/src/netif/bridgeif_fdb.c ****  * EXEMPLARY, OR CONSEQUENTIAL DAMAGES (INCLUDING, BUT NOT LIMITED TO, PROCUREMENT
  26:Middlewares/Third_Party/LwIP/src/netif/bridgeif_fdb.c ****  * OF SUBSTITUTE GOODS OR SERVICES; LOSS OF USE, DATA, OR PROFITS; OR BUSINESS
  27:Middlewares/Third_Party/LwIP/src/netif/bridgeif_fdb.c ****  * INTERRUPTION) HOWEVER CAUSED AND ON ANY THEORY OF LIABILITY, WHETHER IN
  28:Middlewares/Third_Party/LwIP/src/netif/bridgeif_fdb.c ****  * CONTRACT, STRICT LIABILITY, OR TORT (INCLUDING NEGLIGENCE OR OTHERWISE) ARISING
  29:Middlewares/Third_Party/LwIP/src/netif/bridgeif_fdb.c ****  * IN ANY WAY OUT OF THE USE OF THIS SOFTWARE, EVEN IF ADVISED OF THE POSSIBILITY
  30:Middlewares/Third_Party/LwIP/src/netif/bridgeif_fdb.c ****  * OF SUCH DAMAGE.
ARM GAS  /tmp/ccnlZ69U.s 			page 2


  31:Middlewares/Third_Party/LwIP/src/netif/bridgeif_fdb.c ****  *
  32:Middlewares/Third_Party/LwIP/src/netif/bridgeif_fdb.c ****  * This file is part of the lwIP TCP/IP stack.
  33:Middlewares/Third_Party/LwIP/src/netif/bridgeif_fdb.c ****  *
  34:Middlewares/Third_Party/LwIP/src/netif/bridgeif_fdb.c ****  * Author: Simon Goldschmidt <goldsimon@gmx.de>
  35:Middlewares/Third_Party/LwIP/src/netif/bridgeif_fdb.c ****  *
  36:Middlewares/Third_Party/LwIP/src/netif/bridgeif_fdb.c ****  */
  37:Middlewares/Third_Party/LwIP/src/netif/bridgeif_fdb.c **** 
  38:Middlewares/Third_Party/LwIP/src/netif/bridgeif_fdb.c **** /**
  39:Middlewares/Third_Party/LwIP/src/netif/bridgeif_fdb.c ****  * @defgroup bridgeif_fdb FDB example code
  40:Middlewares/Third_Party/LwIP/src/netif/bridgeif_fdb.c ****  * @ingroup bridgeif
  41:Middlewares/Third_Party/LwIP/src/netif/bridgeif_fdb.c ****  * This file implements an example for an FDB (Forwarding DataBase)
  42:Middlewares/Third_Party/LwIP/src/netif/bridgeif_fdb.c ****  */
  43:Middlewares/Third_Party/LwIP/src/netif/bridgeif_fdb.c **** 
  44:Middlewares/Third_Party/LwIP/src/netif/bridgeif_fdb.c **** #include "netif/bridgeif.h"
  45:Middlewares/Third_Party/LwIP/src/netif/bridgeif_fdb.c **** #include "lwip/sys.h"
  46:Middlewares/Third_Party/LwIP/src/netif/bridgeif_fdb.c **** #include "lwip/mem.h"
  47:Middlewares/Third_Party/LwIP/src/netif/bridgeif_fdb.c **** #include "lwip/timeouts.h"
  48:Middlewares/Third_Party/LwIP/src/netif/bridgeif_fdb.c **** #include <string.h>
  49:Middlewares/Third_Party/LwIP/src/netif/bridgeif_fdb.c **** 
  50:Middlewares/Third_Party/LwIP/src/netif/bridgeif_fdb.c **** #define BRIDGEIF_AGE_TIMER_MS 1000
  51:Middlewares/Third_Party/LwIP/src/netif/bridgeif_fdb.c **** 
  52:Middlewares/Third_Party/LwIP/src/netif/bridgeif_fdb.c **** #define BR_FDB_TIMEOUT_SEC  (60*5) /* 5 minutes FDB timeout */
  53:Middlewares/Third_Party/LwIP/src/netif/bridgeif_fdb.c **** 
  54:Middlewares/Third_Party/LwIP/src/netif/bridgeif_fdb.c **** typedef struct bridgeif_dfdb_entry_s {
  55:Middlewares/Third_Party/LwIP/src/netif/bridgeif_fdb.c ****   u8_t used;
  56:Middlewares/Third_Party/LwIP/src/netif/bridgeif_fdb.c ****   u8_t port;
  57:Middlewares/Third_Party/LwIP/src/netif/bridgeif_fdb.c ****   u32_t ts;
  58:Middlewares/Third_Party/LwIP/src/netif/bridgeif_fdb.c ****   struct eth_addr addr;
  59:Middlewares/Third_Party/LwIP/src/netif/bridgeif_fdb.c **** } bridgeif_dfdb_entry_t;
  60:Middlewares/Third_Party/LwIP/src/netif/bridgeif_fdb.c **** 
  61:Middlewares/Third_Party/LwIP/src/netif/bridgeif_fdb.c **** typedef struct bridgeif_dfdb_s {
  62:Middlewares/Third_Party/LwIP/src/netif/bridgeif_fdb.c ****   u16_t max_fdb_entries;
  63:Middlewares/Third_Party/LwIP/src/netif/bridgeif_fdb.c ****   bridgeif_dfdb_entry_t *fdb;
  64:Middlewares/Third_Party/LwIP/src/netif/bridgeif_fdb.c **** } bridgeif_dfdb_t;
  65:Middlewares/Third_Party/LwIP/src/netif/bridgeif_fdb.c **** 
  66:Middlewares/Third_Party/LwIP/src/netif/bridgeif_fdb.c **** /**
  67:Middlewares/Third_Party/LwIP/src/netif/bridgeif_fdb.c ****  * @ingroup bridgeif_fdb
  68:Middlewares/Third_Party/LwIP/src/netif/bridgeif_fdb.c ****  * A real simple and slow implementation of an auto-learning forwarding database that
  69:Middlewares/Third_Party/LwIP/src/netif/bridgeif_fdb.c ****  * remembers known src mac addresses to know which port to send frames destined for that
  70:Middlewares/Third_Party/LwIP/src/netif/bridgeif_fdb.c ****  * mac address.
  71:Middlewares/Third_Party/LwIP/src/netif/bridgeif_fdb.c ****  *
  72:Middlewares/Third_Party/LwIP/src/netif/bridgeif_fdb.c ****  * ATTENTION: This is meant as an example only, in real-world use, you should 
  73:Middlewares/Third_Party/LwIP/src/netif/bridgeif_fdb.c ****  * provide a better implementation :-)
  74:Middlewares/Third_Party/LwIP/src/netif/bridgeif_fdb.c ****  */
  75:Middlewares/Third_Party/LwIP/src/netif/bridgeif_fdb.c **** void
  76:Middlewares/Third_Party/LwIP/src/netif/bridgeif_fdb.c **** bridgeif_fdb_update_src(void *fdb_ptr, struct eth_addr *src_addr, u8_t port_idx)
  77:Middlewares/Third_Party/LwIP/src/netif/bridgeif_fdb.c **** {
  78:Middlewares/Third_Party/LwIP/src/netif/bridgeif_fdb.c ****   int i;
  79:Middlewares/Third_Party/LwIP/src/netif/bridgeif_fdb.c ****   bridgeif_dfdb_t *fdb = (bridgeif_dfdb_t *)fdb_ptr;
  80:Middlewares/Third_Party/LwIP/src/netif/bridgeif_fdb.c ****   BRIDGEIF_DECL_PROTECT(lev);
  81:Middlewares/Third_Party/LwIP/src/netif/bridgeif_fdb.c ****   BRIDGEIF_READ_PROTECT(lev);
  82:Middlewares/Third_Party/LwIP/src/netif/bridgeif_fdb.c ****   for (i = 0; i < fdb->max_fdb_entries; i++) {
  83:Middlewares/Third_Party/LwIP/src/netif/bridgeif_fdb.c ****     bridgeif_dfdb_entry_t *e = &fdb->fdb[i];
  84:Middlewares/Third_Party/LwIP/src/netif/bridgeif_fdb.c ****     if (e->used && e->ts) {
  85:Middlewares/Third_Party/LwIP/src/netif/bridgeif_fdb.c ****       if (!memcmp(&e->addr, src_addr, sizeof(struct eth_addr))) {
  86:Middlewares/Third_Party/LwIP/src/netif/bridgeif_fdb.c ****         LWIP_DEBUGF(BRIDGEIF_FDB_DEBUG, ("br: update src %02x:%02x:%02x:%02x:%02x:%02x (from %d) @ 
  87:Middlewares/Third_Party/LwIP/src/netif/bridgeif_fdb.c ****                                          src_addr->addr[0], src_addr->addr[1], src_addr->addr[2], s
ARM GAS  /tmp/ccnlZ69U.s 			page 3


  88:Middlewares/Third_Party/LwIP/src/netif/bridgeif_fdb.c ****                                          port_idx, i));
  89:Middlewares/Third_Party/LwIP/src/netif/bridgeif_fdb.c ****         BRIDGEIF_WRITE_PROTECT(lev);
  90:Middlewares/Third_Party/LwIP/src/netif/bridgeif_fdb.c ****         e->ts = BR_FDB_TIMEOUT_SEC;
  91:Middlewares/Third_Party/LwIP/src/netif/bridgeif_fdb.c ****         e->port = port_idx;
  92:Middlewares/Third_Party/LwIP/src/netif/bridgeif_fdb.c ****         BRIDGEIF_WRITE_UNPROTECT(lev);
  93:Middlewares/Third_Party/LwIP/src/netif/bridgeif_fdb.c ****         BRIDGEIF_READ_UNPROTECT(lev);
  94:Middlewares/Third_Party/LwIP/src/netif/bridgeif_fdb.c ****         return;
  95:Middlewares/Third_Party/LwIP/src/netif/bridgeif_fdb.c ****       }
  96:Middlewares/Third_Party/LwIP/src/netif/bridgeif_fdb.c ****     }
  97:Middlewares/Third_Party/LwIP/src/netif/bridgeif_fdb.c ****   }
  98:Middlewares/Third_Party/LwIP/src/netif/bridgeif_fdb.c ****   /* not found, allocate new entry from free */
  99:Middlewares/Third_Party/LwIP/src/netif/bridgeif_fdb.c ****   for (i = 0; i < fdb->max_fdb_entries; i++) {
 100:Middlewares/Third_Party/LwIP/src/netif/bridgeif_fdb.c ****     bridgeif_dfdb_entry_t *e = &fdb->fdb[i];
 101:Middlewares/Third_Party/LwIP/src/netif/bridgeif_fdb.c ****     if (!e->used || !e->ts) {
 102:Middlewares/Third_Party/LwIP/src/netif/bridgeif_fdb.c ****       BRIDGEIF_WRITE_PROTECT(lev);
 103:Middlewares/Third_Party/LwIP/src/netif/bridgeif_fdb.c ****       /* check again when protected */
 104:Middlewares/Third_Party/LwIP/src/netif/bridgeif_fdb.c ****       if (!e->used || !e->ts) {
 105:Middlewares/Third_Party/LwIP/src/netif/bridgeif_fdb.c ****         LWIP_DEBUGF(BRIDGEIF_FDB_DEBUG, ("br: create src %02x:%02x:%02x:%02x:%02x:%02x (from %d) @ 
 106:Middlewares/Third_Party/LwIP/src/netif/bridgeif_fdb.c ****                                          src_addr->addr[0], src_addr->addr[1], src_addr->addr[2], s
 107:Middlewares/Third_Party/LwIP/src/netif/bridgeif_fdb.c ****                                          port_idx, i));
 108:Middlewares/Third_Party/LwIP/src/netif/bridgeif_fdb.c ****         memcpy(&e->addr, src_addr, sizeof(struct eth_addr));
 109:Middlewares/Third_Party/LwIP/src/netif/bridgeif_fdb.c ****         e->ts = BR_FDB_TIMEOUT_SEC;
 110:Middlewares/Third_Party/LwIP/src/netif/bridgeif_fdb.c ****         e->port = port_idx;
 111:Middlewares/Third_Party/LwIP/src/netif/bridgeif_fdb.c ****         e->used = 1;
 112:Middlewares/Third_Party/LwIP/src/netif/bridgeif_fdb.c ****         BRIDGEIF_WRITE_UNPROTECT(lev);
 113:Middlewares/Third_Party/LwIP/src/netif/bridgeif_fdb.c ****         BRIDGEIF_READ_UNPROTECT(lev);
 114:Middlewares/Third_Party/LwIP/src/netif/bridgeif_fdb.c ****         return;
 115:Middlewares/Third_Party/LwIP/src/netif/bridgeif_fdb.c ****       }
 116:Middlewares/Third_Party/LwIP/src/netif/bridgeif_fdb.c ****       BRIDGEIF_WRITE_UNPROTECT(lev);
 117:Middlewares/Third_Party/LwIP/src/netif/bridgeif_fdb.c ****     }
 118:Middlewares/Third_Party/LwIP/src/netif/bridgeif_fdb.c ****   }
 119:Middlewares/Third_Party/LwIP/src/netif/bridgeif_fdb.c ****   BRIDGEIF_READ_UNPROTECT(lev);
 120:Middlewares/Third_Party/LwIP/src/netif/bridgeif_fdb.c ****   /* not found, no free entry -> flood */
 121:Middlewares/Third_Party/LwIP/src/netif/bridgeif_fdb.c **** }
 122:Middlewares/Third_Party/LwIP/src/netif/bridgeif_fdb.c **** 
 123:Middlewares/Third_Party/LwIP/src/netif/bridgeif_fdb.c **** /** 
 124:Middlewares/Third_Party/LwIP/src/netif/bridgeif_fdb.c ****  * @ingroup bridgeif_fdb
 125:Middlewares/Third_Party/LwIP/src/netif/bridgeif_fdb.c ****  * Walk our list of auto-learnt fdb entries and return a port to forward or BR_FLOOD if unknown 
 126:Middlewares/Third_Party/LwIP/src/netif/bridgeif_fdb.c ****  */
 127:Middlewares/Third_Party/LwIP/src/netif/bridgeif_fdb.c **** bridgeif_portmask_t
 128:Middlewares/Third_Party/LwIP/src/netif/bridgeif_fdb.c **** bridgeif_fdb_get_dst_ports(void *fdb_ptr, struct eth_addr *dst_addr)
 129:Middlewares/Third_Party/LwIP/src/netif/bridgeif_fdb.c **** {
 130:Middlewares/Third_Party/LwIP/src/netif/bridgeif_fdb.c ****   int i;
 131:Middlewares/Third_Party/LwIP/src/netif/bridgeif_fdb.c ****   bridgeif_dfdb_t *fdb = (bridgeif_dfdb_t *)fdb_ptr;
 132:Middlewares/Third_Party/LwIP/src/netif/bridgeif_fdb.c ****   BRIDGEIF_DECL_PROTECT(lev);
 133:Middlewares/Third_Party/LwIP/src/netif/bridgeif_fdb.c ****   BRIDGEIF_READ_PROTECT(lev);
 134:Middlewares/Third_Party/LwIP/src/netif/bridgeif_fdb.c ****   for (i = 0; i < fdb->max_fdb_entries; i++) {
 135:Middlewares/Third_Party/LwIP/src/netif/bridgeif_fdb.c ****     bridgeif_dfdb_entry_t *e = &fdb->fdb[i];
 136:Middlewares/Third_Party/LwIP/src/netif/bridgeif_fdb.c ****     if (e->used && e->ts) {
 137:Middlewares/Third_Party/LwIP/src/netif/bridgeif_fdb.c ****       if (!memcmp(&e->addr, dst_addr, sizeof(struct eth_addr))) {
 138:Middlewares/Third_Party/LwIP/src/netif/bridgeif_fdb.c ****         bridgeif_portmask_t ret = (bridgeif_portmask_t)(1 << e->port);
 139:Middlewares/Third_Party/LwIP/src/netif/bridgeif_fdb.c ****         BRIDGEIF_READ_UNPROTECT(lev);
 140:Middlewares/Third_Party/LwIP/src/netif/bridgeif_fdb.c ****         return ret;
 141:Middlewares/Third_Party/LwIP/src/netif/bridgeif_fdb.c ****       }
 142:Middlewares/Third_Party/LwIP/src/netif/bridgeif_fdb.c ****     }
 143:Middlewares/Third_Party/LwIP/src/netif/bridgeif_fdb.c ****   }
 144:Middlewares/Third_Party/LwIP/src/netif/bridgeif_fdb.c ****   BRIDGEIF_READ_UNPROTECT(lev);
ARM GAS  /tmp/ccnlZ69U.s 			page 4


 145:Middlewares/Third_Party/LwIP/src/netif/bridgeif_fdb.c ****   return BR_FLOOD;
 146:Middlewares/Third_Party/LwIP/src/netif/bridgeif_fdb.c **** }
 147:Middlewares/Third_Party/LwIP/src/netif/bridgeif_fdb.c **** 
 148:Middlewares/Third_Party/LwIP/src/netif/bridgeif_fdb.c **** /**
 149:Middlewares/Third_Party/LwIP/src/netif/bridgeif_fdb.c ****  * @ingroup bridgeif_fdb
 150:Middlewares/Third_Party/LwIP/src/netif/bridgeif_fdb.c ****  * Aging implementation of our simple fdb
 151:Middlewares/Third_Party/LwIP/src/netif/bridgeif_fdb.c ****  */
 152:Middlewares/Third_Party/LwIP/src/netif/bridgeif_fdb.c **** static void
 153:Middlewares/Third_Party/LwIP/src/netif/bridgeif_fdb.c **** bridgeif_fdb_age_one_second(void *fdb_ptr)
 154:Middlewares/Third_Party/LwIP/src/netif/bridgeif_fdb.c **** {
  29              		.loc 1 154 1 view -0
  30              		.cfi_startproc
  31              		@ args = 0, pretend = 0, frame = 0
  32              		@ frame_needed = 0, uses_anonymous_args = 0
  33              		@ link register save eliminated.
 155:Middlewares/Third_Party/LwIP/src/netif/bridgeif_fdb.c ****   int i;
  34              		.loc 1 155 3 view .LVU1
 156:Middlewares/Third_Party/LwIP/src/netif/bridgeif_fdb.c ****   bridgeif_dfdb_t *fdb;
  35              		.loc 1 156 3 view .LVU2
 157:Middlewares/Third_Party/LwIP/src/netif/bridgeif_fdb.c ****   BRIDGEIF_DECL_PROTECT(lev);
  36              		.loc 1 157 29 view .LVU3
 158:Middlewares/Third_Party/LwIP/src/netif/bridgeif_fdb.c **** 
 159:Middlewares/Third_Party/LwIP/src/netif/bridgeif_fdb.c ****   fdb = (bridgeif_dfdb_t *)fdb_ptr;
  37              		.loc 1 159 3 view .LVU4
 160:Middlewares/Third_Party/LwIP/src/netif/bridgeif_fdb.c ****   BRIDGEIF_READ_PROTECT(lev);
  38              		.loc 1 160 29 view .LVU5
 161:Middlewares/Third_Party/LwIP/src/netif/bridgeif_fdb.c **** 
 162:Middlewares/Third_Party/LwIP/src/netif/bridgeif_fdb.c ****   for (i = 0; i < fdb->max_fdb_entries; i++) {
  39              		.loc 1 162 3 view .LVU6
  40              		.loc 1 162 10 is_stmt 0 view .LVU7
  41 0000 0023     		movs	r3, #0
  42              	.LVL1:
  43              		.loc 1 162 17 is_stmt 1 discriminator 1 view .LVU8
  44              		.loc 1 162 22 is_stmt 0 discriminator 1 view .LVU9
  45 0002 0288     		ldrh	r2, [r0]
  46              		.loc 1 162 17 discriminator 1 view .LVU10
  47 0004 9A42     		cmp	r2, r3
  48 0006 1ADD     		ble	.L8
 154:Middlewares/Third_Party/LwIP/src/netif/bridgeif_fdb.c ****   int i;
  49              		.loc 1 154 1 view .LVU11
  50 0008 10B4     		push	{r4}
  51              	.LCFI0:
  52              		.cfi_def_cfa_offset 4
  53              		.cfi_offset 4, -4
  54 000a 03E0     		b	.L4
  55              	.LVL2:
  56              	.L3:
  57              	.LBB2:
 163:Middlewares/Third_Party/LwIP/src/netif/bridgeif_fdb.c ****     bridgeif_dfdb_entry_t *e = &fdb->fdb[i];
 164:Middlewares/Third_Party/LwIP/src/netif/bridgeif_fdb.c ****     if (e->used && e->ts) {
 165:Middlewares/Third_Party/LwIP/src/netif/bridgeif_fdb.c ****       BRIDGEIF_WRITE_PROTECT(lev);
 166:Middlewares/Third_Party/LwIP/src/netif/bridgeif_fdb.c ****       /* check again when protected */
 167:Middlewares/Third_Party/LwIP/src/netif/bridgeif_fdb.c ****       if (e->used && e->ts) {
 168:Middlewares/Third_Party/LwIP/src/netif/bridgeif_fdb.c ****         if (--e->ts == 0) {
 169:Middlewares/Third_Party/LwIP/src/netif/bridgeif_fdb.c ****           e->used = 0;
 170:Middlewares/Third_Party/LwIP/src/netif/bridgeif_fdb.c ****         }
 171:Middlewares/Third_Party/LwIP/src/netif/bridgeif_fdb.c ****       }
ARM GAS  /tmp/ccnlZ69U.s 			page 5


 172:Middlewares/Third_Party/LwIP/src/netif/bridgeif_fdb.c ****       BRIDGEIF_WRITE_UNPROTECT(lev);
  58              		.loc 1 172 36 is_stmt 1 view .LVU12
  59              	.LBE2:
 162:Middlewares/Third_Party/LwIP/src/netif/bridgeif_fdb.c ****     bridgeif_dfdb_entry_t *e = &fdb->fdb[i];
  60              		.loc 1 162 42 discriminator 2 view .LVU13
  61 000c 0133     		adds	r3, r3, #1
  62              	.LVL3:
 162:Middlewares/Third_Party/LwIP/src/netif/bridgeif_fdb.c ****     bridgeif_dfdb_entry_t *e = &fdb->fdb[i];
  63              		.loc 1 162 17 discriminator 1 view .LVU14
 162:Middlewares/Third_Party/LwIP/src/netif/bridgeif_fdb.c ****     bridgeif_dfdb_entry_t *e = &fdb->fdb[i];
  64              		.loc 1 162 22 is_stmt 0 discriminator 1 view .LVU15
  65 000e 0288     		ldrh	r2, [r0]
 162:Middlewares/Third_Party/LwIP/src/netif/bridgeif_fdb.c ****     bridgeif_dfdb_entry_t *e = &fdb->fdb[i];
  66              		.loc 1 162 17 discriminator 1 view .LVU16
  67 0010 9A42     		cmp	r2, r3
  68 0012 11DD     		ble	.L9
  69              	.LVL4:
  70              	.L4:
  71              	.LBB3:
 163:Middlewares/Third_Party/LwIP/src/netif/bridgeif_fdb.c ****     bridgeif_dfdb_entry_t *e = &fdb->fdb[i];
  72              		.loc 1 163 5 is_stmt 1 view .LVU17
 163:Middlewares/Third_Party/LwIP/src/netif/bridgeif_fdb.c ****     bridgeif_dfdb_entry_t *e = &fdb->fdb[i];
  73              		.loc 1 163 36 is_stmt 0 view .LVU18
  74 0014 4268     		ldr	r2, [r0, #4]
 163:Middlewares/Third_Party/LwIP/src/netif/bridgeif_fdb.c ****     bridgeif_dfdb_entry_t *e = &fdb->fdb[i];
  75              		.loc 1 163 41 view .LVU19
  76 0016 1901     		lsls	r1, r3, #4
 163:Middlewares/Third_Party/LwIP/src/netif/bridgeif_fdb.c ****     bridgeif_dfdb_entry_t *e = &fdb->fdb[i];
  77              		.loc 1 163 28 view .LVU20
  78 0018 02EB031C 		add	ip, r2, r3, lsl #4
  79              	.LVL5:
 164:Middlewares/Third_Party/LwIP/src/netif/bridgeif_fdb.c ****       BRIDGEIF_WRITE_PROTECT(lev);
  80              		.loc 1 164 5 is_stmt 1 view .LVU21
 164:Middlewares/Third_Party/LwIP/src/netif/bridgeif_fdb.c ****       BRIDGEIF_WRITE_PROTECT(lev);
  81              		.loc 1 164 10 is_stmt 0 view .LVU22
  82 001c 545C     		ldrb	r4, [r2, r1]	@ zero_extendqisi2
 164:Middlewares/Third_Party/LwIP/src/netif/bridgeif_fdb.c ****       BRIDGEIF_WRITE_PROTECT(lev);
  83              		.loc 1 164 8 view .LVU23
  84 001e 002C     		cmp	r4, #0
  85 0020 F4D0     		beq	.L3
 164:Middlewares/Third_Party/LwIP/src/netif/bridgeif_fdb.c ****       BRIDGEIF_WRITE_PROTECT(lev);
  86              		.loc 1 164 21 discriminator 1 view .LVU24
  87 0022 DCF80440 		ldr	r4, [ip, #4]
 164:Middlewares/Third_Party/LwIP/src/netif/bridgeif_fdb.c ****       BRIDGEIF_WRITE_PROTECT(lev);
  88              		.loc 1 164 17 discriminator 1 view .LVU25
  89 0026 002C     		cmp	r4, #0
  90 0028 F0D0     		beq	.L3
 165:Middlewares/Third_Party/LwIP/src/netif/bridgeif_fdb.c ****       /* check again when protected */
  91              		.loc 1 165 34 is_stmt 1 view .LVU26
 167:Middlewares/Third_Party/LwIP/src/netif/bridgeif_fdb.c ****         if (--e->ts == 0) {
  92              		.loc 1 167 7 view .LVU27
 168:Middlewares/Third_Party/LwIP/src/netif/bridgeif_fdb.c ****           e->used = 0;
  93              		.loc 1 168 9 view .LVU28
 168:Middlewares/Third_Party/LwIP/src/netif/bridgeif_fdb.c ****           e->used = 0;
  94              		.loc 1 168 13 is_stmt 0 view .LVU29
  95 002a 013C     		subs	r4, r4, #1
 168:Middlewares/Third_Party/LwIP/src/netif/bridgeif_fdb.c ****           e->used = 0;
ARM GAS  /tmp/ccnlZ69U.s 			page 6


  96              		.loc 1 168 12 view .LVU30
  97 002c CCF80440 		str	r4, [ip, #4]
  98 0030 002C     		cmp	r4, #0
  99 0032 EBD1     		bne	.L3
 169:Middlewares/Third_Party/LwIP/src/netif/bridgeif_fdb.c ****         }
 100              		.loc 1 169 11 is_stmt 1 view .LVU31
 169:Middlewares/Third_Party/LwIP/src/netif/bridgeif_fdb.c ****         }
 101              		.loc 1 169 19 is_stmt 0 view .LVU32
 102 0034 5454     		strb	r4, [r2, r1]
 103 0036 E9E7     		b	.L3
 104              	.L9:
 169:Middlewares/Third_Party/LwIP/src/netif/bridgeif_fdb.c ****         }
 105              		.loc 1 169 19 view .LVU33
 106              	.LBE3:
 173:Middlewares/Third_Party/LwIP/src/netif/bridgeif_fdb.c ****     }
 174:Middlewares/Third_Party/LwIP/src/netif/bridgeif_fdb.c ****   }
 175:Middlewares/Third_Party/LwIP/src/netif/bridgeif_fdb.c ****   BRIDGEIF_READ_UNPROTECT(lev);
 176:Middlewares/Third_Party/LwIP/src/netif/bridgeif_fdb.c **** }
 107              		.loc 1 176 1 view .LVU34
 108 0038 5DF8044B 		ldr	r4, [sp], #4
 109              	.LCFI1:
 110              		.cfi_restore 4
 111              		.cfi_def_cfa_offset 0
 112 003c 7047     		bx	lr
 113              	.LVL6:
 114              	.L8:
 115              		.loc 1 176 1 view .LVU35
 116 003e 7047     		bx	lr
 117              		.cfi_endproc
 118              	.LFE158:
 120              		.section	.rodata.bridgeif_age_tmr.str1.4,"aMS",%progbits,1
 121              		.align	2
 122              	.LC0:
 123 0000 4D696464 		.ascii	"Middlewares/Third_Party/LwIP/src/netif/bridgeif_fdb"
 123      6C657761 
 123      7265732F 
 123      54686972 
 123      645F5061 
 124 0033 2E6300   		.ascii	".c\000"
 125 0036 0000     		.align	2
 126              	.LC1:
 127 0038 696E7661 		.ascii	"invalid arg\000"
 127      6C696420 
 127      61726700 
 128              		.align	2
 129              	.LC2:
 130 0044 41737365 		.ascii	"Assertion \"%s\" failed at line %d in %s\012\000"
 130      7274696F 
 130      6E202225 
 130      73222066 
 130      61696C65 
 131              		.section	.text.bridgeif_age_tmr,"ax",%progbits
 132              		.align	1
 133              		.syntax unified
 134              		.thumb
 135              		.thumb_func
 137              	bridgeif_age_tmr:
ARM GAS  /tmp/ccnlZ69U.s 			page 7


 138              	.LVL7:
 139              	.LFB159:
 177:Middlewares/Third_Party/LwIP/src/netif/bridgeif_fdb.c **** 
 178:Middlewares/Third_Party/LwIP/src/netif/bridgeif_fdb.c **** /** Timer callback for fdb aging, called once per second */
 179:Middlewares/Third_Party/LwIP/src/netif/bridgeif_fdb.c **** static void
 180:Middlewares/Third_Party/LwIP/src/netif/bridgeif_fdb.c **** bridgeif_age_tmr(void *arg)
 181:Middlewares/Third_Party/LwIP/src/netif/bridgeif_fdb.c **** {
 140              		.loc 1 181 1 is_stmt 1 view -0
 141              		.cfi_startproc
 142              		@ args = 0, pretend = 0, frame = 0
 143              		@ frame_needed = 0, uses_anonymous_args = 0
 144              		.loc 1 181 1 is_stmt 0 view .LVU37
 145 0000 10B5     		push	{r4, lr}
 146              	.LCFI2:
 147              		.cfi_def_cfa_offset 8
 148              		.cfi_offset 4, -8
 149              		.cfi_offset 14, -4
 182:Middlewares/Third_Party/LwIP/src/netif/bridgeif_fdb.c ****   bridgeif_dfdb_t *fdb = (bridgeif_dfdb_t *)arg;
 150              		.loc 1 182 3 is_stmt 1 view .LVU38
 151              	.LVL8:
 183:Middlewares/Third_Party/LwIP/src/netif/bridgeif_fdb.c **** 
 184:Middlewares/Third_Party/LwIP/src/netif/bridgeif_fdb.c ****   LWIP_ASSERT("invalid arg", arg != NULL);
 152              		.loc 1 184 3 view .LVU39
 153              		.loc 1 184 3 view .LVU40
 154 0002 0446     		mov	r4, r0
 155 0004 48B1     		cbz	r0, .L13
 156              	.LVL9:
 157              	.L11:
 158              		.loc 1 184 3 discriminator 3 view .LVU41
 159              		.loc 1 184 3 discriminator 3 view .LVU42
 185:Middlewares/Third_Party/LwIP/src/netif/bridgeif_fdb.c **** 
 186:Middlewares/Third_Party/LwIP/src/netif/bridgeif_fdb.c ****   bridgeif_fdb_age_one_second(fdb);
 160              		.loc 1 186 3 view .LVU43
 161 0006 2046     		mov	r0, r4
 162 0008 FFF7FEFF 		bl	bridgeif_fdb_age_one_second
 163              	.LVL10:
 187:Middlewares/Third_Party/LwIP/src/netif/bridgeif_fdb.c ****   sys_timeout(BRIDGEIF_AGE_TIMER_MS, bridgeif_age_tmr, arg);
 164              		.loc 1 187 3 view .LVU44
 165 000c 2246     		mov	r2, r4
 166 000e 0649     		ldr	r1, .L14
 167 0010 4FF47A70 		mov	r0, #1000
 168 0014 FFF7FEFF 		bl	sys_timeout
 169              	.LVL11:
 188:Middlewares/Third_Party/LwIP/src/netif/bridgeif_fdb.c **** }
 170              		.loc 1 188 1 is_stmt 0 view .LVU45
 171 0018 10BD     		pop	{r4, pc}
 172              	.LVL12:
 173              	.L13:
 184:Middlewares/Third_Party/LwIP/src/netif/bridgeif_fdb.c **** 
 174              		.loc 1 184 3 is_stmt 1 discriminator 1 view .LVU46
 184:Middlewares/Third_Party/LwIP/src/netif/bridgeif_fdb.c **** 
 175              		.loc 1 184 3 discriminator 1 view .LVU47
 176 001a 044B     		ldr	r3, .L14+4
 177 001c B822     		movs	r2, #184
 178 001e 0449     		ldr	r1, .L14+8
 179 0020 0448     		ldr	r0, .L14+12
 180              	.LVL13:
ARM GAS  /tmp/ccnlZ69U.s 			page 8


 184:Middlewares/Third_Party/LwIP/src/netif/bridgeif_fdb.c **** 
 181              		.loc 1 184 3 is_stmt 0 discriminator 1 view .LVU48
 182 0022 FFF7FEFF 		bl	printf
 183              	.LVL14:
 184 0026 EEE7     		b	.L11
 185              	.L15:
 186              		.align	2
 187              	.L14:
 188 0028 00000000 		.word	bridgeif_age_tmr
 189 002c 00000000 		.word	.LC0
 190 0030 38000000 		.word	.LC1
 191 0034 44000000 		.word	.LC2
 192              		.cfi_endproc
 193              	.LFE159:
 195              		.section	.text.bridgeif_fdb_update_src,"ax",%progbits
 196              		.align	1
 197              		.global	bridgeif_fdb_update_src
 198              		.syntax unified
 199              		.thumb
 200              		.thumb_func
 202              	bridgeif_fdb_update_src:
 203              	.LVL15:
 204              	.LFB156:
  77:Middlewares/Third_Party/LwIP/src/netif/bridgeif_fdb.c ****   int i;
 205              		.loc 1 77 1 is_stmt 1 view -0
 206              		.cfi_startproc
 207              		@ args = 0, pretend = 0, frame = 0
 208              		@ frame_needed = 0, uses_anonymous_args = 0
  77:Middlewares/Third_Party/LwIP/src/netif/bridgeif_fdb.c ****   int i;
 209              		.loc 1 77 1 is_stmt 0 view .LVU50
 210 0000 2DE9F843 		push	{r3, r4, r5, r6, r7, r8, r9, lr}
 211              	.LCFI3:
 212              		.cfi_def_cfa_offset 32
 213              		.cfi_offset 3, -32
 214              		.cfi_offset 4, -28
 215              		.cfi_offset 5, -24
 216              		.cfi_offset 6, -20
 217              		.cfi_offset 7, -16
 218              		.cfi_offset 8, -12
 219              		.cfi_offset 9, -8
 220              		.cfi_offset 14, -4
 221 0004 0646     		mov	r6, r0
 222 0006 0F46     		mov	r7, r1
 223 0008 9046     		mov	r8, r2
  78:Middlewares/Third_Party/LwIP/src/netif/bridgeif_fdb.c ****   bridgeif_dfdb_t *fdb = (bridgeif_dfdb_t *)fdb_ptr;
 224              		.loc 1 78 3 is_stmt 1 view .LVU51
  79:Middlewares/Third_Party/LwIP/src/netif/bridgeif_fdb.c ****   BRIDGEIF_DECL_PROTECT(lev);
 225              		.loc 1 79 3 view .LVU52
 226              	.LVL16:
  80:Middlewares/Third_Party/LwIP/src/netif/bridgeif_fdb.c ****   BRIDGEIF_READ_PROTECT(lev);
 227              		.loc 1 80 29 view .LVU53
  81:Middlewares/Third_Party/LwIP/src/netif/bridgeif_fdb.c ****   for (i = 0; i < fdb->max_fdb_entries; i++) {
 228              		.loc 1 81 29 view .LVU54
  82:Middlewares/Third_Party/LwIP/src/netif/bridgeif_fdb.c ****     bridgeif_dfdb_entry_t *e = &fdb->fdb[i];
 229              		.loc 1 82 3 view .LVU55
  82:Middlewares/Third_Party/LwIP/src/netif/bridgeif_fdb.c ****     bridgeif_dfdb_entry_t *e = &fdb->fdb[i];
 230              		.loc 1 82 10 is_stmt 0 view .LVU56
ARM GAS  /tmp/ccnlZ69U.s 			page 9


 231 000a 0024     		movs	r4, #0
  82:Middlewares/Third_Party/LwIP/src/netif/bridgeif_fdb.c ****     bridgeif_dfdb_entry_t *e = &fdb->fdb[i];
 232              		.loc 1 82 3 view .LVU57
 233 000c 00E0     		b	.L17
 234              	.LVL17:
 235              	.L18:
  82:Middlewares/Third_Party/LwIP/src/netif/bridgeif_fdb.c ****     bridgeif_dfdb_entry_t *e = &fdb->fdb[i];
 236              		.loc 1 82 42 is_stmt 1 discriminator 2 view .LVU58
 237 000e 0134     		adds	r4, r4, #1
 238              	.LVL18:
 239              	.L17:
  82:Middlewares/Third_Party/LwIP/src/netif/bridgeif_fdb.c ****     bridgeif_dfdb_entry_t *e = &fdb->fdb[i];
 240              		.loc 1 82 17 discriminator 1 view .LVU59
  82:Middlewares/Third_Party/LwIP/src/netif/bridgeif_fdb.c ****     bridgeif_dfdb_entry_t *e = &fdb->fdb[i];
 241              		.loc 1 82 22 is_stmt 0 discriminator 1 view .LVU60
 242 0010 3288     		ldrh	r2, [r6]
  82:Middlewares/Third_Party/LwIP/src/netif/bridgeif_fdb.c ****     bridgeif_dfdb_entry_t *e = &fdb->fdb[i];
 243              		.loc 1 82 17 discriminator 1 view .LVU61
 244 0012 A242     		cmp	r2, r4
 245 0014 19DD     		ble	.L27
 246              	.LBB4:
  83:Middlewares/Third_Party/LwIP/src/netif/bridgeif_fdb.c ****     if (e->used && e->ts) {
 247              		.loc 1 83 5 is_stmt 1 view .LVU62
  83:Middlewares/Third_Party/LwIP/src/netif/bridgeif_fdb.c ****     if (e->used && e->ts) {
 248              		.loc 1 83 36 is_stmt 0 view .LVU63
 249 0016 7568     		ldr	r5, [r6, #4]
  83:Middlewares/Third_Party/LwIP/src/netif/bridgeif_fdb.c ****     if (e->used && e->ts) {
 250              		.loc 1 83 41 view .LVU64
 251 0018 2301     		lsls	r3, r4, #4
  83:Middlewares/Third_Party/LwIP/src/netif/bridgeif_fdb.c ****     if (e->used && e->ts) {
 252              		.loc 1 83 28 view .LVU65
 253 001a 05EB0419 		add	r9, r5, r4, lsl #4
 254              	.LVL19:
  84:Middlewares/Third_Party/LwIP/src/netif/bridgeif_fdb.c ****       if (!memcmp(&e->addr, src_addr, sizeof(struct eth_addr))) {
 255              		.loc 1 84 5 is_stmt 1 view .LVU66
  84:Middlewares/Third_Party/LwIP/src/netif/bridgeif_fdb.c ****       if (!memcmp(&e->addr, src_addr, sizeof(struct eth_addr))) {
 256              		.loc 1 84 10 is_stmt 0 view .LVU67
 257 001e EB5C     		ldrb	r3, [r5, r3]	@ zero_extendqisi2
  84:Middlewares/Third_Party/LwIP/src/netif/bridgeif_fdb.c ****       if (!memcmp(&e->addr, src_addr, sizeof(struct eth_addr))) {
 258              		.loc 1 84 8 view .LVU68
 259 0020 002B     		cmp	r3, #0
 260 0022 F4D0     		beq	.L18
  84:Middlewares/Third_Party/LwIP/src/netif/bridgeif_fdb.c ****       if (!memcmp(&e->addr, src_addr, sizeof(struct eth_addr))) {
 261              		.loc 1 84 21 discriminator 1 view .LVU69
 262 0024 D9F80430 		ldr	r3, [r9, #4]
  84:Middlewares/Third_Party/LwIP/src/netif/bridgeif_fdb.c ****       if (!memcmp(&e->addr, src_addr, sizeof(struct eth_addr))) {
 263              		.loc 1 84 17 discriminator 1 view .LVU70
 264 0028 002B     		cmp	r3, #0
 265 002a F0D0     		beq	.L18
  85:Middlewares/Third_Party/LwIP/src/netif/bridgeif_fdb.c ****         LWIP_DEBUGF(BRIDGEIF_FDB_DEBUG, ("br: update src %02x:%02x:%02x:%02x:%02x:%02x (from %d) @ 
 266              		.loc 1 85 7 is_stmt 1 view .LVU71
  85:Middlewares/Third_Party/LwIP/src/netif/bridgeif_fdb.c ****         LWIP_DEBUGF(BRIDGEIF_FDB_DEBUG, ("br: update src %02x:%02x:%02x:%02x:%02x:%02x (from %d) @ 
 267              		.loc 1 85 12 is_stmt 0 view .LVU72
 268 002c 0622     		movs	r2, #6
 269 002e 3946     		mov	r1, r7
 270 0030 09F10800 		add	r0, r9, #8
 271 0034 FFF7FEFF 		bl	memcmp
ARM GAS  /tmp/ccnlZ69U.s 			page 10


 272              	.LVL20:
  85:Middlewares/Third_Party/LwIP/src/netif/bridgeif_fdb.c ****         LWIP_DEBUGF(BRIDGEIF_FDB_DEBUG, ("br: update src %02x:%02x:%02x:%02x:%02x:%02x (from %d) @ 
 273              		.loc 1 85 10 discriminator 1 view .LVU73
 274 0038 0028     		cmp	r0, #0
 275 003a E8D1     		bne	.L18
  86:Middlewares/Third_Party/LwIP/src/netif/bridgeif_fdb.c ****                                          src_addr->addr[0], src_addr->addr[1], src_addr->addr[2], s
 276              		.loc 1 86 9 is_stmt 1 view .LVU74
  86:Middlewares/Third_Party/LwIP/src/netif/bridgeif_fdb.c ****                                          src_addr->addr[0], src_addr->addr[1], src_addr->addr[2], s
 277              		.loc 1 86 9 view .LVU75
  86:Middlewares/Third_Party/LwIP/src/netif/bridgeif_fdb.c ****                                          src_addr->addr[0], src_addr->addr[1], src_addr->addr[2], s
 278              		.loc 1 86 9 discriminator 4 view .LVU76
  89:Middlewares/Third_Party/LwIP/src/netif/bridgeif_fdb.c ****         e->ts = BR_FDB_TIMEOUT_SEC;
 279              		.loc 1 89 36 view .LVU77
  90:Middlewares/Third_Party/LwIP/src/netif/bridgeif_fdb.c ****         e->port = port_idx;
 280              		.loc 1 90 9 view .LVU78
  90:Middlewares/Third_Party/LwIP/src/netif/bridgeif_fdb.c ****         e->port = port_idx;
 281              		.loc 1 90 15 is_stmt 0 view .LVU79
 282 003c 4FF49673 		mov	r3, #300
 283 0040 C9F80430 		str	r3, [r9, #4]
  91:Middlewares/Third_Party/LwIP/src/netif/bridgeif_fdb.c ****         BRIDGEIF_WRITE_UNPROTECT(lev);
 284              		.loc 1 91 9 is_stmt 1 view .LVU80
  91:Middlewares/Third_Party/LwIP/src/netif/bridgeif_fdb.c ****         BRIDGEIF_WRITE_UNPROTECT(lev);
 285              		.loc 1 91 17 is_stmt 0 view .LVU81
 286 0044 89F80180 		strb	r8, [r9, #1]
  92:Middlewares/Third_Party/LwIP/src/netif/bridgeif_fdb.c ****         BRIDGEIF_READ_UNPROTECT(lev);
 287              		.loc 1 92 38 is_stmt 1 view .LVU82
  93:Middlewares/Third_Party/LwIP/src/netif/bridgeif_fdb.c ****         return;
 288              		.loc 1 93 37 view .LVU83
  94:Middlewares/Third_Party/LwIP/src/netif/bridgeif_fdb.c ****       }
 289              		.loc 1 94 9 view .LVU84
 290 0048 20E0     		b	.L16
 291              	.LVL21:
 292              	.L27:
  94:Middlewares/Third_Party/LwIP/src/netif/bridgeif_fdb.c ****       }
 293              		.loc 1 94 9 is_stmt 0 view .LVU85
 294              	.LBE4:
  99:Middlewares/Third_Party/LwIP/src/netif/bridgeif_fdb.c ****     bridgeif_dfdb_entry_t *e = &fdb->fdb[i];
 295              		.loc 1 99 10 view .LVU86
 296 004a 0023     		movs	r3, #0
 297 004c 03E0     		b	.L21
 298              	.LVL22:
 299              	.L22:
 300              	.LBB5:
 102:Middlewares/Third_Party/LwIP/src/netif/bridgeif_fdb.c ****       /* check again when protected */
 301              		.loc 1 102 34 is_stmt 1 view .LVU87
 104:Middlewares/Third_Party/LwIP/src/netif/bridgeif_fdb.c ****         LWIP_DEBUGF(BRIDGEIF_FDB_DEBUG, ("br: create src %02x:%02x:%02x:%02x:%02x:%02x (from %d) @ 
 302              		.loc 1 104 7 view .LVU88
 104:Middlewares/Third_Party/LwIP/src/netif/bridgeif_fdb.c ****         LWIP_DEBUGF(BRIDGEIF_FDB_DEBUG, ("br: create src %02x:%02x:%02x:%02x:%02x:%02x (from %d) @ 
 303              		.loc 1 104 10 is_stmt 0 view .LVU89
 304 004e 88B1     		cbz	r0, .L24
 104:Middlewares/Third_Party/LwIP/src/netif/bridgeif_fdb.c ****         LWIP_DEBUGF(BRIDGEIF_FDB_DEBUG, ("br: create src %02x:%02x:%02x:%02x:%02x:%02x (from %d) @ 
 305              		.loc 1 104 25 discriminator 1 view .LVU90
 306 0050 6868     		ldr	r0, [r5, #4]
 104:Middlewares/Third_Party/LwIP/src/netif/bridgeif_fdb.c ****         LWIP_DEBUGF(BRIDGEIF_FDB_DEBUG, ("br: create src %02x:%02x:%02x:%02x:%02x:%02x (from %d) @ 
 307              		.loc 1 104 20 discriminator 1 view .LVU91
 308 0052 78B1     		cbz	r0, .L24
 309              	.L23:
ARM GAS  /tmp/ccnlZ69U.s 			page 11


 116:Middlewares/Third_Party/LwIP/src/netif/bridgeif_fdb.c ****     }
 310              		.loc 1 116 36 is_stmt 1 view .LVU92
 311              	.LBE5:
  99:Middlewares/Third_Party/LwIP/src/netif/bridgeif_fdb.c ****     bridgeif_dfdb_entry_t *e = &fdb->fdb[i];
 312              		.loc 1 99 42 discriminator 2 view .LVU93
 313 0054 0133     		adds	r3, r3, #1
 314              	.LVL23:
 315              	.L21:
  99:Middlewares/Third_Party/LwIP/src/netif/bridgeif_fdb.c ****     bridgeif_dfdb_entry_t *e = &fdb->fdb[i];
 316              		.loc 1 99 17 discriminator 1 view .LVU94
 317 0056 9A42     		cmp	r2, r3
 318 0058 18DD     		ble	.L16
 319              	.LBB6:
 100:Middlewares/Third_Party/LwIP/src/netif/bridgeif_fdb.c ****     if (!e->used || !e->ts) {
 320              		.loc 1 100 5 view .LVU95
 100:Middlewares/Third_Party/LwIP/src/netif/bridgeif_fdb.c ****     if (!e->used || !e->ts) {
 321              		.loc 1 100 36 is_stmt 0 view .LVU96
 322 005a 7168     		ldr	r1, [r6, #4]
 100:Middlewares/Third_Party/LwIP/src/netif/bridgeif_fdb.c ****     if (!e->used || !e->ts) {
 323              		.loc 1 100 41 view .LVU97
 324 005c 4FEA031C 		lsl	ip, r3, #4
 100:Middlewares/Third_Party/LwIP/src/netif/bridgeif_fdb.c ****     if (!e->used || !e->ts) {
 325              		.loc 1 100 28 view .LVU98
 326 0060 01EB0315 		add	r5, r1, r3, lsl #4
 327              	.LVL24:
 101:Middlewares/Third_Party/LwIP/src/netif/bridgeif_fdb.c ****       BRIDGEIF_WRITE_PROTECT(lev);
 328              		.loc 1 101 5 is_stmt 1 view .LVU99
 101:Middlewares/Third_Party/LwIP/src/netif/bridgeif_fdb.c ****       BRIDGEIF_WRITE_PROTECT(lev);
 329              		.loc 1 101 11 is_stmt 0 view .LVU100
 330 0064 11F80C00 		ldrb	r0, [r1, ip]	@ zero_extendqisi2
 101:Middlewares/Third_Party/LwIP/src/netif/bridgeif_fdb.c ****       BRIDGEIF_WRITE_PROTECT(lev);
 331              		.loc 1 101 8 view .LVU101
 332 0068 0028     		cmp	r0, #0
 333 006a F0D0     		beq	.L22
 101:Middlewares/Third_Party/LwIP/src/netif/bridgeif_fdb.c ****       BRIDGEIF_WRITE_PROTECT(lev);
 334              		.loc 1 101 23 discriminator 1 view .LVU102
 335 006c 6C68     		ldr	r4, [r5, #4]
 101:Middlewares/Third_Party/LwIP/src/netif/bridgeif_fdb.c ****       BRIDGEIF_WRITE_PROTECT(lev);
 336              		.loc 1 101 18 discriminator 1 view .LVU103
 337 006e 002C     		cmp	r4, #0
 338 0070 F0D1     		bne	.L23
 339 0072 ECE7     		b	.L22
 340              	.L24:
 105:Middlewares/Third_Party/LwIP/src/netif/bridgeif_fdb.c ****                                          src_addr->addr[0], src_addr->addr[1], src_addr->addr[2], s
 341              		.loc 1 105 9 is_stmt 1 view .LVU104
 105:Middlewares/Third_Party/LwIP/src/netif/bridgeif_fdb.c ****                                          src_addr->addr[0], src_addr->addr[1], src_addr->addr[2], s
 342              		.loc 1 105 9 view .LVU105
 105:Middlewares/Third_Party/LwIP/src/netif/bridgeif_fdb.c ****                                          src_addr->addr[0], src_addr->addr[1], src_addr->addr[2], s
 343              		.loc 1 105 9 discriminator 4 view .LVU106
 108:Middlewares/Third_Party/LwIP/src/netif/bridgeif_fdb.c ****         e->ts = BR_FDB_TIMEOUT_SEC;
 344              		.loc 1 108 9 view .LVU107
 345 0074 3B68     		ldr	r3, [r7]	@ unaligned
 346              	.LVL25:
 108:Middlewares/Third_Party/LwIP/src/netif/bridgeif_fdb.c ****         e->ts = BR_FDB_TIMEOUT_SEC;
 347              		.loc 1 108 9 is_stmt 0 view .LVU108
 348 0076 AB60     		str	r3, [r5, #8]	@ unaligned
 349 0078 BB88     		ldrh	r3, [r7, #4]	@ unaligned
ARM GAS  /tmp/ccnlZ69U.s 			page 12


 350 007a AB81     		strh	r3, [r5, #12]	@ unaligned
 109:Middlewares/Third_Party/LwIP/src/netif/bridgeif_fdb.c ****         e->port = port_idx;
 351              		.loc 1 109 9 is_stmt 1 view .LVU109
 109:Middlewares/Third_Party/LwIP/src/netif/bridgeif_fdb.c ****         e->port = port_idx;
 352              		.loc 1 109 15 is_stmt 0 view .LVU110
 353 007c 4FF49673 		mov	r3, #300
 354 0080 6B60     		str	r3, [r5, #4]
 110:Middlewares/Third_Party/LwIP/src/netif/bridgeif_fdb.c ****         e->used = 1;
 355              		.loc 1 110 9 is_stmt 1 view .LVU111
 110:Middlewares/Third_Party/LwIP/src/netif/bridgeif_fdb.c ****         e->used = 1;
 356              		.loc 1 110 17 is_stmt 0 view .LVU112
 357 0082 85F80180 		strb	r8, [r5, #1]
 111:Middlewares/Third_Party/LwIP/src/netif/bridgeif_fdb.c ****         BRIDGEIF_WRITE_UNPROTECT(lev);
 358              		.loc 1 111 9 is_stmt 1 view .LVU113
 111:Middlewares/Third_Party/LwIP/src/netif/bridgeif_fdb.c ****         BRIDGEIF_WRITE_UNPROTECT(lev);
 359              		.loc 1 111 17 is_stmt 0 view .LVU114
 360 0086 0123     		movs	r3, #1
 361 0088 01F80C30 		strb	r3, [r1, ip]
 112:Middlewares/Third_Party/LwIP/src/netif/bridgeif_fdb.c ****         BRIDGEIF_READ_UNPROTECT(lev);
 362              		.loc 1 112 38 is_stmt 1 view .LVU115
 113:Middlewares/Third_Party/LwIP/src/netif/bridgeif_fdb.c ****         return;
 363              		.loc 1 113 37 view .LVU116
 114:Middlewares/Third_Party/LwIP/src/netif/bridgeif_fdb.c ****       }
 364              		.loc 1 114 9 view .LVU117
 365              	.LVL26:
 366              	.L16:
 114:Middlewares/Third_Party/LwIP/src/netif/bridgeif_fdb.c ****       }
 367              		.loc 1 114 9 is_stmt 0 view .LVU118
 368              	.LBE6:
 121:Middlewares/Third_Party/LwIP/src/netif/bridgeif_fdb.c **** 
 369              		.loc 1 121 1 view .LVU119
 370 008c BDE8F883 		pop	{r3, r4, r5, r6, r7, r8, r9, pc}
 121:Middlewares/Third_Party/LwIP/src/netif/bridgeif_fdb.c **** 
 371              		.loc 1 121 1 view .LVU120
 372              		.cfi_endproc
 373              	.LFE156:
 375              		.section	.text.bridgeif_fdb_get_dst_ports,"ax",%progbits
 376              		.align	1
 377              		.global	bridgeif_fdb_get_dst_ports
 378              		.syntax unified
 379              		.thumb
 380              		.thumb_func
 382              	bridgeif_fdb_get_dst_ports:
 383              	.LVL27:
 384              	.LFB157:
 129:Middlewares/Third_Party/LwIP/src/netif/bridgeif_fdb.c ****   int i;
 385              		.loc 1 129 1 is_stmt 1 view -0
 386              		.cfi_startproc
 387              		@ args = 0, pretend = 0, frame = 0
 388              		@ frame_needed = 0, uses_anonymous_args = 0
 129:Middlewares/Third_Party/LwIP/src/netif/bridgeif_fdb.c ****   int i;
 389              		.loc 1 129 1 is_stmt 0 view .LVU122
 390 0000 F8B5     		push	{r3, r4, r5, r6, r7, lr}
 391              	.LCFI4:
 392              		.cfi_def_cfa_offset 24
 393              		.cfi_offset 3, -24
 394              		.cfi_offset 4, -20
ARM GAS  /tmp/ccnlZ69U.s 			page 13


 395              		.cfi_offset 5, -16
 396              		.cfi_offset 6, -12
 397              		.cfi_offset 7, -8
 398              		.cfi_offset 14, -4
 399 0002 0546     		mov	r5, r0
 400 0004 0E46     		mov	r6, r1
 130:Middlewares/Third_Party/LwIP/src/netif/bridgeif_fdb.c ****   bridgeif_dfdb_t *fdb = (bridgeif_dfdb_t *)fdb_ptr;
 401              		.loc 1 130 3 is_stmt 1 view .LVU123
 131:Middlewares/Third_Party/LwIP/src/netif/bridgeif_fdb.c ****   BRIDGEIF_DECL_PROTECT(lev);
 402              		.loc 1 131 3 view .LVU124
 403              	.LVL28:
 132:Middlewares/Third_Party/LwIP/src/netif/bridgeif_fdb.c ****   BRIDGEIF_READ_PROTECT(lev);
 404              		.loc 1 132 29 view .LVU125
 133:Middlewares/Third_Party/LwIP/src/netif/bridgeif_fdb.c ****   for (i = 0; i < fdb->max_fdb_entries; i++) {
 405              		.loc 1 133 29 view .LVU126
 134:Middlewares/Third_Party/LwIP/src/netif/bridgeif_fdb.c ****     bridgeif_dfdb_entry_t *e = &fdb->fdb[i];
 406              		.loc 1 134 3 view .LVU127
 134:Middlewares/Third_Party/LwIP/src/netif/bridgeif_fdb.c ****     bridgeif_dfdb_entry_t *e = &fdb->fdb[i];
 407              		.loc 1 134 10 is_stmt 0 view .LVU128
 408 0006 0024     		movs	r4, #0
 134:Middlewares/Third_Party/LwIP/src/netif/bridgeif_fdb.c ****     bridgeif_dfdb_entry_t *e = &fdb->fdb[i];
 409              		.loc 1 134 3 view .LVU129
 410 0008 00E0     		b	.L29
 411              	.LVL29:
 412              	.L30:
 134:Middlewares/Third_Party/LwIP/src/netif/bridgeif_fdb.c ****     bridgeif_dfdb_entry_t *e = &fdb->fdb[i];
 413              		.loc 1 134 42 is_stmt 1 discriminator 2 view .LVU130
 414 000a 0134     		adds	r4, r4, #1
 415              	.LVL30:
 416              	.L29:
 134:Middlewares/Third_Party/LwIP/src/netif/bridgeif_fdb.c ****     bridgeif_dfdb_entry_t *e = &fdb->fdb[i];
 417              		.loc 1 134 17 discriminator 1 view .LVU131
 134:Middlewares/Third_Party/LwIP/src/netif/bridgeif_fdb.c ****     bridgeif_dfdb_entry_t *e = &fdb->fdb[i];
 418              		.loc 1 134 22 is_stmt 0 discriminator 1 view .LVU132
 419 000c 2B88     		ldrh	r3, [r5]
 134:Middlewares/Third_Party/LwIP/src/netif/bridgeif_fdb.c ****     bridgeif_dfdb_entry_t *e = &fdb->fdb[i];
 420              		.loc 1 134 17 discriminator 1 view .LVU133
 421 000e A342     		cmp	r3, r4
 422 0010 16DD     		ble	.L34
 423              	.LBB7:
 135:Middlewares/Third_Party/LwIP/src/netif/bridgeif_fdb.c ****     if (e->used && e->ts) {
 424              		.loc 1 135 5 is_stmt 1 view .LVU134
 135:Middlewares/Third_Party/LwIP/src/netif/bridgeif_fdb.c ****     if (e->used && e->ts) {
 425              		.loc 1 135 36 is_stmt 0 view .LVU135
 426 0012 6A68     		ldr	r2, [r5, #4]
 135:Middlewares/Third_Party/LwIP/src/netif/bridgeif_fdb.c ****     if (e->used && e->ts) {
 427              		.loc 1 135 41 view .LVU136
 428 0014 2301     		lsls	r3, r4, #4
 135:Middlewares/Third_Party/LwIP/src/netif/bridgeif_fdb.c ****     if (e->used && e->ts) {
 429              		.loc 1 135 28 view .LVU137
 430 0016 02EB0417 		add	r7, r2, r4, lsl #4
 431              	.LVL31:
 136:Middlewares/Third_Party/LwIP/src/netif/bridgeif_fdb.c ****       if (!memcmp(&e->addr, dst_addr, sizeof(struct eth_addr))) {
 432              		.loc 1 136 5 is_stmt 1 view .LVU138
 136:Middlewares/Third_Party/LwIP/src/netif/bridgeif_fdb.c ****       if (!memcmp(&e->addr, dst_addr, sizeof(struct eth_addr))) {
 433              		.loc 1 136 10 is_stmt 0 view .LVU139
 434 001a D35C     		ldrb	r3, [r2, r3]	@ zero_extendqisi2
ARM GAS  /tmp/ccnlZ69U.s 			page 14


 136:Middlewares/Third_Party/LwIP/src/netif/bridgeif_fdb.c ****       if (!memcmp(&e->addr, dst_addr, sizeof(struct eth_addr))) {
 435              		.loc 1 136 8 view .LVU140
 436 001c 002B     		cmp	r3, #0
 437 001e F4D0     		beq	.L30
 136:Middlewares/Third_Party/LwIP/src/netif/bridgeif_fdb.c ****       if (!memcmp(&e->addr, dst_addr, sizeof(struct eth_addr))) {
 438              		.loc 1 136 21 discriminator 1 view .LVU141
 439 0020 7B68     		ldr	r3, [r7, #4]
 136:Middlewares/Third_Party/LwIP/src/netif/bridgeif_fdb.c ****       if (!memcmp(&e->addr, dst_addr, sizeof(struct eth_addr))) {
 440              		.loc 1 136 17 discriminator 1 view .LVU142
 441 0022 002B     		cmp	r3, #0
 442 0024 F1D0     		beq	.L30
 137:Middlewares/Third_Party/LwIP/src/netif/bridgeif_fdb.c ****         bridgeif_portmask_t ret = (bridgeif_portmask_t)(1 << e->port);
 443              		.loc 1 137 7 is_stmt 1 view .LVU143
 137:Middlewares/Third_Party/LwIP/src/netif/bridgeif_fdb.c ****         bridgeif_portmask_t ret = (bridgeif_portmask_t)(1 << e->port);
 444              		.loc 1 137 12 is_stmt 0 view .LVU144
 445 0026 0622     		movs	r2, #6
 446 0028 3146     		mov	r1, r6
 447 002a 07F10800 		add	r0, r7, #8
 448 002e FFF7FEFF 		bl	memcmp
 449              	.LVL32:
 137:Middlewares/Third_Party/LwIP/src/netif/bridgeif_fdb.c ****         bridgeif_portmask_t ret = (bridgeif_portmask_t)(1 << e->port);
 450              		.loc 1 137 10 discriminator 1 view .LVU145
 451 0032 0028     		cmp	r0, #0
 452 0034 E9D1     		bne	.L30
 453              	.LBB8:
 138:Middlewares/Third_Party/LwIP/src/netif/bridgeif_fdb.c ****         BRIDGEIF_READ_UNPROTECT(lev);
 454              		.loc 1 138 9 is_stmt 1 view .LVU146
 138:Middlewares/Third_Party/LwIP/src/netif/bridgeif_fdb.c ****         BRIDGEIF_READ_UNPROTECT(lev);
 455              		.loc 1 138 63 is_stmt 0 view .LVU147
 456 0036 7B78     		ldrb	r3, [r7, #1]	@ zero_extendqisi2
 138:Middlewares/Third_Party/LwIP/src/netif/bridgeif_fdb.c ****         BRIDGEIF_READ_UNPROTECT(lev);
 457              		.loc 1 138 59 view .LVU148
 458 0038 0120     		movs	r0, #1
 459 003a 9840     		lsls	r0, r0, r3
 138:Middlewares/Third_Party/LwIP/src/netif/bridgeif_fdb.c ****         BRIDGEIF_READ_UNPROTECT(lev);
 460              		.loc 1 138 29 view .LVU149
 461 003c C0B2     		uxtb	r0, r0
 462              	.LVL33:
 139:Middlewares/Third_Party/LwIP/src/netif/bridgeif_fdb.c ****         return ret;
 463              		.loc 1 139 37 is_stmt 1 view .LVU150
 140:Middlewares/Third_Party/LwIP/src/netif/bridgeif_fdb.c ****       }
 464              		.loc 1 140 9 view .LVU151
 140:Middlewares/Third_Party/LwIP/src/netif/bridgeif_fdb.c ****       }
 465              		.loc 1 140 16 is_stmt 0 view .LVU152
 466 003e 00E0     		b	.L31
 467              	.LVL34:
 468              	.L34:
 140:Middlewares/Third_Party/LwIP/src/netif/bridgeif_fdb.c ****       }
 469              		.loc 1 140 16 view .LVU153
 470              	.LBE8:
 471              	.LBE7:
 145:Middlewares/Third_Party/LwIP/src/netif/bridgeif_fdb.c **** }
 472              		.loc 1 145 10 view .LVU154
 473 0040 FF20     		movs	r0, #255
 474              	.L31:
 146:Middlewares/Third_Party/LwIP/src/netif/bridgeif_fdb.c **** 
 475              		.loc 1 146 1 view .LVU155
ARM GAS  /tmp/ccnlZ69U.s 			page 15


 476 0042 F8BD     		pop	{r3, r4, r5, r6, r7, pc}
 146:Middlewares/Third_Party/LwIP/src/netif/bridgeif_fdb.c **** 
 477              		.loc 1 146 1 view .LVU156
 478              		.cfi_endproc
 479              	.LFE157:
 481              		.section	.rodata.bridgeif_fdb_init.str1.4,"aMS",%progbits,1
 482              		.align	2
 483              	.LC3:
 484 0000 616C6C6F 		.ascii	"alloc_len == alloc_len_sizet\000"
 484      635F6C65 
 484      6E203D3D 
 484      20616C6C 
 484      6F635F6C 
 485              		.section	.text.bridgeif_fdb_init,"ax",%progbits
 486              		.align	1
 487              		.global	bridgeif_fdb_init
 488              		.syntax unified
 489              		.thumb
 490              		.thumb_func
 492              	bridgeif_fdb_init:
 493              	.LVL35:
 494              	.LFB160:
 189:Middlewares/Third_Party/LwIP/src/netif/bridgeif_fdb.c **** 
 190:Middlewares/Third_Party/LwIP/src/netif/bridgeif_fdb.c **** /**
 191:Middlewares/Third_Party/LwIP/src/netif/bridgeif_fdb.c ****  * @ingroup bridgeif_fdb
 192:Middlewares/Third_Party/LwIP/src/netif/bridgeif_fdb.c ****  * Init our simple fdb list
 193:Middlewares/Third_Party/LwIP/src/netif/bridgeif_fdb.c ****  */
 194:Middlewares/Third_Party/LwIP/src/netif/bridgeif_fdb.c **** void *
 195:Middlewares/Third_Party/LwIP/src/netif/bridgeif_fdb.c **** bridgeif_fdb_init(u16_t max_fdb_entries)
 196:Middlewares/Third_Party/LwIP/src/netif/bridgeif_fdb.c **** {
 495              		.loc 1 196 1 is_stmt 1 view -0
 496              		.cfi_startproc
 497              		@ args = 0, pretend = 0, frame = 0
 498              		@ frame_needed = 0, uses_anonymous_args = 0
 499              		.loc 1 196 1 is_stmt 0 view .LVU158
 500 0000 38B5     		push	{r3, r4, r5, lr}
 501              	.LCFI5:
 502              		.cfi_def_cfa_offset 16
 503              		.cfi_offset 3, -16
 504              		.cfi_offset 4, -12
 505              		.cfi_offset 5, -8
 506              		.cfi_offset 14, -4
 507 0002 0446     		mov	r4, r0
 197:Middlewares/Third_Party/LwIP/src/netif/bridgeif_fdb.c ****   bridgeif_dfdb_t *fdb;
 508              		.loc 1 197 3 is_stmt 1 view .LVU159
 198:Middlewares/Third_Party/LwIP/src/netif/bridgeif_fdb.c ****   size_t alloc_len_sizet = sizeof(bridgeif_dfdb_t) + (max_fdb_entries * sizeof(bridgeif_dfdb_entry_
 509              		.loc 1 198 3 view .LVU160
 510              		.loc 1 198 71 is_stmt 0 view .LVU161
 511 0004 0301     		lsls	r3, r0, #4
 512              		.loc 1 198 10 view .LVU162
 513 0006 0833     		adds	r3, r3, #8
 514              	.LVL36:
 199:Middlewares/Third_Party/LwIP/src/netif/bridgeif_fdb.c ****   mem_size_t alloc_len = (mem_size_t)alloc_len_sizet;
 515              		.loc 1 199 3 is_stmt 1 view .LVU163
 516              		.loc 1 199 14 is_stmt 0 view .LVU164
 517 0008 9DB2     		uxth	r5, r3
 518              	.LVL37:
ARM GAS  /tmp/ccnlZ69U.s 			page 16


 200:Middlewares/Third_Party/LwIP/src/netif/bridgeif_fdb.c ****   LWIP_ASSERT("alloc_len == alloc_len_sizet", alloc_len == alloc_len_sizet);
 519              		.loc 1 200 3 is_stmt 1 view .LVU165
 520              		.loc 1 200 3 view .LVU166
 521 000a B3F5803F 		cmp	r3, #65536
 522 000e 11D2     		bcs	.L39
 523              	.LVL38:
 524              	.L36:
 525              		.loc 1 200 3 discriminator 3 view .LVU167
 526              		.loc 1 200 3 discriminator 3 view .LVU168
 201:Middlewares/Third_Party/LwIP/src/netif/bridgeif_fdb.c ****   LWIP_DEBUGF(BRIDGEIF_DEBUG, ("bridgeif_fdb_init: allocating %d bytes for private FDB data\n", (in
 527              		.loc 1 201 3 view .LVU169
 528              		.loc 1 201 3 view .LVU170
 529              		.loc 1 201 3 discriminator 4 view .LVU171
 202:Middlewares/Third_Party/LwIP/src/netif/bridgeif_fdb.c ****   fdb = (bridgeif_dfdb_t *)mem_calloc(1, alloc_len);
 530              		.loc 1 202 3 view .LVU172
 531              		.loc 1 202 28 is_stmt 0 view .LVU173
 532 0010 2946     		mov	r1, r5
 533 0012 0120     		movs	r0, #1
 534 0014 FFF7FEFF 		bl	mem_calloc
 535              	.LVL39:
 203:Middlewares/Third_Party/LwIP/src/netif/bridgeif_fdb.c ****   if (fdb == NULL) {
 536              		.loc 1 203 3 is_stmt 1 view .LVU174
 537              		.loc 1 203 6 is_stmt 0 view .LVU175
 538 0018 0546     		mov	r5, r0
 539              	.LVL40:
 540              		.loc 1 203 6 view .LVU176
 541 001a 48B1     		cbz	r0, .L35
 204:Middlewares/Third_Party/LwIP/src/netif/bridgeif_fdb.c ****     return NULL;
 205:Middlewares/Third_Party/LwIP/src/netif/bridgeif_fdb.c ****   }
 206:Middlewares/Third_Party/LwIP/src/netif/bridgeif_fdb.c ****   fdb->max_fdb_entries = max_fdb_entries;
 542              		.loc 1 206 3 is_stmt 1 view .LVU177
 543              		.loc 1 206 24 is_stmt 0 view .LVU178
 544 001c 0346     		mov	r3, r0
 545 001e 23F8084B 		strh	r4, [r3], #8	@ movhi
 207:Middlewares/Third_Party/LwIP/src/netif/bridgeif_fdb.c ****   fdb->fdb = (bridgeif_dfdb_entry_t *)(fdb + 1);
 546              		.loc 1 207 3 is_stmt 1 view .LVU179
 547              		.loc 1 207 12 is_stmt 0 view .LVU180
 548 0022 4360     		str	r3, [r0, #4]
 208:Middlewares/Third_Party/LwIP/src/netif/bridgeif_fdb.c **** 
 209:Middlewares/Third_Party/LwIP/src/netif/bridgeif_fdb.c ****   sys_timeout(BRIDGEIF_AGE_TIMER_MS, bridgeif_age_tmr, fdb);
 549              		.loc 1 209 3 is_stmt 1 view .LVU181
 550 0024 0246     		mov	r2, r0
 551 0026 0749     		ldr	r1, .L40
 552 0028 4FF47A70 		mov	r0, #1000
 553              	.LVL41:
 554              		.loc 1 209 3 is_stmt 0 view .LVU182
 555 002c FFF7FEFF 		bl	sys_timeout
 556              	.LVL42:
 210:Middlewares/Third_Party/LwIP/src/netif/bridgeif_fdb.c **** 
 211:Middlewares/Third_Party/LwIP/src/netif/bridgeif_fdb.c ****   return fdb;
 557              		.loc 1 211 3 is_stmt 1 view .LVU183
 558              	.L35:
 212:Middlewares/Third_Party/LwIP/src/netif/bridgeif_fdb.c **** }
 559              		.loc 1 212 1 is_stmt 0 view .LVU184
 560 0030 2846     		mov	r0, r5
 561 0032 38BD     		pop	{r3, r4, r5, pc}
 562              	.LVL43:
ARM GAS  /tmp/ccnlZ69U.s 			page 17


 563              	.L39:
 200:Middlewares/Third_Party/LwIP/src/netif/bridgeif_fdb.c ****   LWIP_DEBUGF(BRIDGEIF_DEBUG, ("bridgeif_fdb_init: allocating %d bytes for private FDB data\n", (in
 564              		.loc 1 200 3 is_stmt 1 discriminator 1 view .LVU185
 200:Middlewares/Third_Party/LwIP/src/netif/bridgeif_fdb.c ****   LWIP_DEBUGF(BRIDGEIF_DEBUG, ("bridgeif_fdb_init: allocating %d bytes for private FDB data\n", (in
 565              		.loc 1 200 3 discriminator 1 view .LVU186
 566 0034 044B     		ldr	r3, .L40+4
 567              	.LVL44:
 200:Middlewares/Third_Party/LwIP/src/netif/bridgeif_fdb.c ****   LWIP_DEBUGF(BRIDGEIF_DEBUG, ("bridgeif_fdb_init: allocating %d bytes for private FDB data\n", (in
 568              		.loc 1 200 3 is_stmt 0 discriminator 1 view .LVU187
 569 0036 C822     		movs	r2, #200
 570 0038 0449     		ldr	r1, .L40+8
 571 003a 0548     		ldr	r0, .L40+12
 572              	.LVL45:
 200:Middlewares/Third_Party/LwIP/src/netif/bridgeif_fdb.c ****   LWIP_DEBUGF(BRIDGEIF_DEBUG, ("bridgeif_fdb_init: allocating %d bytes for private FDB data\n", (in
 573              		.loc 1 200 3 discriminator 1 view .LVU188
 574 003c FFF7FEFF 		bl	printf
 575              	.LVL46:
 576 0040 E6E7     		b	.L36
 577              	.L41:
 578 0042 00BF     		.align	2
 579              	.L40:
 580 0044 00000000 		.word	bridgeif_age_tmr
 581 0048 00000000 		.word	.LC0
 582 004c 00000000 		.word	.LC3
 583 0050 44000000 		.word	.LC2
 584              		.cfi_endproc
 585              	.LFE160:
 587              		.text
 588              	.Letext0:
 589              		.file 2 "/usr/lib/gcc/arm-none-eabi/14.2.1/include/stdint.h"
 590              		.file 3 "/usr/lib/gcc/arm-none-eabi/14.2.1/include/stddef.h"
 591              		.file 4 "Middlewares/Third_Party/LwIP/src/include/lwip/arch.h"
 592              		.file 5 "Middlewares/Third_Party/LwIP/src/include/netif/bridgeif.h"
 593              		.file 6 "Middlewares/Third_Party/LwIP/src/include/lwip/mem.h"
 594              		.file 7 "Middlewares/Third_Party/LwIP/src/include/lwip/timeouts.h"
 595              		.file 8 "Middlewares/Third_Party/LwIP/src/include/lwip/prot/ethernet.h"
 596              		.file 9 "/usr/include/newlib/stdio.h"
 597              		.file 10 "/usr/include/newlib/string.h"
ARM GAS  /tmp/ccnlZ69U.s 			page 18


DEFINED SYMBOLS
                            *ABS*:00000000 bridgeif_fdb.c
     /tmp/ccnlZ69U.s:21     .text.bridgeif_fdb_age_one_second:00000000 $t
     /tmp/ccnlZ69U.s:26     .text.bridgeif_fdb_age_one_second:00000000 bridgeif_fdb_age_one_second
     /tmp/ccnlZ69U.s:121    .rodata.bridgeif_age_tmr.str1.4:00000000 $d
     /tmp/ccnlZ69U.s:132    .text.bridgeif_age_tmr:00000000 $t
     /tmp/ccnlZ69U.s:137    .text.bridgeif_age_tmr:00000000 bridgeif_age_tmr
     /tmp/ccnlZ69U.s:188    .text.bridgeif_age_tmr:00000028 $d
     /tmp/ccnlZ69U.s:196    .text.bridgeif_fdb_update_src:00000000 $t
     /tmp/ccnlZ69U.s:202    .text.bridgeif_fdb_update_src:00000000 bridgeif_fdb_update_src
     /tmp/ccnlZ69U.s:376    .text.bridgeif_fdb_get_dst_ports:00000000 $t
     /tmp/ccnlZ69U.s:382    .text.bridgeif_fdb_get_dst_ports:00000000 bridgeif_fdb_get_dst_ports
     /tmp/ccnlZ69U.s:482    .rodata.bridgeif_fdb_init.str1.4:00000000 $d
     /tmp/ccnlZ69U.s:486    .text.bridgeif_fdb_init:00000000 $t
     /tmp/ccnlZ69U.s:492    .text.bridgeif_fdb_init:00000000 bridgeif_fdb_init
     /tmp/ccnlZ69U.s:580    .text.bridgeif_fdb_init:00000044 $d

UNDEFINED SYMBOLS
sys_timeout
printf
memcmp
mem_calloc
