ARM GAS  /tmp/cchxAeZL.s 			page 1


   1              		.cpu cortex-m4
   2              		.arch armv7e-m
   3              		.fpu fpv4-sp-d16
   4              		.eabi_attribute 27, 1
   5              		.eabi_attribute 28, 1
   6              		.eabi_attribute 20, 1
   7              		.eabi_attribute 21, 1
   8              		.eabi_attribute 23, 3
   9              		.eabi_attribute 24, 1
  10              		.eabi_attribute 25, 1
  11              		.eabi_attribute 26, 1
  12              		.eabi_attribute 30, 1
  13              		.eabi_attribute 34, 1
  14              		.eabi_attribute 18, 4
  15              		.file	"custom_bus.c"
  16              		.text
  17              	.Ltext0:
  18              		.cfi_sections	.debug_frame
  19              		.file 1 "Core/Src/custom_bus.c"
  20              		.section	.text.I2C1_MspInit,"ax",%progbits
  21              		.align	1
  22              		.syntax unified
  23              		.thumb
  24              		.thumb_func
  26              	I2C1_MspInit:
  27              	.LVL0:
  28              	.LFB141:
   1:Core/Src/custom_bus.c **** /* USER CODE BEGIN Header */
   2:Core/Src/custom_bus.c **** /**
   3:Core/Src/custom_bus.c ****   ******************************************************************************
   4:Core/Src/custom_bus.c ****   * @file           : custom_bus.c
   5:Core/Src/custom_bus.c ****   * @brief          : source file for the BSP BUS IO driver
   6:Core/Src/custom_bus.c ****   ******************************************************************************
   7:Core/Src/custom_bus.c ****   * @attention
   8:Core/Src/custom_bus.c ****   *
   9:Core/Src/custom_bus.c ****   * Copyright (c) 2023 STMicroelectronics.
  10:Core/Src/custom_bus.c ****   * All rights reserved.
  11:Core/Src/custom_bus.c ****   *
  12:Core/Src/custom_bus.c ****   * This software is licensed under terms that can be found in the LICENSE file
  13:Core/Src/custom_bus.c ****   * in the root directory of this software component.
  14:Core/Src/custom_bus.c ****   * If no LICENSE file comes with this software, it is provided AS-IS.
  15:Core/Src/custom_bus.c ****   *
  16:Core/Src/custom_bus.c ****   ******************************************************************************
  17:Core/Src/custom_bus.c **** */
  18:Core/Src/custom_bus.c **** /* USER CODE END Header */
  19:Core/Src/custom_bus.c **** 
  20:Core/Src/custom_bus.c **** /* Includes ------------------------------------------------------------------*/
  21:Core/Src/custom_bus.c **** #include "custom_bus.h"
  22:Core/Src/custom_bus.c **** 
  23:Core/Src/custom_bus.c **** __weak HAL_StatusTypeDef MX_I2C1_Init(I2C_HandleTypeDef* hi2c);
  24:Core/Src/custom_bus.c **** 
  25:Core/Src/custom_bus.c **** /** @addtogroup BSP
  26:Core/Src/custom_bus.c ****   * @{
  27:Core/Src/custom_bus.c ****   */
  28:Core/Src/custom_bus.c **** 
  29:Core/Src/custom_bus.c **** /** @addtogroup CUSTOM
  30:Core/Src/custom_bus.c ****   * @{
ARM GAS  /tmp/cchxAeZL.s 			page 2


  31:Core/Src/custom_bus.c ****   */
  32:Core/Src/custom_bus.c **** 
  33:Core/Src/custom_bus.c **** /** @defgroup CUSTOM_BUS CUSTOM BUS
  34:Core/Src/custom_bus.c ****   * @{
  35:Core/Src/custom_bus.c ****   */
  36:Core/Src/custom_bus.c **** 
  37:Core/Src/custom_bus.c **** /** @defgroup CUSTOM_BUS_Exported_Variables BUS Exported Variables
  38:Core/Src/custom_bus.c ****   * @{
  39:Core/Src/custom_bus.c ****   */
  40:Core/Src/custom_bus.c **** 
  41:Core/Src/custom_bus.c **** I2C_HandleTypeDef hi2c1;
  42:Core/Src/custom_bus.c **** /**
  43:Core/Src/custom_bus.c ****   * @}
  44:Core/Src/custom_bus.c ****   */
  45:Core/Src/custom_bus.c **** 
  46:Core/Src/custom_bus.c **** /** @defgroup CUSTOM_BUS_Private_Variables BUS Private Variables
  47:Core/Src/custom_bus.c ****   * @{
  48:Core/Src/custom_bus.c ****   */
  49:Core/Src/custom_bus.c **** 
  50:Core/Src/custom_bus.c **** #if (USE_HAL_I2C_REGISTER_CALLBACKS == 1U)
  51:Core/Src/custom_bus.c **** static uint32_t IsI2C1MspCbValid = 0;
  52:Core/Src/custom_bus.c **** #endif /* USE_HAL_I2C_REGISTER_CALLBACKS */
  53:Core/Src/custom_bus.c **** static uint32_t I2C1InitCounter = 0;
  54:Core/Src/custom_bus.c **** 
  55:Core/Src/custom_bus.c **** /**
  56:Core/Src/custom_bus.c ****   * @}
  57:Core/Src/custom_bus.c ****   */
  58:Core/Src/custom_bus.c **** 
  59:Core/Src/custom_bus.c **** /** @defgroup CUSTOM_BUS_Private_FunctionPrototypes  BUS Private Function
  60:Core/Src/custom_bus.c ****   * @{
  61:Core/Src/custom_bus.c ****   */
  62:Core/Src/custom_bus.c **** 
  63:Core/Src/custom_bus.c **** static void I2C1_MspInit(I2C_HandleTypeDef* hI2c);
  64:Core/Src/custom_bus.c **** static void I2C1_MspDeInit(I2C_HandleTypeDef* hI2c);
  65:Core/Src/custom_bus.c **** #if (USE_CUBEMX_BSP_V2 == 1)
  66:Core/Src/custom_bus.c **** static uint32_t I2C_GetTiming(uint32_t clock_src_hz, uint32_t i2cfreq_hz);
  67:Core/Src/custom_bus.c **** static void Compute_PRESC_SCLDEL_SDADEL(uint32_t clock_src_freq, uint32_t I2C_Speed);
  68:Core/Src/custom_bus.c **** static uint32_t Compute_SCLL_SCLH (uint32_t clock_src_freq, uint32_t I2C_speed);
  69:Core/Src/custom_bus.c **** #endif
  70:Core/Src/custom_bus.c **** 
  71:Core/Src/custom_bus.c **** /**
  72:Core/Src/custom_bus.c ****   * @}
  73:Core/Src/custom_bus.c ****   */
  74:Core/Src/custom_bus.c **** 
  75:Core/Src/custom_bus.c **** /** @defgroup CUSTOM_LOW_LEVEL_Private_Functions CUSTOM LOW LEVEL Private Functions
  76:Core/Src/custom_bus.c ****   * @{
  77:Core/Src/custom_bus.c ****   */
  78:Core/Src/custom_bus.c **** 
  79:Core/Src/custom_bus.c **** /** @defgroup CUSTOM_BUS_Exported_Functions CUSTOM_BUS Exported Functions
  80:Core/Src/custom_bus.c ****   * @{
  81:Core/Src/custom_bus.c ****   */
  82:Core/Src/custom_bus.c **** 
  83:Core/Src/custom_bus.c **** /* BUS IO driver over I2C Peripheral */
  84:Core/Src/custom_bus.c **** /*******************************************************************************
  85:Core/Src/custom_bus.c ****                             BUS OPERATIONS OVER I2C
  86:Core/Src/custom_bus.c **** *******************************************************************************/
  87:Core/Src/custom_bus.c **** /**
ARM GAS  /tmp/cchxAeZL.s 			page 3


  88:Core/Src/custom_bus.c ****   * @brief  Initialize I2C HAL
  89:Core/Src/custom_bus.c ****   * @retval BSP status
  90:Core/Src/custom_bus.c ****   */
  91:Core/Src/custom_bus.c **** int32_t BSP_I2C1_Init(void)
  92:Core/Src/custom_bus.c **** {
  93:Core/Src/custom_bus.c **** 
  94:Core/Src/custom_bus.c ****   int32_t ret = BSP_ERROR_NONE;
  95:Core/Src/custom_bus.c **** 
  96:Core/Src/custom_bus.c ****   hi2c1.Instance  = I2C1;
  97:Core/Src/custom_bus.c **** 
  98:Core/Src/custom_bus.c ****   if(I2C1InitCounter++ == 0)
  99:Core/Src/custom_bus.c ****   {
 100:Core/Src/custom_bus.c ****     if (HAL_I2C_GetState(&hi2c1) == HAL_I2C_STATE_RESET)
 101:Core/Src/custom_bus.c ****     {
 102:Core/Src/custom_bus.c ****     #if (USE_HAL_I2C_REGISTER_CALLBACKS == 0U)
 103:Core/Src/custom_bus.c ****       /* Init the I2C Msp */
 104:Core/Src/custom_bus.c ****       I2C1_MspInit(&hi2c1);
 105:Core/Src/custom_bus.c ****     #else
 106:Core/Src/custom_bus.c ****       if(IsI2C1MspCbValid == 0U)
 107:Core/Src/custom_bus.c ****       {
 108:Core/Src/custom_bus.c ****         if(BSP_I2C1_RegisterDefaultMspCallbacks() != BSP_ERROR_NONE)
 109:Core/Src/custom_bus.c ****         {
 110:Core/Src/custom_bus.c ****           return BSP_ERROR_MSP_FAILURE;
 111:Core/Src/custom_bus.c ****         }
 112:Core/Src/custom_bus.c ****       }
 113:Core/Src/custom_bus.c ****     #endif
 114:Core/Src/custom_bus.c ****       if(ret == BSP_ERROR_NONE)
 115:Core/Src/custom_bus.c ****       {
 116:Core/Src/custom_bus.c ****         /* Init the I2C */
 117:Core/Src/custom_bus.c ****         if(MX_I2C1_Init(&hi2c1) != HAL_OK)
 118:Core/Src/custom_bus.c ****         {
 119:Core/Src/custom_bus.c ****           ret = BSP_ERROR_BUS_FAILURE;
 120:Core/Src/custom_bus.c ****         }
 121:Core/Src/custom_bus.c ****         else
 122:Core/Src/custom_bus.c ****         {
 123:Core/Src/custom_bus.c ****           ret = BSP_ERROR_NONE;
 124:Core/Src/custom_bus.c ****         }
 125:Core/Src/custom_bus.c ****       }
 126:Core/Src/custom_bus.c ****     }
 127:Core/Src/custom_bus.c ****   }
 128:Core/Src/custom_bus.c ****   return ret;
 129:Core/Src/custom_bus.c **** }
 130:Core/Src/custom_bus.c **** 
 131:Core/Src/custom_bus.c **** /**
 132:Core/Src/custom_bus.c ****   * @brief  DeInitialize I2C HAL.
 133:Core/Src/custom_bus.c ****   * @retval BSP status
 134:Core/Src/custom_bus.c ****   */
 135:Core/Src/custom_bus.c **** int32_t BSP_I2C1_DeInit(void)
 136:Core/Src/custom_bus.c **** {
 137:Core/Src/custom_bus.c ****   int32_t ret = BSP_ERROR_NONE;
 138:Core/Src/custom_bus.c **** 
 139:Core/Src/custom_bus.c ****   if (I2C1InitCounter > 0)
 140:Core/Src/custom_bus.c ****   {
 141:Core/Src/custom_bus.c ****     if (--I2C1InitCounter == 0)
 142:Core/Src/custom_bus.c ****     {
 143:Core/Src/custom_bus.c ****   #if (USE_HAL_I2C_REGISTER_CALLBACKS == 0U)
 144:Core/Src/custom_bus.c ****       /* DeInit the I2C */
ARM GAS  /tmp/cchxAeZL.s 			page 4


 145:Core/Src/custom_bus.c ****       I2C1_MspDeInit(&hi2c1);
 146:Core/Src/custom_bus.c ****   #endif
 147:Core/Src/custom_bus.c ****       /* DeInit the I2C */
 148:Core/Src/custom_bus.c ****       if (HAL_I2C_DeInit(&hi2c1) != HAL_OK)
 149:Core/Src/custom_bus.c ****       {
 150:Core/Src/custom_bus.c ****         ret = BSP_ERROR_BUS_FAILURE;
 151:Core/Src/custom_bus.c ****       }
 152:Core/Src/custom_bus.c ****     }
 153:Core/Src/custom_bus.c ****   }
 154:Core/Src/custom_bus.c ****   return ret;
 155:Core/Src/custom_bus.c **** }
 156:Core/Src/custom_bus.c **** 
 157:Core/Src/custom_bus.c **** /**
 158:Core/Src/custom_bus.c ****   * @brief  Check whether the I2C bus is ready.
 159:Core/Src/custom_bus.c ****   * @param DevAddr : I2C device address
 160:Core/Src/custom_bus.c ****   * @param Trials : Check trials number
 161:Core/Src/custom_bus.c ****   * @retval BSP status
 162:Core/Src/custom_bus.c ****   */
 163:Core/Src/custom_bus.c **** int32_t BSP_I2C1_IsReady(uint16_t DevAddr, uint32_t Trials)
 164:Core/Src/custom_bus.c **** {
 165:Core/Src/custom_bus.c ****   int32_t ret = BSP_ERROR_NONE;
 166:Core/Src/custom_bus.c **** 
 167:Core/Src/custom_bus.c ****   if (HAL_I2C_IsDeviceReady(&hi2c1, DevAddr, Trials, BUS_I2C1_POLL_TIMEOUT) != HAL_OK)
 168:Core/Src/custom_bus.c ****   {
 169:Core/Src/custom_bus.c ****     ret = BSP_ERROR_BUSY;
 170:Core/Src/custom_bus.c ****   }
 171:Core/Src/custom_bus.c **** 
 172:Core/Src/custom_bus.c ****   return ret;
 173:Core/Src/custom_bus.c **** }
 174:Core/Src/custom_bus.c **** 
 175:Core/Src/custom_bus.c **** /**
 176:Core/Src/custom_bus.c ****   * @brief  Write a value in a register of the device through BUS.
 177:Core/Src/custom_bus.c ****   * @param  DevAddr Device address on Bus.
 178:Core/Src/custom_bus.c ****   * @param  Reg    The target register address to write
 179:Core/Src/custom_bus.c ****   * @param  pData  Pointer to data buffer to write
 180:Core/Src/custom_bus.c ****   * @param  Length Data Length
 181:Core/Src/custom_bus.c ****   * @retval BSP status
 182:Core/Src/custom_bus.c ****   */
 183:Core/Src/custom_bus.c **** 
 184:Core/Src/custom_bus.c **** int32_t BSP_I2C1_WriteReg(uint16_t DevAddr, uint16_t Reg, uint8_t *pData, uint16_t Length)
 185:Core/Src/custom_bus.c **** {
 186:Core/Src/custom_bus.c ****   int32_t ret = BSP_ERROR_NONE;
 187:Core/Src/custom_bus.c **** 
 188:Core/Src/custom_bus.c ****   if (HAL_I2C_Mem_Write(&hi2c1, DevAddr,Reg, I2C_MEMADD_SIZE_8BIT,pData, Length, BUS_I2C1_POLL_TIME
 189:Core/Src/custom_bus.c ****   {
 190:Core/Src/custom_bus.c ****     if (HAL_I2C_GetError(&hi2c1) == HAL_I2C_ERROR_AF)
 191:Core/Src/custom_bus.c ****     {
 192:Core/Src/custom_bus.c ****       ret = BSP_ERROR_BUS_ACKNOWLEDGE_FAILURE;
 193:Core/Src/custom_bus.c ****     }
 194:Core/Src/custom_bus.c ****     else
 195:Core/Src/custom_bus.c ****     {
 196:Core/Src/custom_bus.c ****       ret =  BSP_ERROR_PERIPH_FAILURE;
 197:Core/Src/custom_bus.c ****     }
 198:Core/Src/custom_bus.c ****   }
 199:Core/Src/custom_bus.c ****   return ret;
 200:Core/Src/custom_bus.c **** }
 201:Core/Src/custom_bus.c **** 
ARM GAS  /tmp/cchxAeZL.s 			page 5


 202:Core/Src/custom_bus.c **** /**
 203:Core/Src/custom_bus.c ****   * @brief  Read a register of the device through BUS
 204:Core/Src/custom_bus.c ****   * @param  DevAddr Device address on Bus.
 205:Core/Src/custom_bus.c ****   * @param  Reg    The target register address to read
 206:Core/Src/custom_bus.c ****   * @param  pData  Pointer to data buffer to read
 207:Core/Src/custom_bus.c ****   * @param  Length Data Length
 208:Core/Src/custom_bus.c ****   * @retval BSP status
 209:Core/Src/custom_bus.c ****   */
 210:Core/Src/custom_bus.c **** int32_t  BSP_I2C1_ReadReg(uint16_t DevAddr, uint16_t Reg, uint8_t *pData, uint16_t Length)
 211:Core/Src/custom_bus.c **** {
 212:Core/Src/custom_bus.c ****   int32_t ret = BSP_ERROR_NONE;
 213:Core/Src/custom_bus.c **** 
 214:Core/Src/custom_bus.c ****   if (HAL_I2C_Mem_Read(&hi2c1, DevAddr, Reg, I2C_MEMADD_SIZE_8BIT, pData, Length, BUS_I2C1_POLL_TIM
 215:Core/Src/custom_bus.c ****   {
 216:Core/Src/custom_bus.c ****     if (HAL_I2C_GetError(&hi2c1) == HAL_I2C_ERROR_AF)
 217:Core/Src/custom_bus.c ****     {
 218:Core/Src/custom_bus.c ****       ret = BSP_ERROR_BUS_ACKNOWLEDGE_FAILURE;
 219:Core/Src/custom_bus.c ****     }
 220:Core/Src/custom_bus.c ****     else
 221:Core/Src/custom_bus.c ****     {
 222:Core/Src/custom_bus.c ****       ret = BSP_ERROR_PERIPH_FAILURE;
 223:Core/Src/custom_bus.c ****     }
 224:Core/Src/custom_bus.c ****   }
 225:Core/Src/custom_bus.c ****   return ret;
 226:Core/Src/custom_bus.c **** }
 227:Core/Src/custom_bus.c **** 
 228:Core/Src/custom_bus.c **** /**
 229:Core/Src/custom_bus.c **** 
 230:Core/Src/custom_bus.c ****   * @brief  Write a value in a register of the device through BUS.
 231:Core/Src/custom_bus.c ****   * @param  DevAddr Device address on Bus.
 232:Core/Src/custom_bus.c ****   * @param  Reg    The target register address to write
 233:Core/Src/custom_bus.c **** 
 234:Core/Src/custom_bus.c ****   * @param  pData  Pointer to data buffer to write
 235:Core/Src/custom_bus.c ****   * @param  Length Data Length
 236:Core/Src/custom_bus.c ****   * @retval BSP statu
 237:Core/Src/custom_bus.c ****   */
 238:Core/Src/custom_bus.c **** int32_t BSP_I2C1_WriteReg16(uint16_t DevAddr, uint16_t Reg, uint8_t *pData, uint16_t Length)
 239:Core/Src/custom_bus.c **** {
 240:Core/Src/custom_bus.c ****   int32_t ret = BSP_ERROR_NONE;
 241:Core/Src/custom_bus.c **** 
 242:Core/Src/custom_bus.c ****   if (HAL_I2C_Mem_Write(&hi2c1, DevAddr, Reg, I2C_MEMADD_SIZE_16BIT, pData, Length, BUS_I2C1_POLL_T
 243:Core/Src/custom_bus.c ****   {
 244:Core/Src/custom_bus.c ****     if (HAL_I2C_GetError(&hi2c1) == HAL_I2C_ERROR_AF)
 245:Core/Src/custom_bus.c ****     {
 246:Core/Src/custom_bus.c ****       ret = BSP_ERROR_BUS_ACKNOWLEDGE_FAILURE;
 247:Core/Src/custom_bus.c ****     }
 248:Core/Src/custom_bus.c ****     else
 249:Core/Src/custom_bus.c ****     {
 250:Core/Src/custom_bus.c ****       ret =  BSP_ERROR_PERIPH_FAILURE;
 251:Core/Src/custom_bus.c ****     }
 252:Core/Src/custom_bus.c ****   }
 253:Core/Src/custom_bus.c ****   return ret;
 254:Core/Src/custom_bus.c **** }
 255:Core/Src/custom_bus.c **** 
 256:Core/Src/custom_bus.c **** /**
 257:Core/Src/custom_bus.c ****   * @brief  Read registers through a bus (16 bits)
 258:Core/Src/custom_bus.c ****   * @param  DevAddr: Device address on BUS
ARM GAS  /tmp/cchxAeZL.s 			page 6


 259:Core/Src/custom_bus.c ****   * @param  Reg: The target register address to read
 260:Core/Src/custom_bus.c ****   * @param  Length Data Length
 261:Core/Src/custom_bus.c ****   * @retval BSP status
 262:Core/Src/custom_bus.c ****   */
 263:Core/Src/custom_bus.c **** int32_t  BSP_I2C1_ReadReg16(uint16_t DevAddr, uint16_t Reg, uint8_t *pData, uint16_t Length)
 264:Core/Src/custom_bus.c **** {
 265:Core/Src/custom_bus.c ****   int32_t ret = BSP_ERROR_NONE;
 266:Core/Src/custom_bus.c **** 
 267:Core/Src/custom_bus.c ****   if (HAL_I2C_Mem_Read(&hi2c1, DevAddr, Reg, I2C_MEMADD_SIZE_16BIT, pData, Length, BUS_I2C1_POLL_TI
 268:Core/Src/custom_bus.c ****   {
 269:Core/Src/custom_bus.c ****     if (HAL_I2C_GetError(&hi2c1) != HAL_I2C_ERROR_AF)
 270:Core/Src/custom_bus.c ****     {
 271:Core/Src/custom_bus.c ****       ret =  BSP_ERROR_BUS_ACKNOWLEDGE_FAILURE;
 272:Core/Src/custom_bus.c ****     }
 273:Core/Src/custom_bus.c ****     else
 274:Core/Src/custom_bus.c ****     {
 275:Core/Src/custom_bus.c ****       ret =  BSP_ERROR_PERIPH_FAILURE;
 276:Core/Src/custom_bus.c ****     }
 277:Core/Src/custom_bus.c ****   }
 278:Core/Src/custom_bus.c ****   return ret;
 279:Core/Src/custom_bus.c **** }
 280:Core/Src/custom_bus.c **** 
 281:Core/Src/custom_bus.c **** /**
 282:Core/Src/custom_bus.c ****   * @brief  Send an amount width data through bus (Simplex)
 283:Core/Src/custom_bus.c ****   * @param  DevAddr: Device address on Bus.
 284:Core/Src/custom_bus.c ****   * @param  pData: Data pointer
 285:Core/Src/custom_bus.c ****   * @param  Length: Data length
 286:Core/Src/custom_bus.c ****   * @retval BSP status
 287:Core/Src/custom_bus.c ****   */
 288:Core/Src/custom_bus.c **** int32_t BSP_I2C1_Send(uint16_t DevAddr, uint8_t *pData, uint16_t Length) {
 289:Core/Src/custom_bus.c ****   int32_t ret = BSP_ERROR_NONE;
 290:Core/Src/custom_bus.c **** 
 291:Core/Src/custom_bus.c ****   if (HAL_I2C_Master_Transmit(&hi2c1, DevAddr, pData, Length, BUS_I2C1_POLL_TIMEOUT) != HAL_OK)
 292:Core/Src/custom_bus.c ****   {
 293:Core/Src/custom_bus.c ****     if (HAL_I2C_GetError(&hi2c1) != HAL_I2C_ERROR_AF)
 294:Core/Src/custom_bus.c ****     {
 295:Core/Src/custom_bus.c ****       ret = BSP_ERROR_BUS_ACKNOWLEDGE_FAILURE;
 296:Core/Src/custom_bus.c ****     }
 297:Core/Src/custom_bus.c ****     else
 298:Core/Src/custom_bus.c ****     {
 299:Core/Src/custom_bus.c ****       ret =  BSP_ERROR_PERIPH_FAILURE;
 300:Core/Src/custom_bus.c ****     }
 301:Core/Src/custom_bus.c ****   }
 302:Core/Src/custom_bus.c **** 
 303:Core/Src/custom_bus.c ****   return ret;
 304:Core/Src/custom_bus.c **** }
 305:Core/Src/custom_bus.c **** 
 306:Core/Src/custom_bus.c **** /**
 307:Core/Src/custom_bus.c ****   * @brief  Receive an amount of data through a bus (Simplex)
 308:Core/Src/custom_bus.c ****   * @param  DevAddr: Device address on Bus.
 309:Core/Src/custom_bus.c ****   * @param  pData: Data pointer
 310:Core/Src/custom_bus.c ****   * @param  Length: Data length
 311:Core/Src/custom_bus.c ****   * @retval BSP status
 312:Core/Src/custom_bus.c ****   */
 313:Core/Src/custom_bus.c **** int32_t BSP_I2C1_Recv(uint16_t DevAddr, uint8_t *pData, uint16_t Length) {
 314:Core/Src/custom_bus.c ****   int32_t ret = BSP_ERROR_NONE;
 315:Core/Src/custom_bus.c **** 
ARM GAS  /tmp/cchxAeZL.s 			page 7


 316:Core/Src/custom_bus.c ****   if (HAL_I2C_Master_Receive(&hi2c1, DevAddr, pData, Length, BUS_I2C1_POLL_TIMEOUT) != HAL_OK)
 317:Core/Src/custom_bus.c ****   {
 318:Core/Src/custom_bus.c ****     if (HAL_I2C_GetError(&hi2c1) != HAL_I2C_ERROR_AF)
 319:Core/Src/custom_bus.c ****     {
 320:Core/Src/custom_bus.c ****       ret = BSP_ERROR_BUS_ACKNOWLEDGE_FAILURE;
 321:Core/Src/custom_bus.c ****     }
 322:Core/Src/custom_bus.c ****     else
 323:Core/Src/custom_bus.c ****     {
 324:Core/Src/custom_bus.c ****       ret =  BSP_ERROR_PERIPH_FAILURE;
 325:Core/Src/custom_bus.c ****     }
 326:Core/Src/custom_bus.c ****   }
 327:Core/Src/custom_bus.c ****   return ret;
 328:Core/Src/custom_bus.c **** }
 329:Core/Src/custom_bus.c **** 
 330:Core/Src/custom_bus.c **** #if (USE_HAL_I2C_REGISTER_CALLBACKS == 1U)
 331:Core/Src/custom_bus.c **** /**
 332:Core/Src/custom_bus.c ****   * @brief Register Default BSP I2C1 Bus Msp Callbacks
 333:Core/Src/custom_bus.c ****   * @retval BSP status
 334:Core/Src/custom_bus.c ****   */
 335:Core/Src/custom_bus.c **** int32_t BSP_I2C1_RegisterDefaultMspCallbacks (void)
 336:Core/Src/custom_bus.c **** {
 337:Core/Src/custom_bus.c **** 
 338:Core/Src/custom_bus.c ****   __HAL_I2C_RESET_HANDLE_STATE(&hi2c1);
 339:Core/Src/custom_bus.c **** 
 340:Core/Src/custom_bus.c ****   /* Register MspInit Callback */
 341:Core/Src/custom_bus.c ****   if (HAL_I2C_RegisterCallback(&hi2c1, HAL_I2C_MSPINIT_CB_ID, I2C1_MspInit)  != HAL_OK)
 342:Core/Src/custom_bus.c ****   {
 343:Core/Src/custom_bus.c ****     return BSP_ERROR_PERIPH_FAILURE;
 344:Core/Src/custom_bus.c ****   }
 345:Core/Src/custom_bus.c **** 
 346:Core/Src/custom_bus.c ****   /* Register MspDeInit Callback */
 347:Core/Src/custom_bus.c ****   if (HAL_I2C_RegisterCallback(&hi2c1, HAL_I2C_MSPDEINIT_CB_ID, I2C1_MspDeInit) != HAL_OK)
 348:Core/Src/custom_bus.c ****   {
 349:Core/Src/custom_bus.c ****     return BSP_ERROR_PERIPH_FAILURE;
 350:Core/Src/custom_bus.c ****   }
 351:Core/Src/custom_bus.c ****   IsI2C1MspCbValid = 1;
 352:Core/Src/custom_bus.c **** 
 353:Core/Src/custom_bus.c ****   return BSP_ERROR_NONE;
 354:Core/Src/custom_bus.c **** }
 355:Core/Src/custom_bus.c **** 
 356:Core/Src/custom_bus.c **** /**
 357:Core/Src/custom_bus.c ****   * @brief BSP I2C1 Bus Msp Callback registering
 358:Core/Src/custom_bus.c ****   * @param Callbacks     pointer to I2C1 MspInit/MspDeInit callback functions
 359:Core/Src/custom_bus.c ****   * @retval BSP status
 360:Core/Src/custom_bus.c ****   */
 361:Core/Src/custom_bus.c **** int32_t BSP_I2C1_RegisterMspCallbacks (BSP_I2C_Cb_t *Callbacks)
 362:Core/Src/custom_bus.c **** {
 363:Core/Src/custom_bus.c ****   /* Prevent unused argument(s) compilation warning */
 364:Core/Src/custom_bus.c ****   __HAL_I2C_RESET_HANDLE_STATE(&hi2c1);
 365:Core/Src/custom_bus.c **** 
 366:Core/Src/custom_bus.c ****    /* Register MspInit Callback */
 367:Core/Src/custom_bus.c ****   if (HAL_I2C_RegisterCallback(&hi2c1, HAL_I2C_MSPINIT_CB_ID, Callbacks->pMspInitCb)  != HAL_OK)
 368:Core/Src/custom_bus.c ****   {
 369:Core/Src/custom_bus.c ****     return BSP_ERROR_PERIPH_FAILURE;
 370:Core/Src/custom_bus.c ****   }
 371:Core/Src/custom_bus.c **** 
 372:Core/Src/custom_bus.c ****   /* Register MspDeInit Callback */
ARM GAS  /tmp/cchxAeZL.s 			page 8


 373:Core/Src/custom_bus.c ****   if (HAL_I2C_RegisterCallback(&hi2c1, HAL_I2C_MSPDEINIT_CB_ID, Callbacks->pMspDeInitCb) != HAL_OK)
 374:Core/Src/custom_bus.c ****   {
 375:Core/Src/custom_bus.c ****     return BSP_ERROR_PERIPH_FAILURE;
 376:Core/Src/custom_bus.c ****   }
 377:Core/Src/custom_bus.c **** 
 378:Core/Src/custom_bus.c ****   IsI2C1MspCbValid = 1;
 379:Core/Src/custom_bus.c **** 
 380:Core/Src/custom_bus.c ****   return BSP_ERROR_NONE;
 381:Core/Src/custom_bus.c **** }
 382:Core/Src/custom_bus.c **** #endif /* USE_HAL_I2C_REGISTER_CALLBACKS */
 383:Core/Src/custom_bus.c **** 
 384:Core/Src/custom_bus.c **** /**
 385:Core/Src/custom_bus.c ****   * @brief  Return system tick in ms
 386:Core/Src/custom_bus.c ****   * @retval Current HAL time base time stamp
 387:Core/Src/custom_bus.c ****   */
 388:Core/Src/custom_bus.c **** int32_t BSP_GetTick(void) {
 389:Core/Src/custom_bus.c ****   return HAL_GetTick();
 390:Core/Src/custom_bus.c **** }
 391:Core/Src/custom_bus.c **** 
 392:Core/Src/custom_bus.c **** /* I2C1 init function */
 393:Core/Src/custom_bus.c **** 
 394:Core/Src/custom_bus.c **** __weak HAL_StatusTypeDef MX_I2C1_Init(I2C_HandleTypeDef* hi2c)
 395:Core/Src/custom_bus.c **** {
 396:Core/Src/custom_bus.c ****   HAL_StatusTypeDef ret = HAL_OK;
 397:Core/Src/custom_bus.c **** 
 398:Core/Src/custom_bus.c ****   hi2c->Instance = I2C1;
 399:Core/Src/custom_bus.c ****   hi2c->Init.ClockSpeed = 100000;
 400:Core/Src/custom_bus.c ****   hi2c->Init.DutyCycle = I2C_DUTYCYCLE_2;
 401:Core/Src/custom_bus.c ****   hi2c->Init.OwnAddress1 = 0;
 402:Core/Src/custom_bus.c ****   hi2c->Init.AddressingMode = I2C_ADDRESSINGMODE_7BIT;
 403:Core/Src/custom_bus.c ****   hi2c->Init.DualAddressMode = I2C_DUALADDRESS_DISABLE;
 404:Core/Src/custom_bus.c ****   hi2c->Init.OwnAddress2 = 0;
 405:Core/Src/custom_bus.c ****   hi2c->Init.GeneralCallMode = I2C_GENERALCALL_DISABLE;
 406:Core/Src/custom_bus.c ****   hi2c->Init.NoStretchMode = I2C_NOSTRETCH_DISABLE;
 407:Core/Src/custom_bus.c ****   if (HAL_I2C_Init(hi2c) != HAL_OK)
 408:Core/Src/custom_bus.c ****   {
 409:Core/Src/custom_bus.c ****     ret = HAL_ERROR;
 410:Core/Src/custom_bus.c ****   }
 411:Core/Src/custom_bus.c **** 
 412:Core/Src/custom_bus.c ****   return ret;
 413:Core/Src/custom_bus.c **** }
 414:Core/Src/custom_bus.c **** 
 415:Core/Src/custom_bus.c **** static void I2C1_MspInit(I2C_HandleTypeDef* i2cHandle)
 416:Core/Src/custom_bus.c **** {
  29              		.loc 1 416 1 view -0
  30              		.cfi_startproc
  31              		@ args = 0, pretend = 0, frame = 32
  32              		@ frame_needed = 0, uses_anonymous_args = 0
  33              		.loc 1 416 1 is_stmt 0 view .LVU1
  34 0000 2DE9F047 		push	{r4, r5, r6, r7, r8, r9, r10, lr}
  35              	.LCFI0:
  36              		.cfi_def_cfa_offset 32
  37              		.cfi_offset 4, -32
  38              		.cfi_offset 5, -28
  39              		.cfi_offset 6, -24
  40              		.cfi_offset 7, -20
  41              		.cfi_offset 8, -16
ARM GAS  /tmp/cchxAeZL.s 			page 9


  42              		.cfi_offset 9, -12
  43              		.cfi_offset 10, -8
  44              		.cfi_offset 14, -4
  45 0004 88B0     		sub	sp, sp, #32
  46              	.LCFI1:
  47              		.cfi_def_cfa_offset 64
 417:Core/Src/custom_bus.c ****   GPIO_InitTypeDef GPIO_InitStruct;
  48              		.loc 1 417 3 is_stmt 1 view .LVU2
 418:Core/Src/custom_bus.c ****   /* USER CODE BEGIN I2C1_MspInit 0 */
 419:Core/Src/custom_bus.c **** 
 420:Core/Src/custom_bus.c ****   /* USER CODE END I2C1_MspInit 0 */
 421:Core/Src/custom_bus.c **** 
 422:Core/Src/custom_bus.c ****     __HAL_RCC_GPIOB_CLK_ENABLE();
  49              		.loc 1 422 5 view .LVU3
  50              	.LBB2:
  51              		.loc 1 422 5 view .LVU4
  52 0006 0025     		movs	r5, #0
  53 0008 0195     		str	r5, [sp, #4]
  54              		.loc 1 422 5 view .LVU5
  55 000a 1D4C     		ldr	r4, .L3
  56 000c 236B     		ldr	r3, [r4, #48]
  57 000e 43F00203 		orr	r3, r3, #2
  58 0012 2363     		str	r3, [r4, #48]
  59              		.loc 1 422 5 view .LVU6
  60 0014 236B     		ldr	r3, [r4, #48]
  61 0016 03F00203 		and	r3, r3, #2
  62 001a 0193     		str	r3, [sp, #4]
  63              		.loc 1 422 5 view .LVU7
  64 001c 019B     		ldr	r3, [sp, #4]
  65              	.LBE2:
  66              		.loc 1 422 5 view .LVU8
 423:Core/Src/custom_bus.c ****     /**I2C1 GPIO Configuration
 424:Core/Src/custom_bus.c ****     PB8     ------> I2C1_SCL
 425:Core/Src/custom_bus.c ****     PB9     ------> I2C1_SDA
 426:Core/Src/custom_bus.c ****     */
 427:Core/Src/custom_bus.c ****     GPIO_InitStruct.Pin = BUS_I2C1_SCL_GPIO_PIN;
  67              		.loc 1 427 5 view .LVU9
  68              		.loc 1 427 25 is_stmt 0 view .LVU10
  69 001e 4FF48073 		mov	r3, #256
  70 0022 0393     		str	r3, [sp, #12]
 428:Core/Src/custom_bus.c ****     GPIO_InitStruct.Mode = GPIO_MODE_AF_OD;
  71              		.loc 1 428 5 is_stmt 1 view .LVU11
  72              		.loc 1 428 26 is_stmt 0 view .LVU12
  73 0024 4FF0120A 		mov	r10, #18
  74 0028 CDF810A0 		str	r10, [sp, #16]
 429:Core/Src/custom_bus.c ****     GPIO_InitStruct.Pull = GPIO_NOPULL;
  75              		.loc 1 429 5 is_stmt 1 view .LVU13
  76              		.loc 1 429 26 is_stmt 0 view .LVU14
  77 002c 0595     		str	r5, [sp, #20]
 430:Core/Src/custom_bus.c ****     GPIO_InitStruct.Speed = GPIO_SPEED_FREQ_VERY_HIGH;
  78              		.loc 1 430 5 is_stmt 1 view .LVU15
  79              		.loc 1 430 27 is_stmt 0 view .LVU16
  80 002e 4FF00309 		mov	r9, #3
  81 0032 CDF81890 		str	r9, [sp, #24]
 431:Core/Src/custom_bus.c ****     GPIO_InitStruct.Alternate = BUS_I2C1_SCL_GPIO_AF;
  82              		.loc 1 431 5 is_stmt 1 view .LVU17
  83              		.loc 1 431 31 is_stmt 0 view .LVU18
ARM GAS  /tmp/cchxAeZL.s 			page 10


  84 0036 4FF00408 		mov	r8, #4
  85 003a CDF81C80 		str	r8, [sp, #28]
 432:Core/Src/custom_bus.c ****     HAL_GPIO_Init(BUS_I2C1_SCL_GPIO_PORT, &GPIO_InitStruct);
  86              		.loc 1 432 5 is_stmt 1 view .LVU19
  87 003e 03AF     		add	r7, sp, #12
  88 0040 104E     		ldr	r6, .L3+4
  89 0042 3946     		mov	r1, r7
  90 0044 3046     		mov	r0, r6
  91              	.LVL1:
  92              		.loc 1 432 5 is_stmt 0 view .LVU20
  93 0046 FFF7FEFF 		bl	HAL_GPIO_Init
  94              	.LVL2:
 433:Core/Src/custom_bus.c **** 
 434:Core/Src/custom_bus.c ****     GPIO_InitStruct.Pin = BUS_I2C1_SDA_GPIO_PIN;
  95              		.loc 1 434 5 is_stmt 1 view .LVU21
  96              		.loc 1 434 25 is_stmt 0 view .LVU22
  97 004a 4FF40073 		mov	r3, #512
  98 004e 0393     		str	r3, [sp, #12]
 435:Core/Src/custom_bus.c ****     GPIO_InitStruct.Mode = GPIO_MODE_AF_OD;
  99              		.loc 1 435 5 is_stmt 1 view .LVU23
 100              		.loc 1 435 26 is_stmt 0 view .LVU24
 101 0050 CDF810A0 		str	r10, [sp, #16]
 436:Core/Src/custom_bus.c ****     GPIO_InitStruct.Pull = GPIO_NOPULL;
 102              		.loc 1 436 5 is_stmt 1 view .LVU25
 103              		.loc 1 436 26 is_stmt 0 view .LVU26
 104 0054 0595     		str	r5, [sp, #20]
 437:Core/Src/custom_bus.c ****     GPIO_InitStruct.Speed = GPIO_SPEED_FREQ_VERY_HIGH;
 105              		.loc 1 437 5 is_stmt 1 view .LVU27
 106              		.loc 1 437 27 is_stmt 0 view .LVU28
 107 0056 CDF81890 		str	r9, [sp, #24]
 438:Core/Src/custom_bus.c ****     GPIO_InitStruct.Alternate = BUS_I2C1_SDA_GPIO_AF;
 108              		.loc 1 438 5 is_stmt 1 view .LVU29
 109              		.loc 1 438 31 is_stmt 0 view .LVU30
 110 005a CDF81C80 		str	r8, [sp, #28]
 439:Core/Src/custom_bus.c ****     HAL_GPIO_Init(BUS_I2C1_SDA_GPIO_PORT, &GPIO_InitStruct);
 111              		.loc 1 439 5 is_stmt 1 view .LVU31
 112 005e 3946     		mov	r1, r7
 113 0060 3046     		mov	r0, r6
 114 0062 FFF7FEFF 		bl	HAL_GPIO_Init
 115              	.LVL3:
 440:Core/Src/custom_bus.c **** 
 441:Core/Src/custom_bus.c ****     /* Peripheral clock enable */
 442:Core/Src/custom_bus.c ****     __HAL_RCC_I2C1_CLK_ENABLE();
 116              		.loc 1 442 5 view .LVU32
 117              	.LBB3:
 118              		.loc 1 442 5 view .LVU33
 119 0066 0295     		str	r5, [sp, #8]
 120              		.loc 1 442 5 view .LVU34
 121 0068 236C     		ldr	r3, [r4, #64]
 122 006a 43F40013 		orr	r3, r3, #2097152
 123 006e 2364     		str	r3, [r4, #64]
 124              		.loc 1 442 5 view .LVU35
 125 0070 236C     		ldr	r3, [r4, #64]
 126 0072 03F40013 		and	r3, r3, #2097152
 127 0076 0293     		str	r3, [sp, #8]
 128              		.loc 1 442 5 view .LVU36
 129 0078 029B     		ldr	r3, [sp, #8]
ARM GAS  /tmp/cchxAeZL.s 			page 11


 130              	.LBE3:
 131              		.loc 1 442 5 view .LVU37
 443:Core/Src/custom_bus.c ****   /* USER CODE BEGIN I2C1_MspInit 1 */
 444:Core/Src/custom_bus.c **** 
 445:Core/Src/custom_bus.c ****   /* USER CODE END I2C1_MspInit 1 */
 446:Core/Src/custom_bus.c **** }
 132              		.loc 1 446 1 is_stmt 0 view .LVU38
 133 007a 08B0     		add	sp, sp, #32
 134              	.LCFI2:
 135              		.cfi_def_cfa_offset 32
 136              		@ sp needed
 137 007c BDE8F087 		pop	{r4, r5, r6, r7, r8, r9, r10, pc}
 138              	.L4:
 139              		.align	2
 140              	.L3:
 141 0080 00380240 		.word	1073887232
 142 0084 00040240 		.word	1073873920
 143              		.cfi_endproc
 144              	.LFE141:
 146              		.section	.text.I2C1_MspDeInit,"ax",%progbits
 147              		.align	1
 148              		.syntax unified
 149              		.thumb
 150              		.thumb_func
 152              	I2C1_MspDeInit:
 153              	.LVL4:
 154              	.LFB142:
 447:Core/Src/custom_bus.c **** 
 448:Core/Src/custom_bus.c **** static void I2C1_MspDeInit(I2C_HandleTypeDef* i2cHandle)
 449:Core/Src/custom_bus.c **** {
 155              		.loc 1 449 1 is_stmt 1 view -0
 156              		.cfi_startproc
 157              		@ args = 0, pretend = 0, frame = 0
 158              		@ frame_needed = 0, uses_anonymous_args = 0
 159              		.loc 1 449 1 is_stmt 0 view .LVU40
 160 0000 10B5     		push	{r4, lr}
 161              	.LCFI3:
 162              		.cfi_def_cfa_offset 8
 163              		.cfi_offset 4, -8
 164              		.cfi_offset 14, -4
 450:Core/Src/custom_bus.c ****   /* USER CODE BEGIN I2C1_MspDeInit 0 */
 451:Core/Src/custom_bus.c **** 
 452:Core/Src/custom_bus.c ****   /* USER CODE END I2C1_MspDeInit 0 */
 453:Core/Src/custom_bus.c ****     /* Peripheral clock disable */
 454:Core/Src/custom_bus.c ****     __HAL_RCC_I2C1_CLK_DISABLE();
 165              		.loc 1 454 5 is_stmt 1 view .LVU41
 166 0002 084A     		ldr	r2, .L7
 167 0004 136C     		ldr	r3, [r2, #64]
 168 0006 23F40013 		bic	r3, r3, #2097152
 169 000a 1364     		str	r3, [r2, #64]
 455:Core/Src/custom_bus.c **** 
 456:Core/Src/custom_bus.c ****     /**I2C1 GPIO Configuration
 457:Core/Src/custom_bus.c ****     PB8     ------> I2C1_SCL
 458:Core/Src/custom_bus.c ****     PB9     ------> I2C1_SDA
 459:Core/Src/custom_bus.c ****     */
 460:Core/Src/custom_bus.c ****     HAL_GPIO_DeInit(BUS_I2C1_SCL_GPIO_PORT, BUS_I2C1_SCL_GPIO_PIN);
 170              		.loc 1 460 5 view .LVU42
ARM GAS  /tmp/cchxAeZL.s 			page 12


 171 000c 064C     		ldr	r4, .L7+4
 172 000e 4FF48071 		mov	r1, #256
 173 0012 2046     		mov	r0, r4
 174              	.LVL5:
 175              		.loc 1 460 5 is_stmt 0 view .LVU43
 176 0014 FFF7FEFF 		bl	HAL_GPIO_DeInit
 177              	.LVL6:
 461:Core/Src/custom_bus.c **** 
 462:Core/Src/custom_bus.c ****     HAL_GPIO_DeInit(BUS_I2C1_SDA_GPIO_PORT, BUS_I2C1_SDA_GPIO_PIN);
 178              		.loc 1 462 5 is_stmt 1 view .LVU44
 179 0018 4FF40071 		mov	r1, #512
 180 001c 2046     		mov	r0, r4
 181 001e FFF7FEFF 		bl	HAL_GPIO_DeInit
 182              	.LVL7:
 463:Core/Src/custom_bus.c **** 
 464:Core/Src/custom_bus.c ****   /* USER CODE BEGIN I2C1_MspDeInit 1 */
 465:Core/Src/custom_bus.c **** 
 466:Core/Src/custom_bus.c ****   /* USER CODE END I2C1_MspDeInit 1 */
 467:Core/Src/custom_bus.c **** }
 183              		.loc 1 467 1 is_stmt 0 view .LVU45
 184 0022 10BD     		pop	{r4, pc}
 185              	.L8:
 186              		.align	2
 187              	.L7:
 188 0024 00380240 		.word	1073887232
 189 0028 00040240 		.word	1073873920
 190              		.cfi_endproc
 191              	.LFE142:
 193              		.section	.text.BSP_I2C1_DeInit,"ax",%progbits
 194              		.align	1
 195              		.global	BSP_I2C1_DeInit
 196              		.syntax unified
 197              		.thumb
 198              		.thumb_func
 200              	BSP_I2C1_DeInit:
 201              	.LFB131:
 136:Core/Src/custom_bus.c ****   int32_t ret = BSP_ERROR_NONE;
 202              		.loc 1 136 1 is_stmt 1 view -0
 203              		.cfi_startproc
 204              		@ args = 0, pretend = 0, frame = 0
 205              		@ frame_needed = 0, uses_anonymous_args = 0
 137:Core/Src/custom_bus.c **** 
 206              		.loc 1 137 3 view .LVU47
 207              	.LVL8:
 139:Core/Src/custom_bus.c ****   {
 208              		.loc 1 139 3 view .LVU48
 139:Core/Src/custom_bus.c ****   {
 209              		.loc 1 139 23 is_stmt 0 view .LVU49
 210 0000 0B4B     		ldr	r3, .L19
 211 0002 1B68     		ldr	r3, [r3]
 139:Core/Src/custom_bus.c ****   {
 212              		.loc 1 139 6 view .LVU50
 213 0004 7BB1     		cbz	r3, .L11
 141:Core/Src/custom_bus.c ****     {
 214              		.loc 1 141 5 is_stmt 1 view .LVU51
 141:Core/Src/custom_bus.c ****     {
 215              		.loc 1 141 9 is_stmt 0 view .LVU52
ARM GAS  /tmp/cchxAeZL.s 			page 13


 216 0006 013B     		subs	r3, r3, #1
 141:Core/Src/custom_bus.c ****     {
 217              		.loc 1 141 8 view .LVU53
 218 0008 094A     		ldr	r2, .L19
 219 000a 1360     		str	r3, [r2]
 220 000c 0BB1     		cbz	r3, .L18
 137:Core/Src/custom_bus.c **** 
 221              		.loc 1 137 11 view .LVU54
 222 000e 0020     		movs	r0, #0
 155:Core/Src/custom_bus.c **** 
 223              		.loc 1 155 1 view .LVU55
 224 0010 7047     		bx	lr
 225              	.L18:
 136:Core/Src/custom_bus.c ****   int32_t ret = BSP_ERROR_NONE;
 226              		.loc 1 136 1 view .LVU56
 227 0012 10B5     		push	{r4, lr}
 228              	.LCFI4:
 229              		.cfi_def_cfa_offset 8
 230              		.cfi_offset 4, -8
 231              		.cfi_offset 14, -4
 145:Core/Src/custom_bus.c ****   #endif
 232              		.loc 1 145 7 is_stmt 1 view .LVU57
 233 0014 074C     		ldr	r4, .L19+4
 234 0016 2046     		mov	r0, r4
 235 0018 FFF7FEFF 		bl	I2C1_MspDeInit
 236              	.LVL9:
 148:Core/Src/custom_bus.c ****       {
 237              		.loc 1 148 7 view .LVU58
 148:Core/Src/custom_bus.c ****       {
 238              		.loc 1 148 11 is_stmt 0 view .LVU59
 239 001c 2046     		mov	r0, r4
 240 001e FFF7FEFF 		bl	HAL_I2C_DeInit
 241              	.LVL10:
 148:Core/Src/custom_bus.c ****       {
 242              		.loc 1 148 10 discriminator 1 view .LVU60
 243 0022 10B9     		cbnz	r0, .L13
 244              	.LVL11:
 245              	.L9:
 155:Core/Src/custom_bus.c **** 
 246              		.loc 1 155 1 view .LVU61
 247 0024 10BD     		pop	{r4, pc}
 248              	.LVL12:
 249              	.L11:
 250              	.LCFI5:
 251              		.cfi_def_cfa_offset 0
 252              		.cfi_restore 4
 253              		.cfi_restore 14
 137:Core/Src/custom_bus.c **** 
 254              		.loc 1 137 11 view .LVU62
 255 0026 0020     		movs	r0, #0
 256 0028 7047     		bx	lr
 257              	.L13:
 258              	.LCFI6:
 259              		.cfi_def_cfa_offset 8
 260              		.cfi_offset 4, -8
 261              		.cfi_offset 14, -4
 150:Core/Src/custom_bus.c ****       }
ARM GAS  /tmp/cchxAeZL.s 			page 14


 262              		.loc 1 150 13 view .LVU63
 263 002a 6FF00700 		mvn	r0, #7
 264              	.LVL13:
 154:Core/Src/custom_bus.c **** }
 265              		.loc 1 154 3 is_stmt 1 view .LVU64
 154:Core/Src/custom_bus.c **** }
 266              		.loc 1 154 10 is_stmt 0 view .LVU65
 267 002e F9E7     		b	.L9
 268              	.L20:
 269              		.align	2
 270              	.L19:
 271 0030 00000000 		.word	I2C1InitCounter
 272 0034 00000000 		.word	hi2c1
 273              		.cfi_endproc
 274              	.LFE131:
 276              		.section	.text.BSP_I2C1_IsReady,"ax",%progbits
 277              		.align	1
 278              		.global	BSP_I2C1_IsReady
 279              		.syntax unified
 280              		.thumb
 281              		.thumb_func
 283              	BSP_I2C1_IsReady:
 284              	.LVL14:
 285              	.LFB132:
 164:Core/Src/custom_bus.c ****   int32_t ret = BSP_ERROR_NONE;
 286              		.loc 1 164 1 is_stmt 1 view -0
 287              		.cfi_startproc
 288              		@ args = 0, pretend = 0, frame = 0
 289              		@ frame_needed = 0, uses_anonymous_args = 0
 164:Core/Src/custom_bus.c ****   int32_t ret = BSP_ERROR_NONE;
 290              		.loc 1 164 1 is_stmt 0 view .LVU67
 291 0000 08B5     		push	{r3, lr}
 292              	.LCFI7:
 293              		.cfi_def_cfa_offset 8
 294              		.cfi_offset 3, -8
 295              		.cfi_offset 14, -4
 296 0002 0A46     		mov	r2, r1
 165:Core/Src/custom_bus.c **** 
 297              		.loc 1 165 3 is_stmt 1 view .LVU68
 298              	.LVL15:
 167:Core/Src/custom_bus.c ****   {
 299              		.loc 1 167 3 view .LVU69
 167:Core/Src/custom_bus.c ****   {
 300              		.loc 1 167 7 is_stmt 0 view .LVU70
 301 0004 4FF48053 		mov	r3, #4096
 302 0008 0146     		mov	r1, r0
 303              	.LVL16:
 167:Core/Src/custom_bus.c ****   {
 304              		.loc 1 167 7 view .LVU71
 305 000a 0448     		ldr	r0, .L26
 306              	.LVL17:
 167:Core/Src/custom_bus.c ****   {
 307              		.loc 1 167 7 view .LVU72
 308 000c FFF7FEFF 		bl	HAL_I2C_IsDeviceReady
 309              	.LVL18:
 167:Core/Src/custom_bus.c ****   {
 310              		.loc 1 167 6 discriminator 1 view .LVU73
ARM GAS  /tmp/cchxAeZL.s 			page 15


 311 0010 00B9     		cbnz	r0, .L25
 312              	.LVL19:
 313              	.L21:
 173:Core/Src/custom_bus.c **** 
 314              		.loc 1 173 1 view .LVU74
 315 0012 08BD     		pop	{r3, pc}
 316              	.LVL20:
 317              	.L25:
 169:Core/Src/custom_bus.c ****   }
 318              		.loc 1 169 9 view .LVU75
 319 0014 6FF00200 		mvn	r0, #2
 320              	.LVL21:
 172:Core/Src/custom_bus.c **** }
 321              		.loc 1 172 3 is_stmt 1 view .LVU76
 172:Core/Src/custom_bus.c **** }
 322              		.loc 1 172 10 is_stmt 0 view .LVU77
 323 0018 FBE7     		b	.L21
 324              	.L27:
 325 001a 00BF     		.align	2
 326              	.L26:
 327 001c 00000000 		.word	hi2c1
 328              		.cfi_endproc
 329              	.LFE132:
 331              		.section	.text.BSP_I2C1_WriteReg,"ax",%progbits
 332              		.align	1
 333              		.global	BSP_I2C1_WriteReg
 334              		.syntax unified
 335              		.thumb
 336              		.thumb_func
 338              	BSP_I2C1_WriteReg:
 339              	.LVL22:
 340              	.LFB133:
 185:Core/Src/custom_bus.c ****   int32_t ret = BSP_ERROR_NONE;
 341              		.loc 1 185 1 is_stmt 1 view -0
 342              		.cfi_startproc
 343              		@ args = 0, pretend = 0, frame = 0
 344              		@ frame_needed = 0, uses_anonymous_args = 0
 185:Core/Src/custom_bus.c ****   int32_t ret = BSP_ERROR_NONE;
 345              		.loc 1 185 1 is_stmt 0 view .LVU79
 346 0000 10B5     		push	{r4, lr}
 347              	.LCFI8:
 348              		.cfi_def_cfa_offset 8
 349              		.cfi_offset 4, -8
 350              		.cfi_offset 14, -4
 351 0002 84B0     		sub	sp, sp, #16
 352              	.LCFI9:
 353              		.cfi_def_cfa_offset 24
 186:Core/Src/custom_bus.c **** 
 354              		.loc 1 186 3 is_stmt 1 view .LVU80
 355              	.LVL23:
 188:Core/Src/custom_bus.c ****   {
 356              		.loc 1 188 3 view .LVU81
 188:Core/Src/custom_bus.c ****   {
 357              		.loc 1 188 7 is_stmt 0 view .LVU82
 358 0004 4FF48054 		mov	r4, #4096
 359 0008 0294     		str	r4, [sp, #8]
 360 000a 0193     		str	r3, [sp, #4]
ARM GAS  /tmp/cchxAeZL.s 			page 16


 361 000c 0092     		str	r2, [sp]
 362 000e 0123     		movs	r3, #1
 363              	.LVL24:
 188:Core/Src/custom_bus.c ****   {
 364              		.loc 1 188 7 view .LVU83
 365 0010 0A46     		mov	r2, r1
 366              	.LVL25:
 188:Core/Src/custom_bus.c ****   {
 367              		.loc 1 188 7 view .LVU84
 368 0012 0146     		mov	r1, r0
 369              	.LVL26:
 188:Core/Src/custom_bus.c ****   {
 370              		.loc 1 188 7 view .LVU85
 371 0014 0848     		ldr	r0, .L35
 372              	.LVL27:
 188:Core/Src/custom_bus.c ****   {
 373              		.loc 1 188 7 view .LVU86
 374 0016 FFF7FEFF 		bl	HAL_I2C_Mem_Write
 375              	.LVL28:
 188:Core/Src/custom_bus.c ****   {
 376              		.loc 1 188 6 discriminator 1 view .LVU87
 377 001a 10B9     		cbnz	r0, .L33
 186:Core/Src/custom_bus.c **** 
 378              		.loc 1 186 11 view .LVU88
 379 001c 0020     		movs	r0, #0
 380              	.LVL29:
 381              	.L28:
 200:Core/Src/custom_bus.c **** 
 382              		.loc 1 200 1 view .LVU89
 383 001e 04B0     		add	sp, sp, #16
 384              	.LCFI10:
 385              		.cfi_remember_state
 386              		.cfi_def_cfa_offset 8
 387              		@ sp needed
 388 0020 10BD     		pop	{r4, pc}
 389              	.LVL30:
 390              	.L33:
 391              	.LCFI11:
 392              		.cfi_restore_state
 190:Core/Src/custom_bus.c ****     {
 393              		.loc 1 190 5 is_stmt 1 view .LVU90
 190:Core/Src/custom_bus.c ****     {
 394              		.loc 1 190 9 is_stmt 0 view .LVU91
 395 0022 0548     		ldr	r0, .L35
 396 0024 FFF7FEFF 		bl	HAL_I2C_GetError
 397              	.LVL31:
 190:Core/Src/custom_bus.c ****     {
 398              		.loc 1 190 8 discriminator 1 view .LVU92
 399 0028 0428     		cmp	r0, #4
 400 002a 02D0     		beq	.L34
 196:Core/Src/custom_bus.c ****     }
 401              		.loc 1 196 11 view .LVU93
 402 002c 6FF00300 		mvn	r0, #3
 403              	.LVL32:
 199:Core/Src/custom_bus.c **** }
 404              		.loc 1 199 3 is_stmt 1 view .LVU94
 199:Core/Src/custom_bus.c **** }
ARM GAS  /tmp/cchxAeZL.s 			page 17


 405              		.loc 1 199 10 is_stmt 0 view .LVU95
 406 0030 F5E7     		b	.L28
 407              	.LVL33:
 408              	.L34:
 192:Core/Src/custom_bus.c ****     }
 409              		.loc 1 192 11 view .LVU96
 410 0032 6FF06500 		mvn	r0, #101
 411 0036 F2E7     		b	.L28
 412              	.L36:
 413              		.align	2
 414              	.L35:
 415 0038 00000000 		.word	hi2c1
 416              		.cfi_endproc
 417              	.LFE133:
 419              		.section	.text.BSP_I2C1_ReadReg,"ax",%progbits
 420              		.align	1
 421              		.global	BSP_I2C1_ReadReg
 422              		.syntax unified
 423              		.thumb
 424              		.thumb_func
 426              	BSP_I2C1_ReadReg:
 427              	.LVL34:
 428              	.LFB134:
 211:Core/Src/custom_bus.c ****   int32_t ret = BSP_ERROR_NONE;
 429              		.loc 1 211 1 is_stmt 1 view -0
 430              		.cfi_startproc
 431              		@ args = 0, pretend = 0, frame = 0
 432              		@ frame_needed = 0, uses_anonymous_args = 0
 211:Core/Src/custom_bus.c ****   int32_t ret = BSP_ERROR_NONE;
 433              		.loc 1 211 1 is_stmt 0 view .LVU98
 434 0000 10B5     		push	{r4, lr}
 435              	.LCFI12:
 436              		.cfi_def_cfa_offset 8
 437              		.cfi_offset 4, -8
 438              		.cfi_offset 14, -4
 439 0002 84B0     		sub	sp, sp, #16
 440              	.LCFI13:
 441              		.cfi_def_cfa_offset 24
 212:Core/Src/custom_bus.c **** 
 442              		.loc 1 212 3 is_stmt 1 view .LVU99
 443              	.LVL35:
 214:Core/Src/custom_bus.c ****   {
 444              		.loc 1 214 3 view .LVU100
 214:Core/Src/custom_bus.c ****   {
 445              		.loc 1 214 7 is_stmt 0 view .LVU101
 446 0004 4FF48054 		mov	r4, #4096
 447 0008 0294     		str	r4, [sp, #8]
 448 000a 0193     		str	r3, [sp, #4]
 449 000c 0092     		str	r2, [sp]
 450 000e 0123     		movs	r3, #1
 451              	.LVL36:
 214:Core/Src/custom_bus.c ****   {
 452              		.loc 1 214 7 view .LVU102
 453 0010 0A46     		mov	r2, r1
 454              	.LVL37:
 214:Core/Src/custom_bus.c ****   {
 455              		.loc 1 214 7 view .LVU103
ARM GAS  /tmp/cchxAeZL.s 			page 18


 456 0012 0146     		mov	r1, r0
 457              	.LVL38:
 214:Core/Src/custom_bus.c ****   {
 458              		.loc 1 214 7 view .LVU104
 459 0014 0848     		ldr	r0, .L44
 460              	.LVL39:
 214:Core/Src/custom_bus.c ****   {
 461              		.loc 1 214 7 view .LVU105
 462 0016 FFF7FEFF 		bl	HAL_I2C_Mem_Read
 463              	.LVL40:
 214:Core/Src/custom_bus.c ****   {
 464              		.loc 1 214 6 discriminator 1 view .LVU106
 465 001a 10B9     		cbnz	r0, .L42
 212:Core/Src/custom_bus.c **** 
 466              		.loc 1 212 11 view .LVU107
 467 001c 0020     		movs	r0, #0
 468              	.LVL41:
 469              	.L37:
 226:Core/Src/custom_bus.c **** 
 470              		.loc 1 226 1 view .LVU108
 471 001e 04B0     		add	sp, sp, #16
 472              	.LCFI14:
 473              		.cfi_remember_state
 474              		.cfi_def_cfa_offset 8
 475              		@ sp needed
 476 0020 10BD     		pop	{r4, pc}
 477              	.LVL42:
 478              	.L42:
 479              	.LCFI15:
 480              		.cfi_restore_state
 216:Core/Src/custom_bus.c ****     {
 481              		.loc 1 216 5 is_stmt 1 view .LVU109
 216:Core/Src/custom_bus.c ****     {
 482              		.loc 1 216 9 is_stmt 0 view .LVU110
 483 0022 0548     		ldr	r0, .L44
 484 0024 FFF7FEFF 		bl	HAL_I2C_GetError
 485              	.LVL43:
 216:Core/Src/custom_bus.c ****     {
 486              		.loc 1 216 8 discriminator 1 view .LVU111
 487 0028 0428     		cmp	r0, #4
 488 002a 02D0     		beq	.L43
 222:Core/Src/custom_bus.c ****     }
 489              		.loc 1 222 11 view .LVU112
 490 002c 6FF00300 		mvn	r0, #3
 491              	.LVL44:
 225:Core/Src/custom_bus.c **** }
 492              		.loc 1 225 3 is_stmt 1 view .LVU113
 225:Core/Src/custom_bus.c **** }
 493              		.loc 1 225 10 is_stmt 0 view .LVU114
 494 0030 F5E7     		b	.L37
 495              	.LVL45:
 496              	.L43:
 218:Core/Src/custom_bus.c ****     }
 497              		.loc 1 218 11 view .LVU115
 498 0032 6FF06500 		mvn	r0, #101
 499 0036 F2E7     		b	.L37
 500              	.L45:
ARM GAS  /tmp/cchxAeZL.s 			page 19


 501              		.align	2
 502              	.L44:
 503 0038 00000000 		.word	hi2c1
 504              		.cfi_endproc
 505              	.LFE134:
 507              		.section	.text.BSP_I2C1_WriteReg16,"ax",%progbits
 508              		.align	1
 509              		.global	BSP_I2C1_WriteReg16
 510              		.syntax unified
 511              		.thumb
 512              		.thumb_func
 514              	BSP_I2C1_WriteReg16:
 515              	.LVL46:
 516              	.LFB135:
 239:Core/Src/custom_bus.c ****   int32_t ret = BSP_ERROR_NONE;
 517              		.loc 1 239 1 is_stmt 1 view -0
 518              		.cfi_startproc
 519              		@ args = 0, pretend = 0, frame = 0
 520              		@ frame_needed = 0, uses_anonymous_args = 0
 239:Core/Src/custom_bus.c ****   int32_t ret = BSP_ERROR_NONE;
 521              		.loc 1 239 1 is_stmt 0 view .LVU117
 522 0000 10B5     		push	{r4, lr}
 523              	.LCFI16:
 524              		.cfi_def_cfa_offset 8
 525              		.cfi_offset 4, -8
 526              		.cfi_offset 14, -4
 527 0002 84B0     		sub	sp, sp, #16
 528              	.LCFI17:
 529              		.cfi_def_cfa_offset 24
 240:Core/Src/custom_bus.c **** 
 530              		.loc 1 240 3 is_stmt 1 view .LVU118
 531              	.LVL47:
 242:Core/Src/custom_bus.c ****   {
 532              		.loc 1 242 3 view .LVU119
 242:Core/Src/custom_bus.c ****   {
 533              		.loc 1 242 7 is_stmt 0 view .LVU120
 534 0004 4FF48054 		mov	r4, #4096
 535 0008 0294     		str	r4, [sp, #8]
 536 000a 0193     		str	r3, [sp, #4]
 537 000c 0092     		str	r2, [sp]
 538 000e 1023     		movs	r3, #16
 539              	.LVL48:
 242:Core/Src/custom_bus.c ****   {
 540              		.loc 1 242 7 view .LVU121
 541 0010 0A46     		mov	r2, r1
 542              	.LVL49:
 242:Core/Src/custom_bus.c ****   {
 543              		.loc 1 242 7 view .LVU122
 544 0012 0146     		mov	r1, r0
 545              	.LVL50:
 242:Core/Src/custom_bus.c ****   {
 546              		.loc 1 242 7 view .LVU123
 547 0014 0848     		ldr	r0, .L53
 548              	.LVL51:
 242:Core/Src/custom_bus.c ****   {
 549              		.loc 1 242 7 view .LVU124
 550 0016 FFF7FEFF 		bl	HAL_I2C_Mem_Write
ARM GAS  /tmp/cchxAeZL.s 			page 20


 551              	.LVL52:
 242:Core/Src/custom_bus.c ****   {
 552              		.loc 1 242 6 discriminator 1 view .LVU125
 553 001a 10B9     		cbnz	r0, .L51
 240:Core/Src/custom_bus.c **** 
 554              		.loc 1 240 11 view .LVU126
 555 001c 0020     		movs	r0, #0
 556              	.LVL53:
 557              	.L46:
 254:Core/Src/custom_bus.c **** 
 558              		.loc 1 254 1 view .LVU127
 559 001e 04B0     		add	sp, sp, #16
 560              	.LCFI18:
 561              		.cfi_remember_state
 562              		.cfi_def_cfa_offset 8
 563              		@ sp needed
 564 0020 10BD     		pop	{r4, pc}
 565              	.LVL54:
 566              	.L51:
 567              	.LCFI19:
 568              		.cfi_restore_state
 244:Core/Src/custom_bus.c ****     {
 569              		.loc 1 244 5 is_stmt 1 view .LVU128
 244:Core/Src/custom_bus.c ****     {
 570              		.loc 1 244 9 is_stmt 0 view .LVU129
 571 0022 0548     		ldr	r0, .L53
 572 0024 FFF7FEFF 		bl	HAL_I2C_GetError
 573              	.LVL55:
 244:Core/Src/custom_bus.c ****     {
 574              		.loc 1 244 8 discriminator 1 view .LVU130
 575 0028 0428     		cmp	r0, #4
 576 002a 02D0     		beq	.L52
 250:Core/Src/custom_bus.c ****     }
 577              		.loc 1 250 11 view .LVU131
 578 002c 6FF00300 		mvn	r0, #3
 579              	.LVL56:
 253:Core/Src/custom_bus.c **** }
 580              		.loc 1 253 3 is_stmt 1 view .LVU132
 253:Core/Src/custom_bus.c **** }
 581              		.loc 1 253 10 is_stmt 0 view .LVU133
 582 0030 F5E7     		b	.L46
 583              	.LVL57:
 584              	.L52:
 246:Core/Src/custom_bus.c ****     }
 585              		.loc 1 246 11 view .LVU134
 586 0032 6FF06500 		mvn	r0, #101
 587 0036 F2E7     		b	.L46
 588              	.L54:
 589              		.align	2
 590              	.L53:
 591 0038 00000000 		.word	hi2c1
 592              		.cfi_endproc
 593              	.LFE135:
 595              		.section	.text.BSP_I2C1_ReadReg16,"ax",%progbits
 596              		.align	1
 597              		.global	BSP_I2C1_ReadReg16
 598              		.syntax unified
ARM GAS  /tmp/cchxAeZL.s 			page 21


 599              		.thumb
 600              		.thumb_func
 602              	BSP_I2C1_ReadReg16:
 603              	.LVL58:
 604              	.LFB136:
 264:Core/Src/custom_bus.c ****   int32_t ret = BSP_ERROR_NONE;
 605              		.loc 1 264 1 is_stmt 1 view -0
 606              		.cfi_startproc
 607              		@ args = 0, pretend = 0, frame = 0
 608              		@ frame_needed = 0, uses_anonymous_args = 0
 264:Core/Src/custom_bus.c ****   int32_t ret = BSP_ERROR_NONE;
 609              		.loc 1 264 1 is_stmt 0 view .LVU136
 610 0000 10B5     		push	{r4, lr}
 611              	.LCFI20:
 612              		.cfi_def_cfa_offset 8
 613              		.cfi_offset 4, -8
 614              		.cfi_offset 14, -4
 615 0002 84B0     		sub	sp, sp, #16
 616              	.LCFI21:
 617              		.cfi_def_cfa_offset 24
 265:Core/Src/custom_bus.c **** 
 618              		.loc 1 265 3 is_stmt 1 view .LVU137
 619              	.LVL59:
 267:Core/Src/custom_bus.c ****   {
 620              		.loc 1 267 3 view .LVU138
 267:Core/Src/custom_bus.c ****   {
 621              		.loc 1 267 7 is_stmt 0 view .LVU139
 622 0004 4FF48054 		mov	r4, #4096
 623 0008 0294     		str	r4, [sp, #8]
 624 000a 0193     		str	r3, [sp, #4]
 625 000c 0092     		str	r2, [sp]
 626 000e 1023     		movs	r3, #16
 627              	.LVL60:
 267:Core/Src/custom_bus.c ****   {
 628              		.loc 1 267 7 view .LVU140
 629 0010 0A46     		mov	r2, r1
 630              	.LVL61:
 267:Core/Src/custom_bus.c ****   {
 631              		.loc 1 267 7 view .LVU141
 632 0012 0146     		mov	r1, r0
 633              	.LVL62:
 267:Core/Src/custom_bus.c ****   {
 634              		.loc 1 267 7 view .LVU142
 635 0014 0848     		ldr	r0, .L61
 636              	.LVL63:
 267:Core/Src/custom_bus.c ****   {
 637              		.loc 1 267 7 view .LVU143
 638 0016 FFF7FEFF 		bl	HAL_I2C_Mem_Read
 639              	.LVL64:
 267:Core/Src/custom_bus.c ****   {
 640              		.loc 1 267 6 discriminator 1 view .LVU144
 641 001a 10B9     		cbnz	r0, .L60
 265:Core/Src/custom_bus.c **** 
 642              		.loc 1 265 11 view .LVU145
 643 001c 0020     		movs	r0, #0
 644              	.LVL65:
 645              	.L55:
ARM GAS  /tmp/cchxAeZL.s 			page 22


 279:Core/Src/custom_bus.c **** 
 646              		.loc 1 279 1 view .LVU146
 647 001e 04B0     		add	sp, sp, #16
 648              	.LCFI22:
 649              		.cfi_remember_state
 650              		.cfi_def_cfa_offset 8
 651              		@ sp needed
 652 0020 10BD     		pop	{r4, pc}
 653              	.LVL66:
 654              	.L60:
 655              	.LCFI23:
 656              		.cfi_restore_state
 269:Core/Src/custom_bus.c ****     {
 657              		.loc 1 269 5 is_stmt 1 view .LVU147
 269:Core/Src/custom_bus.c ****     {
 658              		.loc 1 269 9 is_stmt 0 view .LVU148
 659 0022 0548     		ldr	r0, .L61
 660 0024 FFF7FEFF 		bl	HAL_I2C_GetError
 661              	.LVL67:
 269:Core/Src/custom_bus.c ****     {
 662              		.loc 1 269 8 discriminator 1 view .LVU149
 663 0028 0428     		cmp	r0, #4
 664 002a 02D0     		beq	.L58
 271:Core/Src/custom_bus.c ****     }
 665              		.loc 1 271 11 view .LVU150
 666 002c 6FF06500 		mvn	r0, #101
 667 0030 F5E7     		b	.L55
 668              	.L58:
 275:Core/Src/custom_bus.c ****     }
 669              		.loc 1 275 11 view .LVU151
 670 0032 6FF00300 		mvn	r0, #3
 671              	.LVL68:
 278:Core/Src/custom_bus.c **** }
 672              		.loc 1 278 3 is_stmt 1 view .LVU152
 278:Core/Src/custom_bus.c **** }
 673              		.loc 1 278 10 is_stmt 0 view .LVU153
 674 0036 F2E7     		b	.L55
 675              	.L62:
 676              		.align	2
 677              	.L61:
 678 0038 00000000 		.word	hi2c1
 679              		.cfi_endproc
 680              	.LFE136:
 682              		.section	.text.BSP_I2C1_Send,"ax",%progbits
 683              		.align	1
 684              		.global	BSP_I2C1_Send
 685              		.syntax unified
 686              		.thumb
 687              		.thumb_func
 689              	BSP_I2C1_Send:
 690              	.LVL69:
 691              	.LFB137:
 288:Core/Src/custom_bus.c ****   int32_t ret = BSP_ERROR_NONE;
 692              		.loc 1 288 74 is_stmt 1 view -0
 693              		.cfi_startproc
 694              		@ args = 0, pretend = 0, frame = 0
 695              		@ frame_needed = 0, uses_anonymous_args = 0
ARM GAS  /tmp/cchxAeZL.s 			page 23


 288:Core/Src/custom_bus.c ****   int32_t ret = BSP_ERROR_NONE;
 696              		.loc 1 288 74 is_stmt 0 view .LVU155
 697 0000 00B5     		push	{lr}
 698              	.LCFI24:
 699              		.cfi_def_cfa_offset 4
 700              		.cfi_offset 14, -4
 701 0002 83B0     		sub	sp, sp, #12
 702              	.LCFI25:
 703              		.cfi_def_cfa_offset 16
 704 0004 1346     		mov	r3, r2
 289:Core/Src/custom_bus.c **** 
 705              		.loc 1 289 3 is_stmt 1 view .LVU156
 706              	.LVL70:
 291:Core/Src/custom_bus.c ****   {
 707              		.loc 1 291 3 view .LVU157
 291:Core/Src/custom_bus.c ****   {
 708              		.loc 1 291 7 is_stmt 0 view .LVU158
 709 0006 4FF48052 		mov	r2, #4096
 710              	.LVL71:
 291:Core/Src/custom_bus.c ****   {
 711              		.loc 1 291 7 view .LVU159
 712 000a 0092     		str	r2, [sp]
 713 000c 0A46     		mov	r2, r1
 714 000e 0146     		mov	r1, r0
 715              	.LVL72:
 291:Core/Src/custom_bus.c ****   {
 716              		.loc 1 291 7 view .LVU160
 717 0010 0948     		ldr	r0, .L69
 718              	.LVL73:
 291:Core/Src/custom_bus.c ****   {
 719              		.loc 1 291 7 view .LVU161
 720 0012 FFF7FEFF 		bl	HAL_I2C_Master_Transmit
 721              	.LVL74:
 291:Core/Src/custom_bus.c ****   {
 722              		.loc 1 291 6 discriminator 1 view .LVU162
 723 0016 18B9     		cbnz	r0, .L68
 289:Core/Src/custom_bus.c **** 
 724              		.loc 1 289 11 view .LVU163
 725 0018 0020     		movs	r0, #0
 726              	.LVL75:
 727              	.L63:
 304:Core/Src/custom_bus.c **** 
 728              		.loc 1 304 1 view .LVU164
 729 001a 03B0     		add	sp, sp, #12
 730              	.LCFI26:
 731              		.cfi_remember_state
 732              		.cfi_def_cfa_offset 4
 733              		@ sp needed
 734 001c 5DF804FB 		ldr	pc, [sp], #4
 735              	.LVL76:
 736              	.L68:
 737              	.LCFI27:
 738              		.cfi_restore_state
 293:Core/Src/custom_bus.c ****     {
 739              		.loc 1 293 5 is_stmt 1 view .LVU165
 293:Core/Src/custom_bus.c ****     {
 740              		.loc 1 293 9 is_stmt 0 view .LVU166
ARM GAS  /tmp/cchxAeZL.s 			page 24


 741 0020 0548     		ldr	r0, .L69
 742 0022 FFF7FEFF 		bl	HAL_I2C_GetError
 743              	.LVL77:
 293:Core/Src/custom_bus.c ****     {
 744              		.loc 1 293 8 discriminator 1 view .LVU167
 745 0026 0428     		cmp	r0, #4
 746 0028 02D0     		beq	.L66
 295:Core/Src/custom_bus.c ****     }
 747              		.loc 1 295 11 view .LVU168
 748 002a 6FF06500 		mvn	r0, #101
 749 002e F4E7     		b	.L63
 750              	.L66:
 299:Core/Src/custom_bus.c ****     }
 751              		.loc 1 299 11 view .LVU169
 752 0030 6FF00300 		mvn	r0, #3
 753              	.LVL78:
 303:Core/Src/custom_bus.c **** }
 754              		.loc 1 303 3 is_stmt 1 view .LVU170
 303:Core/Src/custom_bus.c **** }
 755              		.loc 1 303 10 is_stmt 0 view .LVU171
 756 0034 F1E7     		b	.L63
 757              	.L70:
 758 0036 00BF     		.align	2
 759              	.L69:
 760 0038 00000000 		.word	hi2c1
 761              		.cfi_endproc
 762              	.LFE137:
 764              		.section	.text.BSP_I2C1_Recv,"ax",%progbits
 765              		.align	1
 766              		.global	BSP_I2C1_Recv
 767              		.syntax unified
 768              		.thumb
 769              		.thumb_func
 771              	BSP_I2C1_Recv:
 772              	.LVL79:
 773              	.LFB138:
 313:Core/Src/custom_bus.c ****   int32_t ret = BSP_ERROR_NONE;
 774              		.loc 1 313 74 is_stmt 1 view -0
 775              		.cfi_startproc
 776              		@ args = 0, pretend = 0, frame = 0
 777              		@ frame_needed = 0, uses_anonymous_args = 0
 313:Core/Src/custom_bus.c ****   int32_t ret = BSP_ERROR_NONE;
 778              		.loc 1 313 74 is_stmt 0 view .LVU173
 779 0000 00B5     		push	{lr}
 780              	.LCFI28:
 781              		.cfi_def_cfa_offset 4
 782              		.cfi_offset 14, -4
 783 0002 83B0     		sub	sp, sp, #12
 784              	.LCFI29:
 785              		.cfi_def_cfa_offset 16
 786 0004 1346     		mov	r3, r2
 314:Core/Src/custom_bus.c **** 
 787              		.loc 1 314 3 is_stmt 1 view .LVU174
 788              	.LVL80:
 316:Core/Src/custom_bus.c ****   {
 789              		.loc 1 316 3 view .LVU175
 316:Core/Src/custom_bus.c ****   {
ARM GAS  /tmp/cchxAeZL.s 			page 25


 790              		.loc 1 316 7 is_stmt 0 view .LVU176
 791 0006 4FF48052 		mov	r2, #4096
 792              	.LVL81:
 316:Core/Src/custom_bus.c ****   {
 793              		.loc 1 316 7 view .LVU177
 794 000a 0092     		str	r2, [sp]
 795 000c 0A46     		mov	r2, r1
 796 000e 0146     		mov	r1, r0
 797              	.LVL82:
 316:Core/Src/custom_bus.c ****   {
 798              		.loc 1 316 7 view .LVU178
 799 0010 0948     		ldr	r0, .L77
 800              	.LVL83:
 316:Core/Src/custom_bus.c ****   {
 801              		.loc 1 316 7 view .LVU179
 802 0012 FFF7FEFF 		bl	HAL_I2C_Master_Receive
 803              	.LVL84:
 316:Core/Src/custom_bus.c ****   {
 804              		.loc 1 316 6 discriminator 1 view .LVU180
 805 0016 18B9     		cbnz	r0, .L76
 314:Core/Src/custom_bus.c **** 
 806              		.loc 1 314 11 view .LVU181
 807 0018 0020     		movs	r0, #0
 808              	.LVL85:
 809              	.L71:
 328:Core/Src/custom_bus.c **** 
 810              		.loc 1 328 1 view .LVU182
 811 001a 03B0     		add	sp, sp, #12
 812              	.LCFI30:
 813              		.cfi_remember_state
 814              		.cfi_def_cfa_offset 4
 815              		@ sp needed
 816 001c 5DF804FB 		ldr	pc, [sp], #4
 817              	.LVL86:
 818              	.L76:
 819              	.LCFI31:
 820              		.cfi_restore_state
 318:Core/Src/custom_bus.c ****     {
 821              		.loc 1 318 5 is_stmt 1 view .LVU183
 318:Core/Src/custom_bus.c ****     {
 822              		.loc 1 318 9 is_stmt 0 view .LVU184
 823 0020 0548     		ldr	r0, .L77
 824 0022 FFF7FEFF 		bl	HAL_I2C_GetError
 825              	.LVL87:
 318:Core/Src/custom_bus.c ****     {
 826              		.loc 1 318 8 discriminator 1 view .LVU185
 827 0026 0428     		cmp	r0, #4
 828 0028 02D0     		beq	.L74
 320:Core/Src/custom_bus.c ****     }
 829              		.loc 1 320 11 view .LVU186
 830 002a 6FF06500 		mvn	r0, #101
 831 002e F4E7     		b	.L71
 832              	.L74:
 324:Core/Src/custom_bus.c ****     }
 833              		.loc 1 324 11 view .LVU187
 834 0030 6FF00300 		mvn	r0, #3
 835              	.LVL88:
ARM GAS  /tmp/cchxAeZL.s 			page 26


 327:Core/Src/custom_bus.c **** }
 836              		.loc 1 327 3 is_stmt 1 view .LVU188
 327:Core/Src/custom_bus.c **** }
 837              		.loc 1 327 10 is_stmt 0 view .LVU189
 838 0034 F1E7     		b	.L71
 839              	.L78:
 840 0036 00BF     		.align	2
 841              	.L77:
 842 0038 00000000 		.word	hi2c1
 843              		.cfi_endproc
 844              	.LFE138:
 846              		.section	.text.BSP_GetTick,"ax",%progbits
 847              		.align	1
 848              		.global	BSP_GetTick
 849              		.syntax unified
 850              		.thumb
 851              		.thumb_func
 853              	BSP_GetTick:
 854              	.LFB139:
 388:Core/Src/custom_bus.c ****   return HAL_GetTick();
 855              		.loc 1 388 27 is_stmt 1 view -0
 856              		.cfi_startproc
 857              		@ args = 0, pretend = 0, frame = 0
 858              		@ frame_needed = 0, uses_anonymous_args = 0
 859 0000 08B5     		push	{r3, lr}
 860              	.LCFI32:
 861              		.cfi_def_cfa_offset 8
 862              		.cfi_offset 3, -8
 863              		.cfi_offset 14, -4
 389:Core/Src/custom_bus.c **** }
 864              		.loc 1 389 3 view .LVU191
 389:Core/Src/custom_bus.c **** }
 865              		.loc 1 389 10 is_stmt 0 view .LVU192
 866 0002 FFF7FEFF 		bl	HAL_GetTick
 867              	.LVL89:
 390:Core/Src/custom_bus.c **** 
 868              		.loc 1 390 1 view .LVU193
 869 0006 08BD     		pop	{r3, pc}
 870              		.cfi_endproc
 871              	.LFE139:
 873              		.section	.text.MX_I2C1_Init,"ax",%progbits
 874              		.align	1
 875              		.weak	MX_I2C1_Init
 876              		.syntax unified
 877              		.thumb
 878              		.thumb_func
 880              	MX_I2C1_Init:
 881              	.LVL90:
 882              	.LFB140:
 395:Core/Src/custom_bus.c ****   HAL_StatusTypeDef ret = HAL_OK;
 883              		.loc 1 395 1 is_stmt 1 view -0
 884              		.cfi_startproc
 885              		@ args = 0, pretend = 0, frame = 0
 886              		@ frame_needed = 0, uses_anonymous_args = 0
 395:Core/Src/custom_bus.c ****   HAL_StatusTypeDef ret = HAL_OK;
 887              		.loc 1 395 1 is_stmt 0 view .LVU195
 888 0000 08B5     		push	{r3, lr}
ARM GAS  /tmp/cchxAeZL.s 			page 27


 889              	.LCFI33:
 890              		.cfi_def_cfa_offset 8
 891              		.cfi_offset 3, -8
 892              		.cfi_offset 14, -4
 396:Core/Src/custom_bus.c **** 
 893              		.loc 1 396 3 is_stmt 1 view .LVU196
 894              	.LVL91:
 398:Core/Src/custom_bus.c ****   hi2c->Init.ClockSpeed = 100000;
 895              		.loc 1 398 3 view .LVU197
 398:Core/Src/custom_bus.c ****   hi2c->Init.ClockSpeed = 100000;
 896              		.loc 1 398 18 is_stmt 0 view .LVU198
 897 0002 094A     		ldr	r2, .L85
 898 0004 0260     		str	r2, [r0]
 399:Core/Src/custom_bus.c ****   hi2c->Init.DutyCycle = I2C_DUTYCYCLE_2;
 899              		.loc 1 399 3 is_stmt 1 view .LVU199
 399:Core/Src/custom_bus.c ****   hi2c->Init.DutyCycle = I2C_DUTYCYCLE_2;
 900              		.loc 1 399 25 is_stmt 0 view .LVU200
 901 0006 094A     		ldr	r2, .L85+4
 902 0008 4260     		str	r2, [r0, #4]
 400:Core/Src/custom_bus.c ****   hi2c->Init.OwnAddress1 = 0;
 903              		.loc 1 400 3 is_stmt 1 view .LVU201
 400:Core/Src/custom_bus.c ****   hi2c->Init.OwnAddress1 = 0;
 904              		.loc 1 400 24 is_stmt 0 view .LVU202
 905 000a 0022     		movs	r2, #0
 906 000c 8260     		str	r2, [r0, #8]
 401:Core/Src/custom_bus.c ****   hi2c->Init.AddressingMode = I2C_ADDRESSINGMODE_7BIT;
 907              		.loc 1 401 3 is_stmt 1 view .LVU203
 401:Core/Src/custom_bus.c ****   hi2c->Init.AddressingMode = I2C_ADDRESSINGMODE_7BIT;
 908              		.loc 1 401 26 is_stmt 0 view .LVU204
 909 000e C260     		str	r2, [r0, #12]
 402:Core/Src/custom_bus.c ****   hi2c->Init.DualAddressMode = I2C_DUALADDRESS_DISABLE;
 910              		.loc 1 402 3 is_stmt 1 view .LVU205
 402:Core/Src/custom_bus.c ****   hi2c->Init.DualAddressMode = I2C_DUALADDRESS_DISABLE;
 911              		.loc 1 402 29 is_stmt 0 view .LVU206
 912 0010 4FF48041 		mov	r1, #16384
 913 0014 0161     		str	r1, [r0, #16]
 403:Core/Src/custom_bus.c ****   hi2c->Init.OwnAddress2 = 0;
 914              		.loc 1 403 3 is_stmt 1 view .LVU207
 403:Core/Src/custom_bus.c ****   hi2c->Init.OwnAddress2 = 0;
 915              		.loc 1 403 30 is_stmt 0 view .LVU208
 916 0016 4261     		str	r2, [r0, #20]
 404:Core/Src/custom_bus.c ****   hi2c->Init.GeneralCallMode = I2C_GENERALCALL_DISABLE;
 917              		.loc 1 404 3 is_stmt 1 view .LVU209
 404:Core/Src/custom_bus.c ****   hi2c->Init.GeneralCallMode = I2C_GENERALCALL_DISABLE;
 918              		.loc 1 404 26 is_stmt 0 view .LVU210
 919 0018 8261     		str	r2, [r0, #24]
 405:Core/Src/custom_bus.c ****   hi2c->Init.NoStretchMode = I2C_NOSTRETCH_DISABLE;
 920              		.loc 1 405 3 is_stmt 1 view .LVU211
 405:Core/Src/custom_bus.c ****   hi2c->Init.NoStretchMode = I2C_NOSTRETCH_DISABLE;
 921              		.loc 1 405 30 is_stmt 0 view .LVU212
 922 001a C261     		str	r2, [r0, #28]
 406:Core/Src/custom_bus.c ****   if (HAL_I2C_Init(hi2c) != HAL_OK)
 923              		.loc 1 406 3 is_stmt 1 view .LVU213
 406:Core/Src/custom_bus.c ****   if (HAL_I2C_Init(hi2c) != HAL_OK)
 924              		.loc 1 406 28 is_stmt 0 view .LVU214
 925 001c 0262     		str	r2, [r0, #32]
 407:Core/Src/custom_bus.c ****   {
ARM GAS  /tmp/cchxAeZL.s 			page 28


 926              		.loc 1 407 3 is_stmt 1 view .LVU215
 407:Core/Src/custom_bus.c ****   {
 927              		.loc 1 407 7 is_stmt 0 view .LVU216
 928 001e FFF7FEFF 		bl	HAL_I2C_Init
 929              	.LVL92:
 407:Core/Src/custom_bus.c ****   {
 930              		.loc 1 407 6 discriminator 1 view .LVU217
 931 0022 00B1     		cbz	r0, .L82
 409:Core/Src/custom_bus.c ****   }
 932              		.loc 1 409 9 view .LVU218
 933 0024 0120     		movs	r0, #1
 934              	.L82:
 935              	.LVL93:
 412:Core/Src/custom_bus.c **** }
 936              		.loc 1 412 3 is_stmt 1 view .LVU219
 413:Core/Src/custom_bus.c **** 
 937              		.loc 1 413 1 is_stmt 0 view .LVU220
 938 0026 08BD     		pop	{r3, pc}
 939              	.L86:
 940              		.align	2
 941              	.L85:
 942 0028 00540040 		.word	1073763328
 943 002c A0860100 		.word	100000
 944              		.cfi_endproc
 945              	.LFE140:
 947              		.section	.text.BSP_I2C1_Init,"ax",%progbits
 948              		.align	1
 949              		.global	BSP_I2C1_Init
 950              		.syntax unified
 951              		.thumb
 952              		.thumb_func
 954              	BSP_I2C1_Init:
 955              	.LFB130:
  92:Core/Src/custom_bus.c **** 
 956              		.loc 1 92 1 is_stmt 1 view -0
 957              		.cfi_startproc
 958              		@ args = 0, pretend = 0, frame = 0
 959              		@ frame_needed = 0, uses_anonymous_args = 0
  94:Core/Src/custom_bus.c **** 
 960              		.loc 1 94 3 view .LVU222
 961              	.LVL94:
  96:Core/Src/custom_bus.c **** 
 962              		.loc 1 96 3 view .LVU223
  96:Core/Src/custom_bus.c **** 
 963              		.loc 1 96 19 is_stmt 0 view .LVU224
 964 0000 0E4B     		ldr	r3, .L99
 965 0002 0F4A     		ldr	r2, .L99+4
 966 0004 1A60     		str	r2, [r3]
  98:Core/Src/custom_bus.c ****   {
 967              		.loc 1 98 3 is_stmt 1 view .LVU225
  98:Core/Src/custom_bus.c ****   {
 968              		.loc 1 98 21 is_stmt 0 view .LVU226
 969 0006 0F4A     		ldr	r2, .L99+8
 970 0008 1368     		ldr	r3, [r2]
 971 000a 591C     		adds	r1, r3, #1
 972 000c 1160     		str	r1, [r2]
  98:Core/Src/custom_bus.c ****   {
ARM GAS  /tmp/cchxAeZL.s 			page 29


 973              		.loc 1 98 5 view .LVU227
 974 000e 0BB1     		cbz	r3, .L96
  94:Core/Src/custom_bus.c **** 
 975              		.loc 1 94 11 view .LVU228
 976 0010 0020     		movs	r0, #0
 129:Core/Src/custom_bus.c **** 
 977              		.loc 1 129 1 view .LVU229
 978 0012 7047     		bx	lr
 979              	.L96:
  92:Core/Src/custom_bus.c **** 
 980              		.loc 1 92 1 view .LVU230
 981 0014 10B5     		push	{r4, lr}
 982              	.LCFI34:
 983              		.cfi_def_cfa_offset 8
 984              		.cfi_offset 4, -8
 985              		.cfi_offset 14, -4
 100:Core/Src/custom_bus.c ****     {
 986              		.loc 1 100 5 is_stmt 1 view .LVU231
 100:Core/Src/custom_bus.c ****     {
 987              		.loc 1 100 9 is_stmt 0 view .LVU232
 988 0016 0948     		ldr	r0, .L99
 989 0018 FFF7FEFF 		bl	HAL_I2C_GetState
 990              	.LVL95:
 100:Core/Src/custom_bus.c ****     {
 991              		.loc 1 100 8 discriminator 1 view .LVU233
 992 001c 08B1     		cbz	r0, .L97
  94:Core/Src/custom_bus.c **** 
 993              		.loc 1 94 11 view .LVU234
 994 001e 0020     		movs	r0, #0
 995              	.L87:
 129:Core/Src/custom_bus.c **** 
 996              		.loc 1 129 1 view .LVU235
 997 0020 10BD     		pop	{r4, pc}
 998              	.L97:
 104:Core/Src/custom_bus.c ****     #else
 999              		.loc 1 104 7 is_stmt 1 view .LVU236
 1000 0022 064C     		ldr	r4, .L99
 1001 0024 2046     		mov	r0, r4
 1002 0026 FFF7FEFF 		bl	I2C1_MspInit
 1003              	.LVL96:
 114:Core/Src/custom_bus.c ****       {
 1004              		.loc 1 114 7 view .LVU237
 117:Core/Src/custom_bus.c ****         {
 1005              		.loc 1 117 9 view .LVU238
 117:Core/Src/custom_bus.c ****         {
 1006              		.loc 1 117 12 is_stmt 0 view .LVU239
 1007 002a 2046     		mov	r0, r4
 1008 002c FFF7FEFF 		bl	MX_I2C1_Init
 1009              	.LVL97:
 117:Core/Src/custom_bus.c ****         {
 1010              		.loc 1 117 11 discriminator 1 view .LVU240
 1011 0030 08B9     		cbnz	r0, .L98
 123:Core/Src/custom_bus.c ****         }
 1012              		.loc 1 123 15 view .LVU241
 1013 0032 0020     		movs	r0, #0
 128:Core/Src/custom_bus.c **** }
 1014              		.loc 1 128 3 is_stmt 1 view .LVU242
ARM GAS  /tmp/cchxAeZL.s 			page 30


 128:Core/Src/custom_bus.c **** }
 1015              		.loc 1 128 10 is_stmt 0 view .LVU243
 1016 0034 F4E7     		b	.L87
 1017              	.L98:
 119:Core/Src/custom_bus.c ****         }
 1018              		.loc 1 119 15 view .LVU244
 1019 0036 6FF00700 		mvn	r0, #7
 1020 003a F1E7     		b	.L87
 1021              	.L100:
 1022              		.align	2
 1023              	.L99:
 1024 003c 00000000 		.word	hi2c1
 1025 0040 00540040 		.word	1073763328
 1026 0044 00000000 		.word	I2C1InitCounter
 1027              		.cfi_endproc
 1028              	.LFE130:
 1030              		.section	.bss.I2C1InitCounter,"aw",%nobits
 1031              		.align	2
 1034              	I2C1InitCounter:
 1035 0000 00000000 		.space	4
 1036              		.global	hi2c1
 1037              		.section	.bss.hi2c1,"aw",%nobits
 1038              		.align	2
 1041              	hi2c1:
 1042 0000 00000000 		.space	84
 1042      00000000 
 1042      00000000 
 1042      00000000 
 1042      00000000 
 1043              		.text
 1044              	.Letext0:
 1045              		.file 2 "/usr/lib/gcc/arm-none-eabi/14.2.1/include/stdint.h"
 1046              		.file 3 "Drivers/CMSIS/Device/ST/STM32F4xx/Include/stm32f407xx.h"
 1047              		.file 4 "Drivers/STM32F4xx_HAL_Driver/Inc/stm32f4xx_hal_def.h"
 1048              		.file 5 "Drivers/STM32F4xx_HAL_Driver/Inc/stm32f4xx_hal_gpio.h"
 1049              		.file 6 "Drivers/STM32F4xx_HAL_Driver/Inc/stm32f4xx_hal_dma.h"
 1050              		.file 7 "Drivers/STM32F4xx_HAL_Driver/Inc/stm32f4xx_hal_i2c.h"
 1051              		.file 8 "Core/Inc/custom_bus.h"
 1052              		.file 9 "Drivers/STM32F4xx_HAL_Driver/Inc/stm32f4xx_hal.h"
ARM GAS  /tmp/cchxAeZL.s 			page 31


DEFINED SYMBOLS
                            *ABS*:00000000 custom_bus.c
     /tmp/cchxAeZL.s:21     .text.I2C1_MspInit:00000000 $t
     /tmp/cchxAeZL.s:26     .text.I2C1_MspInit:00000000 I2C1_MspInit
     /tmp/cchxAeZL.s:141    .text.I2C1_MspInit:00000080 $d
     /tmp/cchxAeZL.s:147    .text.I2C1_MspDeInit:00000000 $t
     /tmp/cchxAeZL.s:152    .text.I2C1_MspDeInit:00000000 I2C1_MspDeInit
     /tmp/cchxAeZL.s:188    .text.I2C1_MspDeInit:00000024 $d
     /tmp/cchxAeZL.s:194    .text.BSP_I2C1_DeInit:00000000 $t
     /tmp/cchxAeZL.s:200    .text.BSP_I2C1_DeInit:00000000 BSP_I2C1_DeInit
     /tmp/cchxAeZL.s:271    .text.BSP_I2C1_DeInit:00000030 $d
     /tmp/cchxAeZL.s:1034   .bss.I2C1InitCounter:00000000 I2C1InitCounter
     /tmp/cchxAeZL.s:1041   .bss.hi2c1:00000000 hi2c1
     /tmp/cchxAeZL.s:277    .text.BSP_I2C1_IsReady:00000000 $t
     /tmp/cchxAeZL.s:283    .text.BSP_I2C1_IsReady:00000000 BSP_I2C1_IsReady
     /tmp/cchxAeZL.s:327    .text.BSP_I2C1_IsReady:0000001c $d
     /tmp/cchxAeZL.s:332    .text.BSP_I2C1_WriteReg:00000000 $t
     /tmp/cchxAeZL.s:338    .text.BSP_I2C1_WriteReg:00000000 BSP_I2C1_WriteReg
     /tmp/cchxAeZL.s:415    .text.BSP_I2C1_WriteReg:00000038 $d
     /tmp/cchxAeZL.s:420    .text.BSP_I2C1_ReadReg:00000000 $t
     /tmp/cchxAeZL.s:426    .text.BSP_I2C1_ReadReg:00000000 BSP_I2C1_ReadReg
     /tmp/cchxAeZL.s:503    .text.BSP_I2C1_ReadReg:00000038 $d
     /tmp/cchxAeZL.s:508    .text.BSP_I2C1_WriteReg16:00000000 $t
     /tmp/cchxAeZL.s:514    .text.BSP_I2C1_WriteReg16:00000000 BSP_I2C1_WriteReg16
     /tmp/cchxAeZL.s:591    .text.BSP_I2C1_WriteReg16:00000038 $d
     /tmp/cchxAeZL.s:596    .text.BSP_I2C1_ReadReg16:00000000 $t
     /tmp/cchxAeZL.s:602    .text.BSP_I2C1_ReadReg16:00000000 BSP_I2C1_ReadReg16
     /tmp/cchxAeZL.s:678    .text.BSP_I2C1_ReadReg16:00000038 $d
     /tmp/cchxAeZL.s:683    .text.BSP_I2C1_Send:00000000 $t
     /tmp/cchxAeZL.s:689    .text.BSP_I2C1_Send:00000000 BSP_I2C1_Send
     /tmp/cchxAeZL.s:760    .text.BSP_I2C1_Send:00000038 $d
     /tmp/cchxAeZL.s:765    .text.BSP_I2C1_Recv:00000000 $t
     /tmp/cchxAeZL.s:771    .text.BSP_I2C1_Recv:00000000 BSP_I2C1_Recv
     /tmp/cchxAeZL.s:842    .text.BSP_I2C1_Recv:00000038 $d
     /tmp/cchxAeZL.s:847    .text.BSP_GetTick:00000000 $t
     /tmp/cchxAeZL.s:853    .text.BSP_GetTick:00000000 BSP_GetTick
     /tmp/cchxAeZL.s:874    .text.MX_I2C1_Init:00000000 $t
     /tmp/cchxAeZL.s:880    .text.MX_I2C1_Init:00000000 MX_I2C1_Init
     /tmp/cchxAeZL.s:942    .text.MX_I2C1_Init:00000028 $d
     /tmp/cchxAeZL.s:948    .text.BSP_I2C1_Init:00000000 $t
     /tmp/cchxAeZL.s:954    .text.BSP_I2C1_Init:00000000 BSP_I2C1_Init
     /tmp/cchxAeZL.s:1024   .text.BSP_I2C1_Init:0000003c $d
     /tmp/cchxAeZL.s:1031   .bss.I2C1InitCounter:00000000 $d
     /tmp/cchxAeZL.s:1038   .bss.hi2c1:00000000 $d

UNDEFINED SYMBOLS
HAL_GPIO_Init
HAL_GPIO_DeInit
HAL_I2C_DeInit
HAL_I2C_IsDeviceReady
HAL_I2C_Mem_Write
HAL_I2C_GetError
HAL_I2C_Mem_Read
HAL_I2C_Master_Transmit
HAL_I2C_Master_Receive
HAL_GetTick
HAL_I2C_Init
ARM GAS  /tmp/cchxAeZL.s 			page 32


HAL_I2C_GetState
