ARM GAS  /tmp/ccM7kiN3.s 			page 1


   1              		.cpu cortex-m4
   2              		.arch armv7e-m
   3              		.fpu fpv4-sp-d16
   4              		.eabi_attribute 27, 1
   5              		.eabi_attribute 28, 1
   6              		.eabi_attribute 20, 1
   7              		.eabi_attribute 21, 1
   8              		.eabi_attribute 23, 3
   9              		.eabi_attribute 24, 1
  10              		.eabi_attribute 25, 1
  11              		.eabi_attribute 26, 1
  12              		.eabi_attribute 30, 1
  13              		.eabi_attribute 34, 1
  14              		.eabi_attribute 18, 4
  15              		.file	"err.c"
  16              		.text
  17              	.Ltext0:
  18              		.cfi_sections	.debug_frame
  19              		.file 1 "Middlewares/Third_Party/LwIP/src/api/err.c"
  20              		.section	.rodata.lwip_strerr.str1.4,"aMS",%progbits,1
  21              		.align	2
  22              	.LC0:
  23 0000 556E6B6E 		.ascii	"Unknown error.\000"
  23      6F776E20 
  23      6572726F 
  23      722E00
  24              		.section	.text.lwip_strerr,"ax",%progbits
  25              		.align	1
  26              		.global	lwip_strerr
  27              		.syntax unified
  28              		.thumb
  29              		.thumb_func
  31              	lwip_strerr:
  32              	.LVL0:
  33              	.LFB156:
   1:Middlewares/Third_Party/LwIP/src/api/err.c **** /**
   2:Middlewares/Third_Party/LwIP/src/api/err.c ****  * @file
   3:Middlewares/Third_Party/LwIP/src/api/err.c ****  * Error Management module
   4:Middlewares/Third_Party/LwIP/src/api/err.c ****  *
   5:Middlewares/Third_Party/LwIP/src/api/err.c ****  */
   6:Middlewares/Third_Party/LwIP/src/api/err.c **** 
   7:Middlewares/Third_Party/LwIP/src/api/err.c **** /*
   8:Middlewares/Third_Party/LwIP/src/api/err.c ****  * Copyright (c) 2001-2004 Swedish Institute of Computer Science.
   9:Middlewares/Third_Party/LwIP/src/api/err.c ****  * All rights reserved.
  10:Middlewares/Third_Party/LwIP/src/api/err.c ****  *
  11:Middlewares/Third_Party/LwIP/src/api/err.c ****  * Redistribution and use in source and binary forms, with or without modification,
  12:Middlewares/Third_Party/LwIP/src/api/err.c ****  * are permitted provided that the following conditions are met:
  13:Middlewares/Third_Party/LwIP/src/api/err.c ****  *
  14:Middlewares/Third_Party/LwIP/src/api/err.c ****  * 1. Redistributions of source code must retain the above copyright notice,
  15:Middlewares/Third_Party/LwIP/src/api/err.c ****  *    this list of conditions and the following disclaimer.
  16:Middlewares/Third_Party/LwIP/src/api/err.c ****  * 2. Redistributions in binary form must reproduce the above copyright notice,
  17:Middlewares/Third_Party/LwIP/src/api/err.c ****  *    this list of conditions and the following disclaimer in the documentation
  18:Middlewares/Third_Party/LwIP/src/api/err.c ****  *    and/or other materials provided with the distribution.
  19:Middlewares/Third_Party/LwIP/src/api/err.c ****  * 3. The name of the author may not be used to endorse or promote products
  20:Middlewares/Third_Party/LwIP/src/api/err.c ****  *    derived from this software without specific prior written permission.
  21:Middlewares/Third_Party/LwIP/src/api/err.c ****  *
  22:Middlewares/Third_Party/LwIP/src/api/err.c ****  * THIS SOFTWARE IS PROVIDED BY THE AUTHOR ``AS IS'' AND ANY EXPRESS OR IMPLIED
ARM GAS  /tmp/ccM7kiN3.s 			page 2


  23:Middlewares/Third_Party/LwIP/src/api/err.c ****  * WARRANTIES, INCLUDING, BUT NOT LIMITED TO, THE IMPLIED WARRANTIES OF
  24:Middlewares/Third_Party/LwIP/src/api/err.c ****  * MERCHANTABILITY AND FITNESS FOR A PARTICULAR PURPOSE ARE DISCLAIMED. IN NO EVENT
  25:Middlewares/Third_Party/LwIP/src/api/err.c ****  * SHALL THE AUTHOR BE LIABLE FOR ANY DIRECT, INDIRECT, INCIDENTAL, SPECIAL,
  26:Middlewares/Third_Party/LwIP/src/api/err.c ****  * EXEMPLARY, OR CONSEQUENTIAL DAMAGES (INCLUDING, BUT NOT LIMITED TO, PROCUREMENT
  27:Middlewares/Third_Party/LwIP/src/api/err.c ****  * OF SUBSTITUTE GOODS OR SERVICES; LOSS OF USE, DATA, OR PROFITS; OR BUSINESS
  28:Middlewares/Third_Party/LwIP/src/api/err.c ****  * INTERRUPTION) HOWEVER CAUSED AND ON ANY THEORY OF LIABILITY, WHETHER IN
  29:Middlewares/Third_Party/LwIP/src/api/err.c ****  * CONTRACT, STRICT LIABILITY, OR TORT (INCLUDING NEGLIGENCE OR OTHERWISE) ARISING
  30:Middlewares/Third_Party/LwIP/src/api/err.c ****  * IN ANY WAY OUT OF THE USE OF THIS SOFTWARE, EVEN IF ADVISED OF THE POSSIBILITY
  31:Middlewares/Third_Party/LwIP/src/api/err.c ****  * OF SUCH DAMAGE.
  32:Middlewares/Third_Party/LwIP/src/api/err.c ****  *
  33:Middlewares/Third_Party/LwIP/src/api/err.c ****  * This file is part of the lwIP TCP/IP stack.
  34:Middlewares/Third_Party/LwIP/src/api/err.c ****  *
  35:Middlewares/Third_Party/LwIP/src/api/err.c ****  * Author: Adam Dunkels <adam@sics.se>
  36:Middlewares/Third_Party/LwIP/src/api/err.c ****  *
  37:Middlewares/Third_Party/LwIP/src/api/err.c ****  */
  38:Middlewares/Third_Party/LwIP/src/api/err.c **** 
  39:Middlewares/Third_Party/LwIP/src/api/err.c **** #include "lwip/err.h"
  40:Middlewares/Third_Party/LwIP/src/api/err.c **** #include "lwip/def.h"
  41:Middlewares/Third_Party/LwIP/src/api/err.c **** #include "lwip/sys.h"
  42:Middlewares/Third_Party/LwIP/src/api/err.c **** 
  43:Middlewares/Third_Party/LwIP/src/api/err.c **** #include "lwip/errno.h"
  44:Middlewares/Third_Party/LwIP/src/api/err.c **** 
  45:Middlewares/Third_Party/LwIP/src/api/err.c **** #if !NO_SYS
  46:Middlewares/Third_Party/LwIP/src/api/err.c **** /** Table to quickly map an lwIP error (err_t) to a socket error
  47:Middlewares/Third_Party/LwIP/src/api/err.c ****   * by using -err as an index */
  48:Middlewares/Third_Party/LwIP/src/api/err.c **** static const int err_to_errno_table[] = {
  49:Middlewares/Third_Party/LwIP/src/api/err.c ****   0,             /* ERR_OK          0      No error, everything OK. */
  50:Middlewares/Third_Party/LwIP/src/api/err.c ****   ENOMEM,        /* ERR_MEM        -1      Out of memory error.     */
  51:Middlewares/Third_Party/LwIP/src/api/err.c ****   ENOBUFS,       /* ERR_BUF        -2      Buffer error.            */
  52:Middlewares/Third_Party/LwIP/src/api/err.c ****   EWOULDBLOCK,   /* ERR_TIMEOUT    -3      Timeout                  */
  53:Middlewares/Third_Party/LwIP/src/api/err.c ****   EHOSTUNREACH,  /* ERR_RTE        -4      Routing problem.         */
  54:Middlewares/Third_Party/LwIP/src/api/err.c ****   EINPROGRESS,   /* ERR_INPROGRESS -5      Operation in progress    */
  55:Middlewares/Third_Party/LwIP/src/api/err.c ****   EINVAL,        /* ERR_VAL        -6      Illegal value.           */
  56:Middlewares/Third_Party/LwIP/src/api/err.c ****   EWOULDBLOCK,   /* ERR_WOULDBLOCK -7      Operation would block.   */
  57:Middlewares/Third_Party/LwIP/src/api/err.c ****   EADDRINUSE,    /* ERR_USE        -8      Address in use.          */
  58:Middlewares/Third_Party/LwIP/src/api/err.c ****   EALREADY,      /* ERR_ALREADY    -9      Already connecting.      */
  59:Middlewares/Third_Party/LwIP/src/api/err.c ****   EISCONN,       /* ERR_ISCONN     -10     Conn already established.*/
  60:Middlewares/Third_Party/LwIP/src/api/err.c ****   ENOTCONN,      /* ERR_CONN       -11     Not connected.           */
  61:Middlewares/Third_Party/LwIP/src/api/err.c ****   -1,            /* ERR_IF         -12     Low-level netif error    */
  62:Middlewares/Third_Party/LwIP/src/api/err.c ****   ECONNABORTED,  /* ERR_ABRT       -13     Connection aborted.      */
  63:Middlewares/Third_Party/LwIP/src/api/err.c ****   ECONNRESET,    /* ERR_RST        -14     Connection reset.        */
  64:Middlewares/Third_Party/LwIP/src/api/err.c ****   ENOTCONN,      /* ERR_CLSD       -15     Connection closed.       */
  65:Middlewares/Third_Party/LwIP/src/api/err.c ****   EIO            /* ERR_ARG        -16     Illegal argument.        */
  66:Middlewares/Third_Party/LwIP/src/api/err.c **** };
  67:Middlewares/Third_Party/LwIP/src/api/err.c **** 
  68:Middlewares/Third_Party/LwIP/src/api/err.c **** int
  69:Middlewares/Third_Party/LwIP/src/api/err.c **** err_to_errno(err_t err)
  70:Middlewares/Third_Party/LwIP/src/api/err.c **** {
  71:Middlewares/Third_Party/LwIP/src/api/err.c ****   if ((err > 0) || (-err >= (err_t)LWIP_ARRAYSIZE(err_to_errno_table))) {
  72:Middlewares/Third_Party/LwIP/src/api/err.c ****     return EIO;
  73:Middlewares/Third_Party/LwIP/src/api/err.c ****   }
  74:Middlewares/Third_Party/LwIP/src/api/err.c ****   return err_to_errno_table[-err];
  75:Middlewares/Third_Party/LwIP/src/api/err.c **** }
  76:Middlewares/Third_Party/LwIP/src/api/err.c **** #endif /* !NO_SYS */
  77:Middlewares/Third_Party/LwIP/src/api/err.c **** 
  78:Middlewares/Third_Party/LwIP/src/api/err.c **** #ifdef LWIP_DEBUG
  79:Middlewares/Third_Party/LwIP/src/api/err.c **** 
ARM GAS  /tmp/ccM7kiN3.s 			page 3


  80:Middlewares/Third_Party/LwIP/src/api/err.c **** static const char *err_strerr[] = {
  81:Middlewares/Third_Party/LwIP/src/api/err.c ****   "Ok.",                    /* ERR_OK          0  */
  82:Middlewares/Third_Party/LwIP/src/api/err.c ****   "Out of memory error.",   /* ERR_MEM        -1  */
  83:Middlewares/Third_Party/LwIP/src/api/err.c ****   "Buffer error.",          /* ERR_BUF        -2  */
  84:Middlewares/Third_Party/LwIP/src/api/err.c ****   "Timeout.",               /* ERR_TIMEOUT    -3  */
  85:Middlewares/Third_Party/LwIP/src/api/err.c ****   "Routing problem.",       /* ERR_RTE        -4  */
  86:Middlewares/Third_Party/LwIP/src/api/err.c ****   "Operation in progress.", /* ERR_INPROGRESS -5  */
  87:Middlewares/Third_Party/LwIP/src/api/err.c ****   "Illegal value.",         /* ERR_VAL        -6  */
  88:Middlewares/Third_Party/LwIP/src/api/err.c ****   "Operation would block.", /* ERR_WOULDBLOCK -7  */
  89:Middlewares/Third_Party/LwIP/src/api/err.c ****   "Address in use.",        /* ERR_USE        -8  */
  90:Middlewares/Third_Party/LwIP/src/api/err.c ****   "Already connecting.",    /* ERR_ALREADY    -9  */
  91:Middlewares/Third_Party/LwIP/src/api/err.c ****   "Already connected.",     /* ERR_ISCONN     -10 */
  92:Middlewares/Third_Party/LwIP/src/api/err.c ****   "Not connected.",         /* ERR_CONN       -11 */
  93:Middlewares/Third_Party/LwIP/src/api/err.c ****   "Low-level netif error.", /* ERR_IF         -12 */
  94:Middlewares/Third_Party/LwIP/src/api/err.c ****   "Connection aborted.",    /* ERR_ABRT       -13 */
  95:Middlewares/Third_Party/LwIP/src/api/err.c ****   "Connection reset.",      /* ERR_RST        -14 */
  96:Middlewares/Third_Party/LwIP/src/api/err.c ****   "Connection closed.",     /* ERR_CLSD       -15 */
  97:Middlewares/Third_Party/LwIP/src/api/err.c ****   "Illegal argument."       /* ERR_ARG        -16 */
  98:Middlewares/Third_Party/LwIP/src/api/err.c **** };
  99:Middlewares/Third_Party/LwIP/src/api/err.c **** 
 100:Middlewares/Third_Party/LwIP/src/api/err.c **** /**
 101:Middlewares/Third_Party/LwIP/src/api/err.c ****  * Convert an lwip internal error to a string representation.
 102:Middlewares/Third_Party/LwIP/src/api/err.c ****  *
 103:Middlewares/Third_Party/LwIP/src/api/err.c ****  * @param err an lwip internal err_t
 104:Middlewares/Third_Party/LwIP/src/api/err.c ****  * @return a string representation for err
 105:Middlewares/Third_Party/LwIP/src/api/err.c ****  */
 106:Middlewares/Third_Party/LwIP/src/api/err.c **** const char *
 107:Middlewares/Third_Party/LwIP/src/api/err.c **** lwip_strerr(err_t err)
 108:Middlewares/Third_Party/LwIP/src/api/err.c **** {
  34              		.loc 1 108 1 view -0
  35              		.cfi_startproc
  36              		@ args = 0, pretend = 0, frame = 0
  37              		@ frame_needed = 0, uses_anonymous_args = 0
  38              		@ link register save eliminated.
 109:Middlewares/Third_Party/LwIP/src/api/err.c ****   if ((err > 0) || (-err >= (err_t)LWIP_ARRAYSIZE(err_strerr))) {
  39              		.loc 1 109 3 view .LVU1
  40              		.loc 1 109 17 is_stmt 0 view .LVU2
  41 0000 00F11003 		add	r3, r0, #16
  42 0004 DBB2     		uxtb	r3, r3
  43              		.loc 1 109 6 view .LVU3
  44 0006 102B     		cmp	r3, #16
  45 0008 04D8     		bhi	.L3
 110:Middlewares/Third_Party/LwIP/src/api/err.c ****     return "Unknown error.";
 111:Middlewares/Third_Party/LwIP/src/api/err.c ****   }
 112:Middlewares/Third_Party/LwIP/src/api/err.c ****   return err_strerr[-err];
  46              		.loc 1 112 3 is_stmt 1 view .LVU4
  47              		.loc 1 112 21 is_stmt 0 view .LVU5
  48 000a 4042     		rsbs	r0, r0, #0
  49              	.LVL1:
  50              		.loc 1 112 20 view .LVU6
  51 000c 024B     		ldr	r3, .L4
  52 000e 53F82000 		ldr	r0, [r3, r0, lsl #2]
  53              	.LVL2:
  54              		.loc 1 112 20 view .LVU7
  55 0012 7047     		bx	lr
  56              	.LVL3:
  57              	.L3:
ARM GAS  /tmp/ccM7kiN3.s 			page 4


 110:Middlewares/Third_Party/LwIP/src/api/err.c ****     return "Unknown error.";
  58              		.loc 1 110 12 view .LVU8
  59 0014 0148     		ldr	r0, .L4+4
  60              	.LVL4:
 113:Middlewares/Third_Party/LwIP/src/api/err.c **** }
  61              		.loc 1 113 1 view .LVU9
  62 0016 7047     		bx	lr
  63              	.L5:
  64              		.align	2
  65              	.L4:
  66 0018 00000000 		.word	err_strerr
  67 001c 00000000 		.word	.LC0
  68              		.cfi_endproc
  69              	.LFE156:
  71              		.section	.rodata.str1.4,"aMS",%progbits,1
  72              		.align	2
  73              	.LC1:
  74 0000 4F6B2E00 		.ascii	"Ok.\000"
  75              		.align	2
  76              	.LC2:
  77 0004 4F757420 		.ascii	"Out of memory error.\000"
  77      6F66206D 
  77      656D6F72 
  77      79206572 
  77      726F722E 
  78 0019 000000   		.align	2
  79              	.LC3:
  80 001c 42756666 		.ascii	"Buffer error.\000"
  80      65722065 
  80      72726F72 
  80      2E00
  81 002a 0000     		.align	2
  82              	.LC4:
  83 002c 54696D65 		.ascii	"Timeout.\000"
  83      6F75742E 
  83      00
  84 0035 000000   		.align	2
  85              	.LC5:
  86 0038 526F7574 		.ascii	"Routing problem.\000"
  86      696E6720 
  86      70726F62 
  86      6C656D2E 
  86      00
  87 0049 000000   		.align	2
  88              	.LC6:
  89 004c 4F706572 		.ascii	"Operation in progress.\000"
  89      6174696F 
  89      6E20696E 
  89      2070726F 
  89      67726573 
  90 0063 00       		.align	2
  91              	.LC7:
  92 0064 496C6C65 		.ascii	"Illegal value.\000"
  92      67616C20 
  92      76616C75 
  92      652E00
  93 0073 00       		.align	2
ARM GAS  /tmp/ccM7kiN3.s 			page 5


  94              	.LC8:
  95 0074 4F706572 		.ascii	"Operation would block.\000"
  95      6174696F 
  95      6E20776F 
  95      756C6420 
  95      626C6F63 
  96 008b 00       		.align	2
  97              	.LC9:
  98 008c 41646472 		.ascii	"Address in use.\000"
  98      65737320 
  98      696E2075 
  98      73652E00 
  99              		.align	2
 100              	.LC10:
 101 009c 416C7265 		.ascii	"Already connecting.\000"
 101      61647920 
 101      636F6E6E 
 101      65637469 
 101      6E672E00 
 102              		.align	2
 103              	.LC11:
 104 00b0 416C7265 		.ascii	"Already connected.\000"
 104      61647920 
 104      636F6E6E 
 104      65637465 
 104      642E00
 105 00c3 00       		.align	2
 106              	.LC12:
 107 00c4 4E6F7420 		.ascii	"Not connected.\000"
 107      636F6E6E 
 107      65637465 
 107      642E00
 108 00d3 00       		.align	2
 109              	.LC13:
 110 00d4 4C6F772D 		.ascii	"Low-level netif error.\000"
 110      6C657665 
 110      6C206E65 
 110      74696620 
 110      6572726F 
 111 00eb 00       		.align	2
 112              	.LC14:
 113 00ec 436F6E6E 		.ascii	"Connection aborted.\000"
 113      65637469 
 113      6F6E2061 
 113      626F7274 
 113      65642E00 
 114              		.align	2
 115              	.LC15:
 116 0100 436F6E6E 		.ascii	"Connection reset.\000"
 116      65637469 
 116      6F6E2072 
 116      65736574 
 116      2E00
 117 0112 0000     		.align	2
 118              	.LC16:
 119 0114 436F6E6E 		.ascii	"Connection closed.\000"
 119      65637469 
ARM GAS  /tmp/ccM7kiN3.s 			page 6


 119      6F6E2063 
 119      6C6F7365 
 119      642E00
 120 0127 00       		.align	2
 121              	.LC17:
 122 0128 496C6C65 		.ascii	"Illegal argument.\000"
 122      67616C20 
 122      61726775 
 122      6D656E74 
 122      2E00
 123              		.section	.rodata.err_strerr,"a"
 124              		.align	2
 127              	err_strerr:
 128 0000 00000000 		.word	.LC1
 129 0004 04000000 		.word	.LC2
 130 0008 1C000000 		.word	.LC3
 131 000c 2C000000 		.word	.LC4
 132 0010 38000000 		.word	.LC5
 133 0014 4C000000 		.word	.LC6
 134 0018 64000000 		.word	.LC7
 135 001c 74000000 		.word	.LC8
 136 0020 8C000000 		.word	.LC9
 137 0024 9C000000 		.word	.LC10
 138 0028 B0000000 		.word	.LC11
 139 002c C4000000 		.word	.LC12
 140 0030 D4000000 		.word	.LC13
 141 0034 EC000000 		.word	.LC14
 142 0038 00010000 		.word	.LC15
 143 003c 14010000 		.word	.LC16
 144 0040 28010000 		.word	.LC17
 145              		.text
 146              	.Letext0:
 147              		.file 2 "/usr/lib/gcc/arm-none-eabi/14.2.1/include/stdint.h"
 148              		.file 3 "Middlewares/Third_Party/LwIP/src/include/lwip/arch.h"
 149              		.file 4 "Middlewares/Third_Party/LwIP/src/include/lwip/err.h"
ARM GAS  /tmp/ccM7kiN3.s 			page 7


DEFINED SYMBOLS
                            *ABS*:00000000 err.c
     /tmp/ccM7kiN3.s:21     .rodata.lwip_strerr.str1.4:00000000 $d
     /tmp/ccM7kiN3.s:25     .text.lwip_strerr:00000000 $t
     /tmp/ccM7kiN3.s:31     .text.lwip_strerr:00000000 lwip_strerr
     /tmp/ccM7kiN3.s:66     .text.lwip_strerr:00000018 $d
     /tmp/ccM7kiN3.s:127    .rodata.err_strerr:00000000 err_strerr
     /tmp/ccM7kiN3.s:72     .rodata.str1.4:00000000 $d
     /tmp/ccM7kiN3.s:124    .rodata.err_strerr:00000000 $d

NO UNDEFINED SYMBOLS
