ARM GAS  /tmp/ccL8quy1.s 			page 1


   1              		.cpu cortex-m4
   2              		.arch armv7e-m
   3              		.fpu fpv4-sp-d16
   4              		.eabi_attribute 27, 1
   5              		.eabi_attribute 28, 1
   6              		.eabi_attribute 20, 1
   7              		.eabi_attribute 21, 1
   8              		.eabi_attribute 23, 3
   9              		.eabi_attribute 24, 1
  10              		.eabi_attribute 25, 1
  11              		.eabi_attribute 26, 1
  12              		.eabi_attribute 30, 1
  13              		.eabi_attribute 34, 1
  14              		.eabi_attribute 18, 4
  15              		.file	"ethernet.c"
  16              		.text
  17              	.Ltext0:
  18              		.cfi_sections	.debug_frame
  19              		.file 1 "Middlewares/Third_Party/LwIP/src/netif/ethernet.c"
  20              		.section	.text.ethernet_input,"ax",%progbits
  21              		.align	1
  22              		.global	ethernet_input
  23              		.syntax unified
  24              		.thumb
  25              		.thumb_func
  27              	ethernet_input:
  28              	.LVL0:
  29              	.LFB156:
   1:Middlewares/Third_Party/LwIP/src/netif/ethernet.c **** /**
   2:Middlewares/Third_Party/LwIP/src/netif/ethernet.c ****  * @file
   3:Middlewares/Third_Party/LwIP/src/netif/ethernet.c ****  * Ethernet common functions
   4:Middlewares/Third_Party/LwIP/src/netif/ethernet.c ****  *
   5:Middlewares/Third_Party/LwIP/src/netif/ethernet.c ****  * @defgroup ethernet Ethernet
   6:Middlewares/Third_Party/LwIP/src/netif/ethernet.c ****  * @ingroup callbackstyle_api
   7:Middlewares/Third_Party/LwIP/src/netif/ethernet.c ****  */
   8:Middlewares/Third_Party/LwIP/src/netif/ethernet.c **** 
   9:Middlewares/Third_Party/LwIP/src/netif/ethernet.c **** /*
  10:Middlewares/Third_Party/LwIP/src/netif/ethernet.c ****  * Copyright (c) 2001-2003 Swedish Institute of Computer Science.
  11:Middlewares/Third_Party/LwIP/src/netif/ethernet.c ****  * Copyright (c) 2003-2004 Leon Woestenberg <leon.woestenberg@axon.tv>
  12:Middlewares/Third_Party/LwIP/src/netif/ethernet.c ****  * Copyright (c) 2003-2004 Axon Digital Design B.V., The Netherlands.
  13:Middlewares/Third_Party/LwIP/src/netif/ethernet.c ****  * All rights reserved.
  14:Middlewares/Third_Party/LwIP/src/netif/ethernet.c ****  *
  15:Middlewares/Third_Party/LwIP/src/netif/ethernet.c ****  * Redistribution and use in source and binary forms, with or without modification,
  16:Middlewares/Third_Party/LwIP/src/netif/ethernet.c ****  * are permitted provided that the following conditions are met:
  17:Middlewares/Third_Party/LwIP/src/netif/ethernet.c ****  *
  18:Middlewares/Third_Party/LwIP/src/netif/ethernet.c ****  * 1. Redistributions of source code must retain the above copyright notice,
  19:Middlewares/Third_Party/LwIP/src/netif/ethernet.c ****  *    this list of conditions and the following disclaimer.
  20:Middlewares/Third_Party/LwIP/src/netif/ethernet.c ****  * 2. Redistributions in binary form must reproduce the above copyright notice,
  21:Middlewares/Third_Party/LwIP/src/netif/ethernet.c ****  *    this list of conditions and the following disclaimer in the documentation
  22:Middlewares/Third_Party/LwIP/src/netif/ethernet.c ****  *    and/or other materials provided with the distribution.
  23:Middlewares/Third_Party/LwIP/src/netif/ethernet.c ****  * 3. The name of the author may not be used to endorse or promote products
  24:Middlewares/Third_Party/LwIP/src/netif/ethernet.c ****  *    derived from this software without specific prior written permission.
  25:Middlewares/Third_Party/LwIP/src/netif/ethernet.c ****  *
  26:Middlewares/Third_Party/LwIP/src/netif/ethernet.c ****  * THIS SOFTWARE IS PROVIDED BY THE AUTHOR ``AS IS'' AND ANY EXPRESS OR IMPLIED
  27:Middlewares/Third_Party/LwIP/src/netif/ethernet.c ****  * WARRANTIES, INCLUDING, BUT NOT LIMITED TO, THE IMPLIED WARRANTIES OF
  28:Middlewares/Third_Party/LwIP/src/netif/ethernet.c ****  * MERCHANTABILITY AND FITNESS FOR A PARTICULAR PURPOSE ARE DISCLAIMED. IN NO EVENT
  29:Middlewares/Third_Party/LwIP/src/netif/ethernet.c ****  * SHALL THE AUTHOR BE LIABLE FOR ANY DIRECT, INDIRECT, INCIDENTAL, SPECIAL,
ARM GAS  /tmp/ccL8quy1.s 			page 2


  30:Middlewares/Third_Party/LwIP/src/netif/ethernet.c ****  * EXEMPLARY, OR CONSEQUENTIAL DAMAGES (INCLUDING, BUT NOT LIMITED TO, PROCUREMENT
  31:Middlewares/Third_Party/LwIP/src/netif/ethernet.c ****  * OF SUBSTITUTE GOODS OR SERVICES; LOSS OF USE, DATA, OR PROFITS; OR BUSINESS
  32:Middlewares/Third_Party/LwIP/src/netif/ethernet.c ****  * INTERRUPTION) HOWEVER CAUSED AND ON ANY THEORY OF LIABILITY, WHETHER IN
  33:Middlewares/Third_Party/LwIP/src/netif/ethernet.c ****  * CONTRACT, STRICT LIABILITY, OR TORT (INCLUDING NEGLIGENCE OR OTHERWISE) ARISING
  34:Middlewares/Third_Party/LwIP/src/netif/ethernet.c ****  * IN ANY WAY OUT OF THE USE OF THIS SOFTWARE, EVEN IF ADVISED OF THE POSSIBILITY
  35:Middlewares/Third_Party/LwIP/src/netif/ethernet.c ****  * OF SUCH DAMAGE.
  36:Middlewares/Third_Party/LwIP/src/netif/ethernet.c ****  *
  37:Middlewares/Third_Party/LwIP/src/netif/ethernet.c ****  * This file is part of the lwIP TCP/IP stack.
  38:Middlewares/Third_Party/LwIP/src/netif/ethernet.c ****  *
  39:Middlewares/Third_Party/LwIP/src/netif/ethernet.c ****  */
  40:Middlewares/Third_Party/LwIP/src/netif/ethernet.c **** 
  41:Middlewares/Third_Party/LwIP/src/netif/ethernet.c **** #include "lwip/opt.h"
  42:Middlewares/Third_Party/LwIP/src/netif/ethernet.c **** 
  43:Middlewares/Third_Party/LwIP/src/netif/ethernet.c **** #if LWIP_ARP || LWIP_ETHERNET
  44:Middlewares/Third_Party/LwIP/src/netif/ethernet.c **** 
  45:Middlewares/Third_Party/LwIP/src/netif/ethernet.c **** #include "netif/ethernet.h"
  46:Middlewares/Third_Party/LwIP/src/netif/ethernet.c **** #include "lwip/def.h"
  47:Middlewares/Third_Party/LwIP/src/netif/ethernet.c **** #include "lwip/stats.h"
  48:Middlewares/Third_Party/LwIP/src/netif/ethernet.c **** #include "lwip/etharp.h"
  49:Middlewares/Third_Party/LwIP/src/netif/ethernet.c **** #include "lwip/ip.h"
  50:Middlewares/Third_Party/LwIP/src/netif/ethernet.c **** #include "lwip/snmp.h"
  51:Middlewares/Third_Party/LwIP/src/netif/ethernet.c **** 
  52:Middlewares/Third_Party/LwIP/src/netif/ethernet.c **** #include <string.h>
  53:Middlewares/Third_Party/LwIP/src/netif/ethernet.c **** 
  54:Middlewares/Third_Party/LwIP/src/netif/ethernet.c **** #include "netif/ppp/ppp_opts.h"
  55:Middlewares/Third_Party/LwIP/src/netif/ethernet.c **** #if PPPOE_SUPPORT
  56:Middlewares/Third_Party/LwIP/src/netif/ethernet.c **** #include "netif/ppp/pppoe.h"
  57:Middlewares/Third_Party/LwIP/src/netif/ethernet.c **** #endif /* PPPOE_SUPPORT */
  58:Middlewares/Third_Party/LwIP/src/netif/ethernet.c **** 
  59:Middlewares/Third_Party/LwIP/src/netif/ethernet.c **** #ifdef LWIP_HOOK_FILENAME
  60:Middlewares/Third_Party/LwIP/src/netif/ethernet.c **** #include LWIP_HOOK_FILENAME
  61:Middlewares/Third_Party/LwIP/src/netif/ethernet.c **** #endif
  62:Middlewares/Third_Party/LwIP/src/netif/ethernet.c **** 
  63:Middlewares/Third_Party/LwIP/src/netif/ethernet.c **** const struct eth_addr ethbroadcast = {{0xff, 0xff, 0xff, 0xff, 0xff, 0xff}};
  64:Middlewares/Third_Party/LwIP/src/netif/ethernet.c **** const struct eth_addr ethzero = {{0, 0, 0, 0, 0, 0}};
  65:Middlewares/Third_Party/LwIP/src/netif/ethernet.c **** 
  66:Middlewares/Third_Party/LwIP/src/netif/ethernet.c **** /**
  67:Middlewares/Third_Party/LwIP/src/netif/ethernet.c ****  * @ingroup lwip_nosys
  68:Middlewares/Third_Party/LwIP/src/netif/ethernet.c ****  * Process received ethernet frames. Using this function instead of directly
  69:Middlewares/Third_Party/LwIP/src/netif/ethernet.c ****  * calling ip_input and passing ARP frames through etharp in ethernetif_input,
  70:Middlewares/Third_Party/LwIP/src/netif/ethernet.c ****  * the ARP cache is protected from concurrent access.\n
  71:Middlewares/Third_Party/LwIP/src/netif/ethernet.c ****  * Don't call directly, pass to netif_add() and call netif->input().
  72:Middlewares/Third_Party/LwIP/src/netif/ethernet.c ****  *
  73:Middlewares/Third_Party/LwIP/src/netif/ethernet.c ****  * @param p the received packet, p->payload pointing to the ethernet header
  74:Middlewares/Third_Party/LwIP/src/netif/ethernet.c ****  * @param netif the network interface on which the packet was received
  75:Middlewares/Third_Party/LwIP/src/netif/ethernet.c ****  *
  76:Middlewares/Third_Party/LwIP/src/netif/ethernet.c ****  * @see LWIP_HOOK_UNKNOWN_ETH_PROTOCOL
  77:Middlewares/Third_Party/LwIP/src/netif/ethernet.c ****  * @see ETHARP_SUPPORT_VLAN
  78:Middlewares/Third_Party/LwIP/src/netif/ethernet.c ****  * @see LWIP_HOOK_VLAN_CHECK
  79:Middlewares/Third_Party/LwIP/src/netif/ethernet.c ****  */
  80:Middlewares/Third_Party/LwIP/src/netif/ethernet.c **** err_t
  81:Middlewares/Third_Party/LwIP/src/netif/ethernet.c **** ethernet_input(struct pbuf *p, struct netif *netif)
  82:Middlewares/Third_Party/LwIP/src/netif/ethernet.c **** {
  30              		.loc 1 82 1 view -0
  31              		.cfi_startproc
  32              		@ args = 0, pretend = 0, frame = 0
  33              		@ frame_needed = 0, uses_anonymous_args = 0
ARM GAS  /tmp/ccL8quy1.s 			page 3


  34              		.loc 1 82 1 is_stmt 0 view .LVU1
  35 0000 70B5     		push	{r4, r5, r6, lr}
  36              	.LCFI0:
  37              		.cfi_def_cfa_offset 16
  38              		.cfi_offset 4, -16
  39              		.cfi_offset 5, -12
  40              		.cfi_offset 6, -8
  41              		.cfi_offset 14, -4
  42 0002 0446     		mov	r4, r0
  83:Middlewares/Third_Party/LwIP/src/netif/ethernet.c ****   struct eth_hdr *ethhdr;
  43              		.loc 1 83 3 is_stmt 1 view .LVU2
  84:Middlewares/Third_Party/LwIP/src/netif/ethernet.c ****   u16_t type;
  44              		.loc 1 84 3 view .LVU3
  85:Middlewares/Third_Party/LwIP/src/netif/ethernet.c **** #if LWIP_ARP || ETHARP_SUPPORT_VLAN || LWIP_IPV6
  86:Middlewares/Third_Party/LwIP/src/netif/ethernet.c ****   u16_t next_hdr_offset = SIZEOF_ETH_HDR;
  45              		.loc 1 86 3 view .LVU4
  46              	.LVL1:
  87:Middlewares/Third_Party/LwIP/src/netif/ethernet.c **** #endif /* LWIP_ARP || ETHARP_SUPPORT_VLAN */
  88:Middlewares/Third_Party/LwIP/src/netif/ethernet.c **** 
  89:Middlewares/Third_Party/LwIP/src/netif/ethernet.c ****   LWIP_ASSERT_CORE_LOCKED();
  47              		.loc 1 89 28 view .LVU5
  90:Middlewares/Third_Party/LwIP/src/netif/ethernet.c **** 
  91:Middlewares/Third_Party/LwIP/src/netif/ethernet.c ****   if (p->len <= SIZEOF_ETH_HDR) {
  48              		.loc 1 91 3 view .LVU6
  49              		.loc 1 91 8 is_stmt 0 view .LVU7
  50 0004 4389     		ldrh	r3, [r0, #10]
  51              		.loc 1 91 6 view .LVU8
  52 0006 0E2B     		cmp	r3, #14
  53 0008 1CD9     		bls	.L2
  54 000a 0D46     		mov	r5, r1
  92:Middlewares/Third_Party/LwIP/src/netif/ethernet.c ****     /* a packet with only an ethernet header (or less) is not valid for us */
  93:Middlewares/Third_Party/LwIP/src/netif/ethernet.c ****     ETHARP_STATS_INC(etharp.proterr);
  94:Middlewares/Third_Party/LwIP/src/netif/ethernet.c ****     ETHARP_STATS_INC(etharp.drop);
  95:Middlewares/Third_Party/LwIP/src/netif/ethernet.c ****     MIB2_STATS_NETIF_INC(netif, ifinerrors);
  96:Middlewares/Third_Party/LwIP/src/netif/ethernet.c ****     goto free_and_return;
  97:Middlewares/Third_Party/LwIP/src/netif/ethernet.c ****   }
  98:Middlewares/Third_Party/LwIP/src/netif/ethernet.c **** 
  99:Middlewares/Third_Party/LwIP/src/netif/ethernet.c ****   if (p->if_idx == NETIF_NO_INDEX) {
  55              		.loc 1 99 3 is_stmt 1 view .LVU9
  56              		.loc 1 99 8 is_stmt 0 view .LVU10
  57 000c C37B     		ldrb	r3, [r0, #15]	@ zero_extendqisi2
  58              		.loc 1 99 6 view .LVU11
  59 000e 1BB9     		cbnz	r3, .L3
 100:Middlewares/Third_Party/LwIP/src/netif/ethernet.c ****     p->if_idx = netif_get_index(netif);
  60              		.loc 1 100 5 is_stmt 1 view .LVU12
  61              		.loc 1 100 17 is_stmt 0 view .LVU13
  62 0010 91F83830 		ldrb	r3, [r1, #56]	@ zero_extendqisi2
  63 0014 0133     		adds	r3, r3, #1
  64              		.loc 1 100 15 view .LVU14
  65 0016 C373     		strb	r3, [r0, #15]
  66              	.L3:
 101:Middlewares/Third_Party/LwIP/src/netif/ethernet.c ****   }
 102:Middlewares/Third_Party/LwIP/src/netif/ethernet.c **** 
 103:Middlewares/Third_Party/LwIP/src/netif/ethernet.c ****   /* points to packet payload, which starts with an Ethernet header */
 104:Middlewares/Third_Party/LwIP/src/netif/ethernet.c ****   ethhdr = (struct eth_hdr *)p->payload;
  67              		.loc 1 104 3 is_stmt 1 view .LVU15
  68              		.loc 1 104 10 is_stmt 0 view .LVU16
ARM GAS  /tmp/ccL8quy1.s 			page 4


  69 0018 6068     		ldr	r0, [r4, #4]
  70              	.LVL2:
 105:Middlewares/Third_Party/LwIP/src/netif/ethernet.c ****   LWIP_DEBUGF(ETHARP_DEBUG | LWIP_DBG_TRACE,
  71              		.loc 1 105 3 is_stmt 1 view .LVU17
  72              		.loc 1 105 3 view .LVU18
  73              		.loc 1 105 3 discriminator 4 view .LVU19
 106:Middlewares/Third_Party/LwIP/src/netif/ethernet.c ****               ("ethernet_input: dest:%"X8_F":%"X8_F":%"X8_F":%"X8_F":%"X8_F":%"X8_F", src:%"X8_F":%
 107:Middlewares/Third_Party/LwIP/src/netif/ethernet.c ****                (unsigned char)ethhdr->dest.addr[0], (unsigned char)ethhdr->dest.addr[1], (unsigned 
 108:Middlewares/Third_Party/LwIP/src/netif/ethernet.c ****                (unsigned char)ethhdr->dest.addr[3], (unsigned char)ethhdr->dest.addr[4], (unsigned 
 109:Middlewares/Third_Party/LwIP/src/netif/ethernet.c ****                (unsigned char)ethhdr->src.addr[0],  (unsigned char)ethhdr->src.addr[1],  (unsigned 
 110:Middlewares/Third_Party/LwIP/src/netif/ethernet.c ****                (unsigned char)ethhdr->src.addr[3],  (unsigned char)ethhdr->src.addr[4],  (unsigned 
 111:Middlewares/Third_Party/LwIP/src/netif/ethernet.c ****                lwip_htons(ethhdr->type)));
 112:Middlewares/Third_Party/LwIP/src/netif/ethernet.c **** 
 113:Middlewares/Third_Party/LwIP/src/netif/ethernet.c ****   type = ethhdr->type;
  74              		.loc 1 113 3 view .LVU20
  75              		.loc 1 113 8 is_stmt 0 view .LVU21
  76 001a 8689     		ldrh	r6, [r0, #12]	@ unaligned
  77              	.LVL3:
 114:Middlewares/Third_Party/LwIP/src/netif/ethernet.c **** #if ETHARP_SUPPORT_VLAN
 115:Middlewares/Third_Party/LwIP/src/netif/ethernet.c ****   if (type == PP_HTONS(ETHTYPE_VLAN)) {
 116:Middlewares/Third_Party/LwIP/src/netif/ethernet.c ****     struct eth_vlan_hdr *vlan = (struct eth_vlan_hdr *)(((char *)ethhdr) + SIZEOF_ETH_HDR);
 117:Middlewares/Third_Party/LwIP/src/netif/ethernet.c ****     next_hdr_offset = SIZEOF_ETH_HDR + SIZEOF_VLAN_HDR;
 118:Middlewares/Third_Party/LwIP/src/netif/ethernet.c ****     if (p->len <= SIZEOF_ETH_HDR + SIZEOF_VLAN_HDR) {
 119:Middlewares/Third_Party/LwIP/src/netif/ethernet.c ****       /* a packet with only an ethernet/vlan header (or less) is not valid for us */
 120:Middlewares/Third_Party/LwIP/src/netif/ethernet.c ****       ETHARP_STATS_INC(etharp.proterr);
 121:Middlewares/Third_Party/LwIP/src/netif/ethernet.c ****       ETHARP_STATS_INC(etharp.drop);
 122:Middlewares/Third_Party/LwIP/src/netif/ethernet.c ****       MIB2_STATS_NETIF_INC(netif, ifinerrors);
 123:Middlewares/Third_Party/LwIP/src/netif/ethernet.c ****       goto free_and_return;
 124:Middlewares/Third_Party/LwIP/src/netif/ethernet.c ****     }
 125:Middlewares/Third_Party/LwIP/src/netif/ethernet.c **** #if defined(LWIP_HOOK_VLAN_CHECK) || defined(ETHARP_VLAN_CHECK) || defined(ETHARP_VLAN_CHECK_FN) /*
 126:Middlewares/Third_Party/LwIP/src/netif/ethernet.c **** #ifdef LWIP_HOOK_VLAN_CHECK
 127:Middlewares/Third_Party/LwIP/src/netif/ethernet.c ****     if (!LWIP_HOOK_VLAN_CHECK(netif, ethhdr, vlan)) {
 128:Middlewares/Third_Party/LwIP/src/netif/ethernet.c **** #elif defined(ETHARP_VLAN_CHECK_FN)
 129:Middlewares/Third_Party/LwIP/src/netif/ethernet.c ****     if (!ETHARP_VLAN_CHECK_FN(ethhdr, vlan)) {
 130:Middlewares/Third_Party/LwIP/src/netif/ethernet.c **** #elif defined(ETHARP_VLAN_CHECK)
 131:Middlewares/Third_Party/LwIP/src/netif/ethernet.c ****     if (VLAN_ID(vlan) != ETHARP_VLAN_CHECK) {
 132:Middlewares/Third_Party/LwIP/src/netif/ethernet.c **** #endif
 133:Middlewares/Third_Party/LwIP/src/netif/ethernet.c ****       /* silently ignore this packet: not for our VLAN */
 134:Middlewares/Third_Party/LwIP/src/netif/ethernet.c ****       pbuf_free(p);
 135:Middlewares/Third_Party/LwIP/src/netif/ethernet.c ****       return ERR_OK;
 136:Middlewares/Third_Party/LwIP/src/netif/ethernet.c ****     }
 137:Middlewares/Third_Party/LwIP/src/netif/ethernet.c **** #endif /* defined(LWIP_HOOK_VLAN_CHECK) || defined(ETHARP_VLAN_CHECK) || defined(ETHARP_VLAN_CHECK_
 138:Middlewares/Third_Party/LwIP/src/netif/ethernet.c ****     type = vlan->tpid;
 139:Middlewares/Third_Party/LwIP/src/netif/ethernet.c ****   }
 140:Middlewares/Third_Party/LwIP/src/netif/ethernet.c **** #endif /* ETHARP_SUPPORT_VLAN */
 141:Middlewares/Third_Party/LwIP/src/netif/ethernet.c **** 
 142:Middlewares/Third_Party/LwIP/src/netif/ethernet.c **** #if LWIP_ARP_FILTER_NETIF
 143:Middlewares/Third_Party/LwIP/src/netif/ethernet.c ****   netif = LWIP_ARP_FILTER_NETIF_FN(p, netif, lwip_htons(type));
 144:Middlewares/Third_Party/LwIP/src/netif/ethernet.c **** #endif /* LWIP_ARP_FILTER_NETIF*/
 145:Middlewares/Third_Party/LwIP/src/netif/ethernet.c **** 
 146:Middlewares/Third_Party/LwIP/src/netif/ethernet.c ****   if (ethhdr->dest.addr[0] & 1) {
  78              		.loc 1 146 3 is_stmt 1 view .LVU22
  79              		.loc 1 146 24 is_stmt 0 view .LVU23
  80 001c 0378     		ldrb	r3, [r0]	@ zero_extendqisi2
  81              		.loc 1 146 6 view .LVU24
  82 001e 13F0010F 		tst	r3, #1
  83 0022 0AD0     		beq	.L4
ARM GAS  /tmp/ccL8quy1.s 			page 5


 147:Middlewares/Third_Party/LwIP/src/netif/ethernet.c ****     /* this might be a multicast or broadcast packet */
 148:Middlewares/Third_Party/LwIP/src/netif/ethernet.c ****     if (ethhdr->dest.addr[0] == LL_IP4_MULTICAST_ADDR_0) {
  84              		.loc 1 148 5 is_stmt 1 view .LVU25
  85              		.loc 1 148 8 is_stmt 0 view .LVU26
  86 0024 012B     		cmp	r3, #1
  87 0026 12D0     		beq	.L10
 149:Middlewares/Third_Party/LwIP/src/netif/ethernet.c **** #if LWIP_IPV4
 150:Middlewares/Third_Party/LwIP/src/netif/ethernet.c ****       if ((ethhdr->dest.addr[1] == LL_IP4_MULTICAST_ADDR_1) &&
 151:Middlewares/Third_Party/LwIP/src/netif/ethernet.c ****           (ethhdr->dest.addr[2] == LL_IP4_MULTICAST_ADDR_2)) {
 152:Middlewares/Third_Party/LwIP/src/netif/ethernet.c ****         /* mark the pbuf as link-layer multicast */
 153:Middlewares/Third_Party/LwIP/src/netif/ethernet.c ****         p->flags |= PBUF_FLAG_LLMCAST;
 154:Middlewares/Third_Party/LwIP/src/netif/ethernet.c ****       }
 155:Middlewares/Third_Party/LwIP/src/netif/ethernet.c **** #endif /* LWIP_IPV4 */
 156:Middlewares/Third_Party/LwIP/src/netif/ethernet.c ****     }
 157:Middlewares/Third_Party/LwIP/src/netif/ethernet.c **** #if LWIP_IPV6
 158:Middlewares/Third_Party/LwIP/src/netif/ethernet.c ****     else if ((ethhdr->dest.addr[0] == LL_IP6_MULTICAST_ADDR_0) &&
 159:Middlewares/Third_Party/LwIP/src/netif/ethernet.c ****              (ethhdr->dest.addr[1] == LL_IP6_MULTICAST_ADDR_1)) {
 160:Middlewares/Third_Party/LwIP/src/netif/ethernet.c ****       /* mark the pbuf as link-layer multicast */
 161:Middlewares/Third_Party/LwIP/src/netif/ethernet.c ****       p->flags |= PBUF_FLAG_LLMCAST;
 162:Middlewares/Third_Party/LwIP/src/netif/ethernet.c ****     }
 163:Middlewares/Third_Party/LwIP/src/netif/ethernet.c **** #endif /* LWIP_IPV6 */
 164:Middlewares/Third_Party/LwIP/src/netif/ethernet.c ****     else if (eth_addr_cmp(&ethhdr->dest, &ethbroadcast)) {
  88              		.loc 1 164 10 is_stmt 1 view .LVU27
  89              		.loc 1 164 14 is_stmt 0 view .LVU28
  90 0028 0622     		movs	r2, #6
  91 002a 1E49     		ldr	r1, .L11
  92              	.LVL4:
  93              		.loc 1 164 14 view .LVU29
  94 002c FFF7FEFF 		bl	memcmp
  95              	.LVL5:
  96              		.loc 1 164 13 discriminator 1 view .LVU30
  97 0030 18B9     		cbnz	r0, .L4
 165:Middlewares/Third_Party/LwIP/src/netif/ethernet.c ****       /* mark the pbuf as link-layer broadcast */
 166:Middlewares/Third_Party/LwIP/src/netif/ethernet.c ****       p->flags |= PBUF_FLAG_LLBCAST;
  98              		.loc 1 166 7 is_stmt 1 view .LVU31
  99              		.loc 1 166 8 is_stmt 0 view .LVU32
 100 0032 637B     		ldrb	r3, [r4, #13]	@ zero_extendqisi2
 101              		.loc 1 166 16 view .LVU33
 102 0034 43F00803 		orr	r3, r3, #8
 103 0038 6373     		strb	r3, [r4, #13]
 104              	.L4:
 167:Middlewares/Third_Party/LwIP/src/netif/ethernet.c ****     }
 168:Middlewares/Third_Party/LwIP/src/netif/ethernet.c ****   }
 169:Middlewares/Third_Party/LwIP/src/netif/ethernet.c **** 
 170:Middlewares/Third_Party/LwIP/src/netif/ethernet.c ****   switch (type) {
 105              		.loc 1 170 3 is_stmt 1 view .LVU34
 106 003a 082E     		cmp	r6, #8
 107 003c 12D0     		beq	.L6
 108 003e B6F5C16F 		cmp	r6, #1544
 109 0042 1FD0     		beq	.L7
 110              	.LVL6:
 111              	.L2:
 171:Middlewares/Third_Party/LwIP/src/netif/ethernet.c **** #if LWIP_IPV4 && LWIP_ARP
 172:Middlewares/Third_Party/LwIP/src/netif/ethernet.c ****     /* IP packet? */
 173:Middlewares/Third_Party/LwIP/src/netif/ethernet.c ****     case PP_HTONS(ETHTYPE_IP):
 174:Middlewares/Third_Party/LwIP/src/netif/ethernet.c ****       if (!(netif->flags & NETIF_FLAG_ETHARP)) {
 175:Middlewares/Third_Party/LwIP/src/netif/ethernet.c ****         goto free_and_return;
ARM GAS  /tmp/ccL8quy1.s 			page 6


 176:Middlewares/Third_Party/LwIP/src/netif/ethernet.c ****       }
 177:Middlewares/Third_Party/LwIP/src/netif/ethernet.c ****       /* skip Ethernet header (min. size checked above) */
 178:Middlewares/Third_Party/LwIP/src/netif/ethernet.c ****       if (pbuf_remove_header(p, next_hdr_offset)) {
 179:Middlewares/Third_Party/LwIP/src/netif/ethernet.c ****         LWIP_DEBUGF(ETHARP_DEBUG | LWIP_DBG_TRACE | LWIP_DBG_LEVEL_WARNING,
 180:Middlewares/Third_Party/LwIP/src/netif/ethernet.c ****                     ("ethernet_input: IPv4 packet dropped, too short (%"U16_F"/%"U16_F")\n",
 181:Middlewares/Third_Party/LwIP/src/netif/ethernet.c ****                      p->tot_len, next_hdr_offset));
 182:Middlewares/Third_Party/LwIP/src/netif/ethernet.c ****         LWIP_DEBUGF(ETHARP_DEBUG | LWIP_DBG_TRACE, ("Can't move over header in packet"));
 183:Middlewares/Third_Party/LwIP/src/netif/ethernet.c ****         goto free_and_return;
 184:Middlewares/Third_Party/LwIP/src/netif/ethernet.c ****       } else {
 185:Middlewares/Third_Party/LwIP/src/netif/ethernet.c ****         /* pass to IP layer */
 186:Middlewares/Third_Party/LwIP/src/netif/ethernet.c ****         ip4_input(p, netif);
 187:Middlewares/Third_Party/LwIP/src/netif/ethernet.c ****       }
 188:Middlewares/Third_Party/LwIP/src/netif/ethernet.c ****       break;
 189:Middlewares/Third_Party/LwIP/src/netif/ethernet.c **** 
 190:Middlewares/Third_Party/LwIP/src/netif/ethernet.c ****     case PP_HTONS(ETHTYPE_ARP):
 191:Middlewares/Third_Party/LwIP/src/netif/ethernet.c ****       if (!(netif->flags & NETIF_FLAG_ETHARP)) {
 192:Middlewares/Third_Party/LwIP/src/netif/ethernet.c ****         goto free_and_return;
 193:Middlewares/Third_Party/LwIP/src/netif/ethernet.c ****       }
 194:Middlewares/Third_Party/LwIP/src/netif/ethernet.c ****       /* skip Ethernet header (min. size checked above) */
 195:Middlewares/Third_Party/LwIP/src/netif/ethernet.c ****       if (pbuf_remove_header(p, next_hdr_offset)) {
 196:Middlewares/Third_Party/LwIP/src/netif/ethernet.c ****         LWIP_DEBUGF(ETHARP_DEBUG | LWIP_DBG_TRACE | LWIP_DBG_LEVEL_WARNING,
 197:Middlewares/Third_Party/LwIP/src/netif/ethernet.c ****                     ("ethernet_input: ARP response packet dropped, too short (%"U16_F"/%"U16_F")\n"
 198:Middlewares/Third_Party/LwIP/src/netif/ethernet.c ****                      p->tot_len, next_hdr_offset));
 199:Middlewares/Third_Party/LwIP/src/netif/ethernet.c ****         LWIP_DEBUGF(ETHARP_DEBUG | LWIP_DBG_TRACE, ("Can't move over header in packet"));
 200:Middlewares/Third_Party/LwIP/src/netif/ethernet.c ****         ETHARP_STATS_INC(etharp.lenerr);
 201:Middlewares/Third_Party/LwIP/src/netif/ethernet.c ****         ETHARP_STATS_INC(etharp.drop);
 202:Middlewares/Third_Party/LwIP/src/netif/ethernet.c ****         goto free_and_return;
 203:Middlewares/Third_Party/LwIP/src/netif/ethernet.c ****       } else {
 204:Middlewares/Third_Party/LwIP/src/netif/ethernet.c ****         /* pass p to ARP module */
 205:Middlewares/Third_Party/LwIP/src/netif/ethernet.c ****         etharp_input(p, netif);
 206:Middlewares/Third_Party/LwIP/src/netif/ethernet.c ****       }
 207:Middlewares/Third_Party/LwIP/src/netif/ethernet.c ****       break;
 208:Middlewares/Third_Party/LwIP/src/netif/ethernet.c **** #endif /* LWIP_IPV4 && LWIP_ARP */
 209:Middlewares/Third_Party/LwIP/src/netif/ethernet.c **** #if PPPOE_SUPPORT
 210:Middlewares/Third_Party/LwIP/src/netif/ethernet.c ****     case PP_HTONS(ETHTYPE_PPPOEDISC): /* PPP Over Ethernet Discovery Stage */
 211:Middlewares/Third_Party/LwIP/src/netif/ethernet.c ****       pppoe_disc_input(netif, p);
 212:Middlewares/Third_Party/LwIP/src/netif/ethernet.c ****       break;
 213:Middlewares/Third_Party/LwIP/src/netif/ethernet.c **** 
 214:Middlewares/Third_Party/LwIP/src/netif/ethernet.c ****     case PP_HTONS(ETHTYPE_PPPOE): /* PPP Over Ethernet Session Stage */
 215:Middlewares/Third_Party/LwIP/src/netif/ethernet.c ****       pppoe_data_input(netif, p);
 216:Middlewares/Third_Party/LwIP/src/netif/ethernet.c ****       break;
 217:Middlewares/Third_Party/LwIP/src/netif/ethernet.c **** #endif /* PPPOE_SUPPORT */
 218:Middlewares/Third_Party/LwIP/src/netif/ethernet.c **** 
 219:Middlewares/Third_Party/LwIP/src/netif/ethernet.c **** #if LWIP_IPV6
 220:Middlewares/Third_Party/LwIP/src/netif/ethernet.c ****     case PP_HTONS(ETHTYPE_IPV6): /* IPv6 */
 221:Middlewares/Third_Party/LwIP/src/netif/ethernet.c ****       /* skip Ethernet header */
 222:Middlewares/Third_Party/LwIP/src/netif/ethernet.c ****       if ((p->len < next_hdr_offset) || pbuf_remove_header(p, next_hdr_offset)) {
 223:Middlewares/Third_Party/LwIP/src/netif/ethernet.c ****         LWIP_DEBUGF(ETHARP_DEBUG | LWIP_DBG_TRACE | LWIP_DBG_LEVEL_WARNING,
 224:Middlewares/Third_Party/LwIP/src/netif/ethernet.c ****                     ("ethernet_input: IPv6 packet dropped, too short (%"U16_F"/%"U16_F")\n",
 225:Middlewares/Third_Party/LwIP/src/netif/ethernet.c ****                      p->tot_len, next_hdr_offset));
 226:Middlewares/Third_Party/LwIP/src/netif/ethernet.c ****         goto free_and_return;
 227:Middlewares/Third_Party/LwIP/src/netif/ethernet.c ****       } else {
 228:Middlewares/Third_Party/LwIP/src/netif/ethernet.c ****         /* pass to IPv6 layer */
 229:Middlewares/Third_Party/LwIP/src/netif/ethernet.c ****         ip6_input(p, netif);
 230:Middlewares/Third_Party/LwIP/src/netif/ethernet.c ****       }
 231:Middlewares/Third_Party/LwIP/src/netif/ethernet.c ****       break;
 232:Middlewares/Third_Party/LwIP/src/netif/ethernet.c **** #endif /* LWIP_IPV6 */
ARM GAS  /tmp/ccL8quy1.s 			page 7


 233:Middlewares/Third_Party/LwIP/src/netif/ethernet.c **** 
 234:Middlewares/Third_Party/LwIP/src/netif/ethernet.c ****     default:
 235:Middlewares/Third_Party/LwIP/src/netif/ethernet.c **** #ifdef LWIP_HOOK_UNKNOWN_ETH_PROTOCOL
 236:Middlewares/Third_Party/LwIP/src/netif/ethernet.c ****       if (LWIP_HOOK_UNKNOWN_ETH_PROTOCOL(p, netif) == ERR_OK) {
 237:Middlewares/Third_Party/LwIP/src/netif/ethernet.c ****         break;
 238:Middlewares/Third_Party/LwIP/src/netif/ethernet.c ****       }
 239:Middlewares/Third_Party/LwIP/src/netif/ethernet.c **** #endif
 240:Middlewares/Third_Party/LwIP/src/netif/ethernet.c ****       ETHARP_STATS_INC(etharp.proterr);
 241:Middlewares/Third_Party/LwIP/src/netif/ethernet.c ****       ETHARP_STATS_INC(etharp.drop);
 242:Middlewares/Third_Party/LwIP/src/netif/ethernet.c ****       MIB2_STATS_NETIF_INC(netif, ifinunknownprotos);
 243:Middlewares/Third_Party/LwIP/src/netif/ethernet.c ****       goto free_and_return;
 244:Middlewares/Third_Party/LwIP/src/netif/ethernet.c ****   }
 245:Middlewares/Third_Party/LwIP/src/netif/ethernet.c **** 
 246:Middlewares/Third_Party/LwIP/src/netif/ethernet.c ****   /* This means the pbuf is freed or consumed,
 247:Middlewares/Third_Party/LwIP/src/netif/ethernet.c ****      so the caller doesn't have to free it again */
 248:Middlewares/Third_Party/LwIP/src/netif/ethernet.c ****   return ERR_OK;
 249:Middlewares/Third_Party/LwIP/src/netif/ethernet.c **** 
 250:Middlewares/Third_Party/LwIP/src/netif/ethernet.c **** free_and_return:
 251:Middlewares/Third_Party/LwIP/src/netif/ethernet.c ****   pbuf_free(p);
 112              		.loc 1 251 3 view .LVU35
 113 0044 2046     		mov	r0, r4
 114 0046 FFF7FEFF 		bl	pbuf_free
 115              	.LVL7:
 252:Middlewares/Third_Party/LwIP/src/netif/ethernet.c ****   return ERR_OK;
 116              		.loc 1 252 3 view .LVU36
 117              	.L8:
 253:Middlewares/Third_Party/LwIP/src/netif/ethernet.c **** }
 118              		.loc 1 253 1 is_stmt 0 view .LVU37
 119 004a 0020     		movs	r0, #0
 120 004c 70BD     		pop	{r4, r5, r6, pc}
 121              	.LVL8:
 122              	.L10:
 150:Middlewares/Third_Party/LwIP/src/netif/ethernet.c ****           (ethhdr->dest.addr[2] == LL_IP4_MULTICAST_ADDR_2)) {
 123              		.loc 1 150 7 is_stmt 1 view .LVU38
 150:Middlewares/Third_Party/LwIP/src/netif/ethernet.c ****           (ethhdr->dest.addr[2] == LL_IP4_MULTICAST_ADDR_2)) {
 124              		.loc 1 150 29 is_stmt 0 view .LVU39
 125 004e 4378     		ldrb	r3, [r0, #1]	@ zero_extendqisi2
 150:Middlewares/Third_Party/LwIP/src/netif/ethernet.c ****           (ethhdr->dest.addr[2] == LL_IP4_MULTICAST_ADDR_2)) {
 126              		.loc 1 150 10 view .LVU40
 127 0050 002B     		cmp	r3, #0
 128 0052 F2D1     		bne	.L4
 151:Middlewares/Third_Party/LwIP/src/netif/ethernet.c ****         /* mark the pbuf as link-layer multicast */
 129              		.loc 1 151 29 view .LVU41
 130 0054 8378     		ldrb	r3, [r0, #2]	@ zero_extendqisi2
 150:Middlewares/Third_Party/LwIP/src/netif/ethernet.c ****           (ethhdr->dest.addr[2] == LL_IP4_MULTICAST_ADDR_2)) {
 131              		.loc 1 150 61 discriminator 1 view .LVU42
 132 0056 5E2B     		cmp	r3, #94
 133 0058 EFD1     		bne	.L4
 153:Middlewares/Third_Party/LwIP/src/netif/ethernet.c ****       }
 134              		.loc 1 153 9 is_stmt 1 view .LVU43
 153:Middlewares/Third_Party/LwIP/src/netif/ethernet.c ****       }
 135              		.loc 1 153 10 is_stmt 0 view .LVU44
 136 005a 637B     		ldrb	r3, [r4, #13]	@ zero_extendqisi2
 153:Middlewares/Third_Party/LwIP/src/netif/ethernet.c ****       }
 137              		.loc 1 153 18 view .LVU45
 138 005c 43F01003 		orr	r3, r3, #16
 139 0060 6373     		strb	r3, [r4, #13]
ARM GAS  /tmp/ccL8quy1.s 			page 8


 140              	.LVL9:
 153:Middlewares/Third_Party/LwIP/src/netif/ethernet.c ****       }
 141              		.loc 1 153 18 view .LVU46
 142 0062 EAE7     		b	.L4
 143              	.LVL10:
 144              	.L6:
 174:Middlewares/Third_Party/LwIP/src/netif/ethernet.c ****         goto free_and_return;
 145              		.loc 1 174 7 is_stmt 1 view .LVU47
 174:Middlewares/Third_Party/LwIP/src/netif/ethernet.c ****         goto free_and_return;
 146              		.loc 1 174 18 is_stmt 0 view .LVU48
 147 0064 95F83530 		ldrb	r3, [r5, #53]	@ zero_extendqisi2
 174:Middlewares/Third_Party/LwIP/src/netif/ethernet.c ****         goto free_and_return;
 148              		.loc 1 174 10 view .LVU49
 149 0068 13F0080F 		tst	r3, #8
 150 006c EAD0     		beq	.L2
 178:Middlewares/Third_Party/LwIP/src/netif/ethernet.c ****         LWIP_DEBUGF(ETHARP_DEBUG | LWIP_DBG_TRACE | LWIP_DBG_LEVEL_WARNING,
 151              		.loc 1 178 7 is_stmt 1 view .LVU50
 178:Middlewares/Third_Party/LwIP/src/netif/ethernet.c ****         LWIP_DEBUGF(ETHARP_DEBUG | LWIP_DBG_TRACE | LWIP_DBG_LEVEL_WARNING,
 152              		.loc 1 178 11 is_stmt 0 view .LVU51
 153 006e 0E21     		movs	r1, #14
 154 0070 2046     		mov	r0, r4
 155 0072 FFF7FEFF 		bl	pbuf_remove_header
 156              	.LVL11:
 178:Middlewares/Third_Party/LwIP/src/netif/ethernet.c ****         LWIP_DEBUGF(ETHARP_DEBUG | LWIP_DBG_TRACE | LWIP_DBG_LEVEL_WARNING,
 157              		.loc 1 178 10 discriminator 1 view .LVU52
 158 0076 0028     		cmp	r0, #0
 159 0078 E4D1     		bne	.L2
 186:Middlewares/Third_Party/LwIP/src/netif/ethernet.c ****       }
 160              		.loc 1 186 9 is_stmt 1 view .LVU53
 161 007a 2946     		mov	r1, r5
 162 007c 2046     		mov	r0, r4
 163 007e FFF7FEFF 		bl	ip4_input
 164              	.LVL12:
 188:Middlewares/Third_Party/LwIP/src/netif/ethernet.c **** 
 165              		.loc 1 188 7 view .LVU54
 166 0082 E2E7     		b	.L8
 167              	.L7:
 191:Middlewares/Third_Party/LwIP/src/netif/ethernet.c ****         goto free_and_return;
 168              		.loc 1 191 7 view .LVU55
 191:Middlewares/Third_Party/LwIP/src/netif/ethernet.c ****         goto free_and_return;
 169              		.loc 1 191 18 is_stmt 0 view .LVU56
 170 0084 95F83530 		ldrb	r3, [r5, #53]	@ zero_extendqisi2
 191:Middlewares/Third_Party/LwIP/src/netif/ethernet.c ****         goto free_and_return;
 171              		.loc 1 191 10 view .LVU57
 172 0088 13F0080F 		tst	r3, #8
 173 008c DAD0     		beq	.L2
 195:Middlewares/Third_Party/LwIP/src/netif/ethernet.c ****         LWIP_DEBUGF(ETHARP_DEBUG | LWIP_DBG_TRACE | LWIP_DBG_LEVEL_WARNING,
 174              		.loc 1 195 7 is_stmt 1 view .LVU58
 195:Middlewares/Third_Party/LwIP/src/netif/ethernet.c ****         LWIP_DEBUGF(ETHARP_DEBUG | LWIP_DBG_TRACE | LWIP_DBG_LEVEL_WARNING,
 175              		.loc 1 195 11 is_stmt 0 view .LVU59
 176 008e 0E21     		movs	r1, #14
 177 0090 2046     		mov	r0, r4
 178 0092 FFF7FEFF 		bl	pbuf_remove_header
 179              	.LVL13:
 195:Middlewares/Third_Party/LwIP/src/netif/ethernet.c ****         LWIP_DEBUGF(ETHARP_DEBUG | LWIP_DBG_TRACE | LWIP_DBG_LEVEL_WARNING,
 180              		.loc 1 195 10 discriminator 1 view .LVU60
 181 0096 0028     		cmp	r0, #0
ARM GAS  /tmp/ccL8quy1.s 			page 9


 182 0098 D4D1     		bne	.L2
 205:Middlewares/Third_Party/LwIP/src/netif/ethernet.c ****       }
 183              		.loc 1 205 9 is_stmt 1 view .LVU61
 184 009a 2946     		mov	r1, r5
 185 009c 2046     		mov	r0, r4
 186 009e FFF7FEFF 		bl	etharp_input
 187              	.LVL14:
 207:Middlewares/Third_Party/LwIP/src/netif/ethernet.c **** #endif /* LWIP_IPV4 && LWIP_ARP */
 188              		.loc 1 207 7 view .LVU62
 189 00a2 D2E7     		b	.L8
 190              	.L12:
 191              		.align	2
 192              	.L11:
 193 00a4 00000000 		.word	ethbroadcast
 194              		.cfi_endproc
 195              	.LFE156:
 197              		.section	.rodata.ethernet_output.str1.4,"aMS",%progbits,1
 198              		.align	2
 199              	.LC0:
 200 0000 4D696464 		.ascii	"Middlewares/Third_Party/LwIP/src/netif/ethernet.c\000"
 200      6C657761 
 200      7265732F 
 200      54686972 
 200      645F5061 
 201 0032 0000     		.align	2
 202              	.LC1:
 203 0034 6E657469 		.ascii	"netif->hwaddr_len must be 6 for ethernet_output!\000"
 203      662D3E68 
 203      77616464 
 203      725F6C65 
 203      6E206D75 
 204 0065 000000   		.align	2
 205              	.LC2:
 206 0068 41737365 		.ascii	"Assertion \"%s\" failed at line %d in %s\012\000"
 206      7274696F 
 206      6E202225 
 206      73222066 
 206      61696C65 
 207              		.section	.text.ethernet_output,"ax",%progbits
 208              		.align	1
 209              		.global	ethernet_output
 210              		.syntax unified
 211              		.thumb
 212              		.thumb_func
 214              	ethernet_output:
 215              	.LVL15:
 216              	.LFB157:
 254:Middlewares/Third_Party/LwIP/src/netif/ethernet.c **** 
 255:Middlewares/Third_Party/LwIP/src/netif/ethernet.c **** /**
 256:Middlewares/Third_Party/LwIP/src/netif/ethernet.c ****  * @ingroup ethernet
 257:Middlewares/Third_Party/LwIP/src/netif/ethernet.c ****  * Send an ethernet packet on the network using netif->linkoutput().
 258:Middlewares/Third_Party/LwIP/src/netif/ethernet.c ****  * The ethernet header is filled in before sending.
 259:Middlewares/Third_Party/LwIP/src/netif/ethernet.c ****  *
 260:Middlewares/Third_Party/LwIP/src/netif/ethernet.c ****  * @see LWIP_HOOK_VLAN_SET
 261:Middlewares/Third_Party/LwIP/src/netif/ethernet.c ****  *
 262:Middlewares/Third_Party/LwIP/src/netif/ethernet.c ****  * @param netif the lwIP network interface on which to send the packet
 263:Middlewares/Third_Party/LwIP/src/netif/ethernet.c ****  * @param p the packet to send. pbuf layer must be @ref PBUF_LINK.
ARM GAS  /tmp/ccL8quy1.s 			page 10


 264:Middlewares/Third_Party/LwIP/src/netif/ethernet.c ****  * @param src the source MAC address to be copied into the ethernet header
 265:Middlewares/Third_Party/LwIP/src/netif/ethernet.c ****  * @param dst the destination MAC address to be copied into the ethernet header
 266:Middlewares/Third_Party/LwIP/src/netif/ethernet.c ****  * @param eth_type ethernet type (@ref lwip_ieee_eth_type)
 267:Middlewares/Third_Party/LwIP/src/netif/ethernet.c ****  * @return ERR_OK if the packet was sent, any other err_t on failure
 268:Middlewares/Third_Party/LwIP/src/netif/ethernet.c ****  */
 269:Middlewares/Third_Party/LwIP/src/netif/ethernet.c **** err_t
 270:Middlewares/Third_Party/LwIP/src/netif/ethernet.c **** ethernet_output(struct netif * netif, struct pbuf * p,
 271:Middlewares/Third_Party/LwIP/src/netif/ethernet.c ****                 const struct eth_addr * src, const struct eth_addr * dst,
 272:Middlewares/Third_Party/LwIP/src/netif/ethernet.c ****                 u16_t eth_type) {
 217              		.loc 1 272 33 view -0
 218              		.cfi_startproc
 219              		@ args = 4, pretend = 0, frame = 0
 220              		@ frame_needed = 0, uses_anonymous_args = 0
 221              		.loc 1 272 33 is_stmt 0 view .LVU64
 222 0000 2DE9F041 		push	{r4, r5, r6, r7, r8, lr}
 223              	.LCFI1:
 224              		.cfi_def_cfa_offset 24
 225              		.cfi_offset 4, -24
 226              		.cfi_offset 5, -20
 227              		.cfi_offset 6, -16
 228              		.cfi_offset 7, -12
 229              		.cfi_offset 8, -8
 230              		.cfi_offset 14, -4
 231 0004 0546     		mov	r5, r0
 232 0006 0C46     		mov	r4, r1
 233 0008 1646     		mov	r6, r2
 234 000a 1F46     		mov	r7, r3
 273:Middlewares/Third_Party/LwIP/src/netif/ethernet.c ****   struct eth_hdr *ethhdr;
 235              		.loc 1 273 3 is_stmt 1 view .LVU65
 274:Middlewares/Third_Party/LwIP/src/netif/ethernet.c ****   u16_t eth_type_be = lwip_htons(eth_type);
 236              		.loc 1 274 3 view .LVU66
 237              		.loc 1 274 23 is_stmt 0 view .LVU67
 238 000c BDF81800 		ldrh	r0, [sp, #24]
 239              	.LVL16:
 240              		.loc 1 274 23 view .LVU68
 241 0010 FFF7FEFF 		bl	lwip_htons
 242              	.LVL17:
 243              		.loc 1 274 23 view .LVU69
 244 0014 8046     		mov	r8, r0
 245              	.LVL18:
 275:Middlewares/Third_Party/LwIP/src/netif/ethernet.c **** 
 276:Middlewares/Third_Party/LwIP/src/netif/ethernet.c **** #if ETHARP_SUPPORT_VLAN && defined(LWIP_HOOK_VLAN_SET)
 277:Middlewares/Third_Party/LwIP/src/netif/ethernet.c ****   s32_t vlan_prio_vid = LWIP_HOOK_VLAN_SET(netif, p, src, dst, eth_type);
 278:Middlewares/Third_Party/LwIP/src/netif/ethernet.c ****   if (vlan_prio_vid >= 0) {
 279:Middlewares/Third_Party/LwIP/src/netif/ethernet.c ****     struct eth_vlan_hdr *vlanhdr;
 280:Middlewares/Third_Party/LwIP/src/netif/ethernet.c **** 
 281:Middlewares/Third_Party/LwIP/src/netif/ethernet.c ****     LWIP_ASSERT("prio_vid must be <= 0xFFFF", vlan_prio_vid <= 0xFFFF);
 282:Middlewares/Third_Party/LwIP/src/netif/ethernet.c **** 
 283:Middlewares/Third_Party/LwIP/src/netif/ethernet.c ****     if (pbuf_add_header(p, SIZEOF_ETH_HDR + SIZEOF_VLAN_HDR) != 0) {
 284:Middlewares/Third_Party/LwIP/src/netif/ethernet.c ****       goto pbuf_header_failed;
 285:Middlewares/Third_Party/LwIP/src/netif/ethernet.c ****     }
 286:Middlewares/Third_Party/LwIP/src/netif/ethernet.c ****     vlanhdr = (struct eth_vlan_hdr *)(((u8_t *)p->payload) + SIZEOF_ETH_HDR);
 287:Middlewares/Third_Party/LwIP/src/netif/ethernet.c ****     vlanhdr->tpid     = eth_type_be;
 288:Middlewares/Third_Party/LwIP/src/netif/ethernet.c ****     vlanhdr->prio_vid = lwip_htons((u16_t)vlan_prio_vid);
 289:Middlewares/Third_Party/LwIP/src/netif/ethernet.c **** 
 290:Middlewares/Third_Party/LwIP/src/netif/ethernet.c ****     eth_type_be = PP_HTONS(ETHTYPE_VLAN);
 291:Middlewares/Third_Party/LwIP/src/netif/ethernet.c ****   } else
ARM GAS  /tmp/ccL8quy1.s 			page 11


 292:Middlewares/Third_Party/LwIP/src/netif/ethernet.c **** #endif /* ETHARP_SUPPORT_VLAN && defined(LWIP_HOOK_VLAN_SET) */
 293:Middlewares/Third_Party/LwIP/src/netif/ethernet.c ****   {
 294:Middlewares/Third_Party/LwIP/src/netif/ethernet.c ****     if (pbuf_add_header(p, SIZEOF_ETH_HDR) != 0) {
 246              		.loc 1 294 5 is_stmt 1 view .LVU70
 247              		.loc 1 294 9 is_stmt 0 view .LVU71
 248 0016 0E21     		movs	r1, #14
 249 0018 2046     		mov	r0, r4
 250 001a FFF7FEFF 		bl	pbuf_add_header
 251              	.LVL19:
 252              		.loc 1 294 8 discriminator 1 view .LVU72
 253 001e E8B9     		cbnz	r0, .L16
 295:Middlewares/Third_Party/LwIP/src/netif/ethernet.c ****       goto pbuf_header_failed;
 296:Middlewares/Third_Party/LwIP/src/netif/ethernet.c ****     }
 297:Middlewares/Third_Party/LwIP/src/netif/ethernet.c ****   }
 298:Middlewares/Third_Party/LwIP/src/netif/ethernet.c **** 
 299:Middlewares/Third_Party/LwIP/src/netif/ethernet.c ****   LWIP_ASSERT_CORE_LOCKED();
 254              		.loc 1 299 28 is_stmt 1 view .LVU73
 300:Middlewares/Third_Party/LwIP/src/netif/ethernet.c **** 
 301:Middlewares/Third_Party/LwIP/src/netif/ethernet.c ****   ethhdr = (struct eth_hdr *)p->payload;
 255              		.loc 1 301 3 view .LVU74
 256              		.loc 1 301 10 is_stmt 0 view .LVU75
 257 0020 6168     		ldr	r1, [r4, #4]
 258              	.LVL20:
 302:Middlewares/Third_Party/LwIP/src/netif/ethernet.c ****   ethhdr->type = eth_type_be;
 259              		.loc 1 302 3 is_stmt 1 view .LVU76
 260              		.loc 1 302 16 is_stmt 0 view .LVU77
 261 0022 A1F80C80 		strh	r8, [r1, #12]	@ unaligned
 303:Middlewares/Third_Party/LwIP/src/netif/ethernet.c ****   SMEMCPY(&ethhdr->dest, dst, ETH_HWADDR_LEN);
 262              		.loc 1 303 3 is_stmt 1 view .LVU78
 263 0026 3B68     		ldr	r3, [r7]	@ unaligned
 264 0028 0B60     		str	r3, [r1]	@ unaligned
 265 002a BB88     		ldrh	r3, [r7, #4]	@ unaligned
 266 002c 8B80     		strh	r3, [r1, #4]	@ unaligned
 304:Middlewares/Third_Party/LwIP/src/netif/ethernet.c ****   SMEMCPY(&ethhdr->src,  src, ETH_HWADDR_LEN);
 267              		.loc 1 304 3 view .LVU79
 268 002e 3368     		ldr	r3, [r6]	@ unaligned
 269 0030 C1F80630 		str	r3, [r1, #6]	@ unaligned
 270 0034 B388     		ldrh	r3, [r6, #4]	@ unaligned
 271 0036 4B81     		strh	r3, [r1, #10]	@ unaligned
 305:Middlewares/Third_Party/LwIP/src/netif/ethernet.c **** 
 306:Middlewares/Third_Party/LwIP/src/netif/ethernet.c ****   LWIP_ASSERT("netif->hwaddr_len must be 6 for ethernet_output!",
 272              		.loc 1 306 3 view .LVU80
 273              		.loc 1 306 3 view .LVU81
 274 0038 95F83430 		ldrb	r3, [r5, #52]	@ zero_extendqisi2
 275 003c 062B     		cmp	r3, #6
 276 003e 05D1     		bne	.L18
 277              	.LVL21:
 278              	.L15:
 279              		.loc 1 306 3 discriminator 3 view .LVU82
 280              		.loc 1 306 3 discriminator 3 view .LVU83
 307:Middlewares/Third_Party/LwIP/src/netif/ethernet.c ****               (netif->hwaddr_len == ETH_HWADDR_LEN));
 308:Middlewares/Third_Party/LwIP/src/netif/ethernet.c ****   LWIP_DEBUGF(ETHARP_DEBUG | LWIP_DBG_TRACE,
 281              		.loc 1 308 3 view .LVU84
 282              		.loc 1 308 3 view .LVU85
 283              		.loc 1 308 3 discriminator 4 view .LVU86
 309:Middlewares/Third_Party/LwIP/src/netif/ethernet.c ****               ("ethernet_output: sending packet %p\n", (void *)p));
 310:Middlewares/Third_Party/LwIP/src/netif/ethernet.c **** 
ARM GAS  /tmp/ccL8quy1.s 			page 12


 311:Middlewares/Third_Party/LwIP/src/netif/ethernet.c ****   /* send the packet */
 312:Middlewares/Third_Party/LwIP/src/netif/ethernet.c ****   return netif->linkoutput(netif, p);
 284              		.loc 1 312 3 view .LVU87
 285              		.loc 1 312 15 is_stmt 0 view .LVU88
 286 0040 AB69     		ldr	r3, [r5, #24]
 287              		.loc 1 312 10 view .LVU89
 288 0042 2146     		mov	r1, r4
 289 0044 2846     		mov	r0, r5
 290 0046 9847     		blx	r3
 291              	.LVL22:
 292              	.L14:
 293              	.LDL1:
 313:Middlewares/Third_Party/LwIP/src/netif/ethernet.c **** 
 314:Middlewares/Third_Party/LwIP/src/netif/ethernet.c **** pbuf_header_failed:
 315:Middlewares/Third_Party/LwIP/src/netif/ethernet.c ****   LWIP_DEBUGF(ETHARP_DEBUG | LWIP_DBG_TRACE | LWIP_DBG_LEVEL_SERIOUS,
 316:Middlewares/Third_Party/LwIP/src/netif/ethernet.c ****               ("ethernet_output: could not allocate room for header.\n"));
 317:Middlewares/Third_Party/LwIP/src/netif/ethernet.c ****   LINK_STATS_INC(link.lenerr);
 318:Middlewares/Third_Party/LwIP/src/netif/ethernet.c ****   return ERR_BUF;
 319:Middlewares/Third_Party/LwIP/src/netif/ethernet.c **** }
 294              		.loc 1 319 1 view .LVU90
 295 0048 BDE8F081 		pop	{r4, r5, r6, r7, r8, pc}
 296              	.LVL23:
 297              	.L18:
 306:Middlewares/Third_Party/LwIP/src/netif/ethernet.c ****               (netif->hwaddr_len == ETH_HWADDR_LEN));
 298              		.loc 1 306 3 is_stmt 1 discriminator 1 view .LVU91
 306:Middlewares/Third_Party/LwIP/src/netif/ethernet.c ****               (netif->hwaddr_len == ETH_HWADDR_LEN));
 299              		.loc 1 306 3 discriminator 1 view .LVU92
 300 004c 054B     		ldr	r3, .L19
 301 004e 4FF49972 		mov	r2, #306
 302 0052 0549     		ldr	r1, .L19+4
 303              	.LVL24:
 306:Middlewares/Third_Party/LwIP/src/netif/ethernet.c ****               (netif->hwaddr_len == ETH_HWADDR_LEN));
 304              		.loc 1 306 3 is_stmt 0 discriminator 1 view .LVU93
 305 0054 0548     		ldr	r0, .L19+8
 306 0056 FFF7FEFF 		bl	printf
 307              	.LVL25:
 308 005a F1E7     		b	.L15
 309              	.LVL26:
 310              	.L16:
 318:Middlewares/Third_Party/LwIP/src/netif/ethernet.c **** }
 311              		.loc 1 318 10 view .LVU94
 312 005c 6FF00100 		mvn	r0, #1
 313 0060 F2E7     		b	.L14
 314              	.L20:
 315 0062 00BF     		.align	2
 316              	.L19:
 317 0064 00000000 		.word	.LC0
 318 0068 34000000 		.word	.LC1
 319 006c 68000000 		.word	.LC2
 320              		.cfi_endproc
 321              	.LFE157:
 323              		.global	ethzero
 324              		.section	.rodata.ethzero,"a"
 325              		.align	2
 328              	ethzero:
 329 0000 00000000 		.space	6
 329      0000
ARM GAS  /tmp/ccL8quy1.s 			page 13


 330              		.global	ethbroadcast
 331              		.section	.rodata.ethbroadcast,"a"
 332              		.align	2
 335              	ethbroadcast:
 336 0000 FFFFFFFF 		.ascii	"\377\377\377\377\377\377"
 336      FFFF
 337              		.text
 338              	.Letext0:
 339              		.file 2 "/usr/lib/gcc/arm-none-eabi/14.2.1/include/stdint.h"
 340              		.file 3 "/usr/lib/gcc/arm-none-eabi/14.2.1/include/stddef.h"
 341              		.file 4 "Middlewares/Third_Party/LwIP/src/include/lwip/arch.h"
 342              		.file 5 "Middlewares/Third_Party/LwIP/src/include/lwip/err.h"
 343              		.file 6 "Middlewares/Third_Party/LwIP/src/include/lwip/pbuf.h"
 344              		.file 7 "Middlewares/Third_Party/LwIP/src/include/lwip/ip4_addr.h"
 345              		.file 8 "Middlewares/Third_Party/LwIP/src/include/lwip/ip_addr.h"
 346              		.file 9 "Middlewares/Third_Party/LwIP/src/include/lwip/memp.h"
 347              		.file 10 "Middlewares/Third_Party/LwIP/src/include/lwip/netif.h"
 348              		.file 11 "Middlewares/Third_Party/LwIP/src/include/lwip/prot/ieee.h"
 349              		.file 12 "Middlewares/Third_Party/LwIP/src/include/lwip/prot/ethernet.h"
 350              		.file 13 "Middlewares/Third_Party/LwIP/src/include/netif/ethernet.h"
 351              		.file 14 "/usr/include/newlib/stdio.h"
 352              		.file 15 "/usr/include/newlib/string.h"
 353              		.file 16 "Middlewares/Third_Party/LwIP/src/include/lwip/def.h"
 354              		.file 17 "Middlewares/Third_Party/LwIP/src/include/lwip/ip4.h"
 355              		.file 18 "Middlewares/Third_Party/LwIP/src/include/lwip/etharp.h"
ARM GAS  /tmp/ccL8quy1.s 			page 14


DEFINED SYMBOLS
                            *ABS*:00000000 ethernet.c
     /tmp/ccL8quy1.s:21     .text.ethernet_input:00000000 $t
     /tmp/ccL8quy1.s:27     .text.ethernet_input:00000000 ethernet_input
     /tmp/ccL8quy1.s:193    .text.ethernet_input:000000a4 $d
     /tmp/ccL8quy1.s:335    .rodata.ethbroadcast:00000000 ethbroadcast
     /tmp/ccL8quy1.s:198    .rodata.ethernet_output.str1.4:00000000 $d
     /tmp/ccL8quy1.s:208    .text.ethernet_output:00000000 $t
     /tmp/ccL8quy1.s:214    .text.ethernet_output:00000000 ethernet_output
     /tmp/ccL8quy1.s:317    .text.ethernet_output:00000064 $d
     /tmp/ccL8quy1.s:328    .rodata.ethzero:00000000 ethzero
     /tmp/ccL8quy1.s:325    .rodata.ethzero:00000000 $d
     /tmp/ccL8quy1.s:332    .rodata.ethbroadcast:00000000 $d

UNDEFINED SYMBOLS
memcmp
pbuf_free
pbuf_remove_header
ip4_input
etharp_input
lwip_htons
pbuf_add_header
printf
