ARM GAS  /tmp/cc64yRRx.s 			page 1


   1              		.cpu cortex-m4
   2              		.arch armv7e-m
   3              		.fpu fpv4-sp-d16
   4              		.eabi_attribute 27, 1
   5              		.eabi_attribute 28, 1
   6              		.eabi_attribute 20, 1
   7              		.eabi_attribute 21, 1
   8              		.eabi_attribute 23, 3
   9              		.eabi_attribute 24, 1
  10              		.eabi_attribute 25, 1
  11              		.eabi_attribute 26, 1
  12              		.eabi_attribute 30, 1
  13              		.eabi_attribute 34, 1
  14              		.eabi_attribute 18, 4
  15              		.file	"icmp.c"
  16              		.text
  17              	.Ltext0:
  18              		.cfi_sections	.debug_frame
  19              		.file 1 "Middlewares/Third_Party/LwIP/src/core/ipv4/icmp.c"
  20              		.section	.rodata.icmp_send_response.str1.4,"aMS",%progbits,1
  21              		.align	2
  22              	.LC0:
  23 0000 4D696464 		.ascii	"Middlewares/Third_Party/LwIP/src/core/ipv4/icmp.c\000"
  23      6C657761 
  23      7265732F 
  23      54686972 
  23      645F5061 
  24 0032 0000     		.align	2
  25              	.LC1:
  26 0034 63686563 		.ascii	"check that first pbuf can hold icmp message\000"
  26      6B207468 
  26      61742066 
  26      69727374 
  26      20706275 
  27              		.align	2
  28              	.LC2:
  29 0060 41737365 		.ascii	"Assertion \"%s\" failed at line %d in %s\012\000"
  29      7274696F 
  29      6E202225 
  29      73222066 
  29      61696C65 
  30              		.section	.text.icmp_send_response,"ax",%progbits
  31              		.align	1
  32              		.syntax unified
  33              		.thumb
  34              		.thumb_func
  36              	icmp_send_response:
  37              	.LVL0:
  38              	.LFB159:
   1:Middlewares/Third_Party/LwIP/src/core/ipv4/icmp.c **** /**
   2:Middlewares/Third_Party/LwIP/src/core/ipv4/icmp.c ****  * @file
   3:Middlewares/Third_Party/LwIP/src/core/ipv4/icmp.c ****  * ICMP - Internet Control Message Protocol
   4:Middlewares/Third_Party/LwIP/src/core/ipv4/icmp.c ****  *
   5:Middlewares/Third_Party/LwIP/src/core/ipv4/icmp.c ****  */
   6:Middlewares/Third_Party/LwIP/src/core/ipv4/icmp.c **** 
   7:Middlewares/Third_Party/LwIP/src/core/ipv4/icmp.c **** /*
   8:Middlewares/Third_Party/LwIP/src/core/ipv4/icmp.c ****  * Copyright (c) 2001-2004 Swedish Institute of Computer Science.
ARM GAS  /tmp/cc64yRRx.s 			page 2


   9:Middlewares/Third_Party/LwIP/src/core/ipv4/icmp.c ****  * All rights reserved.
  10:Middlewares/Third_Party/LwIP/src/core/ipv4/icmp.c ****  *
  11:Middlewares/Third_Party/LwIP/src/core/ipv4/icmp.c ****  * Redistribution and use in source and binary forms, with or without modification,
  12:Middlewares/Third_Party/LwIP/src/core/ipv4/icmp.c ****  * are permitted provided that the following conditions are met:
  13:Middlewares/Third_Party/LwIP/src/core/ipv4/icmp.c ****  *
  14:Middlewares/Third_Party/LwIP/src/core/ipv4/icmp.c ****  * 1. Redistributions of source code must retain the above copyright notice,
  15:Middlewares/Third_Party/LwIP/src/core/ipv4/icmp.c ****  *    this list of conditions and the following disclaimer.
  16:Middlewares/Third_Party/LwIP/src/core/ipv4/icmp.c ****  * 2. Redistributions in binary form must reproduce the above copyright notice,
  17:Middlewares/Third_Party/LwIP/src/core/ipv4/icmp.c ****  *    this list of conditions and the following disclaimer in the documentation
  18:Middlewares/Third_Party/LwIP/src/core/ipv4/icmp.c ****  *    and/or other materials provided with the distribution.
  19:Middlewares/Third_Party/LwIP/src/core/ipv4/icmp.c ****  * 3. The name of the author may not be used to endorse or promote products
  20:Middlewares/Third_Party/LwIP/src/core/ipv4/icmp.c ****  *    derived from this software without specific prior written permission.
  21:Middlewares/Third_Party/LwIP/src/core/ipv4/icmp.c ****  *
  22:Middlewares/Third_Party/LwIP/src/core/ipv4/icmp.c ****  * THIS SOFTWARE IS PROVIDED BY THE AUTHOR ``AS IS'' AND ANY EXPRESS OR IMPLIED
  23:Middlewares/Third_Party/LwIP/src/core/ipv4/icmp.c ****  * WARRANTIES, INCLUDING, BUT NOT LIMITED TO, THE IMPLIED WARRANTIES OF
  24:Middlewares/Third_Party/LwIP/src/core/ipv4/icmp.c ****  * MERCHANTABILITY AND FITNESS FOR A PARTICULAR PURPOSE ARE DISCLAIMED. IN NO EVENT
  25:Middlewares/Third_Party/LwIP/src/core/ipv4/icmp.c ****  * SHALL THE AUTHOR BE LIABLE FOR ANY DIRECT, INDIRECT, INCIDENTAL, SPECIAL,
  26:Middlewares/Third_Party/LwIP/src/core/ipv4/icmp.c ****  * EXEMPLARY, OR CONSEQUENTIAL DAMAGES (INCLUDING, BUT NOT LIMITED TO, PROCUREMENT
  27:Middlewares/Third_Party/LwIP/src/core/ipv4/icmp.c ****  * OF SUBSTITUTE GOODS OR SERVICES; LOSS OF USE, DATA, OR PROFITS; OR BUSINESS
  28:Middlewares/Third_Party/LwIP/src/core/ipv4/icmp.c ****  * INTERRUPTION) HOWEVER CAUSED AND ON ANY THEORY OF LIABILITY, WHETHER IN
  29:Middlewares/Third_Party/LwIP/src/core/ipv4/icmp.c ****  * CONTRACT, STRICT LIABILITY, OR TORT (INCLUDING NEGLIGENCE OR OTHERWISE) ARISING
  30:Middlewares/Third_Party/LwIP/src/core/ipv4/icmp.c ****  * IN ANY WAY OUT OF THE USE OF THIS SOFTWARE, EVEN IF ADVISED OF THE POSSIBILITY
  31:Middlewares/Third_Party/LwIP/src/core/ipv4/icmp.c ****  * OF SUCH DAMAGE.
  32:Middlewares/Third_Party/LwIP/src/core/ipv4/icmp.c ****  *
  33:Middlewares/Third_Party/LwIP/src/core/ipv4/icmp.c ****  * This file is part of the lwIP TCP/IP stack.
  34:Middlewares/Third_Party/LwIP/src/core/ipv4/icmp.c ****  *
  35:Middlewares/Third_Party/LwIP/src/core/ipv4/icmp.c ****  * Author: Adam Dunkels <adam@sics.se>
  36:Middlewares/Third_Party/LwIP/src/core/ipv4/icmp.c ****  *
  37:Middlewares/Third_Party/LwIP/src/core/ipv4/icmp.c ****  */
  38:Middlewares/Third_Party/LwIP/src/core/ipv4/icmp.c **** 
  39:Middlewares/Third_Party/LwIP/src/core/ipv4/icmp.c **** /* Some ICMP messages should be passed to the transport protocols. This
  40:Middlewares/Third_Party/LwIP/src/core/ipv4/icmp.c ****    is not implemented. */
  41:Middlewares/Third_Party/LwIP/src/core/ipv4/icmp.c **** 
  42:Middlewares/Third_Party/LwIP/src/core/ipv4/icmp.c **** #include "lwip/opt.h"
  43:Middlewares/Third_Party/LwIP/src/core/ipv4/icmp.c **** 
  44:Middlewares/Third_Party/LwIP/src/core/ipv4/icmp.c **** #if LWIP_IPV4 && LWIP_ICMP /* don't build if not configured for use in lwipopts.h */
  45:Middlewares/Third_Party/LwIP/src/core/ipv4/icmp.c **** 
  46:Middlewares/Third_Party/LwIP/src/core/ipv4/icmp.c **** #include "lwip/icmp.h"
  47:Middlewares/Third_Party/LwIP/src/core/ipv4/icmp.c **** #include "lwip/inet_chksum.h"
  48:Middlewares/Third_Party/LwIP/src/core/ipv4/icmp.c **** #include "lwip/ip.h"
  49:Middlewares/Third_Party/LwIP/src/core/ipv4/icmp.c **** #include "lwip/def.h"
  50:Middlewares/Third_Party/LwIP/src/core/ipv4/icmp.c **** #include "lwip/stats.h"
  51:Middlewares/Third_Party/LwIP/src/core/ipv4/icmp.c **** 
  52:Middlewares/Third_Party/LwIP/src/core/ipv4/icmp.c **** #include <string.h>
  53:Middlewares/Third_Party/LwIP/src/core/ipv4/icmp.c **** 
  54:Middlewares/Third_Party/LwIP/src/core/ipv4/icmp.c **** #ifdef LWIP_HOOK_FILENAME
  55:Middlewares/Third_Party/LwIP/src/core/ipv4/icmp.c **** #include LWIP_HOOK_FILENAME
  56:Middlewares/Third_Party/LwIP/src/core/ipv4/icmp.c **** #endif
  57:Middlewares/Third_Party/LwIP/src/core/ipv4/icmp.c **** 
  58:Middlewares/Third_Party/LwIP/src/core/ipv4/icmp.c **** /** Small optimization: set to 0 if incoming PBUF_POOL pbuf always can be
  59:Middlewares/Third_Party/LwIP/src/core/ipv4/icmp.c ****  * used to modify and send a response packet (and to 1 if this is not the case,
  60:Middlewares/Third_Party/LwIP/src/core/ipv4/icmp.c ****  * e.g. when link header is stripped off when receiving) */
  61:Middlewares/Third_Party/LwIP/src/core/ipv4/icmp.c **** #ifndef LWIP_ICMP_ECHO_CHECK_INPUT_PBUF_LEN
  62:Middlewares/Third_Party/LwIP/src/core/ipv4/icmp.c **** #define LWIP_ICMP_ECHO_CHECK_INPUT_PBUF_LEN 1
  63:Middlewares/Third_Party/LwIP/src/core/ipv4/icmp.c **** #endif /* LWIP_ICMP_ECHO_CHECK_INPUT_PBUF_LEN */
  64:Middlewares/Third_Party/LwIP/src/core/ipv4/icmp.c **** 
  65:Middlewares/Third_Party/LwIP/src/core/ipv4/icmp.c **** /* The amount of data from the original packet to return in a dest-unreachable */
ARM GAS  /tmp/cc64yRRx.s 			page 3


  66:Middlewares/Third_Party/LwIP/src/core/ipv4/icmp.c **** #define ICMP_DEST_UNREACH_DATASIZE 8
  67:Middlewares/Third_Party/LwIP/src/core/ipv4/icmp.c **** 
  68:Middlewares/Third_Party/LwIP/src/core/ipv4/icmp.c **** static void icmp_send_response(struct pbuf *p, u8_t type, u8_t code);
  69:Middlewares/Third_Party/LwIP/src/core/ipv4/icmp.c **** 
  70:Middlewares/Third_Party/LwIP/src/core/ipv4/icmp.c **** /**
  71:Middlewares/Third_Party/LwIP/src/core/ipv4/icmp.c ****  * Processes ICMP input packets, called from ip_input().
  72:Middlewares/Third_Party/LwIP/src/core/ipv4/icmp.c ****  *
  73:Middlewares/Third_Party/LwIP/src/core/ipv4/icmp.c ****  * Currently only processes icmp echo requests and sends
  74:Middlewares/Third_Party/LwIP/src/core/ipv4/icmp.c ****  * out the echo response.
  75:Middlewares/Third_Party/LwIP/src/core/ipv4/icmp.c ****  *
  76:Middlewares/Third_Party/LwIP/src/core/ipv4/icmp.c ****  * @param p the icmp echo request packet, p->payload pointing to the icmp header
  77:Middlewares/Third_Party/LwIP/src/core/ipv4/icmp.c ****  * @param inp the netif on which this packet was received
  78:Middlewares/Third_Party/LwIP/src/core/ipv4/icmp.c ****  */
  79:Middlewares/Third_Party/LwIP/src/core/ipv4/icmp.c **** void
  80:Middlewares/Third_Party/LwIP/src/core/ipv4/icmp.c **** icmp_input(struct pbuf *p, struct netif *inp)
  81:Middlewares/Third_Party/LwIP/src/core/ipv4/icmp.c **** {
  82:Middlewares/Third_Party/LwIP/src/core/ipv4/icmp.c ****   u8_t type;
  83:Middlewares/Third_Party/LwIP/src/core/ipv4/icmp.c **** #ifdef LWIP_DEBUG
  84:Middlewares/Third_Party/LwIP/src/core/ipv4/icmp.c ****   u8_t code;
  85:Middlewares/Third_Party/LwIP/src/core/ipv4/icmp.c **** #endif /* LWIP_DEBUG */
  86:Middlewares/Third_Party/LwIP/src/core/ipv4/icmp.c ****   struct icmp_echo_hdr *iecho;
  87:Middlewares/Third_Party/LwIP/src/core/ipv4/icmp.c ****   const struct ip_hdr *iphdr_in;
  88:Middlewares/Third_Party/LwIP/src/core/ipv4/icmp.c ****   u16_t hlen;
  89:Middlewares/Third_Party/LwIP/src/core/ipv4/icmp.c ****   const ip4_addr_t *src;
  90:Middlewares/Third_Party/LwIP/src/core/ipv4/icmp.c **** 
  91:Middlewares/Third_Party/LwIP/src/core/ipv4/icmp.c ****   ICMP_STATS_INC(icmp.recv);
  92:Middlewares/Third_Party/LwIP/src/core/ipv4/icmp.c ****   MIB2_STATS_INC(mib2.icmpinmsgs);
  93:Middlewares/Third_Party/LwIP/src/core/ipv4/icmp.c **** 
  94:Middlewares/Third_Party/LwIP/src/core/ipv4/icmp.c ****   iphdr_in = ip4_current_header();
  95:Middlewares/Third_Party/LwIP/src/core/ipv4/icmp.c ****   hlen = IPH_HL_BYTES(iphdr_in);
  96:Middlewares/Third_Party/LwIP/src/core/ipv4/icmp.c ****   if (hlen < IP_HLEN) {
  97:Middlewares/Third_Party/LwIP/src/core/ipv4/icmp.c ****     LWIP_DEBUGF(ICMP_DEBUG, ("icmp_input: short IP header (%"S16_F" bytes) received\n", hlen));
  98:Middlewares/Third_Party/LwIP/src/core/ipv4/icmp.c ****     goto lenerr;
  99:Middlewares/Third_Party/LwIP/src/core/ipv4/icmp.c ****   }
 100:Middlewares/Third_Party/LwIP/src/core/ipv4/icmp.c ****   if (p->len < sizeof(u16_t) * 2) {
 101:Middlewares/Third_Party/LwIP/src/core/ipv4/icmp.c ****     LWIP_DEBUGF(ICMP_DEBUG, ("icmp_input: short ICMP (%"U16_F" bytes) received\n", p->tot_len));
 102:Middlewares/Third_Party/LwIP/src/core/ipv4/icmp.c ****     goto lenerr;
 103:Middlewares/Third_Party/LwIP/src/core/ipv4/icmp.c ****   }
 104:Middlewares/Third_Party/LwIP/src/core/ipv4/icmp.c **** 
 105:Middlewares/Third_Party/LwIP/src/core/ipv4/icmp.c ****   type = *((u8_t *)p->payload);
 106:Middlewares/Third_Party/LwIP/src/core/ipv4/icmp.c **** #ifdef LWIP_DEBUG
 107:Middlewares/Third_Party/LwIP/src/core/ipv4/icmp.c ****   code = *(((u8_t *)p->payload) + 1);
 108:Middlewares/Third_Party/LwIP/src/core/ipv4/icmp.c ****   /* if debug is enabled but debug statement below is somehow disabled: */
 109:Middlewares/Third_Party/LwIP/src/core/ipv4/icmp.c ****   LWIP_UNUSED_ARG(code);
 110:Middlewares/Third_Party/LwIP/src/core/ipv4/icmp.c **** #endif /* LWIP_DEBUG */
 111:Middlewares/Third_Party/LwIP/src/core/ipv4/icmp.c ****   switch (type) {
 112:Middlewares/Third_Party/LwIP/src/core/ipv4/icmp.c ****     case ICMP_ER:
 113:Middlewares/Third_Party/LwIP/src/core/ipv4/icmp.c ****       /* This is OK, echo reply might have been parsed by a raw PCB
 114:Middlewares/Third_Party/LwIP/src/core/ipv4/icmp.c ****          (as obviously, an echo request has been sent, too). */
 115:Middlewares/Third_Party/LwIP/src/core/ipv4/icmp.c ****       MIB2_STATS_INC(mib2.icmpinechoreps);
 116:Middlewares/Third_Party/LwIP/src/core/ipv4/icmp.c ****       break;
 117:Middlewares/Third_Party/LwIP/src/core/ipv4/icmp.c ****     case ICMP_ECHO:
 118:Middlewares/Third_Party/LwIP/src/core/ipv4/icmp.c ****       MIB2_STATS_INC(mib2.icmpinechos);
 119:Middlewares/Third_Party/LwIP/src/core/ipv4/icmp.c ****       src = ip4_current_dest_addr();
 120:Middlewares/Third_Party/LwIP/src/core/ipv4/icmp.c ****       /* multicast destination address? */
 121:Middlewares/Third_Party/LwIP/src/core/ipv4/icmp.c ****       if (ip4_addr_ismulticast(ip4_current_dest_addr())) {
 122:Middlewares/Third_Party/LwIP/src/core/ipv4/icmp.c **** #if LWIP_MULTICAST_PING
ARM GAS  /tmp/cc64yRRx.s 			page 4


 123:Middlewares/Third_Party/LwIP/src/core/ipv4/icmp.c ****         /* For multicast, use address of receiving interface as source address */
 124:Middlewares/Third_Party/LwIP/src/core/ipv4/icmp.c ****         src = netif_ip4_addr(inp);
 125:Middlewares/Third_Party/LwIP/src/core/ipv4/icmp.c **** #else /* LWIP_MULTICAST_PING */
 126:Middlewares/Third_Party/LwIP/src/core/ipv4/icmp.c ****         LWIP_DEBUGF(ICMP_DEBUG, ("icmp_input: Not echoing to multicast pings\n"));
 127:Middlewares/Third_Party/LwIP/src/core/ipv4/icmp.c ****         goto icmperr;
 128:Middlewares/Third_Party/LwIP/src/core/ipv4/icmp.c **** #endif /* LWIP_MULTICAST_PING */
 129:Middlewares/Third_Party/LwIP/src/core/ipv4/icmp.c ****       }
 130:Middlewares/Third_Party/LwIP/src/core/ipv4/icmp.c ****       /* broadcast destination address? */
 131:Middlewares/Third_Party/LwIP/src/core/ipv4/icmp.c ****       if (ip4_addr_isbroadcast(ip4_current_dest_addr(), ip_current_netif())) {
 132:Middlewares/Third_Party/LwIP/src/core/ipv4/icmp.c **** #if LWIP_BROADCAST_PING
 133:Middlewares/Third_Party/LwIP/src/core/ipv4/icmp.c ****         /* For broadcast, use address of receiving interface as source address */
 134:Middlewares/Third_Party/LwIP/src/core/ipv4/icmp.c ****         src = netif_ip4_addr(inp);
 135:Middlewares/Third_Party/LwIP/src/core/ipv4/icmp.c **** #else /* LWIP_BROADCAST_PING */
 136:Middlewares/Third_Party/LwIP/src/core/ipv4/icmp.c ****         LWIP_DEBUGF(ICMP_DEBUG, ("icmp_input: Not echoing to broadcast pings\n"));
 137:Middlewares/Third_Party/LwIP/src/core/ipv4/icmp.c ****         goto icmperr;
 138:Middlewares/Third_Party/LwIP/src/core/ipv4/icmp.c **** #endif /* LWIP_BROADCAST_PING */
 139:Middlewares/Third_Party/LwIP/src/core/ipv4/icmp.c ****       }
 140:Middlewares/Third_Party/LwIP/src/core/ipv4/icmp.c ****       LWIP_DEBUGF(ICMP_DEBUG, ("icmp_input: ping\n"));
 141:Middlewares/Third_Party/LwIP/src/core/ipv4/icmp.c ****       if (p->tot_len < sizeof(struct icmp_echo_hdr)) {
 142:Middlewares/Third_Party/LwIP/src/core/ipv4/icmp.c ****         LWIP_DEBUGF(ICMP_DEBUG, ("icmp_input: bad ICMP echo received\n"));
 143:Middlewares/Third_Party/LwIP/src/core/ipv4/icmp.c ****         goto lenerr;
 144:Middlewares/Third_Party/LwIP/src/core/ipv4/icmp.c ****       }
 145:Middlewares/Third_Party/LwIP/src/core/ipv4/icmp.c **** #if CHECKSUM_CHECK_ICMP
 146:Middlewares/Third_Party/LwIP/src/core/ipv4/icmp.c ****       IF__NETIF_CHECKSUM_ENABLED(inp, NETIF_CHECKSUM_CHECK_ICMP) {
 147:Middlewares/Third_Party/LwIP/src/core/ipv4/icmp.c ****         if (inet_chksum_pbuf(p) != 0) {
 148:Middlewares/Third_Party/LwIP/src/core/ipv4/icmp.c ****           LWIP_DEBUGF(ICMP_DEBUG, ("icmp_input: checksum failed for received ICMP echo\n"));
 149:Middlewares/Third_Party/LwIP/src/core/ipv4/icmp.c ****           pbuf_free(p);
 150:Middlewares/Third_Party/LwIP/src/core/ipv4/icmp.c ****           ICMP_STATS_INC(icmp.chkerr);
 151:Middlewares/Third_Party/LwIP/src/core/ipv4/icmp.c ****           MIB2_STATS_INC(mib2.icmpinerrors);
 152:Middlewares/Third_Party/LwIP/src/core/ipv4/icmp.c ****           return;
 153:Middlewares/Third_Party/LwIP/src/core/ipv4/icmp.c ****         }
 154:Middlewares/Third_Party/LwIP/src/core/ipv4/icmp.c ****       }
 155:Middlewares/Third_Party/LwIP/src/core/ipv4/icmp.c **** #endif
 156:Middlewares/Third_Party/LwIP/src/core/ipv4/icmp.c **** #if LWIP_ICMP_ECHO_CHECK_INPUT_PBUF_LEN
 157:Middlewares/Third_Party/LwIP/src/core/ipv4/icmp.c ****       if (pbuf_add_header(p, hlen + PBUF_LINK_HLEN + PBUF_LINK_ENCAPSULATION_HLEN)) {
 158:Middlewares/Third_Party/LwIP/src/core/ipv4/icmp.c ****         /* p is not big enough to contain link headers
 159:Middlewares/Third_Party/LwIP/src/core/ipv4/icmp.c ****          * allocate a new one and copy p into it
 160:Middlewares/Third_Party/LwIP/src/core/ipv4/icmp.c ****          */
 161:Middlewares/Third_Party/LwIP/src/core/ipv4/icmp.c ****         struct pbuf *r;
 162:Middlewares/Third_Party/LwIP/src/core/ipv4/icmp.c ****         u16_t alloc_len = (u16_t)(p->tot_len + hlen);
 163:Middlewares/Third_Party/LwIP/src/core/ipv4/icmp.c ****         if (alloc_len < p->tot_len) {
 164:Middlewares/Third_Party/LwIP/src/core/ipv4/icmp.c ****           LWIP_DEBUGF(ICMP_DEBUG, ("icmp_input: allocating new pbuf failed (tot_len overflow)\n"));
 165:Middlewares/Third_Party/LwIP/src/core/ipv4/icmp.c ****           goto icmperr;
 166:Middlewares/Third_Party/LwIP/src/core/ipv4/icmp.c ****         }
 167:Middlewares/Third_Party/LwIP/src/core/ipv4/icmp.c ****         /* allocate new packet buffer with space for link headers */
 168:Middlewares/Third_Party/LwIP/src/core/ipv4/icmp.c ****         r = pbuf_alloc(PBUF_LINK, alloc_len, PBUF_RAM);
 169:Middlewares/Third_Party/LwIP/src/core/ipv4/icmp.c ****         if (r == NULL) {
 170:Middlewares/Third_Party/LwIP/src/core/ipv4/icmp.c ****           LWIP_DEBUGF(ICMP_DEBUG, ("icmp_input: allocating new pbuf failed\n"));
 171:Middlewares/Third_Party/LwIP/src/core/ipv4/icmp.c ****           goto icmperr;
 172:Middlewares/Third_Party/LwIP/src/core/ipv4/icmp.c ****         }
 173:Middlewares/Third_Party/LwIP/src/core/ipv4/icmp.c ****         if (r->len < hlen + sizeof(struct icmp_echo_hdr)) {
 174:Middlewares/Third_Party/LwIP/src/core/ipv4/icmp.c ****           LWIP_DEBUGF(ICMP_DEBUG | LWIP_DBG_LEVEL_SERIOUS, ("first pbuf cannot hold the ICMP header
 175:Middlewares/Third_Party/LwIP/src/core/ipv4/icmp.c ****           pbuf_free(r);
 176:Middlewares/Third_Party/LwIP/src/core/ipv4/icmp.c ****           goto icmperr;
 177:Middlewares/Third_Party/LwIP/src/core/ipv4/icmp.c ****         }
 178:Middlewares/Third_Party/LwIP/src/core/ipv4/icmp.c ****         /* copy the ip header */
 179:Middlewares/Third_Party/LwIP/src/core/ipv4/icmp.c ****         MEMCPY(r->payload, iphdr_in, hlen);
ARM GAS  /tmp/cc64yRRx.s 			page 5


 180:Middlewares/Third_Party/LwIP/src/core/ipv4/icmp.c ****         /* switch r->payload back to icmp header (cannot fail) */
 181:Middlewares/Third_Party/LwIP/src/core/ipv4/icmp.c ****         if (pbuf_remove_header(r, hlen)) {
 182:Middlewares/Third_Party/LwIP/src/core/ipv4/icmp.c ****           LWIP_ASSERT("icmp_input: moving r->payload to icmp header failed\n", 0);
 183:Middlewares/Third_Party/LwIP/src/core/ipv4/icmp.c ****           pbuf_free(r);
 184:Middlewares/Third_Party/LwIP/src/core/ipv4/icmp.c ****           goto icmperr;
 185:Middlewares/Third_Party/LwIP/src/core/ipv4/icmp.c ****         }
 186:Middlewares/Third_Party/LwIP/src/core/ipv4/icmp.c ****         /* copy the rest of the packet without ip header */
 187:Middlewares/Third_Party/LwIP/src/core/ipv4/icmp.c ****         if (pbuf_copy(r, p) != ERR_OK) {
 188:Middlewares/Third_Party/LwIP/src/core/ipv4/icmp.c ****           LWIP_DEBUGF(ICMP_DEBUG | LWIP_DBG_LEVEL_SERIOUS, ("icmp_input: copying to new pbuf failed
 189:Middlewares/Third_Party/LwIP/src/core/ipv4/icmp.c ****           pbuf_free(r);
 190:Middlewares/Third_Party/LwIP/src/core/ipv4/icmp.c ****           goto icmperr;
 191:Middlewares/Third_Party/LwIP/src/core/ipv4/icmp.c ****         }
 192:Middlewares/Third_Party/LwIP/src/core/ipv4/icmp.c ****         /* free the original p */
 193:Middlewares/Third_Party/LwIP/src/core/ipv4/icmp.c ****         pbuf_free(p);
 194:Middlewares/Third_Party/LwIP/src/core/ipv4/icmp.c ****         /* we now have an identical copy of p that has room for link headers */
 195:Middlewares/Third_Party/LwIP/src/core/ipv4/icmp.c ****         p = r;
 196:Middlewares/Third_Party/LwIP/src/core/ipv4/icmp.c ****       } else {
 197:Middlewares/Third_Party/LwIP/src/core/ipv4/icmp.c ****         /* restore p->payload to point to icmp header (cannot fail) */
 198:Middlewares/Third_Party/LwIP/src/core/ipv4/icmp.c ****         if (pbuf_remove_header(p, hlen + PBUF_LINK_HLEN + PBUF_LINK_ENCAPSULATION_HLEN)) {
 199:Middlewares/Third_Party/LwIP/src/core/ipv4/icmp.c ****           LWIP_ASSERT("icmp_input: restoring original p->payload failed\n", 0);
 200:Middlewares/Third_Party/LwIP/src/core/ipv4/icmp.c ****           goto icmperr;
 201:Middlewares/Third_Party/LwIP/src/core/ipv4/icmp.c ****         }
 202:Middlewares/Third_Party/LwIP/src/core/ipv4/icmp.c ****       }
 203:Middlewares/Third_Party/LwIP/src/core/ipv4/icmp.c **** #endif /* LWIP_ICMP_ECHO_CHECK_INPUT_PBUF_LEN */
 204:Middlewares/Third_Party/LwIP/src/core/ipv4/icmp.c ****       /* At this point, all checks are OK. */
 205:Middlewares/Third_Party/LwIP/src/core/ipv4/icmp.c ****       /* We generate an answer by switching the dest and src ip addresses,
 206:Middlewares/Third_Party/LwIP/src/core/ipv4/icmp.c ****        * setting the icmp type to ECHO_RESPONSE and updating the checksum. */
 207:Middlewares/Third_Party/LwIP/src/core/ipv4/icmp.c ****       iecho = (struct icmp_echo_hdr *)p->payload;
 208:Middlewares/Third_Party/LwIP/src/core/ipv4/icmp.c ****       if (pbuf_add_header(p, hlen)) {
 209:Middlewares/Third_Party/LwIP/src/core/ipv4/icmp.c ****         LWIP_DEBUGF(ICMP_DEBUG | LWIP_DBG_LEVEL_SERIOUS, ("Can't move over header in packet"));
 210:Middlewares/Third_Party/LwIP/src/core/ipv4/icmp.c ****       } else {
 211:Middlewares/Third_Party/LwIP/src/core/ipv4/icmp.c ****         err_t ret;
 212:Middlewares/Third_Party/LwIP/src/core/ipv4/icmp.c ****         struct ip_hdr *iphdr = (struct ip_hdr *)p->payload;
 213:Middlewares/Third_Party/LwIP/src/core/ipv4/icmp.c ****         ip4_addr_copy(iphdr->src, *src);
 214:Middlewares/Third_Party/LwIP/src/core/ipv4/icmp.c ****         ip4_addr_copy(iphdr->dest, *ip4_current_src_addr());
 215:Middlewares/Third_Party/LwIP/src/core/ipv4/icmp.c ****         ICMPH_TYPE_SET(iecho, ICMP_ER);
 216:Middlewares/Third_Party/LwIP/src/core/ipv4/icmp.c **** #if CHECKSUM_GEN_ICMP
 217:Middlewares/Third_Party/LwIP/src/core/ipv4/icmp.c ****         IF__NETIF_CHECKSUM_ENABLED(inp, NETIF_CHECKSUM_GEN_ICMP) {
 218:Middlewares/Third_Party/LwIP/src/core/ipv4/icmp.c ****           /* adjust the checksum */
 219:Middlewares/Third_Party/LwIP/src/core/ipv4/icmp.c ****           if (iecho->chksum > PP_HTONS(0xffffU - (ICMP_ECHO << 8))) {
 220:Middlewares/Third_Party/LwIP/src/core/ipv4/icmp.c ****             iecho->chksum = (u16_t)(iecho->chksum + PP_HTONS((u16_t)(ICMP_ECHO << 8)) + 1);
 221:Middlewares/Third_Party/LwIP/src/core/ipv4/icmp.c ****           } else {
 222:Middlewares/Third_Party/LwIP/src/core/ipv4/icmp.c ****             iecho->chksum = (u16_t)(iecho->chksum + PP_HTONS(ICMP_ECHO << 8));
 223:Middlewares/Third_Party/LwIP/src/core/ipv4/icmp.c ****           }
 224:Middlewares/Third_Party/LwIP/src/core/ipv4/icmp.c ****         }
 225:Middlewares/Third_Party/LwIP/src/core/ipv4/icmp.c **** #if LWIP_CHECKSUM_CTRL_PER_NETIF
 226:Middlewares/Third_Party/LwIP/src/core/ipv4/icmp.c ****         else {
 227:Middlewares/Third_Party/LwIP/src/core/ipv4/icmp.c ****           iecho->chksum = 0;
 228:Middlewares/Third_Party/LwIP/src/core/ipv4/icmp.c ****         }
 229:Middlewares/Third_Party/LwIP/src/core/ipv4/icmp.c **** #endif /* LWIP_CHECKSUM_CTRL_PER_NETIF */
 230:Middlewares/Third_Party/LwIP/src/core/ipv4/icmp.c **** #else /* CHECKSUM_GEN_ICMP */
 231:Middlewares/Third_Party/LwIP/src/core/ipv4/icmp.c ****         iecho->chksum = 0;
 232:Middlewares/Third_Party/LwIP/src/core/ipv4/icmp.c **** #endif /* CHECKSUM_GEN_ICMP */
 233:Middlewares/Third_Party/LwIP/src/core/ipv4/icmp.c **** 
 234:Middlewares/Third_Party/LwIP/src/core/ipv4/icmp.c ****         /* Set the correct TTL and recalculate the header checksum. */
 235:Middlewares/Third_Party/LwIP/src/core/ipv4/icmp.c ****         IPH_TTL_SET(iphdr, ICMP_TTL);
 236:Middlewares/Third_Party/LwIP/src/core/ipv4/icmp.c ****         IPH_CHKSUM_SET(iphdr, 0);
ARM GAS  /tmp/cc64yRRx.s 			page 6


 237:Middlewares/Third_Party/LwIP/src/core/ipv4/icmp.c **** #if CHECKSUM_GEN_IP
 238:Middlewares/Third_Party/LwIP/src/core/ipv4/icmp.c ****         IF__NETIF_CHECKSUM_ENABLED(inp, NETIF_CHECKSUM_GEN_IP) {
 239:Middlewares/Third_Party/LwIP/src/core/ipv4/icmp.c ****           IPH_CHKSUM_SET(iphdr, inet_chksum(iphdr, hlen));
 240:Middlewares/Third_Party/LwIP/src/core/ipv4/icmp.c ****         }
 241:Middlewares/Third_Party/LwIP/src/core/ipv4/icmp.c **** #endif /* CHECKSUM_GEN_IP */
 242:Middlewares/Third_Party/LwIP/src/core/ipv4/icmp.c **** 
 243:Middlewares/Third_Party/LwIP/src/core/ipv4/icmp.c ****         ICMP_STATS_INC(icmp.xmit);
 244:Middlewares/Third_Party/LwIP/src/core/ipv4/icmp.c ****         /* increase number of messages attempted to send */
 245:Middlewares/Third_Party/LwIP/src/core/ipv4/icmp.c ****         MIB2_STATS_INC(mib2.icmpoutmsgs);
 246:Middlewares/Third_Party/LwIP/src/core/ipv4/icmp.c ****         /* increase number of echo replies attempted to send */
 247:Middlewares/Third_Party/LwIP/src/core/ipv4/icmp.c ****         MIB2_STATS_INC(mib2.icmpoutechoreps);
 248:Middlewares/Third_Party/LwIP/src/core/ipv4/icmp.c **** 
 249:Middlewares/Third_Party/LwIP/src/core/ipv4/icmp.c ****         /* send an ICMP packet */
 250:Middlewares/Third_Party/LwIP/src/core/ipv4/icmp.c ****         ret = ip4_output_if(p, src, LWIP_IP_HDRINCL,
 251:Middlewares/Third_Party/LwIP/src/core/ipv4/icmp.c ****                             ICMP_TTL, 0, IP_PROTO_ICMP, inp);
 252:Middlewares/Third_Party/LwIP/src/core/ipv4/icmp.c ****         if (ret != ERR_OK) {
 253:Middlewares/Third_Party/LwIP/src/core/ipv4/icmp.c ****           LWIP_DEBUGF(ICMP_DEBUG, ("icmp_input: ip_output_if returned an error: %s\n", lwip_strerr(
 254:Middlewares/Third_Party/LwIP/src/core/ipv4/icmp.c ****         }
 255:Middlewares/Third_Party/LwIP/src/core/ipv4/icmp.c ****       }
 256:Middlewares/Third_Party/LwIP/src/core/ipv4/icmp.c ****       break;
 257:Middlewares/Third_Party/LwIP/src/core/ipv4/icmp.c ****     default:
 258:Middlewares/Third_Party/LwIP/src/core/ipv4/icmp.c ****       if (type == ICMP_DUR) {
 259:Middlewares/Third_Party/LwIP/src/core/ipv4/icmp.c ****         MIB2_STATS_INC(mib2.icmpindestunreachs);
 260:Middlewares/Third_Party/LwIP/src/core/ipv4/icmp.c ****       } else if (type == ICMP_TE) {
 261:Middlewares/Third_Party/LwIP/src/core/ipv4/icmp.c ****         MIB2_STATS_INC(mib2.icmpintimeexcds);
 262:Middlewares/Third_Party/LwIP/src/core/ipv4/icmp.c ****       } else if (type == ICMP_PP) {
 263:Middlewares/Third_Party/LwIP/src/core/ipv4/icmp.c ****         MIB2_STATS_INC(mib2.icmpinparmprobs);
 264:Middlewares/Third_Party/LwIP/src/core/ipv4/icmp.c ****       } else if (type == ICMP_SQ) {
 265:Middlewares/Third_Party/LwIP/src/core/ipv4/icmp.c ****         MIB2_STATS_INC(mib2.icmpinsrcquenchs);
 266:Middlewares/Third_Party/LwIP/src/core/ipv4/icmp.c ****       } else if (type == ICMP_RD) {
 267:Middlewares/Third_Party/LwIP/src/core/ipv4/icmp.c ****         MIB2_STATS_INC(mib2.icmpinredirects);
 268:Middlewares/Third_Party/LwIP/src/core/ipv4/icmp.c ****       } else if (type == ICMP_TS) {
 269:Middlewares/Third_Party/LwIP/src/core/ipv4/icmp.c ****         MIB2_STATS_INC(mib2.icmpintimestamps);
 270:Middlewares/Third_Party/LwIP/src/core/ipv4/icmp.c ****       } else if (type == ICMP_TSR) {
 271:Middlewares/Third_Party/LwIP/src/core/ipv4/icmp.c ****         MIB2_STATS_INC(mib2.icmpintimestampreps);
 272:Middlewares/Third_Party/LwIP/src/core/ipv4/icmp.c ****       } else if (type == ICMP_AM) {
 273:Middlewares/Third_Party/LwIP/src/core/ipv4/icmp.c ****         MIB2_STATS_INC(mib2.icmpinaddrmasks);
 274:Middlewares/Third_Party/LwIP/src/core/ipv4/icmp.c ****       } else if (type == ICMP_AMR) {
 275:Middlewares/Third_Party/LwIP/src/core/ipv4/icmp.c ****         MIB2_STATS_INC(mib2.icmpinaddrmaskreps);
 276:Middlewares/Third_Party/LwIP/src/core/ipv4/icmp.c ****       }
 277:Middlewares/Third_Party/LwIP/src/core/ipv4/icmp.c ****       LWIP_DEBUGF(ICMP_DEBUG, ("icmp_input: ICMP type %"S16_F" code %"S16_F" not supported.\n",
 278:Middlewares/Third_Party/LwIP/src/core/ipv4/icmp.c ****                                (s16_t)type, (s16_t)code));
 279:Middlewares/Third_Party/LwIP/src/core/ipv4/icmp.c ****       ICMP_STATS_INC(icmp.proterr);
 280:Middlewares/Third_Party/LwIP/src/core/ipv4/icmp.c ****       ICMP_STATS_INC(icmp.drop);
 281:Middlewares/Third_Party/LwIP/src/core/ipv4/icmp.c ****   }
 282:Middlewares/Third_Party/LwIP/src/core/ipv4/icmp.c ****   pbuf_free(p);
 283:Middlewares/Third_Party/LwIP/src/core/ipv4/icmp.c ****   return;
 284:Middlewares/Third_Party/LwIP/src/core/ipv4/icmp.c **** lenerr:
 285:Middlewares/Third_Party/LwIP/src/core/ipv4/icmp.c ****   pbuf_free(p);
 286:Middlewares/Third_Party/LwIP/src/core/ipv4/icmp.c ****   ICMP_STATS_INC(icmp.lenerr);
 287:Middlewares/Third_Party/LwIP/src/core/ipv4/icmp.c ****   MIB2_STATS_INC(mib2.icmpinerrors);
 288:Middlewares/Third_Party/LwIP/src/core/ipv4/icmp.c ****   return;
 289:Middlewares/Third_Party/LwIP/src/core/ipv4/icmp.c **** #if LWIP_ICMP_ECHO_CHECK_INPUT_PBUF_LEN || !LWIP_MULTICAST_PING || !LWIP_BROADCAST_PING
 290:Middlewares/Third_Party/LwIP/src/core/ipv4/icmp.c **** icmperr:
 291:Middlewares/Third_Party/LwIP/src/core/ipv4/icmp.c ****   pbuf_free(p);
 292:Middlewares/Third_Party/LwIP/src/core/ipv4/icmp.c ****   ICMP_STATS_INC(icmp.err);
 293:Middlewares/Third_Party/LwIP/src/core/ipv4/icmp.c ****   MIB2_STATS_INC(mib2.icmpinerrors);
ARM GAS  /tmp/cc64yRRx.s 			page 7


 294:Middlewares/Third_Party/LwIP/src/core/ipv4/icmp.c ****   return;
 295:Middlewares/Third_Party/LwIP/src/core/ipv4/icmp.c **** #endif /* LWIP_ICMP_ECHO_CHECK_INPUT_PBUF_LEN || !LWIP_MULTICAST_PING || !LWIP_BROADCAST_PING */
 296:Middlewares/Third_Party/LwIP/src/core/ipv4/icmp.c **** }
 297:Middlewares/Third_Party/LwIP/src/core/ipv4/icmp.c **** 
 298:Middlewares/Third_Party/LwIP/src/core/ipv4/icmp.c **** /**
 299:Middlewares/Third_Party/LwIP/src/core/ipv4/icmp.c ****  * Send an icmp 'destination unreachable' packet, called from ip_input() if
 300:Middlewares/Third_Party/LwIP/src/core/ipv4/icmp.c ****  * the transport layer protocol is unknown and from udp_input() if the local
 301:Middlewares/Third_Party/LwIP/src/core/ipv4/icmp.c ****  * port is not bound.
 302:Middlewares/Third_Party/LwIP/src/core/ipv4/icmp.c ****  *
 303:Middlewares/Third_Party/LwIP/src/core/ipv4/icmp.c ****  * @param p the input packet for which the 'unreachable' should be sent,
 304:Middlewares/Third_Party/LwIP/src/core/ipv4/icmp.c ****  *          p->payload pointing to the IP header
 305:Middlewares/Third_Party/LwIP/src/core/ipv4/icmp.c ****  * @param t type of the 'unreachable' packet
 306:Middlewares/Third_Party/LwIP/src/core/ipv4/icmp.c ****  */
 307:Middlewares/Third_Party/LwIP/src/core/ipv4/icmp.c **** void
 308:Middlewares/Third_Party/LwIP/src/core/ipv4/icmp.c **** icmp_dest_unreach(struct pbuf *p, enum icmp_dur_type t)
 309:Middlewares/Third_Party/LwIP/src/core/ipv4/icmp.c **** {
 310:Middlewares/Third_Party/LwIP/src/core/ipv4/icmp.c ****   MIB2_STATS_INC(mib2.icmpoutdestunreachs);
 311:Middlewares/Third_Party/LwIP/src/core/ipv4/icmp.c ****   icmp_send_response(p, ICMP_DUR, t);
 312:Middlewares/Third_Party/LwIP/src/core/ipv4/icmp.c **** }
 313:Middlewares/Third_Party/LwIP/src/core/ipv4/icmp.c **** 
 314:Middlewares/Third_Party/LwIP/src/core/ipv4/icmp.c **** #if IP_FORWARD || IP_REASSEMBLY
 315:Middlewares/Third_Party/LwIP/src/core/ipv4/icmp.c **** /**
 316:Middlewares/Third_Party/LwIP/src/core/ipv4/icmp.c ****  * Send a 'time exceeded' packet, called from ip_forward() if TTL is 0.
 317:Middlewares/Third_Party/LwIP/src/core/ipv4/icmp.c ****  *
 318:Middlewares/Third_Party/LwIP/src/core/ipv4/icmp.c ****  * @param p the input packet for which the 'time exceeded' should be sent,
 319:Middlewares/Third_Party/LwIP/src/core/ipv4/icmp.c ****  *          p->payload pointing to the IP header
 320:Middlewares/Third_Party/LwIP/src/core/ipv4/icmp.c ****  * @param t type of the 'time exceeded' packet
 321:Middlewares/Third_Party/LwIP/src/core/ipv4/icmp.c ****  */
 322:Middlewares/Third_Party/LwIP/src/core/ipv4/icmp.c **** void
 323:Middlewares/Third_Party/LwIP/src/core/ipv4/icmp.c **** icmp_time_exceeded(struct pbuf *p, enum icmp_te_type t)
 324:Middlewares/Third_Party/LwIP/src/core/ipv4/icmp.c **** {
 325:Middlewares/Third_Party/LwIP/src/core/ipv4/icmp.c ****   MIB2_STATS_INC(mib2.icmpouttimeexcds);
 326:Middlewares/Third_Party/LwIP/src/core/ipv4/icmp.c ****   icmp_send_response(p, ICMP_TE, t);
 327:Middlewares/Third_Party/LwIP/src/core/ipv4/icmp.c **** }
 328:Middlewares/Third_Party/LwIP/src/core/ipv4/icmp.c **** 
 329:Middlewares/Third_Party/LwIP/src/core/ipv4/icmp.c **** #endif /* IP_FORWARD || IP_REASSEMBLY */
 330:Middlewares/Third_Party/LwIP/src/core/ipv4/icmp.c **** 
 331:Middlewares/Third_Party/LwIP/src/core/ipv4/icmp.c **** /**
 332:Middlewares/Third_Party/LwIP/src/core/ipv4/icmp.c ****  * Send an icmp packet in response to an incoming packet.
 333:Middlewares/Third_Party/LwIP/src/core/ipv4/icmp.c ****  *
 334:Middlewares/Third_Party/LwIP/src/core/ipv4/icmp.c ****  * @param p the input packet for which the 'unreachable' should be sent,
 335:Middlewares/Third_Party/LwIP/src/core/ipv4/icmp.c ****  *          p->payload pointing to the IP header
 336:Middlewares/Third_Party/LwIP/src/core/ipv4/icmp.c ****  * @param type Type of the ICMP header
 337:Middlewares/Third_Party/LwIP/src/core/ipv4/icmp.c ****  * @param code Code of the ICMP header
 338:Middlewares/Third_Party/LwIP/src/core/ipv4/icmp.c ****  */
 339:Middlewares/Third_Party/LwIP/src/core/ipv4/icmp.c **** static void
 340:Middlewares/Third_Party/LwIP/src/core/ipv4/icmp.c **** icmp_send_response(struct pbuf *p, u8_t type, u8_t code)
 341:Middlewares/Third_Party/LwIP/src/core/ipv4/icmp.c **** {
  39              		.loc 1 341 1 view -0
  40              		.cfi_startproc
  41              		@ args = 0, pretend = 0, frame = 8
  42              		@ frame_needed = 0, uses_anonymous_args = 0
  43              		.loc 1 341 1 is_stmt 0 view .LVU1
  44 0000 2DE9F041 		push	{r4, r5, r6, r7, r8, lr}
  45              	.LCFI0:
  46              		.cfi_def_cfa_offset 24
  47              		.cfi_offset 4, -24
ARM GAS  /tmp/cc64yRRx.s 			page 8


  48              		.cfi_offset 5, -20
  49              		.cfi_offset 6, -16
  50              		.cfi_offset 7, -12
  51              		.cfi_offset 8, -8
  52              		.cfi_offset 14, -4
  53 0004 86B0     		sub	sp, sp, #24
  54              	.LCFI1:
  55              		.cfi_def_cfa_offset 48
  56 0006 0646     		mov	r6, r0
  57 0008 8846     		mov	r8, r1
  58 000a 1746     		mov	r7, r2
 342:Middlewares/Third_Party/LwIP/src/core/ipv4/icmp.c ****   struct pbuf *q;
  59              		.loc 1 342 3 is_stmt 1 view .LVU2
 343:Middlewares/Third_Party/LwIP/src/core/ipv4/icmp.c ****   struct ip_hdr *iphdr;
  60              		.loc 1 343 3 view .LVU3
 344:Middlewares/Third_Party/LwIP/src/core/ipv4/icmp.c ****   /* we can use the echo header here */
 345:Middlewares/Third_Party/LwIP/src/core/ipv4/icmp.c ****   struct icmp_echo_hdr *icmphdr;
  61              		.loc 1 345 3 view .LVU4
 346:Middlewares/Third_Party/LwIP/src/core/ipv4/icmp.c ****   ip4_addr_t iphdr_src;
  62              		.loc 1 346 3 view .LVU5
 347:Middlewares/Third_Party/LwIP/src/core/ipv4/icmp.c ****   struct netif *netif;
  63              		.loc 1 347 3 view .LVU6
 348:Middlewares/Third_Party/LwIP/src/core/ipv4/icmp.c **** 
 349:Middlewares/Third_Party/LwIP/src/core/ipv4/icmp.c ****   /* increase number of messages attempted to send */
 350:Middlewares/Third_Party/LwIP/src/core/ipv4/icmp.c ****   MIB2_STATS_INC(mib2.icmpoutmsgs);
  64              		.loc 1 350 35 view .LVU7
 351:Middlewares/Third_Party/LwIP/src/core/ipv4/icmp.c **** 
 352:Middlewares/Third_Party/LwIP/src/core/ipv4/icmp.c ****   /* ICMP header + IP header + 8 bytes of data */
 353:Middlewares/Third_Party/LwIP/src/core/ipv4/icmp.c ****   q = pbuf_alloc(PBUF_IP, sizeof(struct icmp_echo_hdr) + IP_HLEN + ICMP_DEST_UNREACH_DATASIZE,
  65              		.loc 1 353 3 view .LVU8
  66              		.loc 1 353 7 is_stmt 0 view .LVU9
  67 000c 4FF42072 		mov	r2, #640
  68              	.LVL1:
  69              		.loc 1 353 7 view .LVU10
  70 0010 2421     		movs	r1, #36
  71              	.LVL2:
  72              		.loc 1 353 7 view .LVU11
  73 0012 2220     		movs	r0, #34
  74              	.LVL3:
  75              		.loc 1 353 7 view .LVU12
  76 0014 FFF7FEFF 		bl	pbuf_alloc
  77              	.LVL4:
 354:Middlewares/Third_Party/LwIP/src/core/ipv4/icmp.c ****                  PBUF_RAM);
 355:Middlewares/Third_Party/LwIP/src/core/ipv4/icmp.c ****   if (q == NULL) {
  78              		.loc 1 355 3 is_stmt 1 view .LVU13
  79              		.loc 1 355 6 is_stmt 0 view .LVU14
  80 0018 0028     		cmp	r0, #0
  81 001a 3BD0     		beq	.L1
  82 001c 0546     		mov	r5, r0
 356:Middlewares/Third_Party/LwIP/src/core/ipv4/icmp.c ****     LWIP_DEBUGF(ICMP_DEBUG, ("icmp_time_exceeded: failed to allocate pbuf for ICMP packet.\n"));
 357:Middlewares/Third_Party/LwIP/src/core/ipv4/icmp.c ****     MIB2_STATS_INC(mib2.icmpouterrors);
 358:Middlewares/Third_Party/LwIP/src/core/ipv4/icmp.c ****     return;
 359:Middlewares/Third_Party/LwIP/src/core/ipv4/icmp.c ****   }
 360:Middlewares/Third_Party/LwIP/src/core/ipv4/icmp.c ****   LWIP_ASSERT("check that first pbuf can hold icmp message",
  83              		.loc 1 360 3 is_stmt 1 view .LVU15
  84              		.loc 1 360 3 view .LVU16
  85 001e 4389     		ldrh	r3, [r0, #10]
ARM GAS  /tmp/cc64yRRx.s 			page 9


  86 0020 232B     		cmp	r3, #35
  87 0022 3AD9     		bls	.L7
  88              	.LVL5:
  89              	.L4:
  90              		.loc 1 360 3 discriminator 3 view .LVU17
  91              		.loc 1 360 3 discriminator 3 view .LVU18
 361:Middlewares/Third_Party/LwIP/src/core/ipv4/icmp.c ****               (q->len >= (sizeof(struct icmp_echo_hdr) + IP_HLEN + ICMP_DEST_UNREACH_DATASIZE)));
 362:Middlewares/Third_Party/LwIP/src/core/ipv4/icmp.c **** 
 363:Middlewares/Third_Party/LwIP/src/core/ipv4/icmp.c ****   iphdr = (struct ip_hdr *)p->payload;
  92              		.loc 1 363 3 view .LVU19
  93              		.loc 1 363 9 is_stmt 0 view .LVU20
  94 0024 D6F804C0 		ldr	ip, [r6, #4]
  95              	.LVL6:
 364:Middlewares/Third_Party/LwIP/src/core/ipv4/icmp.c ****   LWIP_DEBUGF(ICMP_DEBUG, ("icmp_time_exceeded from "));
  96              		.loc 1 364 3 is_stmt 1 view .LVU21
  97              		.loc 1 364 3 view .LVU22
  98              		.loc 1 364 3 discriminator 4 view .LVU23
 365:Middlewares/Third_Party/LwIP/src/core/ipv4/icmp.c ****   ip4_addr_debug_print_val(ICMP_DEBUG, iphdr->src);
  99              		.loc 1 365 3 view .LVU24
 100              		.loc 1 365 3 view .LVU25
 101              		.loc 1 365 3 discriminator 4 view .LVU26
 366:Middlewares/Third_Party/LwIP/src/core/ipv4/icmp.c ****   LWIP_DEBUGF(ICMP_DEBUG, (" to "));
 102              		.loc 1 366 3 view .LVU27
 103              		.loc 1 366 3 view .LVU28
 104              		.loc 1 366 3 discriminator 4 view .LVU29
 367:Middlewares/Third_Party/LwIP/src/core/ipv4/icmp.c ****   ip4_addr_debug_print_val(ICMP_DEBUG, iphdr->dest);
 105              		.loc 1 367 3 view .LVU30
 106              		.loc 1 367 3 view .LVU31
 107              		.loc 1 367 3 discriminator 4 view .LVU32
 368:Middlewares/Third_Party/LwIP/src/core/ipv4/icmp.c ****   LWIP_DEBUGF(ICMP_DEBUG, ("\n"));
 108              		.loc 1 368 3 view .LVU33
 109              		.loc 1 368 3 view .LVU34
 110              		.loc 1 368 3 discriminator 4 view .LVU35
 369:Middlewares/Third_Party/LwIP/src/core/ipv4/icmp.c **** 
 370:Middlewares/Third_Party/LwIP/src/core/ipv4/icmp.c ****   icmphdr = (struct icmp_echo_hdr *)q->payload;
 111              		.loc 1 370 3 view .LVU36
 112              		.loc 1 370 11 is_stmt 0 view .LVU37
 113 0028 6C68     		ldr	r4, [r5, #4]
 114              	.LVL7:
 371:Middlewares/Third_Party/LwIP/src/core/ipv4/icmp.c ****   icmphdr->type = type;
 115              		.loc 1 371 3 is_stmt 1 view .LVU38
 116              		.loc 1 371 17 is_stmt 0 view .LVU39
 117 002a 84F80080 		strb	r8, [r4]
 372:Middlewares/Third_Party/LwIP/src/core/ipv4/icmp.c ****   icmphdr->code = code;
 118              		.loc 1 372 3 is_stmt 1 view .LVU40
 119              		.loc 1 372 17 is_stmt 0 view .LVU41
 120 002e 6770     		strb	r7, [r4, #1]
 373:Middlewares/Third_Party/LwIP/src/core/ipv4/icmp.c ****   icmphdr->id = 0;
 121              		.loc 1 373 3 is_stmt 1 view .LVU42
 122              		.loc 1 373 15 is_stmt 0 view .LVU43
 123 0030 0023     		movs	r3, #0
 124 0032 2371     		strb	r3, [r4, #4]
 125 0034 6371     		strb	r3, [r4, #5]
 374:Middlewares/Third_Party/LwIP/src/core/ipv4/icmp.c ****   icmphdr->seqno = 0;
 126              		.loc 1 374 3 is_stmt 1 view .LVU44
 127              		.loc 1 374 18 is_stmt 0 view .LVU45
 128 0036 A371     		strb	r3, [r4, #6]
ARM GAS  /tmp/cc64yRRx.s 			page 10


 129 0038 E371     		strb	r3, [r4, #7]
 375:Middlewares/Third_Party/LwIP/src/core/ipv4/icmp.c **** 
 376:Middlewares/Third_Party/LwIP/src/core/ipv4/icmp.c ****   /* copy fields from original packet */
 377:Middlewares/Third_Party/LwIP/src/core/ipv4/icmp.c ****   SMEMCPY((u8_t *)q->payload + sizeof(struct icmp_echo_hdr), (u8_t *)p->payload,
 130              		.loc 1 377 3 is_stmt 1 view .LVU46
 131 003a 6B68     		ldr	r3, [r5, #4]
 132 003c 7268     		ldr	r2, [r6, #4]
 133 003e 1668     		ldr	r6, [r2]	@ unaligned
 134              	.LVL8:
 135              		.loc 1 377 3 is_stmt 0 view .LVU47
 136 0040 5068     		ldr	r0, [r2, #4]	@ unaligned
 137 0042 9168     		ldr	r1, [r2, #8]	@ unaligned
 138 0044 D768     		ldr	r7, [r2, #12]	@ unaligned
 139              	.LVL9:
 140              		.loc 1 377 3 view .LVU48
 141 0046 9E60     		str	r6, [r3, #8]	@ unaligned
 142 0048 D860     		str	r0, [r3, #12]	@ unaligned
 143 004a 1961     		str	r1, [r3, #16]	@ unaligned
 144 004c 5F61     		str	r7, [r3, #20]	@ unaligned
 145 004e 1669     		ldr	r6, [r2, #16]	@ unaligned
 146 0050 5069     		ldr	r0, [r2, #20]	@ unaligned
 147 0052 9169     		ldr	r1, [r2, #24]	@ unaligned
 148 0054 9E61     		str	r6, [r3, #24]	@ unaligned
 149 0056 D861     		str	r0, [r3, #28]	@ unaligned
 150 0058 1962     		str	r1, [r3, #32]	@ unaligned
 378:Middlewares/Third_Party/LwIP/src/core/ipv4/icmp.c ****           IP_HLEN + ICMP_DEST_UNREACH_DATASIZE);
 379:Middlewares/Third_Party/LwIP/src/core/ipv4/icmp.c **** 
 380:Middlewares/Third_Party/LwIP/src/core/ipv4/icmp.c ****   ip4_addr_copy(iphdr_src, iphdr->src);
 151              		.loc 1 380 3 is_stmt 1 view .LVU49
 152 005a DCF80C30 		ldr	r3, [ip, #12]	@ unaligned
 153 005e 0593     		str	r3, [sp, #20]
 381:Middlewares/Third_Party/LwIP/src/core/ipv4/icmp.c **** #ifdef LWIP_HOOK_IP4_ROUTE_SRC
 382:Middlewares/Third_Party/LwIP/src/core/ipv4/icmp.c ****   {
 383:Middlewares/Third_Party/LwIP/src/core/ipv4/icmp.c ****     ip4_addr_t iphdr_dst;
 384:Middlewares/Third_Party/LwIP/src/core/ipv4/icmp.c ****     ip4_addr_copy(iphdr_dst, iphdr->dest);
 385:Middlewares/Third_Party/LwIP/src/core/ipv4/icmp.c ****     netif = ip4_route_src(&iphdr_dst, &iphdr_src);
 386:Middlewares/Third_Party/LwIP/src/core/ipv4/icmp.c ****   }
 387:Middlewares/Third_Party/LwIP/src/core/ipv4/icmp.c **** #else
 388:Middlewares/Third_Party/LwIP/src/core/ipv4/icmp.c ****   netif = ip4_route(&iphdr_src);
 154              		.loc 1 388 3 view .LVU50
 155              		.loc 1 388 11 is_stmt 0 view .LVU51
 156 0060 05A8     		add	r0, sp, #20
 157 0062 FFF7FEFF 		bl	ip4_route
 158              	.LVL10:
 389:Middlewares/Third_Party/LwIP/src/core/ipv4/icmp.c **** #endif
 390:Middlewares/Third_Party/LwIP/src/core/ipv4/icmp.c ****   if (netif != NULL) {
 159              		.loc 1 390 3 is_stmt 1 view .LVU52
 160              		.loc 1 390 6 is_stmt 0 view .LVU53
 161 0066 0746     		mov	r7, r0
 162 0068 88B1     		cbz	r0, .L5
 391:Middlewares/Third_Party/LwIP/src/core/ipv4/icmp.c ****     /* calculate checksum */
 392:Middlewares/Third_Party/LwIP/src/core/ipv4/icmp.c ****     icmphdr->chksum = 0;
 163              		.loc 1 392 5 is_stmt 1 view .LVU54
 164              		.loc 1 392 21 is_stmt 0 view .LVU55
 165 006a 0026     		movs	r6, #0
 166 006c A670     		strb	r6, [r4, #2]
 167 006e E670     		strb	r6, [r4, #3]
ARM GAS  /tmp/cc64yRRx.s 			page 11


 393:Middlewares/Third_Party/LwIP/src/core/ipv4/icmp.c **** #if CHECKSUM_GEN_ICMP
 394:Middlewares/Third_Party/LwIP/src/core/ipv4/icmp.c ****     IF__NETIF_CHECKSUM_ENABLED(netif, NETIF_CHECKSUM_GEN_ICMP) {
 395:Middlewares/Third_Party/LwIP/src/core/ipv4/icmp.c ****       icmphdr->chksum = inet_chksum(icmphdr, q->len);
 168              		.loc 1 395 7 is_stmt 1 view .LVU56
 169              		.loc 1 395 25 is_stmt 0 view .LVU57
 170 0070 6989     		ldrh	r1, [r5, #10]
 171 0072 2046     		mov	r0, r4
 172              	.LVL11:
 173              		.loc 1 395 25 view .LVU58
 174 0074 FFF7FEFF 		bl	inet_chksum
 175              	.LVL12:
 176              		.loc 1 395 23 discriminator 1 view .LVU59
 177 0078 6080     		strh	r0, [r4, #2]	@ unaligned
 396:Middlewares/Third_Party/LwIP/src/core/ipv4/icmp.c ****     }
 397:Middlewares/Third_Party/LwIP/src/core/ipv4/icmp.c **** #endif
 398:Middlewares/Third_Party/LwIP/src/core/ipv4/icmp.c ****     ICMP_STATS_INC(icmp.xmit);
 178              		.loc 1 398 30 is_stmt 1 view .LVU60
 399:Middlewares/Third_Party/LwIP/src/core/ipv4/icmp.c ****     ip4_output_if(q, NULL, &iphdr_src, ICMP_TTL, 0, IP_PROTO_ICMP, netif);
 179              		.loc 1 399 5 view .LVU61
 180 007a 0297     		str	r7, [sp, #8]
 181 007c 0123     		movs	r3, #1
 182 007e 0193     		str	r3, [sp, #4]
 183 0080 0096     		str	r6, [sp]
 184 0082 FF23     		movs	r3, #255
 185 0084 05AA     		add	r2, sp, #20
 186 0086 3146     		mov	r1, r6
 187 0088 2846     		mov	r0, r5
 188 008a FFF7FEFF 		bl	ip4_output_if
 189              	.LVL13:
 190              	.L5:
 400:Middlewares/Third_Party/LwIP/src/core/ipv4/icmp.c ****   }
 401:Middlewares/Third_Party/LwIP/src/core/ipv4/icmp.c ****   pbuf_free(q);
 191              		.loc 1 401 3 view .LVU62
 192 008e 2846     		mov	r0, r5
 193 0090 FFF7FEFF 		bl	pbuf_free
 194              	.LVL14:
 195              	.L1:
 402:Middlewares/Third_Party/LwIP/src/core/ipv4/icmp.c **** }
 196              		.loc 1 402 1 is_stmt 0 view .LVU63
 197 0094 06B0     		add	sp, sp, #24
 198              	.LCFI2:
 199              		.cfi_remember_state
 200              		.cfi_def_cfa_offset 24
 201              		@ sp needed
 202 0096 BDE8F081 		pop	{r4, r5, r6, r7, r8, pc}
 203              	.LVL15:
 204              	.L7:
 205              	.LCFI3:
 206              		.cfi_restore_state
 360:Middlewares/Third_Party/LwIP/src/core/ipv4/icmp.c ****               (q->len >= (sizeof(struct icmp_echo_hdr) + IP_HLEN + ICMP_DEST_UNREACH_DATASIZE)));
 207              		.loc 1 360 3 is_stmt 1 discriminator 1 view .LVU64
 360:Middlewares/Third_Party/LwIP/src/core/ipv4/icmp.c ****               (q->len >= (sizeof(struct icmp_echo_hdr) + IP_HLEN + ICMP_DEST_UNREACH_DATASIZE)));
 208              		.loc 1 360 3 discriminator 1 view .LVU65
 209 009a 044B     		ldr	r3, .L8
 210 009c 4FF4B472 		mov	r2, #360
 211 00a0 0349     		ldr	r1, .L8+4
 212 00a2 0448     		ldr	r0, .L8+8
ARM GAS  /tmp/cc64yRRx.s 			page 12


 213              	.LVL16:
 360:Middlewares/Third_Party/LwIP/src/core/ipv4/icmp.c ****               (q->len >= (sizeof(struct icmp_echo_hdr) + IP_HLEN + ICMP_DEST_UNREACH_DATASIZE)));
 214              		.loc 1 360 3 is_stmt 0 discriminator 1 view .LVU66
 215 00a4 FFF7FEFF 		bl	printf
 216              	.LVL17:
 217 00a8 BCE7     		b	.L4
 218              	.L9:
 219 00aa 00BF     		.align	2
 220              	.L8:
 221 00ac 00000000 		.word	.LC0
 222 00b0 34000000 		.word	.LC1
 223 00b4 60000000 		.word	.LC2
 224              		.cfi_endproc
 225              	.LFE159:
 227              		.section	.rodata.icmp_input.str1.4,"aMS",%progbits,1
 228              		.align	2
 229              	.LC3:
 230 0000 69636D70 		.ascii	"icmp_input: moving r->payload to icmp header failed"
 230      5F696E70 
 230      75743A20 
 230      6D6F7669 
 230      6E672072 
 231 0033 0A00     		.ascii	"\012\000"
 232 0035 000000   		.align	2
 233              	.LC4:
 234 0038 69636D70 		.ascii	"icmp_input: restoring original p->payload failed\012"
 234      5F696E70 
 234      75743A20 
 234      72657374 
 234      6F72696E 
 235 0069 00       		.ascii	"\000"
 236              		.section	.text.icmp_input,"ax",%progbits
 237              		.align	1
 238              		.global	icmp_input
 239              		.syntax unified
 240              		.thumb
 241              		.thumb_func
 243              	icmp_input:
 244              	.LVL18:
 245              	.LFB156:
  81:Middlewares/Third_Party/LwIP/src/core/ipv4/icmp.c ****   u8_t type;
 246              		.loc 1 81 1 is_stmt 1 view -0
 247              		.cfi_startproc
 248              		@ args = 0, pretend = 0, frame = 0
 249              		@ frame_needed = 0, uses_anonymous_args = 0
  81:Middlewares/Third_Party/LwIP/src/core/ipv4/icmp.c ****   u8_t type;
 250              		.loc 1 81 1 is_stmt 0 view .LVU68
 251 0000 2DE9F043 		push	{r4, r5, r6, r7, r8, r9, lr}
 252              	.LCFI4:
 253              		.cfi_def_cfa_offset 28
 254              		.cfi_offset 4, -28
 255              		.cfi_offset 5, -24
 256              		.cfi_offset 6, -20
 257              		.cfi_offset 7, -16
 258              		.cfi_offset 8, -12
 259              		.cfi_offset 9, -8
 260              		.cfi_offset 14, -4
ARM GAS  /tmp/cc64yRRx.s 			page 13


 261 0004 85B0     		sub	sp, sp, #20
 262              	.LCFI5:
 263              		.cfi_def_cfa_offset 48
 264 0006 0546     		mov	r5, r0
  82:Middlewares/Third_Party/LwIP/src/core/ipv4/icmp.c **** #ifdef LWIP_DEBUG
 265              		.loc 1 82 3 is_stmt 1 view .LVU69
  84:Middlewares/Third_Party/LwIP/src/core/ipv4/icmp.c **** #endif /* LWIP_DEBUG */
 266              		.loc 1 84 3 view .LVU70
  86:Middlewares/Third_Party/LwIP/src/core/ipv4/icmp.c ****   const struct ip_hdr *iphdr_in;
 267              		.loc 1 86 3 view .LVU71
  87:Middlewares/Third_Party/LwIP/src/core/ipv4/icmp.c ****   u16_t hlen;
 268              		.loc 1 87 3 view .LVU72
  88:Middlewares/Third_Party/LwIP/src/core/ipv4/icmp.c ****   const ip4_addr_t *src;
 269              		.loc 1 88 3 view .LVU73
  89:Middlewares/Third_Party/LwIP/src/core/ipv4/icmp.c **** 
 270              		.loc 1 89 3 view .LVU74
  91:Middlewares/Third_Party/LwIP/src/core/ipv4/icmp.c ****   MIB2_STATS_INC(mib2.icmpinmsgs);
 271              		.loc 1 91 28 view .LVU75
  92:Middlewares/Third_Party/LwIP/src/core/ipv4/icmp.c **** 
 272              		.loc 1 92 34 view .LVU76
  94:Middlewares/Third_Party/LwIP/src/core/ipv4/icmp.c ****   hlen = IPH_HL_BYTES(iphdr_in);
 273              		.loc 1 94 3 view .LVU77
  94:Middlewares/Third_Party/LwIP/src/core/ipv4/icmp.c ****   hlen = IPH_HL_BYTES(iphdr_in);
 274              		.loc 1 94 12 is_stmt 0 view .LVU78
 275 0008 574B     		ldr	r3, .L29
 276 000a 9E68     		ldr	r6, [r3, #8]
 277              	.LVL19:
  95:Middlewares/Third_Party/LwIP/src/core/ipv4/icmp.c ****   if (hlen < IP_HLEN) {
 278              		.loc 1 95 3 is_stmt 1 view .LVU79
  95:Middlewares/Third_Party/LwIP/src/core/ipv4/icmp.c ****   if (hlen < IP_HLEN) {
 279              		.loc 1 95 10 is_stmt 0 view .LVU80
 280 000c 3478     		ldrb	r4, [r6]	@ zero_extendqisi2
 281 000e 04F00F04 		and	r4, r4, #15
 282 0012 A400     		lsls	r4, r4, #2
 283              	.LVL20:
  96:Middlewares/Third_Party/LwIP/src/core/ipv4/icmp.c ****     LWIP_DEBUGF(ICMP_DEBUG, ("icmp_input: short IP header (%"S16_F" bytes) received\n", hlen));
 284              		.loc 1 96 3 is_stmt 1 view .LVU81
  96:Middlewares/Third_Party/LwIP/src/core/ipv4/icmp.c ****     LWIP_DEBUGF(ICMP_DEBUG, ("icmp_input: short IP header (%"S16_F" bytes) received\n", hlen));
 285              		.loc 1 96 6 is_stmt 0 view .LVU82
 286 0014 132C     		cmp	r4, #19
 287 0016 16D9     		bls	.L11
 288 0018 0F46     		mov	r7, r1
 100:Middlewares/Third_Party/LwIP/src/core/ipv4/icmp.c ****     LWIP_DEBUGF(ICMP_DEBUG, ("icmp_input: short ICMP (%"U16_F" bytes) received\n", p->tot_len));
 289              		.loc 1 100 3 is_stmt 1 view .LVU83
 100:Middlewares/Third_Party/LwIP/src/core/ipv4/icmp.c ****     LWIP_DEBUGF(ICMP_DEBUG, ("icmp_input: short ICMP (%"U16_F" bytes) received\n", p->tot_len));
 290              		.loc 1 100 8 is_stmt 0 view .LVU84
 291 001a 4389     		ldrh	r3, [r0, #10]
 100:Middlewares/Third_Party/LwIP/src/core/ipv4/icmp.c ****     LWIP_DEBUGF(ICMP_DEBUG, ("icmp_input: short ICMP (%"U16_F" bytes) received\n", p->tot_len));
 292              		.loc 1 100 6 view .LVU85
 293 001c 032B     		cmp	r3, #3
 294 001e 12D9     		bls	.L11
 105:Middlewares/Third_Party/LwIP/src/core/ipv4/icmp.c **** #ifdef LWIP_DEBUG
 295              		.loc 1 105 3 is_stmt 1 view .LVU86
 105:Middlewares/Third_Party/LwIP/src/core/ipv4/icmp.c **** #ifdef LWIP_DEBUG
 296              		.loc 1 105 21 is_stmt 0 view .LVU87
 297 0020 4368     		ldr	r3, [r0, #4]
 105:Middlewares/Third_Party/LwIP/src/core/ipv4/icmp.c **** #ifdef LWIP_DEBUG
ARM GAS  /tmp/cc64yRRx.s 			page 14


 298              		.loc 1 105 8 view .LVU88
 299 0022 1B78     		ldrb	r3, [r3]	@ zero_extendqisi2
 300              	.LVL21:
 107:Middlewares/Third_Party/LwIP/src/core/ipv4/icmp.c ****   /* if debug is enabled but debug statement below is somehow disabled: */
 301              		.loc 1 107 3 is_stmt 1 view .LVU89
 109:Middlewares/Third_Party/LwIP/src/core/ipv4/icmp.c **** #endif /* LWIP_DEBUG */
 302              		.loc 1 109 3 view .LVU90
 111:Middlewares/Third_Party/LwIP/src/core/ipv4/icmp.c ****     case ICMP_ER:
 303              		.loc 1 111 3 view .LVU91
 304 0024 082B     		cmp	r3, #8
 305 0026 40F08F80 		bne	.L12
 118:Middlewares/Third_Party/LwIP/src/core/ipv4/icmp.c ****       src = ip4_current_dest_addr();
 306              		.loc 1 118 39 view .LVU92
 119:Middlewares/Third_Party/LwIP/src/core/ipv4/icmp.c ****       /* multicast destination address? */
 307              		.loc 1 119 7 view .LVU93
 308              	.LVL22:
 121:Middlewares/Third_Party/LwIP/src/core/ipv4/icmp.c **** #if LWIP_MULTICAST_PING
 309              		.loc 1 121 7 view .LVU94
 121:Middlewares/Third_Party/LwIP/src/core/ipv4/icmp.c **** #if LWIP_MULTICAST_PING
 310              		.loc 1 121 11 is_stmt 0 view .LVU95
 311 002a 4F4B     		ldr	r3, .L29
 312 002c 5869     		ldr	r0, [r3, #20]
 313              	.LVL23:
 121:Middlewares/Third_Party/LwIP/src/core/ipv4/icmp.c **** #if LWIP_MULTICAST_PING
 314              		.loc 1 121 11 view .LVU96
 315 002e 00F0F003 		and	r3, r0, #240
 121:Middlewares/Third_Party/LwIP/src/core/ipv4/icmp.c **** #if LWIP_MULTICAST_PING
 316              		.loc 1 121 10 view .LVU97
 317 0032 E02B     		cmp	r3, #224
 318 0034 1AD0     		beq	.L13
 131:Middlewares/Third_Party/LwIP/src/core/ipv4/icmp.c **** #if LWIP_BROADCAST_PING
 319              		.loc 1 131 7 is_stmt 1 view .LVU98
 131:Middlewares/Third_Party/LwIP/src/core/ipv4/icmp.c **** #if LWIP_BROADCAST_PING
 320              		.loc 1 131 11 is_stmt 0 view .LVU99
 321 0036 4C4B     		ldr	r3, .L29
 322 0038 1968     		ldr	r1, [r3]
 323              	.LVL24:
 131:Middlewares/Third_Party/LwIP/src/core/ipv4/icmp.c **** #if LWIP_BROADCAST_PING
 324              		.loc 1 131 11 view .LVU100
 325 003a FFF7FEFF 		bl	ip4_addr_isbroadcast_u32
 326              	.LVL25:
 131:Middlewares/Third_Party/LwIP/src/core/ipv4/icmp.c **** #if LWIP_BROADCAST_PING
 327              		.loc 1 131 10 discriminator 1 view .LVU101
 328 003e A8B9     		cbnz	r0, .L13
 140:Middlewares/Third_Party/LwIP/src/core/ipv4/icmp.c ****       if (p->tot_len < sizeof(struct icmp_echo_hdr)) {
 329              		.loc 1 140 7 is_stmt 1 view .LVU102
 140:Middlewares/Third_Party/LwIP/src/core/ipv4/icmp.c ****       if (p->tot_len < sizeof(struct icmp_echo_hdr)) {
 330              		.loc 1 140 7 view .LVU103
 140:Middlewares/Third_Party/LwIP/src/core/ipv4/icmp.c ****       if (p->tot_len < sizeof(struct icmp_echo_hdr)) {
 331              		.loc 1 140 7 discriminator 4 view .LVU104
 141:Middlewares/Third_Party/LwIP/src/core/ipv4/icmp.c ****         LWIP_DEBUGF(ICMP_DEBUG, ("icmp_input: bad ICMP echo received\n"));
 332              		.loc 1 141 7 view .LVU105
 141:Middlewares/Third_Party/LwIP/src/core/ipv4/icmp.c ****         LWIP_DEBUGF(ICMP_DEBUG, ("icmp_input: bad ICMP echo received\n"));
 333              		.loc 1 141 12 is_stmt 0 view .LVU106
 334 0040 2B89     		ldrh	r3, [r5, #8]
 141:Middlewares/Third_Party/LwIP/src/core/ipv4/icmp.c ****         LWIP_DEBUGF(ICMP_DEBUG, ("icmp_input: bad ICMP echo received\n"));
 335              		.loc 1 141 10 view .LVU107
ARM GAS  /tmp/cc64yRRx.s 			page 15


 336 0042 072B     		cmp	r3, #7
 337 0044 05D8     		bhi	.L23
 338              	.LVL26:
 339              	.L11:
 285:Middlewares/Third_Party/LwIP/src/core/ipv4/icmp.c ****   ICMP_STATS_INC(icmp.lenerr);
 340              		.loc 1 285 3 is_stmt 1 view .LVU108
 341 0046 2846     		mov	r0, r5
 342 0048 FFF7FEFF 		bl	pbuf_free
 343              	.LVL27:
 286:Middlewares/Third_Party/LwIP/src/core/ipv4/icmp.c ****   MIB2_STATS_INC(mib2.icmpinerrors);
 344              		.loc 1 286 30 view .LVU109
 287:Middlewares/Third_Party/LwIP/src/core/ipv4/icmp.c ****   return;
 345              		.loc 1 287 36 view .LVU110
 288:Middlewares/Third_Party/LwIP/src/core/ipv4/icmp.c **** #if LWIP_ICMP_ECHO_CHECK_INPUT_PBUF_LEN || !LWIP_MULTICAST_PING || !LWIP_BROADCAST_PING
 346              		.loc 1 288 3 view .LVU111
 347              	.L10:
 296:Middlewares/Third_Party/LwIP/src/core/ipv4/icmp.c **** 
 348              		.loc 1 296 1 is_stmt 0 view .LVU112
 349 004c 05B0     		add	sp, sp, #20
 350              	.LCFI6:
 351              		.cfi_remember_state
 352              		.cfi_def_cfa_offset 28
 353              		@ sp needed
 354 004e BDE8F083 		pop	{r4, r5, r6, r7, r8, r9, pc}
 355              	.LVL28:
 356              	.L23:
 357              	.LCFI7:
 358              		.cfi_restore_state
 157:Middlewares/Third_Party/LwIP/src/core/ipv4/icmp.c ****         /* p is not big enough to contain link headers
 359              		.loc 1 157 7 is_stmt 1 view .LVU113
 157:Middlewares/Third_Party/LwIP/src/core/ipv4/icmp.c ****         /* p is not big enough to contain link headers
 360              		.loc 1 157 52 is_stmt 0 view .LVU114
 361 0052 04F10E08 		add	r8, r4, #14
 157:Middlewares/Third_Party/LwIP/src/core/ipv4/icmp.c ****         /* p is not big enough to contain link headers
 362              		.loc 1 157 11 view .LVU115
 363 0056 4146     		mov	r1, r8
 364 0058 2846     		mov	r0, r5
 365 005a FFF7FEFF 		bl	pbuf_add_header
 366              	.LVL29:
 157:Middlewares/Third_Party/LwIP/src/core/ipv4/icmp.c ****         /* p is not big enough to contain link headers
 367              		.loc 1 157 10 discriminator 1 view .LVU116
 368 005e 0028     		cmp	r0, #0
 369 0060 3AD0     		beq	.L14
 370              	.LBB2:
 161:Middlewares/Third_Party/LwIP/src/core/ipv4/icmp.c ****         u16_t alloc_len = (u16_t)(p->tot_len + hlen);
 371              		.loc 1 161 9 is_stmt 1 view .LVU117
 162:Middlewares/Third_Party/LwIP/src/core/ipv4/icmp.c ****         if (alloc_len < p->tot_len) {
 372              		.loc 1 162 9 view .LVU118
 162:Middlewares/Third_Party/LwIP/src/core/ipv4/icmp.c ****         if (alloc_len < p->tot_len) {
 373              		.loc 1 162 36 is_stmt 0 view .LVU119
 374 0062 2B89     		ldrh	r3, [r5, #8]
 162:Middlewares/Third_Party/LwIP/src/core/ipv4/icmp.c ****         if (alloc_len < p->tot_len) {
 375              		.loc 1 162 15 view .LVU120
 376 0064 1919     		adds	r1, r3, r4
 377 0066 89B2     		uxth	r1, r1
 378              	.LVL30:
 163:Middlewares/Third_Party/LwIP/src/core/ipv4/icmp.c ****           LWIP_DEBUGF(ICMP_DEBUG, ("icmp_input: allocating new pbuf failed (tot_len overflow)\n"));
ARM GAS  /tmp/cc64yRRx.s 			page 16


 379              		.loc 1 163 9 is_stmt 1 view .LVU121
 163:Middlewares/Third_Party/LwIP/src/core/ipv4/icmp.c ****           LWIP_DEBUGF(ICMP_DEBUG, ("icmp_input: allocating new pbuf failed (tot_len overflow)\n"));
 380              		.loc 1 163 12 is_stmt 0 view .LVU122
 381 0068 8B42     		cmp	r3, r1
 382 006a 03D9     		bls	.L24
 383              	.LVL31:
 384              	.L13:
 163:Middlewares/Third_Party/LwIP/src/core/ipv4/icmp.c ****           LWIP_DEBUGF(ICMP_DEBUG, ("icmp_input: allocating new pbuf failed (tot_len overflow)\n"));
 385              		.loc 1 163 12 view .LVU123
 386              	.LBE2:
 291:Middlewares/Third_Party/LwIP/src/core/ipv4/icmp.c ****   ICMP_STATS_INC(icmp.err);
 387              		.loc 1 291 3 is_stmt 1 view .LVU124
 388 006c 2846     		mov	r0, r5
 389 006e FFF7FEFF 		bl	pbuf_free
 390              	.LVL32:
 292:Middlewares/Third_Party/LwIP/src/core/ipv4/icmp.c ****   MIB2_STATS_INC(mib2.icmpinerrors);
 391              		.loc 1 292 27 view .LVU125
 293:Middlewares/Third_Party/LwIP/src/core/ipv4/icmp.c ****   return;
 392              		.loc 1 293 36 view .LVU126
 294:Middlewares/Third_Party/LwIP/src/core/ipv4/icmp.c **** #endif /* LWIP_ICMP_ECHO_CHECK_INPUT_PBUF_LEN || !LWIP_MULTICAST_PING || !LWIP_BROADCAST_PING */
 393              		.loc 1 294 3 view .LVU127
 394 0072 EBE7     		b	.L10
 395              	.LVL33:
 396              	.L24:
 397              	.LBB3:
 168:Middlewares/Third_Party/LwIP/src/core/ipv4/icmp.c ****         if (r == NULL) {
 398              		.loc 1 168 9 view .LVU128
 168:Middlewares/Third_Party/LwIP/src/core/ipv4/icmp.c ****         if (r == NULL) {
 399              		.loc 1 168 13 is_stmt 0 view .LVU129
 400 0074 4FF42072 		mov	r2, #640
 401 0078 0E20     		movs	r0, #14
 402 007a FFF7FEFF 		bl	pbuf_alloc
 403              	.LVL34:
 169:Middlewares/Third_Party/LwIP/src/core/ipv4/icmp.c ****           LWIP_DEBUGF(ICMP_DEBUG, ("icmp_input: allocating new pbuf failed\n"));
 404              		.loc 1 169 9 is_stmt 1 view .LVU130
 169:Middlewares/Third_Party/LwIP/src/core/ipv4/icmp.c ****           LWIP_DEBUGF(ICMP_DEBUG, ("icmp_input: allocating new pbuf failed\n"));
 405              		.loc 1 169 12 is_stmt 0 view .LVU131
 406 007e 8046     		mov	r8, r0
 407 0080 0028     		cmp	r0, #0
 408 0082 F3D0     		beq	.L13
 173:Middlewares/Third_Party/LwIP/src/core/ipv4/icmp.c ****           LWIP_DEBUGF(ICMP_DEBUG | LWIP_DBG_LEVEL_SERIOUS, ("first pbuf cannot hold the ICMP header
 409              		.loc 1 173 9 is_stmt 1 view .LVU132
 173:Middlewares/Third_Party/LwIP/src/core/ipv4/icmp.c ****           LWIP_DEBUGF(ICMP_DEBUG | LWIP_DBG_LEVEL_SERIOUS, ("first pbuf cannot hold the ICMP header
 410              		.loc 1 173 14 is_stmt 0 view .LVU133
 411 0084 4289     		ldrh	r2, [r0, #10]
 173:Middlewares/Third_Party/LwIP/src/core/ipv4/icmp.c ****           LWIP_DEBUGF(ICMP_DEBUG | LWIP_DBG_LEVEL_SERIOUS, ("first pbuf cannot hold the ICMP header
 412              		.loc 1 173 27 view .LVU134
 413 0086 04F10803 		add	r3, r4, #8
 173:Middlewares/Third_Party/LwIP/src/core/ipv4/icmp.c ****           LWIP_DEBUGF(ICMP_DEBUG | LWIP_DBG_LEVEL_SERIOUS, ("first pbuf cannot hold the ICMP header
 414              		.loc 1 173 12 view .LVU135
 415 008a 9A42     		cmp	r2, r3
 416 008c 13D3     		bcc	.L25
 179:Middlewares/Third_Party/LwIP/src/core/ipv4/icmp.c ****         /* switch r->payload back to icmp header (cannot fail) */
 417              		.loc 1 179 9 is_stmt 1 view .LVU136
 418 008e 2246     		mov	r2, r4
 419 0090 3146     		mov	r1, r6
 420 0092 4068     		ldr	r0, [r0, #4]
ARM GAS  /tmp/cc64yRRx.s 			page 17


 421              	.LVL35:
 179:Middlewares/Third_Party/LwIP/src/core/ipv4/icmp.c ****         /* switch r->payload back to icmp header (cannot fail) */
 422              		.loc 1 179 9 is_stmt 0 view .LVU137
 423 0094 FFF7FEFF 		bl	memcpy
 424              	.LVL36:
 181:Middlewares/Third_Party/LwIP/src/core/ipv4/icmp.c ****           LWIP_ASSERT("icmp_input: moving r->payload to icmp header failed\n", 0);
 425              		.loc 1 181 9 is_stmt 1 view .LVU138
 181:Middlewares/Third_Party/LwIP/src/core/ipv4/icmp.c ****           LWIP_ASSERT("icmp_input: moving r->payload to icmp header failed\n", 0);
 426              		.loc 1 181 13 is_stmt 0 view .LVU139
 427 0098 2146     		mov	r1, r4
 428 009a 4046     		mov	r0, r8
 429 009c FFF7FEFF 		bl	pbuf_remove_header
 430              	.LVL37:
 181:Middlewares/Third_Party/LwIP/src/core/ipv4/icmp.c ****           LWIP_ASSERT("icmp_input: moving r->payload to icmp header failed\n", 0);
 431              		.loc 1 181 12 discriminator 1 view .LVU140
 432 00a0 60B9     		cbnz	r0, .L26
 187:Middlewares/Third_Party/LwIP/src/core/ipv4/icmp.c ****           LWIP_DEBUGF(ICMP_DEBUG | LWIP_DBG_LEVEL_SERIOUS, ("icmp_input: copying to new pbuf failed
 433              		.loc 1 187 9 is_stmt 1 view .LVU141
 187:Middlewares/Third_Party/LwIP/src/core/ipv4/icmp.c ****           LWIP_DEBUGF(ICMP_DEBUG | LWIP_DBG_LEVEL_SERIOUS, ("icmp_input: copying to new pbuf failed
 434              		.loc 1 187 13 is_stmt 0 view .LVU142
 435 00a2 2946     		mov	r1, r5
 436 00a4 4046     		mov	r0, r8
 437 00a6 FFF7FEFF 		bl	pbuf_copy
 438              	.LVL38:
 187:Middlewares/Third_Party/LwIP/src/core/ipv4/icmp.c ****           LWIP_DEBUGF(ICMP_DEBUG | LWIP_DBG_LEVEL_SERIOUS, ("icmp_input: copying to new pbuf failed
 439              		.loc 1 187 12 discriminator 1 view .LVU143
 440 00aa 88B9     		cbnz	r0, .L27
 193:Middlewares/Third_Party/LwIP/src/core/ipv4/icmp.c ****         /* we now have an identical copy of p that has room for link headers */
 441              		.loc 1 193 9 is_stmt 1 view .LVU144
 442 00ac 2846     		mov	r0, r5
 443 00ae FFF7FEFF 		bl	pbuf_free
 444              	.LVL39:
 195:Middlewares/Third_Party/LwIP/src/core/ipv4/icmp.c ****       } else {
 445              		.loc 1 195 9 view .LVU145
 195:Middlewares/Third_Party/LwIP/src/core/ipv4/icmp.c ****       } else {
 446              		.loc 1 195 11 is_stmt 0 view .LVU146
 447 00b2 4546     		mov	r5, r8
 448              	.LBE3:
 449 00b4 15E0     		b	.L18
 450              	.LVL40:
 451              	.L25:
 452              	.LBB4:
 174:Middlewares/Third_Party/LwIP/src/core/ipv4/icmp.c ****           pbuf_free(r);
 453              		.loc 1 174 11 is_stmt 1 view .LVU147
 174:Middlewares/Third_Party/LwIP/src/core/ipv4/icmp.c ****           pbuf_free(r);
 454              		.loc 1 174 11 view .LVU148
 174:Middlewares/Third_Party/LwIP/src/core/ipv4/icmp.c ****           pbuf_free(r);
 455              		.loc 1 174 11 discriminator 4 view .LVU149
 175:Middlewares/Third_Party/LwIP/src/core/ipv4/icmp.c ****           goto icmperr;
 456              		.loc 1 175 11 view .LVU150
 457 00b6 FFF7FEFF 		bl	pbuf_free
 458              	.LVL41:
 176:Middlewares/Third_Party/LwIP/src/core/ipv4/icmp.c ****         }
 459              		.loc 1 176 11 view .LVU151
 460 00ba D7E7     		b	.L13
 461              	.L26:
 182:Middlewares/Third_Party/LwIP/src/core/ipv4/icmp.c ****           pbuf_free(r);
ARM GAS  /tmp/cc64yRRx.s 			page 18


 462              		.loc 1 182 11 view .LVU152
 182:Middlewares/Third_Party/LwIP/src/core/ipv4/icmp.c ****           pbuf_free(r);
 463              		.loc 1 182 11 view .LVU153
 182:Middlewares/Third_Party/LwIP/src/core/ipv4/icmp.c ****           pbuf_free(r);
 464              		.loc 1 182 11 discriminator 1 view .LVU154
 182:Middlewares/Third_Party/LwIP/src/core/ipv4/icmp.c ****           pbuf_free(r);
 465              		.loc 1 182 11 discriminator 1 view .LVU155
 466 00bc 2B4B     		ldr	r3, .L29+4
 467 00be B622     		movs	r2, #182
 468 00c0 2B49     		ldr	r1, .L29+8
 469 00c2 2C48     		ldr	r0, .L29+12
 470 00c4 FFF7FEFF 		bl	printf
 471              	.LVL42:
 182:Middlewares/Third_Party/LwIP/src/core/ipv4/icmp.c ****           pbuf_free(r);
 472              		.loc 1 182 11 discriminator 3 view .LVU156
 182:Middlewares/Third_Party/LwIP/src/core/ipv4/icmp.c ****           pbuf_free(r);
 473              		.loc 1 182 11 discriminator 3 view .LVU157
 183:Middlewares/Third_Party/LwIP/src/core/ipv4/icmp.c ****           goto icmperr;
 474              		.loc 1 183 11 view .LVU158
 475 00c8 4046     		mov	r0, r8
 476 00ca FFF7FEFF 		bl	pbuf_free
 477              	.LVL43:
 184:Middlewares/Third_Party/LwIP/src/core/ipv4/icmp.c ****         }
 478              		.loc 1 184 11 view .LVU159
 479 00ce CDE7     		b	.L13
 480              	.L27:
 188:Middlewares/Third_Party/LwIP/src/core/ipv4/icmp.c ****           pbuf_free(r);
 481              		.loc 1 188 11 view .LVU160
 188:Middlewares/Third_Party/LwIP/src/core/ipv4/icmp.c ****           pbuf_free(r);
 482              		.loc 1 188 11 view .LVU161
 188:Middlewares/Third_Party/LwIP/src/core/ipv4/icmp.c ****           pbuf_free(r);
 483              		.loc 1 188 11 discriminator 4 view .LVU162
 189:Middlewares/Third_Party/LwIP/src/core/ipv4/icmp.c ****           goto icmperr;
 484              		.loc 1 189 11 view .LVU163
 485 00d0 4046     		mov	r0, r8
 486 00d2 FFF7FEFF 		bl	pbuf_free
 487              	.LVL44:
 190:Middlewares/Third_Party/LwIP/src/core/ipv4/icmp.c ****         }
 488              		.loc 1 190 11 view .LVU164
 489 00d6 C9E7     		b	.L13
 490              	.LVL45:
 491              	.L14:
 190:Middlewares/Third_Party/LwIP/src/core/ipv4/icmp.c ****         }
 492              		.loc 1 190 11 is_stmt 0 view .LVU165
 493              	.LBE4:
 198:Middlewares/Third_Party/LwIP/src/core/ipv4/icmp.c ****           LWIP_ASSERT("icmp_input: restoring original p->payload failed\n", 0);
 494              		.loc 1 198 9 is_stmt 1 view .LVU166
 198:Middlewares/Third_Party/LwIP/src/core/ipv4/icmp.c ****           LWIP_ASSERT("icmp_input: restoring original p->payload failed\n", 0);
 495              		.loc 1 198 13 is_stmt 0 view .LVU167
 496 00d8 4146     		mov	r1, r8
 497 00da 2846     		mov	r0, r5
 498 00dc FFF7FEFF 		bl	pbuf_remove_header
 499              	.LVL46:
 198:Middlewares/Third_Party/LwIP/src/core/ipv4/icmp.c ****           LWIP_ASSERT("icmp_input: restoring original p->payload failed\n", 0);
 500              		.loc 1 198 12 discriminator 1 view .LVU168
 501 00e0 B0BB     		cbnz	r0, .L28
 502              	.L18:
ARM GAS  /tmp/cc64yRRx.s 			page 19


 207:Middlewares/Third_Party/LwIP/src/core/ipv4/icmp.c ****       if (pbuf_add_header(p, hlen)) {
 503              		.loc 1 207 7 is_stmt 1 view .LVU169
 207:Middlewares/Third_Party/LwIP/src/core/ipv4/icmp.c ****       if (pbuf_add_header(p, hlen)) {
 504              		.loc 1 207 13 is_stmt 0 view .LVU170
 505 00e2 D5F80480 		ldr	r8, [r5, #4]
 506              	.LVL47:
 208:Middlewares/Third_Party/LwIP/src/core/ipv4/icmp.c ****         LWIP_DEBUGF(ICMP_DEBUG | LWIP_DBG_LEVEL_SERIOUS, ("Can't move over header in packet"));
 507              		.loc 1 208 7 is_stmt 1 view .LVU171
 208:Middlewares/Third_Party/LwIP/src/core/ipv4/icmp.c ****         LWIP_DEBUGF(ICMP_DEBUG | LWIP_DBG_LEVEL_SERIOUS, ("Can't move over header in packet"));
 508              		.loc 1 208 11 is_stmt 0 view .LVU172
 509 00e6 2146     		mov	r1, r4
 510 00e8 2846     		mov	r0, r5
 511 00ea FFF7FEFF 		bl	pbuf_add_header
 512              	.LVL48:
 208:Middlewares/Third_Party/LwIP/src/core/ipv4/icmp.c ****         LWIP_DEBUGF(ICMP_DEBUG | LWIP_DBG_LEVEL_SERIOUS, ("Can't move over header in packet"));
 513              		.loc 1 208 10 discriminator 1 view .LVU173
 514 00ee 58BB     		cbnz	r0, .L12
 515              	.LBB5:
 211:Middlewares/Third_Party/LwIP/src/core/ipv4/icmp.c ****         struct ip_hdr *iphdr = (struct ip_hdr *)p->payload;
 516              		.loc 1 211 9 is_stmt 1 view .LVU174
 212:Middlewares/Third_Party/LwIP/src/core/ipv4/icmp.c ****         ip4_addr_copy(iphdr->src, *src);
 517              		.loc 1 212 9 view .LVU175
 212:Middlewares/Third_Party/LwIP/src/core/ipv4/icmp.c ****         ip4_addr_copy(iphdr->src, *src);
 518              		.loc 1 212 24 is_stmt 0 view .LVU176
 519 00f0 6E68     		ldr	r6, [r5, #4]
 520              	.LVL49:
 213:Middlewares/Third_Party/LwIP/src/core/ipv4/icmp.c ****         ip4_addr_copy(iphdr->dest, *ip4_current_src_addr());
 521              		.loc 1 213 9 is_stmt 1 view .LVU177
 522 00f2 1D4B     		ldr	r3, .L29
 523 00f4 5A69     		ldr	r2, [r3, #20]
 524 00f6 F260     		str	r2, [r6, #12]	@ unaligned
 214:Middlewares/Third_Party/LwIP/src/core/ipv4/icmp.c ****         ICMPH_TYPE_SET(iecho, ICMP_ER);
 525              		.loc 1 214 9 view .LVU178
 526 00f8 1B69     		ldr	r3, [r3, #16]
 527 00fa 3361     		str	r3, [r6, #16]	@ unaligned
 215:Middlewares/Third_Party/LwIP/src/core/ipv4/icmp.c **** #if CHECKSUM_GEN_ICMP
 528              		.loc 1 215 9 view .LVU179
 529 00fc 0023     		movs	r3, #0
 530 00fe 88F80030 		strb	r3, [r8]
 219:Middlewares/Third_Party/LwIP/src/core/ipv4/icmp.c ****             iecho->chksum = (u16_t)(iecho->chksum + PP_HTONS((u16_t)(ICMP_ECHO << 8)) + 1);
 531              		.loc 1 219 11 view .LVU180
 219:Middlewares/Third_Party/LwIP/src/core/ipv4/icmp.c ****             iecho->chksum = (u16_t)(iecho->chksum + PP_HTONS((u16_t)(ICMP_ECHO << 8)) + 1);
 532              		.loc 1 219 20 is_stmt 0 view .LVU181
 533 0102 B8F80230 		ldrh	r3, [r8, #2]	@ unaligned
 219:Middlewares/Third_Party/LwIP/src/core/ipv4/icmp.c ****             iecho->chksum = (u16_t)(iecho->chksum + PP_HTONS((u16_t)(ICMP_ECHO << 8)) + 1);
 534              		.loc 1 219 14 view .LVU182
 535 0106 4FF6F772 		movw	r2, #65527
 536 010a 9342     		cmp	r3, r2
 537 010c 27D9     		bls	.L19
 220:Middlewares/Third_Party/LwIP/src/core/ipv4/icmp.c ****           } else {
 538              		.loc 1 220 13 is_stmt 1 view .LVU183
 220:Middlewares/Third_Party/LwIP/src/core/ipv4/icmp.c ****           } else {
 539              		.loc 1 220 29 is_stmt 0 view .LVU184
 540 010e 0933     		adds	r3, r3, #9
 220:Middlewares/Third_Party/LwIP/src/core/ipv4/icmp.c ****           } else {
 541              		.loc 1 220 27 view .LVU185
 542 0110 A8F80230 		strh	r3, [r8, #2]	@ unaligned
ARM GAS  /tmp/cc64yRRx.s 			page 20


 543              	.L20:
 235:Middlewares/Third_Party/LwIP/src/core/ipv4/icmp.c ****         IPH_CHKSUM_SET(iphdr, 0);
 544              		.loc 1 235 9 is_stmt 1 view .LVU186
 545 0114 4FF0FF09 		mov	r9, #255
 546 0118 86F80890 		strb	r9, [r6, #8]
 236:Middlewares/Third_Party/LwIP/src/core/ipv4/icmp.c **** #if CHECKSUM_GEN_IP
 547              		.loc 1 236 9 view .LVU187
 548 011c 4FF00008 		mov	r8, #0
 549              	.LVL50:
 236:Middlewares/Third_Party/LwIP/src/core/ipv4/icmp.c **** #if CHECKSUM_GEN_IP
 550              		.loc 1 236 9 is_stmt 0 view .LVU188
 551 0120 86F80A80 		strb	r8, [r6, #10]
 552 0124 86F80B80 		strb	r8, [r6, #11]
 239:Middlewares/Third_Party/LwIP/src/core/ipv4/icmp.c ****         }
 553              		.loc 1 239 11 is_stmt 1 view .LVU189
 554 0128 2146     		mov	r1, r4
 555 012a 3046     		mov	r0, r6
 556 012c FFF7FEFF 		bl	inet_chksum
 557              	.LVL51:
 239:Middlewares/Third_Party/LwIP/src/core/ipv4/icmp.c ****         }
 558              		.loc 1 239 11 is_stmt 0 discriminator 1 view .LVU190
 559 0130 7081     		strh	r0, [r6, #10]	@ unaligned
 243:Middlewares/Third_Party/LwIP/src/core/ipv4/icmp.c ****         /* increase number of messages attempted to send */
 560              		.loc 1 243 34 is_stmt 1 view .LVU191
 245:Middlewares/Third_Party/LwIP/src/core/ipv4/icmp.c ****         /* increase number of echo replies attempted to send */
 561              		.loc 1 245 41 view .LVU192
 247:Middlewares/Third_Party/LwIP/src/core/ipv4/icmp.c **** 
 562              		.loc 1 247 45 view .LVU193
 250:Middlewares/Third_Party/LwIP/src/core/ipv4/icmp.c ****                             ICMP_TTL, 0, IP_PROTO_ICMP, inp);
 563              		.loc 1 250 9 view .LVU194
 250:Middlewares/Third_Party/LwIP/src/core/ipv4/icmp.c ****                             ICMP_TTL, 0, IP_PROTO_ICMP, inp);
 564              		.loc 1 250 15 is_stmt 0 view .LVU195
 565 0132 0297     		str	r7, [sp, #8]
 566 0134 0123     		movs	r3, #1
 567 0136 0193     		str	r3, [sp, #4]
 568 0138 CDF80080 		str	r8, [sp]
 569 013c 4B46     		mov	r3, r9
 570 013e 4246     		mov	r2, r8
 571 0140 0D49     		ldr	r1, .L29+16
 572              	.LVL52:
 250:Middlewares/Third_Party/LwIP/src/core/ipv4/icmp.c ****                             ICMP_TTL, 0, IP_PROTO_ICMP, inp);
 573              		.loc 1 250 15 view .LVU196
 574 0142 2846     		mov	r0, r5
 575 0144 FFF7FEFF 		bl	ip4_output_if
 576              	.LVL53:
 252:Middlewares/Third_Party/LwIP/src/core/ipv4/icmp.c ****           LWIP_DEBUGF(ICMP_DEBUG, ("icmp_input: ip_output_if returned an error: %s\n", lwip_strerr(
 577              		.loc 1 252 9 is_stmt 1 view .LVU197
 253:Middlewares/Third_Party/LwIP/src/core/ipv4/icmp.c ****         }
 578              		.loc 1 253 11 view .LVU198
 253:Middlewares/Third_Party/LwIP/src/core/ipv4/icmp.c ****         }
 579              		.loc 1 253 11 view .LVU199
 580              	.L12:
 253:Middlewares/Third_Party/LwIP/src/core/ipv4/icmp.c ****         }
 581              		.loc 1 253 11 is_stmt 0 view .LVU200
 582              	.LBE5:
 277:Middlewares/Third_Party/LwIP/src/core/ipv4/icmp.c ****                                (s16_t)type, (s16_t)code));
 583              		.loc 1 277 7 is_stmt 1 discriminator 4 view .LVU201
ARM GAS  /tmp/cc64yRRx.s 			page 21


 279:Middlewares/Third_Party/LwIP/src/core/ipv4/icmp.c ****       ICMP_STATS_INC(icmp.drop);
 584              		.loc 1 279 35 view .LVU202
 280:Middlewares/Third_Party/LwIP/src/core/ipv4/icmp.c ****   }
 585              		.loc 1 280 32 view .LVU203
 282:Middlewares/Third_Party/LwIP/src/core/ipv4/icmp.c ****   return;
 586              		.loc 1 282 3 view .LVU204
 587 0148 2846     		mov	r0, r5
 588 014a FFF7FEFF 		bl	pbuf_free
 589              	.LVL54:
 283:Middlewares/Third_Party/LwIP/src/core/ipv4/icmp.c **** lenerr:
 590              		.loc 1 283 3 view .LVU205
 591 014e 7DE7     		b	.L10
 592              	.LVL55:
 593              	.L28:
 199:Middlewares/Third_Party/LwIP/src/core/ipv4/icmp.c ****           goto icmperr;
 594              		.loc 1 199 11 view .LVU206
 199:Middlewares/Third_Party/LwIP/src/core/ipv4/icmp.c ****           goto icmperr;
 595              		.loc 1 199 11 view .LVU207
 199:Middlewares/Third_Party/LwIP/src/core/ipv4/icmp.c ****           goto icmperr;
 596              		.loc 1 199 11 discriminator 1 view .LVU208
 199:Middlewares/Third_Party/LwIP/src/core/ipv4/icmp.c ****           goto icmperr;
 597              		.loc 1 199 11 discriminator 1 view .LVU209
 598 0150 064B     		ldr	r3, .L29+4
 599 0152 C722     		movs	r2, #199
 600 0154 0949     		ldr	r1, .L29+20
 601 0156 0748     		ldr	r0, .L29+12
 602 0158 FFF7FEFF 		bl	printf
 603              	.LVL56:
 199:Middlewares/Third_Party/LwIP/src/core/ipv4/icmp.c ****           goto icmperr;
 604              		.loc 1 199 11 discriminator 3 view .LVU210
 199:Middlewares/Third_Party/LwIP/src/core/ipv4/icmp.c ****           goto icmperr;
 605              		.loc 1 199 11 discriminator 3 view .LVU211
 200:Middlewares/Third_Party/LwIP/src/core/ipv4/icmp.c ****         }
 606              		.loc 1 200 11 view .LVU212
 607 015c 86E7     		b	.L13
 608              	.LVL57:
 609              	.L19:
 610              	.LBB6:
 222:Middlewares/Third_Party/LwIP/src/core/ipv4/icmp.c ****           }
 611              		.loc 1 222 13 view .LVU213
 222:Middlewares/Third_Party/LwIP/src/core/ipv4/icmp.c ****           }
 612              		.loc 1 222 29 is_stmt 0 view .LVU214
 613 015e 0833     		adds	r3, r3, #8
 222:Middlewares/Third_Party/LwIP/src/core/ipv4/icmp.c ****           }
 614              		.loc 1 222 27 view .LVU215
 615 0160 A8F80230 		strh	r3, [r8, #2]	@ unaligned
 616 0164 D6E7     		b	.L20
 617              	.L30:
 618 0166 00BF     		.align	2
 619              	.L29:
 620 0168 00000000 		.word	ip_data
 621 016c 00000000 		.word	.LC0
 622 0170 00000000 		.word	.LC3
 623 0174 60000000 		.word	.LC2
 624 0178 14000000 		.word	ip_data+20
 625 017c 38000000 		.word	.LC4
 626              	.LBE6:
ARM GAS  /tmp/cc64yRRx.s 			page 22


 627              		.cfi_endproc
 628              	.LFE156:
 630              		.section	.text.icmp_dest_unreach,"ax",%progbits
 631              		.align	1
 632              		.global	icmp_dest_unreach
 633              		.syntax unified
 634              		.thumb
 635              		.thumb_func
 637              	icmp_dest_unreach:
 638              	.LVL58:
 639              	.LFB157:
 309:Middlewares/Third_Party/LwIP/src/core/ipv4/icmp.c ****   MIB2_STATS_INC(mib2.icmpoutdestunreachs);
 640              		.loc 1 309 1 is_stmt 1 view -0
 641              		.cfi_startproc
 642              		@ args = 0, pretend = 0, frame = 0
 643              		@ frame_needed = 0, uses_anonymous_args = 0
 309:Middlewares/Third_Party/LwIP/src/core/ipv4/icmp.c ****   MIB2_STATS_INC(mib2.icmpoutdestunreachs);
 644              		.loc 1 309 1 is_stmt 0 view .LVU217
 645 0000 08B5     		push	{r3, lr}
 646              	.LCFI8:
 647              		.cfi_def_cfa_offset 8
 648              		.cfi_offset 3, -8
 649              		.cfi_offset 14, -4
 650 0002 0A46     		mov	r2, r1
 310:Middlewares/Third_Party/LwIP/src/core/ipv4/icmp.c ****   icmp_send_response(p, ICMP_DUR, t);
 651              		.loc 1 310 43 is_stmt 1 view .LVU218
 311:Middlewares/Third_Party/LwIP/src/core/ipv4/icmp.c **** }
 652              		.loc 1 311 3 view .LVU219
 653 0004 0321     		movs	r1, #3
 654              	.LVL59:
 311:Middlewares/Third_Party/LwIP/src/core/ipv4/icmp.c **** }
 655              		.loc 1 311 3 is_stmt 0 view .LVU220
 656 0006 FFF7FEFF 		bl	icmp_send_response
 657              	.LVL60:
 312:Middlewares/Third_Party/LwIP/src/core/ipv4/icmp.c **** 
 658              		.loc 1 312 1 view .LVU221
 659 000a 08BD     		pop	{r3, pc}
 660              		.cfi_endproc
 661              	.LFE157:
 663              		.section	.text.icmp_time_exceeded,"ax",%progbits
 664              		.align	1
 665              		.global	icmp_time_exceeded
 666              		.syntax unified
 667              		.thumb
 668              		.thumb_func
 670              	icmp_time_exceeded:
 671              	.LVL61:
 672              	.LFB158:
 324:Middlewares/Third_Party/LwIP/src/core/ipv4/icmp.c ****   MIB2_STATS_INC(mib2.icmpouttimeexcds);
 673              		.loc 1 324 1 is_stmt 1 view -0
 674              		.cfi_startproc
 675              		@ args = 0, pretend = 0, frame = 0
 676              		@ frame_needed = 0, uses_anonymous_args = 0
 324:Middlewares/Third_Party/LwIP/src/core/ipv4/icmp.c ****   MIB2_STATS_INC(mib2.icmpouttimeexcds);
 677              		.loc 1 324 1 is_stmt 0 view .LVU223
 678 0000 08B5     		push	{r3, lr}
 679              	.LCFI9:
ARM GAS  /tmp/cc64yRRx.s 			page 23


 680              		.cfi_def_cfa_offset 8
 681              		.cfi_offset 3, -8
 682              		.cfi_offset 14, -4
 683 0002 0A46     		mov	r2, r1
 325:Middlewares/Third_Party/LwIP/src/core/ipv4/icmp.c ****   icmp_send_response(p, ICMP_TE, t);
 684              		.loc 1 325 40 is_stmt 1 view .LVU224
 326:Middlewares/Third_Party/LwIP/src/core/ipv4/icmp.c **** }
 685              		.loc 1 326 3 view .LVU225
 686 0004 0B21     		movs	r1, #11
 687              	.LVL62:
 326:Middlewares/Third_Party/LwIP/src/core/ipv4/icmp.c **** }
 688              		.loc 1 326 3 is_stmt 0 view .LVU226
 689 0006 FFF7FEFF 		bl	icmp_send_response
 690              	.LVL63:
 327:Middlewares/Third_Party/LwIP/src/core/ipv4/icmp.c **** 
 691              		.loc 1 327 1 view .LVU227
 692 000a 08BD     		pop	{r3, pc}
 693              		.cfi_endproc
 694              	.LFE158:
 696              		.text
 697              	.Letext0:
 698              		.file 2 "/usr/lib/gcc/arm-none-eabi/14.2.1/include/stdint.h"
 699              		.file 3 "/usr/lib/gcc/arm-none-eabi/14.2.1/include/stddef.h"
 700              		.file 4 "Middlewares/Third_Party/LwIP/src/include/lwip/arch.h"
 701              		.file 5 "Middlewares/Third_Party/LwIP/src/include/lwip/err.h"
 702              		.file 6 "Middlewares/Third_Party/LwIP/src/include/lwip/pbuf.h"
 703              		.file 7 "Middlewares/Third_Party/LwIP/src/include/lwip/ip4_addr.h"
 704              		.file 8 "Middlewares/Third_Party/LwIP/src/include/lwip/ip_addr.h"
 705              		.file 9 "Middlewares/Third_Party/LwIP/src/include/lwip/netif.h"
 706              		.file 10 "Middlewares/Third_Party/LwIP/src/include/lwip/prot/icmp.h"
 707              		.file 11 "Middlewares/Third_Party/LwIP/src/include/lwip/icmp.h"
 708              		.file 12 "Middlewares/Third_Party/LwIP/src/include/lwip/prot/ip4.h"
 709              		.file 13 "Middlewares/Third_Party/LwIP/src/include/lwip/ip.h"
 710              		.file 14 "Middlewares/Third_Party/LwIP/src/include/lwip/ip4.h"
 711              		.file 15 "Middlewares/Third_Party/LwIP/src/include/lwip/inet_chksum.h"
 712              		.file 16 "/usr/include/newlib/stdio.h"
 713              		.file 17 "/usr/include/newlib/string.h"
 714              		.file 18 "<built-in>"
ARM GAS  /tmp/cc64yRRx.s 			page 24


DEFINED SYMBOLS
                            *ABS*:00000000 icmp.c
     /tmp/cc64yRRx.s:21     .rodata.icmp_send_response.str1.4:00000000 $d
     /tmp/cc64yRRx.s:31     .text.icmp_send_response:00000000 $t
     /tmp/cc64yRRx.s:36     .text.icmp_send_response:00000000 icmp_send_response
     /tmp/cc64yRRx.s:221    .text.icmp_send_response:000000ac $d
     /tmp/cc64yRRx.s:228    .rodata.icmp_input.str1.4:00000000 $d
     /tmp/cc64yRRx.s:237    .text.icmp_input:00000000 $t
     /tmp/cc64yRRx.s:243    .text.icmp_input:00000000 icmp_input
     /tmp/cc64yRRx.s:620    .text.icmp_input:00000168 $d
     /tmp/cc64yRRx.s:631    .text.icmp_dest_unreach:00000000 $t
     /tmp/cc64yRRx.s:637    .text.icmp_dest_unreach:00000000 icmp_dest_unreach
     /tmp/cc64yRRx.s:664    .text.icmp_time_exceeded:00000000 $t
     /tmp/cc64yRRx.s:670    .text.icmp_time_exceeded:00000000 icmp_time_exceeded

UNDEFINED SYMBOLS
pbuf_alloc
ip4_route
inet_chksum
ip4_output_if
pbuf_free
printf
ip4_addr_isbroadcast_u32
pbuf_add_header
memcpy
pbuf_remove_header
pbuf_copy
ip_data
