Archive member included to satisfy reference by file (symbol)

/usr/lib/gcc/arm-none-eabi/14.2.1/../../../arm-none-eabi/lib/thumb/v7e-m+fp/hard/libc_nano.a(libc_a-rand.o)
                              build/dns.o (rand)
/usr/lib/gcc/arm-none-eabi/14.2.1/../../../arm-none-eabi/lib/thumb/v7e-m+fp/hard/libc_nano.a(libc_a-memmove.o)
                              build/def.o (memmove)
/usr/lib/gcc/arm-none-eabi/14.2.1/../../../arm-none-eabi/lib/thumb/v7e-m+fp/hard/libc_nano.a(libc_a-assert.o)
                              /usr/lib/gcc/arm-none-eabi/14.2.1/../../../arm-none-eabi/lib/thumb/v7e-m+fp/hard/libc_nano.a(libc_a-rand.o) (__assert_func)
/usr/lib/gcc/arm-none-eabi/14.2.1/../../../arm-none-eabi/lib/thumb/v7e-m+fp/hard/libc_nano.a(libc_a-init.o)
                              /usr/lib/gcc/arm-none-eabi/14.2.1/../../../arm-none-eabi/lib/thumb/v7e-m+fp/hard/crt0.o (__libc_init_array)
/usr/lib/gcc/arm-none-eabi/14.2.1/../../../arm-none-eabi/lib/thumb/v7e-m+fp/hard/libc_nano.a(libc_a-puts.o)
                              build/main.o (puts)
/usr/lib/gcc/arm-none-eabi/14.2.1/../../../arm-none-eabi/lib/thumb/v7e-m+fp/hard/libc_nano.a(libc_a-memset.o)
                              /usr/lib/gcc/arm-none-eabi/14.2.1/../../../arm-none-eabi/lib/thumb/v7e-m+fp/hard/crt0.o (memset)
/usr/lib/gcc/arm-none-eabi/14.2.1/../../../arm-none-eabi/lib/thumb/v7e-m+fp/hard/libc_nano.a(libc_a-memcmp.o)
                              build/artnet.o (memcmp)
/usr/lib/gcc/arm-none-eabi/14.2.1/../../../arm-none-eabi/lib/thumb/v7e-m+fp/hard/libc_nano.a(libc_a-findfp.o)
                              /usr/lib/gcc/arm-none-eabi/14.2.1/../../../arm-none-eabi/lib/thumb/v7e-m+fp/hard/libc_nano.a(libc_a-puts.o) (__sinit)
/usr/lib/gcc/arm-none-eabi/14.2.1/../../../arm-none-eabi/lib/thumb/v7e-m+fp/hard/libc_nano.a(libc_a-abort.o)
                              /usr/lib/gcc/arm-none-eabi/14.2.1/../../../arm-none-eabi/lib/thumb/v7e-m+fp/hard/libc_nano.a(libc_a-assert.o) (abort)
/usr/lib/gcc/arm-none-eabi/14.2.1/../../../arm-none-eabi/lib/thumb/v7e-m+fp/hard/libc_nano.a(libc_a-strncmp.o)
                              build/def.o (strncmp)
/usr/lib/gcc/arm-none-eabi/14.2.1/../../../arm-none-eabi/lib/thumb/v7e-m+fp/hard/libc_nano.a(libc_a-fflush.o)
                              /usr/lib/gcc/arm-none-eabi/14.2.1/../../../arm-none-eabi/lib/thumb/v7e-m+fp/hard/libc_nano.a(libc_a-findfp.o) (_fflush_r)
/usr/lib/gcc/arm-none-eabi/14.2.1/../../../arm-none-eabi/lib/thumb/v7e-m+fp/hard/libc_nano.a(libc_a-wsetup.o)
                              /usr/lib/gcc/arm-none-eabi/14.2.1/../../../arm-none-eabi/lib/thumb/v7e-m+fp/hard/libc_nano.a(libc_a-puts.o) (__swsetup_r)
/usr/lib/gcc/arm-none-eabi/14.2.1/../../../arm-none-eabi/lib/thumb/v7e-m+fp/hard/libc_nano.a(libc_a-mallocr.o)
                              /usr/lib/gcc/arm-none-eabi/14.2.1/../../../arm-none-eabi/lib/thumb/v7e-m+fp/hard/libc_nano.a(libc_a-findfp.o) (_malloc_r)
/usr/lib/gcc/arm-none-eabi/14.2.1/../../../arm-none-eabi/lib/thumb/v7e-m+fp/hard/libc_nano.a(libc_a-memcpy.o)
                              build/dns.o (memcpy)
/usr/lib/gcc/arm-none-eabi/14.2.1/../../../arm-none-eabi/lib/thumb/v7e-m+fp/hard/libc_nano.a(libc_a-freer.o)
                              /usr/lib/gcc/arm-none-eabi/14.2.1/../../../arm-none-eabi/lib/thumb/v7e-m+fp/hard/libc_nano.a(libc_a-fflush.o) (_free_r)
/usr/lib/gcc/arm-none-eabi/14.2.1/../../../arm-none-eabi/lib/thumb/v7e-m+fp/hard/libc_nano.a(libc_a-wbuf.o)
                              /usr/lib/gcc/arm-none-eabi/14.2.1/../../../arm-none-eabi/lib/thumb/v7e-m+fp/hard/libc_nano.a(libc_a-puts.o) (__swbuf_r)
/usr/lib/gcc/arm-none-eabi/14.2.1/../../../arm-none-eabi/lib/thumb/v7e-m+fp/hard/libc_nano.a(libc_a-atoi.o)
                              build/netif.o (atoi)
/usr/lib/gcc/arm-none-eabi/14.2.1/../../../arm-none-eabi/lib/thumb/v7e-m+fp/hard/libc_nano.a(libc_a-strtol.o)
                              /usr/lib/gcc/arm-none-eabi/14.2.1/../../../arm-none-eabi/lib/thumb/v7e-m+fp/hard/libc_nano.a(libc_a-atoi.o) (_strtol_r)
/usr/lib/gcc/arm-none-eabi/14.2.1/../../../arm-none-eabi/lib/thumb/v7e-m+fp/hard/libc_nano.a(libc_a-fwalk.o)
                              /usr/lib/gcc/arm-none-eabi/14.2.1/../../../arm-none-eabi/lib/thumb/v7e-m+fp/hard/libc_nano.a(libc_a-findfp.o) (_fwalk_sglue)
/usr/lib/gcc/arm-none-eabi/14.2.1/../../../arm-none-eabi/lib/thumb/v7e-m+fp/hard/libc_nano.a(libc_a-malloc.o)
                              build/usbh_msc.o (malloc)
/usr/lib/gcc/arm-none-eabi/14.2.1/../../../arm-none-eabi/lib/thumb/v7e-m+fp/hard/libc_nano.a(libc_a-fprintf.o)
                              /usr/lib/gcc/arm-none-eabi/14.2.1/../../../arm-none-eabi/lib/thumb/v7e-m+fp/hard/libc_nano.a(libc_a-assert.o) (fiprintf)
/usr/lib/gcc/arm-none-eabi/14.2.1/../../../arm-none-eabi/lib/thumb/v7e-m+fp/hard/libc_nano.a(libc_a-impure.o)
                              /usr/lib/gcc/arm-none-eabi/14.2.1/../../../arm-none-eabi/lib/thumb/v7e-m+fp/hard/libc_nano.a(libc_a-rand.o) (_impure_ptr)
[...]
Memory Configuration

Name             Origin             Length             Attributes
RAM              0x20000000         0x00020000         xrw
CCMRAM           0x10000000         0x00010000         xrw
FLASH            0x08000000         0x00080000         xr
*default*        0x00000000         0xffffffff

Linker script and memory map

LOAD /usr/lib/gcc/arm-none-eabi/14.2.1/thumb/v7e-m+fp/hard/crti.o
LOAD /usr/lib/gcc/arm-none-eabi/14.2.1/thumb/v7e-m+fp/hard/crtbegin.o
LOAD /usr/lib/gcc/arm-none-eabi/14.2.1/../../../arm-none-eabi/lib/thumb/v7e-m+fp/hard/crt0.o
LOAD build/main.o
LOAD build/gpio.o
LOAD build/can.o
LOAD build/rtc.o
LOAD build/sdio.o
LOAD build/spi.o
LOAD build/usart.o
LOAD build/artnet.o
LOAD build/stm32f4xx_it.o
LOAD build/stm32f4xx_hal_msp.o
LOAD build/system_stm32f4xx.o
LOAD build/lwip.o
LOAD build/ethernetif.o
LOAD build/usb_device.o
LOAD build/usbd_desc.o
LOAD build/usbd_cdc_if.o
LOAD build/usbd_conf.o
LOAD build/dp83848.o
LOAD build/stm32f4xx_hal_rcc.o
LOAD build/stm32f4xx_hal_rcc_ex.o
LOAD build/stm32f4xx_hal_flash.o
LOAD build/stm32f4xx_hal_flash_ex.o
LOAD build/stm32f4xx_hal_flash_ramfunc.o
LOAD build/stm32f4xx_hal_gpio.o
LOAD build/stm32f4xx_hal_dma_ex.o
LOAD build/stm32f4xx_hal_dma.o
LOAD build/stm32f4xx_hal_pwr.o
LOAD build/stm32f4xx_hal_pwr_ex.o
LOAD build/stm32f4xx_hal_cortex.o
LOAD build/stm32f4xx_hal.o
LOAD build/stm32f4xx_hal_exti.o
LOAD build/stm32f4xx_hal_eth.o
LOAD build/stm32f4xx_hal_pcd.o
LOAD build/stm32f4xx_hal_pcd_ex.o
LOAD build/stm32f4xx_ll_usb.o
LOAD build/stm32f4xx_hal_can.o
LOAD build/stm32f4xx_hal_i2c.o
LOAD build/stm32f4xx_hal_i2c_ex.o
LOAD build/stm32f4xx_hal_rtc.o
LOAD build/stm32f4xx_hal_rtc_ex.o
LOAD build/stm32f4xx_ll_sdmmc.o
LOAD build/stm32f4xx_hal_sd.o
LOAD build/stm32f4xx_hal_spi.o
LOAD build/stm32f4xx_hal_tim.o
LOAD build/stm32f4xx_hal_tim_ex.o
LOAD build/stm32f4xx_hal_uart.o
LOAD build/stm32f4xx_hal_hcd.o
LOAD build/auth.o
LOAD build/ccp.o
LOAD build/chap_ms.o
LOAD build/chap-md5.o
LOAD build/chap-new.o
LOAD build/demand.o
LOAD build/eap.o
LOAD build/eui64.o
LOAD build/fsm.o
LOAD build/ipcp.o
LOAD build/ipv6cp.o
LOAD build/lcp.o
LOAD build/magic.o
LOAD build/mppe.o
LOAD build/multilink.o
LOAD build/ppp.o
LOAD build/pppapi.o
LOAD build/pppcrypt.o
LOAD build/pppoe.o
LOAD build/pppol2tp.o
LOAD build/pppos.o
LOAD build/upap.o
LOAD build/utils.o
LOAD build/vj.o
LOAD build/bridgeif.o
LOAD build/bridgeif_fdb.o
LOAD build/ethernet.o
LOAD build/lowpan6.o
LOAD build/lowpan6_ble.o
LOAD build/lowpan6_common.o
LOAD build/slipif.o
LOAD build/zepif.o
LOAD build/ecp.o
LOAD build/tcpip.o
LOAD build/if_api.o
LOAD build/netifapi.o
LOAD build/netbuf.o
LOAD build/api_msg.o
LOAD build/sockets.o
LOAD build/err.o
LOAD build/api_lib.o
LOAD build/netdb.o
LOAD build/dns.o
LOAD build/tcp_in.o
LOAD build/sys.o
LOAD build/tcp.o
LOAD build/tcp_out.o
LOAD build/altcp.o
LOAD build/init.o
LOAD build/raw.o
LOAD build/altcp_tcp.o
LOAD build/timeouts.o
LOAD build/memp.o
LOAD build/netif.o
LOAD build/ip.o
LOAD build/inet_chksum.o
LOAD build/pbuf.o
LOAD build/def.o
LOAD build/udp.o
LOAD build/stats.o
LOAD build/altcp_alloc.o
LOAD build/mem.o
LOAD build/ip4.o
LOAD build/dhcp.o
LOAD build/etharp.o
LOAD build/icmp.o
LOAD build/autoip.o
LOAD build/ip4_frag.o
LOAD build/igmp.o
LOAD build/ip4_addr.o
LOAD build/ip6_addr.o
LOAD build/mld6.o
LOAD build/nd6.o
LOAD build/ip6_frag.o
LOAD build/dhcp6.o
LOAD build/ip6.o
LOAD build/inet6.o
LOAD build/ethip6.o
LOAD build/icmp6.o
LOAD build/mqtt.o
LOAD build/usbd_core.o
LOAD build/usbd_ctlreq.o
LOAD build/usbd_ioreq.o
LOAD build/usbd_cdc.o
LOAD build/fatfs.o
LOAD build/bsp_driver_sd.o
LOAD build/sd_diskio.o
LOAD build/usbh_diskio.o
LOAD build/fatfs_platform.o
LOAD build/diskio.o
LOAD build/ff.o
LOAD build/ff_gen_drv.o
LOAD build/syscall.o
LOAD build/dma.o
LOAD build/crc.o
LOAD build/stm32f4xx_hal_crc.o
LOAD build/usbh_conf.o
LOAD build/usb_host.o
LOAD build/m24xx.o
LOAD build/usbh_core.o
LOAD build/usbh_ctlreq.o
LOAD build/usbh_ioreq.o
LOAD build/usbh_pipes.o
LOAD build/usbh_msc.o
LOAD build/usbh_msc_bot.o
LOAD build/usbh_msc_scsi.o
LOAD build/custom_bus.o
LOAD build/eeprma2_m24.o
LOAD build/startup_stm32f407xx.o
LOAD /usr/lib/gcc/arm-none-eabi/14.2.1/../../../arm-none-eabi/lib/thumb/v7e-m+fp/hard/libc_nano.a
LOAD /usr/lib/gcc/arm-none-eabi/14.2.1/../../../arm-none-eabi/lib/thumb/v7e-m+fp/hard/libm.a
LOAD /usr/lib/gcc/arm-none-eabi/14.2.1/../../../arm-none-eabi/lib/thumb/v7e-m+fp/hard/libnosys.a
START GROUP
LOAD /usr/lib/gcc/arm-none-eabi/14.2.1/thumb/v7e-m+fp/hard/libgcc.a
LOAD /usr/lib/gcc/arm-none-eabi/14.2.1/../../../arm-none-eabi/lib/thumb/v7e-m+fp/hard/libc_nano.a
END GROUP
START GROUP
LOAD /usr/lib/gcc/arm-none-eabi/14.2.1/thumb/v7e-m+fp/hard/libgcc.a
LOAD /usr/lib/gcc/arm-none-eabi/14.2.1/../../../arm-none-eabi/lib/thumb/v7e-m+fp/hard/libc_nano.a
END GROUP
LOAD /usr/lib/gcc/arm-none-eabi/14.2.1/thumb/v7e-m+fp/hard/crtend.o
LOAD /usr/lib/gcc/arm-none-eabi/14.2.1/thumb/v7e-m+fp/hard/crtn.o
                0x20020000                        _estack = (ORIGIN (RAM) + LENGTH (RAM))
                0x00000200                        _Min_Heap_Size = 0x200
                0x00000400                        _Min_Stack_Size = 0x400

.isr_vector     0x08000000      0x188
                0x08000000                        . = ALIGN (0x4)
 *(.isr_vector)
 .isr_vector    0x08000000      0x188 build/startup_stm32f407xx.o
                0x08000000                g_pfnVectors
                0x08000188                        . = ALIGN (0x4)

.text           0x080001c0    0x170bc
                0x080001c0                        . = ALIGN (0x4)
 *(.text)
 .text          0x080001c0       0x88 /usr/lib/gcc/arm-none-eabi/14.2.1/thumb/v7e-m+fp/hard/crtbegin.o
 .text          0x08000248       0xfc /usr/lib/gcc/arm-none-eabi/14.2.1/../../../arm-none-eabi/lib/thumb/v7e-m+fp/hard/libc_nano.a(libc_a-rand.o)
                0x08000248                srand
                0x080002ac                rand
 .text          0x08000344      0x100 /usr/lib/gcc/arm-none-eabi/14.2.1/../../../arm-none-eabi/lib/thumb/v7e-m+fp/hard/libc_nano.a(libc_a-memmove.o)
                0x08000344                memmove
 .text          0x08000444       0x4c /usr/lib/gcc/arm-none-eabi/14.2.1/../../../arm-none-eabi/lib/thumb/v7e-m+fp/hard/libc_nano.a(libc_a-assert.o)
                0x08000444                __assert_func
                0x08000484                __assert
 .text          0x08000490       0x50 /usr/lib/gcc/arm-none-eabi/14.2.1/../../../arm-none-eabi/lib/thumb/v7e-m+fp/hard/libc_nano.a(libc_a-init.o)
                0x08000490                __libc_init_array
 .text          0x080004e0       0xa0 /usr/lib/gcc/arm-none-eabi/14.2.1/../../../arm-none-eabi/lib/thumb/v7e-m+fp/hard/libc_nano.a(libc_a-puts.o)
                0x080004e0                _puts_r
                0x08000570                puts
 .text          0x08000580       0xa4 /usr/lib/gcc/arm-none-eabi/14.2.1/../../../arm-none-eabi/lib/thumb/v7e-m+fp/hard/libc_nano.a(libc_a-memset.o)
                0x08000580                memset
 .text          0x08000624       0x5c /usr/lib/gcc/arm-none-eabi/14.2.1/../../../arm-none-eabi/lib/thumb/v7e-m+fp/hard/libc_nano.a(libc_a-memcmp.o)
                0x08000624                memcmp
 .text          0x08000680      0x224 /usr/lib/gcc/arm-none-eabi/14.2.1/../../../arm-none-eabi/lib/thumb/v7e-m+fp/hard/libc_nano.a(libc_a-findfp.o)
                0x080007b0                __sfp
                0x08000854                __sinit
                0x08000874                __sfp_lock_acquire
                0x08000878                __sfp_lock_release
                0x0800087c                __fp_lock_all
                0x08000890                __fp_unlock_all
 .text          0x080008a4       0x10 /usr/lib/gcc/arm-none-eabi/14.2.1/../../../arm-none-eabi/lib/thumb/v7e-m+fp/hard/libc_nano.a(libc_a-abort.o)
                0x080008a4                abort
 .text          0x080008b4      0x1a8 /usr/lib/gcc/arm-none-eabi/14.2.1/../../../arm-none-eabi/lib/thumb/v7e-m+fp/hard/libc_nano.a(libc_a-fflush.o)
                0x080008b4                __sflush_r
                0x080009d8                _fflush_r
                0x08000a10                fflush
 .text          0x08000a5c       0xc4 /usr/lib/gcc/arm-none-eabi/14.2.1/../../../arm-none-eabi/lib/thumb/v7e-m+fp/hard/libc_nano.a(libc_a-wsetup.o)
                0x08000a5c                __swsetup_r
 .text          0x08000b20      0x148 /usr/lib/gcc/arm-none-eabi/14.2.1/../../../arm-none-eabi/lib/thumb/v7e-m+fp/hard/libc_nano.a(libc_a-mallocr.o)
                0x08000b68                _malloc_r
 .text          0x08000c68      0x134 /usr/lib/gcc/arm-none-eabi/14.2.1/../../../arm-none-eabi/lib/thumb/v7e-m+fp/hard/libc_nano.a(libc_a-memcpy.o)
                0x08000c68                memcpy
 .text          0x08000d9c       0xbc /usr/lib/gcc/arm-none-eabi/14.2.1/../../../arm-none-eabi/lib/thumb/v7e-m+fp/hard/libc_nano.a(libc_a-freer.o)
                0x08000d9c                _free_r
 .text          0x08000e58       0xa0 /usr/lib/gcc/arm-none-eabi/14.2.1/../../../arm-none-eabi/lib/thumb/v7e-m+fp/hard/libc_nano.a(libc_a-wbuf.o)
                0x08000e58                __swbuf_r
                0x08000ee0                __swbuf
 .text          0x08000ef8       0x44 /usr/lib/gcc/arm-none-eabi/14.2.1/../../../arm-none-eabi/lib/thumb/v7e-m+fp/hard/libc_nano.a(libc_a-fwalk.o)
                0x08000ef8                _fwalk_sglue
 .text          0x08000f3c       0x20 /usr/lib/gcc/arm-none-eabi/14.2.1/../../../arm-none-eabi/lib/thumb/v7e-m+fp/hard/libc_nano.a(libc_a-malloc.o)
                0x08000f3c                malloc
                0x08000f4c                free
 .text          0x08000f5c       0x44 /usr/lib/gcc/arm-none-eabi/14.2.1/../../../arm-none-eabi/lib/thumb/v7e-m+fp/hard/libc_nano.a(libc_a-fprintf.o)
                0x08000f5c                _fprintf_r
                0x08000f5c                _fiprintf_r
                0x08000f78                fprintf
                0x08000f78                fiprintf
 *fill*         0x08000fa0       0x20 
 .text          0x08000fc0       0xd8 /usr/lib/gcc/arm-none-eabi/14.2.1/../../../arm-none-eabi/lib/thumb/v7e-m+fp/hard/libc_nano.a(libc_a-strlen.o)
                0x08000fc0                strlen
 .text          0x08001098        0x8 /usr/lib/gcc/arm-none-eabi/14.2.1/../../../arm-none-eabi/lib/thumb/v7e-m+fp/hard/libc_nano.a(libc_a-mlock.o)
                0x08001098                __malloc_lock
                0x0800109c                __malloc_unlock
 .text          0x080010a0      0x114 /usr/lib/gcc/arm-none-eabi/14.2.1/../../../arm-none-eabi/lib/thumb/v7e-m+fp/hard/libc_nano.a(libc_a-makebuf.o)
                0x080010a0                __smakebuf_r
                0x08001164                __swhatbuf_r
 .text          0x080011b4       0xec /usr/lib/gcc/arm-none-eabi/14.2.1/../../../arm-none-eabi/lib/thumb/v7e-m+fp/hard/libc_nano.a(libc_a-vsnprintf.o)
                0x080011b4                vsnprintf
                0x080011b4                vsniprintf
                0x0800122c                _vsnprintf_r
                0x0800122c                _vsniprintf_r
 .text          0x080012a0      0x260 /usr/lib/gcc/arm-none-eabi/14.2.1/../../../arm-none-eabi/lib/thumb/v7e-m+fp/hard/libc_nano.a(libc_a-signal.o)
                0x080012a0                _init_signal_r
                0x080012cc                _signal_r
                0x08001318                _raise_r
                0x08001368                __sigtramp_r
                0x080013c8                raise
                0x0800141c                signal
                0x08001468                _init_signal
                0x0800149c                __sigtramp
 .text          0x08001500       0x48 /usr/lib/gcc/arm-none-eabi/14.2.1/../../../arm-none-eabi/lib/thumb/v7e-m+fp/hard/libc_nano.a(libc_a-printf.o)
                0x08001500                _printf_r
                0x08001500                _iprintf_r
                0x08001520                printf
                0x08001520                iprintf
 .text          0x08001548      0x314 /usr/lib/gcc/arm-none-eabi/14.2.1/../../../arm-none-eabi/lib/thumb/v7e-m+fp/hard/libc_nano.a(libc_a-nano-vfprintf.o)
                0x08001584                __sfputs_r
                0x080015b4                __sprint_r
                0x080015d4                _vfiprintf_r
                0x080015d4                _vfprintf_r
                0x08001840                vfiprintf
                0x08001840                vfprintf
 .text          0x0800185c       0x24 /usr/lib/gcc/arm-none-eabi/14.2.1/../../../arm-none-eabi/lib/thumb/v7e-m+fp/hard/libc_nano.a(libc_a-sbrkr.o)
                0x0800185c                _sbrk_r
 .text          0x08001880       0x2c /usr/lib/gcc/arm-none-eabi/14.2.1/../../../arm-none-eabi/lib/thumb/v7e-m+fp/hard/libc_nano.a(libc_a-fstatr.o)
                0x08001880                _fstat_r
 .text          0x080018ac       0x94 /usr/lib/gcc/arm-none-eabi/14.2.1/../../../arm-none-eabi/lib/thumb/v7e-m+fp/hard/libc_nano.a(libc_a-stdio.o)
                0x080018ac                __sread
                0x080018d0                __seofread
                0x080018d4                __swrite
                0x08001914                __sseek
                0x08001938                __sclose
 .text          0x08001940      0x400 /usr/lib/gcc/arm-none-eabi/14.2.1/../../../arm-none-eabi/lib/thumb/v7e-m+fp/hard/libc_nano.a(libc_a-nano-svfprintf.o)
                0x08001940                __ssputs_r
                0x08001a00                __ssprint_r
                0x08001b08                _svfprintf_r
                0x08001b08                _svfiprintf_r
 .text          0x08001d40       0x2c /usr/lib/gcc/arm-none-eabi/14.2.1/../../../arm-none-eabi/lib/thumb/v7e-m+fp/hard/libc_nano.a(libc_a-readr.o)
                0x08001d40                _read_r
 .text          0x08001d6c      0x300 /usr/lib/gcc/arm-none-eabi/14.2.1/../../../arm-none-eabi/lib/thumb/v7e-m+fp/hard/libc_nano.a(libc_a-fvwrite.o)
                0x08001d6c                __sfvwrite_r
 .text          0x0800206c       0x2c /usr/lib/gcc/arm-none-eabi/14.2.1/../../../arm-none-eabi/lib/thumb/v7e-m+fp/hard/libc_nano.a(libc_a-writer.o)
                0x0800206c                _write_r
 .text          0x08002098       0x24 /usr/lib/gcc/arm-none-eabi/14.2.1/../../../arm-none-eabi/lib/thumb/v7e-m+fp/hard/libc_nano.a(libc_a-closer.o)
                0x08002098                _close_r
 .text          0x080020bc       0x2c /usr/lib/gcc/arm-none-eabi/14.2.1/../../../arm-none-eabi/lib/thumb/v7e-m+fp/hard/libc_nano.a(libc_a-lseekr.o)
                0x080020bc                _lseek_r
 .text          0x080020e8       0x64 /usr/lib/gcc/arm-none-eabi/14.2.1/../../../arm-none-eabi/lib/thumb/v7e-m+fp/hard/libc_nano.a(libc_a-reallocr.o)
                0x080020e8                _realloc_r
 .text          0x0800214c      0x3a8 /usr/lib/gcc/arm-none-eabi/14.2.1/../../../arm-none-eabi/lib/thumb/v7e-m+fp/hard/libc_nano.a(libc_a-nano-vfprintf_i.o)
                0x0800214c                _printf_common
                0x08002270                _printf_i
 .text          0x080024f4       0x24 /usr/lib/gcc/arm-none-eabi/14.2.1/../../../arm-none-eabi/lib/thumb/v7e-m+fp/hard/libc_nano.a(libc_a-isattyr.o)
                0x080024f4                _isatty_r
 .text          0x08002518       0x30 /usr/lib/gcc/arm-none-eabi/14.2.1/../../../arm-none-eabi/lib/thumb/v7e-m+fp/hard/libc_nano.a(libc_a-signalr.o)
                0x08002518                _kill_r
                0x08002544                _getpid_r
 *fill*         0x08002548        0x8 
 .text          0x08002550       0xa0 /usr/lib/gcc/arm-none-eabi/14.2.1/../../../arm-none-eabi/lib/thumb/v7e-m+fp/hard/libc_nano.a(libc_a-memchr.o)
                0x08002550                memchr
 .text          0x080025f0       0x10 /usr/lib/gcc/arm-none-eabi/14.2.1/../../../arm-none-eabi/lib/thumb/v7e-m+fp/hard/libc_nano.a(libc_a-msizer.o)
                0x080025f0                _malloc_usable_size_r
 .text          0x08002600       0x10 /usr/lib/gcc/arm-none-eabi/14.2.1/../../../arm-none-eabi/lib/thumb/v7e-m+fp/hard/libnosys.a(close.o)
                0x08002600                _close
 .text          0x08002610       0x10 /usr/lib/gcc/arm-none-eabi/14.2.1/../../../arm-none-eabi/lib/thumb/v7e-m+fp/hard/libnosys.a(fstat.o)
                0x08002610                _fstat
 .text          0x08002620       0x10 /usr/lib/gcc/arm-none-eabi/14.2.1/../../../arm-none-eabi/lib/thumb/v7e-m+fp/hard/libnosys.a(getpid.o)
                0x08002620                _getpid
 .text          0x08002630       0x10 /usr/lib/gcc/arm-none-eabi/14.2.1/../../../arm-none-eabi/lib/thumb/v7e-m+fp/hard/libnosys.a(isatty.o)
                0x08002630                _isatty
 .text          0x08002640       0x10 /usr/lib/gcc/arm-none-eabi/14.2.1/../../../arm-none-eabi/lib/thumb/v7e-m+fp/hard/libnosys.a(kill.o)
                0x08002640                _kill
 .text          0x08002650       0x10 /usr/lib/gcc/arm-none-eabi/14.2.1/../../../arm-none-eabi/lib/thumb/v7e-m+fp/hard/libnosys.a(lseek.o)
                0x08002650                _lseek
 .text          0x08002660       0x10 /usr/lib/gcc/arm-none-eabi/14.2.1/../../../arm-none-eabi/lib/thumb/v7e-m+fp/hard/libnosys.a(read.o)
                0x08002660                _read
 .text          0x08002670       0x1c /usr/lib/gcc/arm-none-eabi/14.2.1/../../../arm-none-eabi/lib/thumb/v7e-m+fp/hard/libnosys.a(sbrk.o)
                0x08002670                _sbrk
 .text          0x0800268c        0x4 /usr/lib/gcc/arm-none-eabi/14.2.1/../../../arm-none-eabi/lib/thumb/v7e-m+fp/hard/libnosys.a(_exit.o)
                0x0800268c                _exit
 .text          0x08002690       0x30 /usr/lib/gcc/arm-none-eabi/14.2.1/thumb/v7e-m+fp/hard/libgcc.a(_aeabi_uldivmod.o)
                0x08002690                __aeabi_uldivmod
 .text          0x080026c0      0x2f8 /usr/lib/gcc/arm-none-eabi/14.2.1/thumb/v7e-m+fp/hard/libgcc.a(_udivmoddi4.o)
                0x080026c0                __udivmoddi4
 .text          0x080029b8        0x4 /usr/lib/gcc/arm-none-eabi/14.2.1/thumb/v7e-m+fp/hard/libgcc.a(_dvmd_tls.o)
                0x080029b8                __aeabi_ldiv0
                0x080029b8                __aeabi_idiv0
 *(.text*)
 .text._write   0x080029bc       0x3c build/main.o
                0x080029bc                _write
 .text.MX_EEPRMA2_Check_24C02
                0x080029f8       0x2c build/main.o
                0x080029f8                MX_EEPRMA2_Check_24C02
 .text.Error_Handler
                0x08002a24        0x4 build/main.o
                0x08002a24                Error_Handler
 .text.SystemClock_Config
                0x08002a28       0xb0 build/main.o
                0x08002a28                SystemClock_Config
 .text.main     0x08002ad8       0x6c build/main.o
                0x08002ad8                main
 .text.MX_GPIO_Init
                0x08002b44      0x158 build/gpio.o
                0x08002b44                MX_GPIO_Init
 .text.MX_CAN1_Init
                0x08002c9c       0x40 build/can.o
                0x08002c9c                MX_CAN1_Init
 .text.MX_CAN2_Init
                0x08002cdc       0x40 build/can.o
                0x08002cdc                MX_CAN2_Init
 .text.HAL_CAN_MspInit
                0x08002d1c      0x180 build/can.o
                0x08002d1c                HAL_CAN_MspInit
 .text.MX_RTC_Init
                0x08002e9c       0x30 build/rtc.o
                0x08002e9c                MX_RTC_Init
 .text.HAL_RTC_MspInit
                0x08002ecc       0x48 build/rtc.o
                0x08002ecc                HAL_RTC_MspInit
 .text.MX_SDIO_SD_Init
                0x08002f14       0x28 build/sdio.o
                0x08002f14                MX_SDIO_SD_Init
 .text.HAL_SD_MspInit
                0x08002f3c      0x114 build/sdio.o
                0x08002f3c                HAL_SD_MspInit
 .text.MX_SDIO_SD_Check
                0x08003050       0x64 build/sdio.o
                0x08003050                MX_SDIO_SD_Check
 .text.MX_SPI2_Init
                0x080030b4       0x40 build/spi.o
                0x080030b4                MX_SPI2_Init
 .text.HAL_SPI_MspInit
                0x080030f4       0xa8 build/spi.o
                0x080030f4                HAL_SPI_MspInit
 .text.MX_SPI2_Check_W25Q64
                0x0800319c       0x78 build/spi.o
                0x0800319c                MX_SPI2_Check_W25Q64
 .text.MX_USART1_UART_Init
                0x08003214       0x34 build/usart.o
                0x08003214                MX_USART1_UART_Init
 .text.MX_USART2_UART_Init
                0x08003248       0x38 build/usart.o
                0x08003248                MX_USART2_UART_Init
 .text.HAL_UART_MspInit
                0x08003280       0xe4 build/usart.o
                0x08003280                HAL_UART_MspInit
 .text.debug_print
                0x08003364       0x1c build/artnet.o
 .text.debug_printf
                0x08003380       0x2c build/artnet.o
 .text.artnet_recv_cb
                0x080033ac       0x88 build/artnet.o
 .text.artnet_init
                0x08003434       0x58 build/artnet.o
                0x08003434                artnet_init
 .text.NMI_Handler
                0x0800348c        0x2 build/stm32f4xx_it.o
                0x0800348c                NMI_Handler
 .text.HardFault_Handler
                0x0800348e        0x2 build/stm32f4xx_it.o
                0x0800348e                HardFault_Handler
 .text.MemManage_Handler
                0x08003490        0x2 build/stm32f4xx_it.o
                0x08003490                MemManage_Handler
 .text.BusFault_Handler
                0x08003492        0x2 build/stm32f4xx_it.o
                0x08003492                BusFault_Handler
 .text.UsageFault_Handler
                0x08003494        0x2 build/stm32f4xx_it.o
                0x08003494                UsageFault_Handler
 .text.SVC_Handler
                0x08003496        0x2 build/stm32f4xx_it.o
                0x08003496                SVC_Handler
 .text.DebugMon_Handler
                0x08003498        0x2 build/stm32f4xx_it.o
                0x08003498                DebugMon_Handler
 .text.PendSV_Handler
                0x0800349a        0x2 build/stm32f4xx_it.o
                0x0800349a                PendSV_Handler
 .text.SysTick_Handler
                0x0800349c        0x8 build/stm32f4xx_it.o
                0x0800349c                SysTick_Handler
 .text.CAN1_TX_IRQHandler
                0x080034a4       0x10 build/stm32f4xx_it.o
                0x080034a4                CAN1_TX_IRQHandler
 .text.CAN1_RX0_IRQHandler
                0x080034b4       0x10 build/stm32f4xx_it.o
                0x080034b4                CAN1_RX0_IRQHandler
 .text.CAN1_RX1_IRQHandler
                0x080034c4       0x10 build/stm32f4xx_it.o
                0x080034c4                CAN1_RX1_IRQHandler
 .text.CAN1_SCE_IRQHandler
                0x080034d4       0x10 build/stm32f4xx_it.o
                0x080034d4                CAN1_SCE_IRQHandler
 .text.USART1_IRQHandler
                0x080034e4       0x10 build/stm32f4xx_it.o
                0x080034e4                USART1_IRQHandler
 .text.USART2_IRQHandler
                0x080034f4       0x10 build/stm32f4xx_it.o
                0x080034f4                USART2_IRQHandler
 .text.SDIO_IRQHandler
                0x08003504       0x10 build/stm32f4xx_it.o
                0x08003504                SDIO_IRQHandler
 .text.DMA2_Stream3_IRQHandler
                0x08003514       0x10 build/stm32f4xx_it.o
                0x08003514                DMA2_Stream3_IRQHandler
 .text.ETH_IRQHandler
                0x08003524       0x10 build/stm32f4xx_it.o
                0x08003524                ETH_IRQHandler
 .text.ETH_WKUP_IRQHandler
                0x08003534       0x10 build/stm32f4xx_it.o
                0x08003534                ETH_WKUP_IRQHandler
 .text.CAN2_TX_IRQHandler
                0x08003544       0x10 build/stm32f4xx_it.o
                0x08003544                CAN2_TX_IRQHandler
 .text.CAN2_RX0_IRQHandler
                0x08003554       0x10 build/stm32f4xx_it.o
                0x08003554                CAN2_RX0_IRQHandler
 .text.CAN2_RX1_IRQHandler
                0x08003564       0x10 build/stm32f4xx_it.o
                0x08003564                CAN2_RX1_IRQHandler
 .text.CAN2_SCE_IRQHandler
                0x08003574       0x10 build/stm32f4xx_it.o
                0x08003574                CAN2_SCE_IRQHandler
 .text.OTG_FS_IRQHandler
                0x08003584       0x10 build/stm32f4xx_it.o
                0x08003584                OTG_FS_IRQHandler
 .text.OTG_HS_EP1_OUT_IRQHandler
                0x08003594       0x10 build/stm32f4xx_it.o
                0x08003594                OTG_HS_EP1_OUT_IRQHandler
 .text.OTG_HS_EP1_IN_IRQHandler
                0x080035a4       0x10 build/stm32f4xx_it.o
                0x080035a4                OTG_HS_EP1_IN_IRQHandler
 .text.OTG_HS_IRQHandler
                0x080035b4       0x10 build/stm32f4xx_it.o
                0x080035b4                OTG_HS_IRQHandler
 .text.HAL_MspInit
                0x080035c4       0x38 build/stm32f4xx_hal_msp.o
                0x080035c4                HAL_MspInit
 .text.SystemInit
                0x080035fc       0x14 build/system_stm32f4xx.o
                0x080035fc                SystemInit
 .text.ethernet_link_status_updated
                0x08003610        0x2 build/lwip.o
 *fill*         0x08003612        0x2 
 .text.Ethernet_Link_Periodic_Handle
                0x08003614       0x28 build/lwip.o
 .text.MX_LWIP_Init
                0x0800363c       0x84 build/lwip.o
                0x0800363c                MX_LWIP_Init
 .text.MX_LWIP_Process
                0x080036c0       0x1c build/lwip.o
                0x080036c0                MX_LWIP_Process
 .text.ETH_PHY_IO_DeInit
                0x080036dc        0x4 build/ethernetif.o
                0x080036dc                ETH_PHY_IO_DeInit
 .text.low_level_input
                0x080036e0       0x28 build/ethernetif.o
 .text.low_level_output
                0x08003708       0x9c build/ethernetif.o
 .text.pbuf_free_custom
                0x080037a4       0x24 build/ethernetif.o
                0x080037a4                pbuf_free_custom
 .text.ETH_PHY_IO_GetTick
                0x080037c8        0x8 build/ethernetif.o
                0x080037c8                ETH_PHY_IO_GetTick
 .text.ETH_PHY_IO_Init
                0x080037d0       0x10 build/ethernetif.o
                0x080037d0                ETH_PHY_IO_Init
 .text.ETH_PHY_IO_ReadReg
                0x080037e0       0x1c build/ethernetif.o
                0x080037e0                ETH_PHY_IO_ReadReg
 .text.ETH_PHY_IO_WriteReg
                0x080037fc       0x1c build/ethernetif.o
                0x080037fc                ETH_PHY_IO_WriteReg
 .text.ethernetif_input
                0x08003818       0x28 build/ethernetif.o
                0x08003818                ethernetif_input
 .text.sys_now  0x08003840        0x8 build/ethernetif.o
                0x08003840                sys_now
 .text.HAL_ETH_MspInit
                0x08003848      0x11c build/ethernetif.o
                0x08003848                HAL_ETH_MspInit
 .text.ethernet_link_check_state
                0x08003964       0xac build/ethernetif.o
                0x08003964                ethernet_link_check_state
 .text.low_level_init
                0x08003a10       0xf4 build/ethernetif.o
 .text.ethernetif_init
                0x08003b04       0x48 build/ethernetif.o
                0x08003b04                ethernetif_init
 .text.HAL_ETH_RxAllocateCallback
                0x08003b4c       0x4c build/ethernetif.o
                0x08003b4c                HAL_ETH_RxAllocateCallback
 .text.HAL_ETH_RxLinkCallback
                0x08003b98       0x36 build/ethernetif.o
                0x08003b98                HAL_ETH_RxLinkCallback
 *fill*         0x08003bce        0x2 
 .text.MX_USB_DEVICE_Init
                0x08003bd0       0x54 build/usb_device.o
                0x08003bd0                MX_USB_DEVICE_Init
 .text.USBD_FS_DeviceDescriptor
                0x08003c24        0xc build/usbd_desc.o
                0x08003c24                USBD_FS_DeviceDescriptor
 .text.USBD_FS_LangIDStrDescriptor
                0x08003c30        0xc build/usbd_desc.o
                0x08003c30                USBD_FS_LangIDStrDescriptor
 .text.IntToUnicode
                0x08003c3c       0x46 build/usbd_desc.o
 *fill*         0x08003c82        0x2 
 .text.Get_SerialNum
                0x08003c84       0x38 build/usbd_desc.o
 .text.USBD_FS_SerialStrDescriptor
                0x08003cbc       0x14 build/usbd_desc.o
                0x08003cbc                USBD_FS_SerialStrDescriptor
 .text.USBD_FS_ProductStrDescriptor
                0x08003cd0       0x24 build/usbd_desc.o
                0x08003cd0                USBD_FS_ProductStrDescriptor
 .text.USBD_FS_ManufacturerStrDescriptor
                0x08003cf4       0x1c build/usbd_desc.o
                0x08003cf4                USBD_FS_ManufacturerStrDescriptor
 .text.USBD_FS_ConfigStrDescriptor
                0x08003d10       0x24 build/usbd_desc.o
                0x08003d10                USBD_FS_ConfigStrDescriptor
 .text.USBD_FS_InterfaceStrDescriptor
                0x08003d34       0x24 build/usbd_desc.o
                0x08003d34                USBD_FS_InterfaceStrDescriptor
 .text.CDC_DeInit_FS
                0x08003d58        0x4 build/usbd_cdc_if.o
 .text.CDC_Control_FS
                0x08003d5c       0x24 build/usbd_cdc_if.o
 .text.CDC_TransmitCplt_FS
                0x08003d80        0x4 build/usbd_cdc_if.o
 .text.CDC_Receive_FS
                0x08003d84       0x1c build/usbd_cdc_if.o
 .text.CDC_Init_FS
                0x08003da0       0x28 build/usbd_cdc_if.o
 .text.HAL_PCD_MspInit
                0x08003dc8       0x88 build/usbd_conf.o
                0x08003dc8                HAL_PCD_MspInit
 .text.HAL_PCD_SetupStageCallback
                0x08003e50       0x10 build/usbd_conf.o
                0x08003e50                HAL_PCD_SetupStageCallback
 .text.HAL_PCD_DataOutStageCallback
                0x08003e60       0x18 build/usbd_conf.o
                0x08003e60                HAL_PCD_DataOutStageCallback
 .text.HAL_PCD_DataInStageCallback
                0x08003e78       0x16 build/usbd_conf.o
                0x08003e78                HAL_PCD_DataInStageCallback
 .text.HAL_PCD_SOFCallback
                0x08003e8e        0xc build/usbd_conf.o
                0x08003e8e                HAL_PCD_SOFCallback
 .text.HAL_PCD_ResetCallback
                0x08003e9a       0x2c build/usbd_conf.o
                0x08003e9a                HAL_PCD_ResetCallback
 *fill*         0x08003ec6        0x2 
 .text.HAL_PCD_SuspendCallback
                0x08003ec8       0x30 build/usbd_conf.o
                0x08003ec8                HAL_PCD_SuspendCallback
 .text.HAL_PCD_ResumeCallback
                0x08003ef8        0xc build/usbd_conf.o
                0x08003ef8                HAL_PCD_ResumeCallback
 .text.HAL_PCD_ISOOUTIncompleteCallback
                0x08003f04        0xc build/usbd_conf.o
                0x08003f04                HAL_PCD_ISOOUTIncompleteCallback
 .text.HAL_PCD_ISOINIncompleteCallback
                0x08003f10        0xc build/usbd_conf.o
                0x08003f10                HAL_PCD_ISOINIncompleteCallback
 .text.HAL_PCD_ConnectCallback
                0x08003f1c        0xc build/usbd_conf.o
                0x08003f1c                HAL_PCD_ConnectCallback
 .text.HAL_PCD_DisconnectCallback
                0x08003f28        0xc build/usbd_conf.o
                0x08003f28                HAL_PCD_DisconnectCallback
 .text.USBD_LL_Init
                0x08003f34       0x68 build/usbd_conf.o
                0x08003f34                USBD_LL_Init
 .text.USBD_LL_IsStallEP
                0x08003f9c       0x2e build/usbd_conf.o
                0x08003f9c                USBD_LL_IsStallEP
 .text.USBD_LL_GetRxDataSize
                0x08003fca        0xc build/usbd_conf.o
                0x08003fca                USBD_LL_GetRxDataSize
 *fill*         0x08003fd6        0x2 
 .text.USBD_static_malloc
                0x08003fd8        0x8 build/usbd_conf.o
                0x08003fd8                USBD_static_malloc
 .text.USBD_static_free
                0x08003fe0        0x2 build/usbd_conf.o
                0x08003fe0                USBD_static_free
 .text.USBD_Get_USB_Status
                0x08003fe2       0x14 build/usbd_conf.o
                0x08003fe2                USBD_Get_USB_Status
 .text.USBD_LL_Start
                0x08003ff6       0x10 build/usbd_conf.o
                0x08003ff6                USBD_LL_Start
 .text.USBD_LL_OpenEP
                0x08004006       0x16 build/usbd_conf.o
                0x08004006                USBD_LL_OpenEP
 .text.USBD_LL_CloseEP
                0x0800401c       0x10 build/usbd_conf.o
                0x0800401c                USBD_LL_CloseEP
 .text.USBD_LL_StallEP
                0x0800402c       0x10 build/usbd_conf.o
                0x0800402c                USBD_LL_StallEP
 .text.USBD_LL_ClearStallEP
                0x0800403c       0x10 build/usbd_conf.o
                0x0800403c                USBD_LL_ClearStallEP
 .text.USBD_LL_SetUSBAddress
                0x0800404c       0x10 build/usbd_conf.o
                0x0800404c                USBD_LL_SetUSBAddress
 .text.USBD_LL_Transmit
                0x0800405c       0x10 build/usbd_conf.o
                0x0800405c                USBD_LL_Transmit
 .text.USBD_LL_PrepareReceive
                0x0800406c       0x10 build/usbd_conf.o
                0x0800406c                USBD_LL_PrepareReceive
 .text.DP83848_RegisterBusIO
                0x0800407c       0x3e build/dp83848.o
                0x0800407c                DP83848_RegisterBusIO
 .text.DP83848_Init
                0x080040ba       0xd0 build/dp83848.o
                0x080040ba                DP83848_Init
 .text.DP83848_GetLinkState
                0x0800418a       0xc0 build/dp83848.o
                0x0800418a                DP83848_GetLinkState
 *fill*         0x0800424a        0x2 
 .text.HAL_RCC_OscConfig
                0x0800424c      0x3f8 build/stm32f4xx_hal_rcc.o
                0x0800424c                HAL_RCC_OscConfig
 .text.HAL_RCC_GetSysClockFreq
                0x08004644       0xa8 build/stm32f4xx_hal_rcc.o
                0x08004644                HAL_RCC_GetSysClockFreq
 .text.HAL_RCC_ClockConfig
                0x080046ec      0x160 build/stm32f4xx_hal_rcc.o
                0x080046ec                HAL_RCC_ClockConfig
 .text.HAL_RCC_GetHCLKFreq
                0x0800484c        0xc build/stm32f4xx_hal_rcc.o
                0x0800484c                HAL_RCC_GetHCLKFreq
 .text.HAL_RCC_GetPCLK1Freq
                0x08004858       0x20 build/stm32f4xx_hal_rcc.o
                0x08004858                HAL_RCC_GetPCLK1Freq
 .text.HAL_RCC_GetPCLK2Freq
                0x08004878       0x20 build/stm32f4xx_hal_rcc.o
                0x08004878                HAL_RCC_GetPCLK2Freq
 .text.HAL_RCCEx_PeriphCLKConfig
                0x08004898      0x154 build/stm32f4xx_hal_rcc_ex.o
                0x08004898                HAL_RCCEx_PeriphCLKConfig
 .text.HAL_GPIO_Init
                0x080049ec      0x1ec build/stm32f4xx_hal_gpio.o
                0x080049ec                HAL_GPIO_Init
 .text.HAL_GPIO_DeInit
                0x08004bd8      0x134 build/stm32f4xx_hal_gpio.o
                0x08004bd8                HAL_GPIO_DeInit
 .text.HAL_GPIO_ReadPin
                0x08004d0c        0xe build/stm32f4xx_hal_gpio.o
                0x08004d0c                HAL_GPIO_ReadPin
 .text.HAL_GPIO_WritePin
                0x08004d1a        0xc build/stm32f4xx_hal_gpio.o
                0x08004d1a                HAL_GPIO_WritePin
 .text.DMA_SetConfig
                0x08004d26       0x2c build/stm32f4xx_hal_dma.o
 *fill*         0x08004d52        0x2 
 .text.DMA_CalcBaseAndBitshift
                0x08004d54       0x3c build/stm32f4xx_hal_dma.o
 .text.DMA_CheckFifoParam
                0x08004d90       0x8e build/stm32f4xx_hal_dma.o
 *fill*         0x08004e1e        0x2 
 .text.HAL_DMA_Init
                0x08004e20       0xcc build/stm32f4xx_hal_dma.o
                0x08004e20                HAL_DMA_Init
 .text.HAL_DMA_Start_IT
                0x08004eec       0x68 build/stm32f4xx_hal_dma.o
                0x08004eec                HAL_DMA_Start_IT
 .text.HAL_DMA_Abort
                0x08004f54       0x92 build/stm32f4xx_hal_dma.o
                0x08004f54                HAL_DMA_Abort
 .text.HAL_DMA_Abort_IT
                0x08004fe6       0x24 build/stm32f4xx_hal_dma.o
                0x08004fe6                HAL_DMA_Abort_IT
 *fill*         0x0800500a        0x2 
 .text.HAL_DMA_IRQHandler
                0x0800500c      0x1dc build/stm32f4xx_hal_dma.o
                0x0800500c                HAL_DMA_IRQHandler
 .text.HAL_DMA_GetError
                0x080051e8        0x4 build/stm32f4xx_hal_dma.o
                0x080051e8                HAL_DMA_GetError
 .text.__NVIC_SetPriority
                0x080051ec       0x28 build/stm32f4xx_hal_cortex.o
 .text.NVIC_EncodePriority
                0x08005214       0x3e build/stm32f4xx_hal_cortex.o
 *fill*         0x08005252        0x2 
 .text.HAL_NVIC_SetPriorityGrouping
                0x08005254       0x24 build/stm32f4xx_hal_cortex.o
                0x08005254                HAL_NVIC_SetPriorityGrouping
 .text.HAL_NVIC_SetPriority
                0x08005278       0x20 build/stm32f4xx_hal_cortex.o
                0x08005278                HAL_NVIC_SetPriority
 .text.HAL_NVIC_EnableIRQ
                0x08005298       0x1c build/stm32f4xx_hal_cortex.o
                0x08005298                HAL_NVIC_EnableIRQ
 .text.HAL_SYSTICK_Config
                0x080052b4       0x28 build/stm32f4xx_hal_cortex.o
                0x080052b4                HAL_SYSTICK_Config
 .text.HAL_InitTick
                0x080052dc       0x4c build/stm32f4xx_hal.o
                0x080052dc                HAL_InitTick
 .text.HAL_Init
                0x08005328       0x34 build/stm32f4xx_hal.o
                0x08005328                HAL_Init
 .text.HAL_IncTick
                0x0800535c       0x18 build/stm32f4xx_hal.o
                0x0800535c                HAL_IncTick
 .text.HAL_GetTick
                0x08005374        0xc build/stm32f4xx_hal.o
                0x08005374                HAL_GetTick
 .text.HAL_Delay
                0x08005380       0x28 build/stm32f4xx_hal.o
                0x08005380                HAL_Delay
 .text.ETH_UpdateDescriptor
                0x080053a8       0x98 build/stm32f4xx_hal_eth.o
 .text.ETH_MACAddressConfig
                0x08005440       0x30 build/stm32f4xx_hal_eth.o
 .text.ETH_DMATxDescListInit
                0x08005470       0x6e build/stm32f4xx_hal_eth.o
 .text.ETH_DMARxDescListInit
                0x080054de       0x84 build/stm32f4xx_hal_eth.o
 .text.ETH_Prepare_Tx_Descriptors
                0x08005562      0x172 build/stm32f4xx_hal_eth.o
 .text.ETH_SetMACConfig
                0x080056d4       0xfc build/stm32f4xx_hal_eth.o
 .text.ETH_SetDMAConfig
                0x080057d0       0xc0 build/stm32f4xx_hal_eth.o
 .text.ETH_MACDMAConfig
                0x08005890       0xa2 build/stm32f4xx_hal_eth.o
 .text.ETH_FlushTransmitFIFO
                0x08005932       0x36 build/stm32f4xx_hal_eth.o
 .text.HAL_ETH_Init
                0x08005968       0xc0 build/stm32f4xx_hal_eth.o
                0x08005968                HAL_ETH_Init
 .text.HAL_ETH_Start
                0x08005a28       0x78 build/stm32f4xx_hal_eth.o
                0x08005a28                HAL_ETH_Start
 .text.HAL_ETH_Stop
                0x08005aa0       0x70 build/stm32f4xx_hal_eth.o
                0x08005aa0                HAL_ETH_Stop
 .text.HAL_ETH_Transmit
                0x08005b10       0xca build/stm32f4xx_hal_eth.o
                0x08005b10                HAL_ETH_Transmit
 .text.HAL_ETH_ReadData
                0x08005bda       0xfe build/stm32f4xx_hal_eth.o
                0x08005bda                HAL_ETH_ReadData
 .text.HAL_ETH_TxCpltCallback
                0x08005cd8        0x2 build/stm32f4xx_hal_eth.o
                0x08005cd8                HAL_ETH_TxCpltCallback
 .text.HAL_ETH_RxCpltCallback
                0x08005cda        0x2 build/stm32f4xx_hal_eth.o
                0x08005cda                HAL_ETH_RxCpltCallback
 .text.HAL_ETH_ErrorCallback
                0x08005cdc        0x2 build/stm32f4xx_hal_eth.o
                0x08005cdc                HAL_ETH_ErrorCallback
 .text.HAL_ETH_PMTCallback
                0x08005cde        0x2 build/stm32f4xx_hal_eth.o
                0x08005cde                HAL_ETH_PMTCallback
 .text.HAL_ETH_WakeUpCallback
                0x08005ce0        0x2 build/stm32f4xx_hal_eth.o
                0x08005ce0                HAL_ETH_WakeUpCallback
 *fill*         0x08005ce2        0x2 
 .text.HAL_ETH_IRQHandler
                0x08005ce4      0x114 build/stm32f4xx_hal_eth.o
                0x08005ce4                HAL_ETH_IRQHandler
 .text.HAL_ETH_ReadPHYRegister
                0x08005df8       0x50 build/stm32f4xx_hal_eth.o
                0x08005df8                HAL_ETH_ReadPHYRegister
 .text.HAL_ETH_WritePHYRegister
                0x08005e48       0x4c build/stm32f4xx_hal_eth.o
                0x08005e48                HAL_ETH_WritePHYRegister
 .text.HAL_ETH_GetMACConfig
                0x08005e94       0xf2 build/stm32f4xx_hal_eth.o
                0x08005e94                HAL_ETH_GetMACConfig
 .text.HAL_ETH_SetMACConfig
                0x08005f86       0x1c build/stm32f4xx_hal_eth.o
                0x08005f86                HAL_ETH_SetMACConfig
 *fill*         0x08005fa2        0x2 
 .text.HAL_ETH_SetMDIOClockRange
                0x08005fa4       0x74 build/stm32f4xx_hal_eth.o
                0x08005fa4                HAL_ETH_SetMDIOClockRange
 .text.PCD_WriteEmptyTxFifo
                0x08006018       0xd0 build/stm32f4xx_hal_pcd.o
 .text.HAL_PCD_Init
                0x080060e8      0x12e build/stm32f4xx_hal_pcd.o
                0x080060e8                HAL_PCD_Init
 .text.HAL_PCD_Start
                0x08006216       0x42 build/stm32f4xx_hal_pcd.o
                0x08006216                HAL_PCD_Start
 .text.PCD_EP_OutXfrComplete_int
                0x08006258      0x104 build/stm32f4xx_hal_pcd.o
 .text.PCD_EP_OutSetupPacket_int
                0x0800635c       0x50 build/stm32f4xx_hal_pcd.o
 .text.HAL_PCD_SetAddress
                0x080063ac       0x28 build/stm32f4xx_hal_pcd.o
                0x080063ac                HAL_PCD_SetAddress
 .text.HAL_PCD_EP_Open
                0x080063d4       0x8a build/stm32f4xx_hal_pcd.o
                0x080063d4                HAL_PCD_EP_Open
 .text.HAL_PCD_EP_Close
                0x0800645e       0x72 build/stm32f4xx_hal_pcd.o
                0x0800645e                HAL_PCD_EP_Close
 .text.HAL_PCD_EP_Receive
                0x080064d0       0x5e build/stm32f4xx_hal_pcd.o
                0x080064d0                HAL_PCD_EP_Receive
 .text.HAL_PCD_EP_GetRxCount
                0x0800652e       0x12 build/stm32f4xx_hal_pcd.o
                0x0800652e                HAL_PCD_EP_GetRxCount
 .text.HAL_PCD_EP_Transmit
                0x08006540       0x5e build/stm32f4xx_hal_pcd.o
                0x08006540                HAL_PCD_EP_Transmit
 .text.HAL_PCD_EP_SetStall
                0x0800659e       0x88 build/stm32f4xx_hal_pcd.o
                0x0800659e                HAL_PCD_EP_SetStall
 .text.HAL_PCD_EP_ClrStall
                0x08006626       0x76 build/stm32f4xx_hal_pcd.o
                0x08006626                HAL_PCD_EP_ClrStall
 .text.HAL_PCD_EP_Abort
                0x0800669c       0x34 build/stm32f4xx_hal_pcd.o
                0x0800669c                HAL_PCD_EP_Abort
 .text.HAL_PCD_IRQHandler
                0x080066d0      0x5c8 build/stm32f4xx_hal_pcd.o
                0x080066d0                HAL_PCD_IRQHandler
 .text.HAL_PCDEx_SetTxFiFo
                0x08006c98       0x4c build/stm32f4xx_hal_pcd_ex.o
                0x08006c98                HAL_PCDEx_SetTxFiFo
 .text.HAL_PCDEx_SetRxFiFo
                0x08006ce4        0x8 build/stm32f4xx_hal_pcd_ex.o
                0x08006ce4                HAL_PCDEx_SetRxFiFo
 .text.HAL_PCDEx_LPM_Callback
                0x08006cec        0x2 build/stm32f4xx_hal_pcd_ex.o
                0x08006cec                HAL_PCDEx_LPM_Callback
 *fill*         0x08006cee        0x2 
 .text.USB_CoreReset
                0x08006cf0       0x50 build/stm32f4xx_ll_usb.o
 .text.USB_CoreInit
                0x08006d40       0x8a build/stm32f4xx_ll_usb.o
                0x08006d40                USB_CoreInit
 *fill*         0x08006dca        0x2 
 .text.USB_SetTurnaroundTime
                0x08006dcc       0xe4 build/stm32f4xx_ll_usb.o
                0x08006dcc                USB_SetTurnaroundTime
 .text.USB_EnableGlobalInt
                0x08006eb0        0xc build/stm32f4xx_ll_usb.o
                0x08006eb0                USB_EnableGlobalInt
 .text.USB_DisableGlobalInt
                0x08006ebc        0xc build/stm32f4xx_ll_usb.o
                0x08006ebc                USB_DisableGlobalInt
 .text.USB_FlushTxFifo
                0x08006ec8       0x50 build/stm32f4xx_ll_usb.o
                0x08006ec8                USB_FlushTxFifo
 .text.USB_FlushRxFifo
                0x08006f18       0x4c build/stm32f4xx_ll_usb.o
                0x08006f18                USB_FlushRxFifo
 .text.USB_SetDevSpeed
                0x08006f64        0xe build/stm32f4xx_ll_usb.o
                0x08006f64                USB_SetDevSpeed
 *fill*         0x08006f72        0x2 
 .text.USB_DevInit
                0x08006f74      0x190 build/stm32f4xx_ll_usb.o
                0x08006f74                USB_DevInit
 .text.USB_GetDevSpeed
                0x08007104       0x22 build/stm32f4xx_ll_usb.o
                0x08007104                USB_GetDevSpeed
 .text.USB_ActivateEndpoint
                0x08007126       0x9a build/stm32f4xx_ll_usb.o
                0x08007126                USB_ActivateEndpoint
 .text.USB_DeactivateEndpoint
                0x080071c0       0xe0 build/stm32f4xx_ll_usb.o
                0x080071c0                USB_DeactivateEndpoint
 .text.USB_EP0StartXfer
                0x080072a0      0x118 build/stm32f4xx_ll_usb.o
                0x080072a0                USB_EP0StartXfer
 .text.USB_EPStopXfer
                0x080073b8       0xbe build/stm32f4xx_ll_usb.o
                0x080073b8                USB_EPStopXfer
 .text.USB_WritePacket
                0x08007476       0x2e build/stm32f4xx_ll_usb.o
                0x08007476                USB_WritePacket
 .text.USB_EPStartXfer
                0x080074a4      0x228 build/stm32f4xx_ll_usb.o
                0x080074a4                USB_EPStartXfer
 .text.USB_ReadPacket
                0x080076cc       0x46 build/stm32f4xx_ll_usb.o
                0x080076cc                USB_ReadPacket
 .text.USB_EPSetStall
                0x08007712       0x5a build/stm32f4xx_ll_usb.o
                0x08007712                USB_EPSetStall
 .text.USB_EPClearStall
                0x0800776c       0x5c build/stm32f4xx_ll_usb.o
                0x0800776c                USB_EPClearStall
 .text.USB_SetDevAddress
                0x080077c8       0x20 build/stm32f4xx_ll_usb.o
                0x080077c8                USB_SetDevAddress
 .text.USB_DevConnect
                0x080077e8       0x1c build/stm32f4xx_ll_usb.o
                0x080077e8                USB_DevConnect
 .text.USB_DevDisconnect
                0x08007804       0x1c build/stm32f4xx_ll_usb.o
                0x08007804                USB_DevDisconnect
 .text.USB_ReadInterrupts
                0x08007820        0x8 build/stm32f4xx_ll_usb.o
                0x08007820                USB_ReadInterrupts
 .text.USB_ReadDevAllOutEpInterrupt
                0x08007828       0x10 build/stm32f4xx_ll_usb.o
                0x08007828                USB_ReadDevAllOutEpInterrupt
 .text.USB_ReadDevAllInEpInterrupt
                0x08007838       0x10 build/stm32f4xx_ll_usb.o
                0x08007838                USB_ReadDevAllInEpInterrupt
 .text.USB_ReadDevOutEPInterrupt
                0x08007848       0x12 build/stm32f4xx_ll_usb.o
                0x08007848                USB_ReadDevOutEPInterrupt
 .text.USB_ReadDevInEPInterrupt
                0x0800785a       0x24 build/stm32f4xx_ll_usb.o
                0x0800785a                USB_ReadDevInEPInterrupt
 .text.USB_GetMode
                0x0800787e        0x8 build/stm32f4xx_ll_usb.o
                0x0800787e                USB_GetMode
 .text.USB_SetCurrentMode
                0x08007886       0x62 build/stm32f4xx_ll_usb.o
                0x08007886                USB_SetCurrentMode
 .text.USB_ActivateSetup
                0x080078e8       0x1c build/stm32f4xx_ll_usb.o
                0x080078e8                USB_ActivateSetup
 .text.USB_EP0_OutStart
                0x08007904       0x60 build/stm32f4xx_ll_usb.o
                0x08007904                USB_EP0_OutStart
 .text.USB_InitFSLSPClkSel
                0x08007964       0x3e build/stm32f4xx_ll_usb.o
                0x08007964                USB_InitFSLSPClkSel
 .text.USB_HC_ReadInterrupt
                0x080079a2        0xa build/stm32f4xx_ll_usb.o
                0x080079a2                USB_HC_ReadInterrupt
 .text.USB_HC_Halt
                0x080079ac       0xe6 build/stm32f4xx_ll_usb.o
                0x080079ac                USB_HC_Halt
 *fill*         0x08007a92        0x2 
 .text.USB_DoPing
                0x08007a94       0x24 build/stm32f4xx_ll_usb.o
                0x08007a94                USB_DoPing
 .text.USB_HC_StartXfer
                0x08007ab8      0x168 build/stm32f4xx_ll_usb.o
                0x08007ab8                USB_HC_StartXfer
 .text.USB_StopHost
                0x08007c20       0x92 build/stm32f4xx_ll_usb.o
                0x08007c20                USB_StopHost
 .text.HAL_CAN_Init
                0x08007cb2      0x14c build/stm32f4xx_hal_can.o
                0x08007cb2                HAL_CAN_Init
 .text.HAL_CAN_TxMailbox0CompleteCallback
                0x08007dfe        0x2 build/stm32f4xx_hal_can.o
                0x08007dfe                HAL_CAN_TxMailbox0CompleteCallback
 .text.HAL_CAN_TxMailbox1CompleteCallback
                0x08007e00        0x2 build/stm32f4xx_hal_can.o
                0x08007e00                HAL_CAN_TxMailbox1CompleteCallback
 .text.HAL_CAN_TxMailbox2CompleteCallback
                0x08007e02        0x2 build/stm32f4xx_hal_can.o
                0x08007e02                HAL_CAN_TxMailbox2CompleteCallback
 .text.HAL_CAN_TxMailbox0AbortCallback
                0x08007e04        0x2 build/stm32f4xx_hal_can.o
                0x08007e04                HAL_CAN_TxMailbox0AbortCallback
 .text.HAL_CAN_TxMailbox1AbortCallback
                0x08007e06        0x2 build/stm32f4xx_hal_can.o
                0x08007e06                HAL_CAN_TxMailbox1AbortCallback
 .text.HAL_CAN_TxMailbox2AbortCallback
                0x08007e08        0x2 build/stm32f4xx_hal_can.o
                0x08007e08                HAL_CAN_TxMailbox2AbortCallback
 .text.HAL_CAN_RxFifo0MsgPendingCallback
                0x08007e0a        0x2 build/stm32f4xx_hal_can.o
                0x08007e0a                HAL_CAN_RxFifo0MsgPendingCallback
 .text.HAL_CAN_RxFifo0FullCallback
                0x08007e0c        0x2 build/stm32f4xx_hal_can.o
                0x08007e0c                HAL_CAN_RxFifo0FullCallback
 .text.HAL_CAN_RxFifo1MsgPendingCallback
                0x08007e0e        0x2 build/stm32f4xx_hal_can.o
                0x08007e0e                HAL_CAN_RxFifo1MsgPendingCallback
 .text.HAL_CAN_RxFifo1FullCallback
                0x08007e10        0x2 build/stm32f4xx_hal_can.o
                0x08007e10                HAL_CAN_RxFifo1FullCallback
 .text.HAL_CAN_SleepCallback
                0x08007e12        0x2 build/stm32f4xx_hal_can.o
                0x08007e12                HAL_CAN_SleepCallback
 .text.HAL_CAN_WakeUpFromRxMsgCallback
                0x08007e14        0x2 build/stm32f4xx_hal_can.o
                0x08007e14                HAL_CAN_WakeUpFromRxMsgCallback
 .text.HAL_CAN_ErrorCallback
                0x08007e16        0x2 build/stm32f4xx_hal_can.o
                0x08007e16                HAL_CAN_ErrorCallback
 .text.HAL_CAN_IRQHandler
                0x08007e18      0x250 build/stm32f4xx_hal_can.o
                0x08007e18                HAL_CAN_IRQHandler
 .text.I2C_IsAcknowledgeFailed
                0x08008068       0x32 build/stm32f4xx_hal_i2c.o
 .text.I2C_WaitOnFlagUntilTimeout
                0x0800809a       0x7c build/stm32f4xx_hal_i2c.o
 .text.I2C_WaitOnMasterAddressFlagUntilTimeout
                0x08008116       0xaa build/stm32f4xx_hal_i2c.o
 .text.I2C_MasterRequestWrite
                0x080081c0       0xb4 build/stm32f4xx_hal_i2c.o
 .text.I2C_WaitOnTXEFlagUntilTimeout
                0x08008274       0x54 build/stm32f4xx_hal_i2c.o
 .text.I2C_RequestMemoryWrite
                0x080082c8       0xd8 build/stm32f4xx_hal_i2c.o
 .text.I2C_RequestMemoryRead
                0x080083a0      0x154 build/stm32f4xx_hal_i2c.o
 .text.I2C_WaitOnBTFFlagUntilTimeout
                0x080084f4       0x54 build/stm32f4xx_hal_i2c.o
 .text.I2C_WaitOnRXNEFlagUntilTimeout
                0x08008548       0x6a build/stm32f4xx_hal_i2c.o
 .text.HAL_I2C_MspInit
                0x080085b2        0x2 build/stm32f4xx_hal_i2c.o
                0x080085b2                HAL_I2C_MspInit
 .text.HAL_I2C_Init
                0x080085b4      0x1bc build/stm32f4xx_hal_i2c.o
                0x080085b4                HAL_I2C_Init
 .text.HAL_I2C_MspDeInit
                0x08008770        0x2 build/stm32f4xx_hal_i2c.o
                0x08008770                HAL_I2C_MspDeInit
 .text.HAL_I2C_DeInit
                0x08008772       0x32 build/stm32f4xx_hal_i2c.o
                0x08008772                HAL_I2C_DeInit
 .text.HAL_I2C_Master_Transmit
                0x080087a4      0x174 build/stm32f4xx_hal_i2c.o
                0x080087a4                HAL_I2C_Master_Transmit
 .text.HAL_I2C_Mem_Write
                0x08008918      0x160 build/stm32f4xx_hal_i2c.o
                0x08008918                HAL_I2C_Mem_Write
 .text.HAL_I2C_Mem_Read
                0x08008a78      0x2e0 build/stm32f4xx_hal_i2c.o
                0x08008a78                HAL_I2C_Mem_Read
 .text.HAL_I2C_IsDeviceReady
                0x08008d58      0x18c build/stm32f4xx_hal_i2c.o
                0x08008d58                HAL_I2C_IsDeviceReady
 .text.HAL_I2C_GetState
                0x08008ee4        0x6 build/stm32f4xx_hal_i2c.o
                0x08008ee4                HAL_I2C_GetState
 .text.HAL_I2C_GetError
                0x08008eea        0x4 build/stm32f4xx_hal_i2c.o
                0x08008eea                HAL_I2C_GetError
 .text.HAL_RTC_WaitForSynchro
                0x08008eee       0x32 build/stm32f4xx_hal_rtc.o
                0x08008eee                HAL_RTC_WaitForSynchro
 .text.RTC_EnterInitMode
                0x08008f20       0x46 build/stm32f4xx_hal_rtc.o
                0x08008f20                RTC_EnterInitMode
 .text.RTC_ExitInitMode
                0x08008f66       0x2a build/stm32f4xx_hal_rtc.o
                0x08008f66                RTC_ExitInitMode
 .text.HAL_RTC_Init
                0x08008f90       0x8e build/stm32f4xx_hal_rtc.o
                0x08008f90                HAL_RTC_Init
 *fill*         0x0800901e        0x2 
 .text.SDMMC_GetCmdError
                0x08009020       0x38 build/stm32f4xx_ll_sdmmc.o
 .text.SDIO_Init
                0x08009058       0x32 build/stm32f4xx_ll_sdmmc.o
                0x08009058                SDIO_Init
 .text.SDIO_ReadFIFO
                0x0800908a        0x6 build/stm32f4xx_ll_sdmmc.o
                0x0800908a                SDIO_ReadFIFO
 .text.SDIO_WriteFIFO
                0x08009090        0xa build/stm32f4xx_ll_sdmmc.o
                0x08009090                SDIO_WriteFIFO
 .text.SDIO_PowerState_ON
                0x0800909a        0x8 build/stm32f4xx_ll_sdmmc.o
                0x0800909a                SDIO_PowerState_ON
 .text.SDIO_GetPowerState
                0x080090a2        0x8 build/stm32f4xx_ll_sdmmc.o
                0x080090a2                SDIO_GetPowerState
 .text.SDIO_SendCommand
                0x080090aa       0x20 build/stm32f4xx_ll_sdmmc.o
                0x080090aa                SDIO_SendCommand
 .text.SDIO_GetCommandResponse
                0x080090ca        0x6 build/stm32f4xx_ll_sdmmc.o
                0x080090ca                SDIO_GetCommandResponse
 .text.SDIO_GetResponse
                0x080090d0        0x6 build/stm32f4xx_ll_sdmmc.o
                0x080090d0                SDIO_GetResponse
 .text.SDIO_ConfigData
                0x080090d6       0x24 build/stm32f4xx_ll_sdmmc.o
                0x080090d6                SDIO_ConfigData
 .text.SDMMC_CmdGoIdleState
                0x080090fa       0x26 build/stm32f4xx_ll_sdmmc.o
                0x080090fa                SDMMC_CmdGoIdleState
 .text.SDMMC_GetCmdResp1
                0x08009120      0x154 build/stm32f4xx_ll_sdmmc.o
                0x08009120                SDMMC_GetCmdResp1
 .text.SDMMC_CmdBlockLength
                0x08009274       0x30 build/stm32f4xx_ll_sdmmc.o
                0x08009274                SDMMC_CmdBlockLength
 .text.SDMMC_CmdReadSingleBlock
                0x080092a4       0x30 build/stm32f4xx_ll_sdmmc.o
                0x080092a4                SDMMC_CmdReadSingleBlock
 .text.SDMMC_CmdReadMultiBlock
                0x080092d4       0x30 build/stm32f4xx_ll_sdmmc.o
                0x080092d4                SDMMC_CmdReadMultiBlock
 .text.SDMMC_CmdWriteSingleBlock
                0x08009304       0x30 build/stm32f4xx_ll_sdmmc.o
                0x08009304                SDMMC_CmdWriteSingleBlock
 .text.SDMMC_CmdWriteMultiBlock
                0x08009334       0x30 build/stm32f4xx_ll_sdmmc.o
                0x08009334                SDMMC_CmdWriteMultiBlock
 .text.SDMMC_CmdStopTransfer
                0x08009364       0x34 build/stm32f4xx_ll_sdmmc.o
                0x08009364                SDMMC_CmdStopTransfer
 .text.SDMMC_CmdSelDesel
                0x08009398       0x30 build/stm32f4xx_ll_sdmmc.o
                0x08009398                SDMMC_CmdSelDesel
 .text.SDMMC_CmdAppCommand
                0x080093c8       0x30 build/stm32f4xx_ll_sdmmc.o
                0x080093c8                SDMMC_CmdAppCommand
 .text.SDMMC_CmdSendStatus
                0x080093f8       0x30 build/stm32f4xx_ll_sdmmc.o
                0x080093f8                SDMMC_CmdSendStatus
 .text.SDMMC_GetCmdResp2
                0x08009428       0x5c build/stm32f4xx_ll_sdmmc.o
                0x08009428                SDMMC_GetCmdResp2
 .text.SDMMC_CmdSendCID
                0x08009484       0x2a build/stm32f4xx_ll_sdmmc.o
                0x08009484                SDMMC_CmdSendCID
 .text.SDMMC_CmdSendCSD
                0x080094ae       0x2a build/stm32f4xx_ll_sdmmc.o
                0x080094ae                SDMMC_CmdSendCSD
 .text.SDMMC_GetCmdResp3
                0x080094d8       0x4c build/stm32f4xx_ll_sdmmc.o
                0x080094d8                SDMMC_GetCmdResp3
 .text.SDMMC_CmdAppOperCommand
                0x08009524       0x32 build/stm32f4xx_ll_sdmmc.o
                0x08009524                SDMMC_CmdAppOperCommand
 *fill*         0x08009556        0x2 
 .text.SDMMC_GetCmdResp6
                0x08009558       0xa0 build/stm32f4xx_ll_sdmmc.o
                0x08009558                SDMMC_GetCmdResp6
 .text.SDMMC_CmdSetRelAdd
                0x080095f8       0x30 build/stm32f4xx_ll_sdmmc.o
                0x080095f8                SDMMC_CmdSetRelAdd
 .text.SDMMC_GetCmdResp7
                0x08009628       0x64 build/stm32f4xx_ll_sdmmc.o
                0x08009628                SDMMC_GetCmdResp7
 .text.SDMMC_CmdOperCond
                0x0800968c       0x2e build/stm32f4xx_ll_sdmmc.o
                0x0800968c                SDMMC_CmdOperCond
 .text.SD_DMATransmitCplt
                0x080096ba        0xe build/stm32f4xx_hal_sd.o
 .text.SD_PowerON
                0x080096c8       0xc0 build/stm32f4xx_hal_sd.o
 .text.SD_Read_IT
                0x08009788       0x38 build/stm32f4xx_hal_sd.o
 .text.SD_Write_IT
                0x080097c0       0x48 build/stm32f4xx_hal_sd.o
 .text.SD_SendStatus
                0x08009808       0x2c build/stm32f4xx_hal_sd.o
 .text.HAL_SD_ReadBlocks_DMA
                0x08009834      0x138 build/stm32f4xx_hal_sd.o
                0x08009834                HAL_SD_ReadBlocks_DMA
 .text.HAL_SD_WriteBlocks_DMA
                0x0800996c      0x13c build/stm32f4xx_hal_sd.o
                0x0800996c                HAL_SD_WriteBlocks_DMA
 .text.HAL_SD_ErrorCallback
                0x08009aa8        0x2 build/stm32f4xx_hal_sd.o
                0x08009aa8                HAL_SD_ErrorCallback
 .text.SD_DMAReceiveCplt
                0x08009aaa       0x48 build/stm32f4xx_hal_sd.o
 *fill*         0x08009af2        0x2 
 .text.HAL_SD_GetCardCSD
                0x08009af4      0x1b8 build/stm32f4xx_hal_sd.o
                0x08009af4                HAL_SD_GetCardCSD
 .text.SD_InitCard
                0x08009cac      0x100 build/stm32f4xx_hal_sd.o
 .text.HAL_SD_InitCard
                0x08009dac       0xa8 build/stm32f4xx_hal_sd.o
                0x08009dac                HAL_SD_InitCard
 .text.HAL_SD_Init
                0x08009e54       0x36 build/stm32f4xx_hal_sd.o
                0x08009e54                HAL_SD_Init
 .text.HAL_SD_GetCardInfo
                0x08009e8a       0x24 build/stm32f4xx_hal_sd.o
                0x08009e8a                HAL_SD_GetCardInfo
 .text.HAL_SD_GetCardState
                0x08009eae       0x22 build/stm32f4xx_hal_sd.o
                0x08009eae                HAL_SD_GetCardState
 .text.SD_DMAError
                0x08009ed0       0x68 build/stm32f4xx_hal_sd.o
 .text.SD_DMATxAbort
                0x08009f38       0x44 build/stm32f4xx_hal_sd.o
 .text.SD_DMARxAbort
                0x08009f7c       0x44 build/stm32f4xx_hal_sd.o
 .text.HAL_SD_IRQHandler
                0x08009fc0      0x1e0 build/stm32f4xx_hal_sd.o
                0x08009fc0                HAL_SD_IRQHandler
 .text.SPI_WaitFlagStateUntilTimeout
                0x0800a1a0       0xc8 build/stm32f4xx_hal_spi.o
 .text.SPI_EndRxTxTransaction
                0x0800a268       0x68 build/stm32f4xx_hal_spi.o
 .text.HAL_SPI_Init
                0x0800a2d0       0xbe build/stm32f4xx_hal_spi.o
                0x0800a2d0                HAL_SPI_Init
 .text.HAL_SPI_TransmitReceive
                0x0800a38e      0x240 build/stm32f4xx_hal_spi.o
                0x0800a38e                HAL_SPI_TransmitReceive
 .text.UART_EndRxTransfer
                0x0800a5ce       0x5c build/stm32f4xx_hal_uart.o
 .text.UART_Transmit_IT
                0x0800a62a       0x5e build/stm32f4xx_hal_uart.o
 .text.UART_SetConfig
                0x0800a688      0x110 build/stm32f4xx_hal_uart.o
 .text.UART_WaitOnFlagUntilTimeout
                0x0800a798       0x84 build/stm32f4xx_hal_uart.o
 .text.HAL_UART_Init
                0x0800a81c       0x5e build/stm32f4xx_hal_uart.o
                0x0800a81c                HAL_UART_Init
 .text.HAL_UART_Transmit
                0x0800a87a       0xd6 build/stm32f4xx_hal_uart.o
                0x0800a87a                HAL_UART_Transmit
 .text.HAL_UART_TxCpltCallback
                0x0800a950        0x2 build/stm32f4xx_hal_uart.o
                0x0800a950                HAL_UART_TxCpltCallback
 .text.UART_EndTransmit_IT
                0x0800a952       0x1a build/stm32f4xx_hal_uart.o
 .text.HAL_UART_RxCpltCallback
                0x0800a96c        0x2 build/stm32f4xx_hal_uart.o
                0x0800a96c                HAL_UART_RxCpltCallback
 .text.HAL_UART_ErrorCallback
                0x0800a96e        0x2 build/stm32f4xx_hal_uart.o
                0x0800a96e                HAL_UART_ErrorCallback
 .text.UART_DMAAbortOnError
                0x0800a970       0x10 build/stm32f4xx_hal_uart.o
 .text.HAL_UARTEx_RxEventCallback
                0x0800a980        0x2 build/stm32f4xx_hal_uart.o
                0x0800a980                HAL_UARTEx_RxEventCallback
 .text.UART_Receive_IT
                0x0800a982       0xe0 build/stm32f4xx_hal_uart.o
 *fill*         0x0800aa62        0x2 
 .text.HAL_UART_IRQHandler
                0x0800aa64      0x27c build/stm32f4xx_hal_uart.o
                0x0800aa64                HAL_UART_IRQHandler
 .text.HCD_RXQLVL_IRQHandler
                0x0800ace0       0xa4 build/stm32f4xx_hal_hcd.o
 .text.HAL_HCD_HC_SubmitRequest
                0x0800ad84      0x164 build/stm32f4xx_hal_hcd.o
                0x0800ad84                HAL_HCD_HC_SubmitRequest
 .text.HCD_Port_IRQHandler
                0x0800aee8       0xb0 build/stm32f4xx_hal_hcd.o
 .text.HCD_HC_IN_IRQHandler
                0x0800af98      0x2ac build/stm32f4xx_hal_hcd.o
 .text.HCD_HC_OUT_IRQHandler
                0x0800b244      0x2bc build/stm32f4xx_hal_hcd.o
 .text.HAL_HCD_IRQHandler
                0x0800b500      0x154 build/stm32f4xx_hal_hcd.o
                0x0800b500                HAL_HCD_IRQHandler
 .text.HAL_HCD_Stop
                0x0800b654       0x24 build/stm32f4xx_hal_hcd.o
                0x0800b654                HAL_HCD_Stop
 .text.HAL_HCD_HC_GetURBState
                0x0800b678        0xc build/stm32f4xx_hal_hcd.o
                0x0800b678                HAL_HCD_HC_GetURBState
 .text.HAL_HCD_HC_GetXferCount
                0x0800b684        0xa build/stm32f4xx_hal_hcd.o
                0x0800b684                HAL_HCD_HC_GetXferCount
 *fill*         0x0800b68e        0x2 
 .text.ethernet_input
                0x0800b690       0xa8 build/ethernet.o
                0x0800b690                ethernet_input
 .text.ethernet_output
                0x0800b738       0x70 build/ethernet.o
                0x0800b738                ethernet_output
 .text.dns_backupserver_available
                0x0800b7a8       0x24 build/dns.o
 .text.dns_create_txid
                0x0800b7cc       0x38 build/dns.o
 .text.dns_call_found
                0x0800b804       0xe8 build/dns.o
 .text.dns_send
                0x0800b8ec      0x194 build/dns.o
 .text.dns_check_entry
                0x0800ba80      0x13c build/dns.o
 .text.dns_check_entries
                0x0800bbbc       0x16 build/dns.o
 .text.dns_init
                0x0800bbd2        0x2 build/dns.o
                0x0800bbd2                dns_init
 .text.dns_setserver
                0x0800bbd4       0x28 build/dns.o
                0x0800bbd4                dns_setserver
 .text.dns_tmr  0x0800bbfc        0x8 build/dns.o
                0x0800bbfc                dns_tmr
 .text.tcp_get_next_optbyte
                0x0800bc04       0x3c build/tcp_in.o
 .text.tcp_parseopt
                0x0800bc40       0xa0 build/tcp_in.o
 .text.tcp_input_delayed_close
                0x0800bce0       0x60 build/tcp_in.o
 .text.tcp_timewait_input
                0x0800bd40       0xb8 build/tcp_in.o
 .text.tcp_listen_input
                0x0800bdf8      0x150 build/tcp_in.o
 .text.tcp_free_acked_segments
                0x0800bf48       0xc0 build/tcp_in.o
 .text.tcp_oos_insert_segment
                0x0800c008       0xa8 build/tcp_in.o
 .text.tcp_receive
                0x0800c0b0      0x940 build/tcp_in.o
 .text.tcp_process
                0x0800c9f0      0x584 build/tcp_in.o
 .text.tcp_input
                0x0800cf74      0x588 build/tcp_in.o
                0x0800cf74                tcp_input
 .text.tcp_trigger_input_pcb_close
                0x0800d4fc       0x10 build/tcp_in.o
                0x0800d4fc                tcp_trigger_input_pcb_close
 .text.tcp_remove_listener
                0x0800d50c       0x34 build/tcp.o
 .text.tcp_listen_closed
                0x0800d540       0x5c build/tcp.o
 .text.tcp_free_listen
                0x0800d59c       0x30 build/tcp.o
 .text.tcp_close_shutdown_fin
                0x0800d5cc       0x80 build/tcp.o
 .text.tcp_handle_closepend
                0x0800d64c       0x2c build/tcp.o
 .text.tcp_init
                0x0800d678       0x18 build/tcp.o
                0x0800d678                tcp_init
 .text.tcp_free
                0x0800d690       0x30 build/tcp.o
                0x0800d690                tcp_free
 .text.tcp_update_rcv_ann_wnd
                0x0800d6c0       0x78 build/tcp.o
                0x0800d6c0                tcp_update_rcv_ann_wnd
 .text.tcp_recved
                0x0800d738       0x78 build/tcp.o
                0x0800d738                tcp_recved
 .text.tcp_seg_free
                0x0800d7b0       0x1a build/tcp.o
                0x0800d7b0                tcp_seg_free
 .text.tcp_segs_free
                0x0800d7ca       0x14 build/tcp.o
                0x0800d7ca                tcp_segs_free
 *fill*         0x0800d7de        0x2 
 .text.tcp_seg_copy
                0x0800d7e0       0x4c build/tcp.o
                0x0800d7e0                tcp_seg_copy
 .text.tcp_next_iss
                0x0800d82c       0x38 build/tcp.o
                0x0800d82c                tcp_next_iss
 .text.tcp_eff_send_mss_netif
                0x0800d864       0x40 build/tcp.o
                0x0800d864                tcp_eff_send_mss_netif
 .text.tcp_free_ooseq
                0x0800d8a4       0x12 build/tcp.o
                0x0800d8a4                tcp_free_ooseq
 *fill*         0x0800d8b6        0x2 
 .text.tcp_pcb_purge
                0x0800d8b8       0x64 build/tcp.o
                0x0800d8b8                tcp_pcb_purge
 .text.tcp_pcb_remove
                0x0800d91c       0xd0 build/tcp.o
                0x0800d91c                tcp_pcb_remove
 .text.tcp_abandon
                0x0800d9ec      0x10c build/tcp.o
                0x0800d9ec                tcp_abandon
 .text.tcp_abort
                0x0800daf8        0xa build/tcp.o
                0x0800daf8                tcp_abort
 *fill*         0x0800db02        0x2 
 .text.tcp_kill_timewait
                0x0800db04       0x34 build/tcp.o
 .text.tcp_kill_prio
                0x0800db38       0x58 build/tcp.o
 .text.tcp_netif_ip_addr_changed_pcblist
                0x0800db90       0x40 build/tcp.o
 .text.tcp_netif_ip_addr_changed
                0x0800dbd0       0x54 build/tcp.o
                0x0800dbd0                tcp_netif_ip_addr_changed
 .text.tcp_kill_state
                0x0800dc24       0x64 build/tcp.o
 .text.tcp_alloc
                0x0800dc88       0xc4 build/tcp.o
                0x0800dc88                tcp_alloc
 .text.tcp_close_shutdown
                0x0800dd4c      0x150 build/tcp.o
 .text.tcp_close
                0x0800de9c       0x40 build/tcp.o
                0x0800de9c                tcp_close
 .text.tcp_recv_null
                0x0800dedc       0x48 build/tcp.o
                0x0800dedc                tcp_recv_null
 .text.tcp_process_refused_data
                0x0800df24       0x8c build/tcp.o
                0x0800df24                tcp_process_refused_data
 .text.tcp_fasttmr
                0x0800dfb0       0x80 build/tcp.o
                0x0800dfb0                tcp_fasttmr
 .text.tcp_slowtmr
                0x0800e030      0x4ac build/tcp.o
                0x0800e030                tcp_slowtmr
 .text.tcp_tmr  0x0800e4dc       0x24 build/tcp.o
                0x0800e4dc                tcp_tmr
 .text.tcp_output_segment_busy
                0x0800e500       0x34 build/tcp_out.o
 .text.tcp_output_fill_options
                0x0800e534       0x40 build/tcp_out.o
 .text.tcp_create_segment
                0x0800e574       0xe8 build/tcp_out.o
 .text.tcp_output_alloc_header_common
                0x0800e65c       0x98 build/tcp_out.o
 .text.tcp_output_alloc_header
                0x0800e6f4       0x54 build/tcp_out.o
 .text.tcp_route
                0x0800e748       0x16 build/tcp_out.o
 *fill*         0x0800e75e        0x2 
 .text.tcp_output_segment
                0x0800e760      0x158 build/tcp_out.o
 .text.tcp_output_control_segment
                0x0800e8b8       0x88 build/tcp_out.o
 .text.tcp_split_unsent_seg
                0x0800e940      0x1bc build/tcp_out.o
                0x0800e940                tcp_split_unsent_seg
 .text.tcp_enqueue_flags
                0x0800eafc      0x16c build/tcp_out.o
                0x0800eafc                tcp_enqueue_flags
 .text.tcp_send_fin
                0x0800ec68       0x64 build/tcp_out.o
                0x0800ec68                tcp_send_fin
 .text.tcp_rexmit_rto_prepare
                0x0800eccc       0xa0 build/tcp_out.o
                0x0800eccc                tcp_rexmit_rto_prepare
 .text.tcp_rexmit
                0x0800ed6c       0x88 build/tcp_out.o
                0x0800ed6c                tcp_rexmit
 .text.tcp_rexmit_fast
                0x0800edf4       0x78 build/tcp_out.o
                0x0800edf4                tcp_rexmit_fast
 .text.tcp_rst  0x0800ee6c       0x90 build/tcp_out.o
                0x0800ee6c                tcp_rst
 .text.tcp_send_empty_ack
                0x0800eefc       0x74 build/tcp_out.o
                0x0800eefc                tcp_send_empty_ack
 .text.tcp_output
                0x0800ef70      0x29c build/tcp_out.o
                0x0800ef70                tcp_output
 .text.tcp_rexmit_rto_commit
                0x0800f20c       0x38 build/tcp_out.o
                0x0800f20c                tcp_rexmit_rto_commit
 .text.tcp_rexmit_rto
                0x0800f244       0x34 build/tcp_out.o
                0x0800f244                tcp_rexmit_rto
 .text.tcp_keepalive
                0x0800f278       0x5c build/tcp_out.o
                0x0800f278                tcp_keepalive
 .text.tcp_zero_window_probe
                0x0800f2d4       0xdc build/tcp_out.o
                0x0800f2d4                tcp_zero_window_probe
 .text.lwip_init
                0x0800f3b0       0x20 build/init.o
                0x0800f3b0                lwip_init
 .text.sys_timeout_abs
                0x0800f3d0       0x70 build/timeouts.o
 .text.lwip_cyclic_timer
                0x0800f440       0x40 build/timeouts.o
 .text.sys_timeout
                0x0800f480       0x3c build/timeouts.o
                0x0800f480                sys_timeout
 .text.tcp_timer_needed
                0x0800f4bc       0x3c build/timeouts.o
                0x0800f4bc                tcp_timer_needed
 .text.tcpip_tcp_timer
                0x0800f4f8       0x38 build/timeouts.o
 .text.sys_timeouts_init
                0x0800f530       0x28 build/timeouts.o
                0x0800f530                sys_timeouts_init
 .text.sys_check_timeouts
                0x0800f558       0x50 build/timeouts.o
                0x0800f558                sys_check_timeouts
 .text.do_memp_malloc_pool
                0x0800f5a8       0x34 build/memp.o
 .text.do_memp_free_pool
                0x0800f5dc       0x34 build/memp.o
 .text.memp_init_pool
                0x0800f610       0x28 build/memp.o
                0x0800f610                memp_init_pool
 .text.memp_init
                0x0800f638       0x20 build/memp.o
                0x0800f638                memp_init
 .text.memp_malloc_pool
                0x0800f658       0x2c build/memp.o
                0x0800f658                memp_malloc_pool
 .text.memp_malloc
                0x0800f684       0x34 build/memp.o
                0x0800f684                memp_malloc
 .text.memp_free_pool
                0x0800f6b8       0x28 build/memp.o
                0x0800f6b8                memp_free_pool
 .text.memp_free
                0x0800f6e0       0x34 build/memp.o
                0x0800f6e0                memp_free
 .text.netif_do_set_netmask
                0x0800f714       0x12 build/netif.o
 .text.netif_do_set_gw
                0x0800f726       0x12 build/netif.o
 .text.netif_null_output_ip4
                0x0800f738        0x6 build/netif.o
 .text.netif_do_ip_addr_changed
                0x0800f73e       0x14 build/netif.o
 *fill*         0x0800f752        0x2 
 .text.netif_issue_reports
                0x0800f754       0x50 build/netif.o
 .text.netif_do_set_ipaddr
                0x0800f7a4       0x74 build/netif.o
 .text.netif_init
                0x0800f818        0x2 build/netif.o
                0x0800f818                netif_init
 *fill*         0x0800f81a        0x2 
 .text.netif_set_addr
                0x0800f81c       0x6c build/netif.o
                0x0800f81c                netif_set_addr
 .text.netif_add
                0x0800f888      0x128 build/netif.o
                0x0800f888                netif_add
 .text.netif_set_default
                0x0800f9b0        0xc build/netif.o
                0x0800f9b0                netif_set_default
 .text.netif_set_up
                0x0800f9bc       0x44 build/netif.o
                0x0800f9bc                netif_set_up
 .text.netif_set_down
                0x0800fa00       0x4c build/netif.o
                0x0800fa00                netif_set_down
 .text.netif_set_link_up
                0x0800fa4c       0x50 build/netif.o
                0x0800fa4c                netif_set_link_up
 .text.netif_set_link_down
                0x0800fa9c       0x3c build/netif.o
                0x0800fa9c                netif_set_link_down
 .text.netif_set_link_callback
                0x0800fad8        0x6 build/netif.o
                0x0800fad8                netif_set_link_callback
 *fill*         0x0800fade        0x2 
 .text.netif_get_by_index
                0x0800fae0       0x24 build/netif.o
                0x0800fae0                netif_get_by_index
 .text.lwip_standard_chksum
                0x0800fb04       0x56 build/inet_chksum.o
                0x0800fb04                lwip_standard_chksum
 .text.inet_cksum_pseudo_base
                0x0800fb5a       0x6c build/inet_chksum.o
 .text.inet_chksum_pseudo
                0x0800fbc6       0x2e build/inet_chksum.o
                0x0800fbc6                inet_chksum_pseudo
 .text.ip_chksum_pseudo
                0x0800fbf4       0x10 build/inet_chksum.o
                0x0800fbf4                ip_chksum_pseudo
 .text.inet_chksum
                0x0800fc04        0xc build/inet_chksum.o
                0x0800fc04                inet_chksum
 .text.pbuf_pool_is_empty
                0x0800fc10        0xc build/pbuf.o
 .text.pbuf_init_alloced_pbuf
                0x0800fc1c       0x24 build/pbuf.o
 .text.pbuf_skip_const
                0x0800fc40       0x16 build/pbuf.o
 *fill*         0x0800fc56        0x2 
 .text.pbuf_add_header_impl
                0x0800fc58       0x74 build/pbuf.o
 .text.pbuf_free_ooseq
                0x0800fccc       0x28 build/pbuf.o
                0x0800fccc                pbuf_free_ooseq
 .text.pbuf_alloc_reference
                0x0800fcf4       0x50 build/pbuf.o
                0x0800fcf4                pbuf_alloc_reference
 .text.pbuf_alloced_custom
                0x0800fd44       0x3e build/pbuf.o
                0x0800fd44                pbuf_alloced_custom
 .text.pbuf_add_header
                0x0800fd82        0xa build/pbuf.o
                0x0800fd82                pbuf_add_header
 .text.pbuf_remove_header
                0x0800fd8c       0x64 build/pbuf.o
                0x0800fd8c                pbuf_remove_header
 .text.pbuf_header_impl
                0x0800fdf0       0x14 build/pbuf.o
 .text.pbuf_header_force
                0x0800fe04        0xa build/pbuf.o
                0x0800fe04                pbuf_header_force
 *fill*         0x0800fe0e        0x2 
 .text.pbuf_free
                0x0800fe10       0xc4 build/pbuf.o
                0x0800fe10                pbuf_free
 .text.pbuf_alloc
                0x0800fed4      0x158 build/pbuf.o
                0x0800fed4                pbuf_alloc
 .text.pbuf_realloc
                0x0801002c       0xa8 build/pbuf.o
                0x0801002c                pbuf_realloc
 .text.pbuf_clen
                0x080100d4       0x12 build/pbuf.o
                0x080100d4                pbuf_clen
 *fill*         0x080100e6        0x2 
 .text.pbuf_ref
                0x080100e8       0x30 build/pbuf.o
                0x080100e8                pbuf_ref
 .text.pbuf_cat
                0x08010118       0x74 build/pbuf.o
                0x08010118                pbuf_cat
 .text.pbuf_chain
                0x0801018c       0x10 build/pbuf.o
                0x0801018c                pbuf_chain
 .text.pbuf_copy
                0x0801019c      0x124 build/pbuf.o
                0x0801019c                pbuf_copy
 .text.pbuf_copy_partial
                0x080102c0       0x94 build/pbuf.o
                0x080102c0                pbuf_copy_partial
 .text.pbuf_skip
                0x08010354        0x8 build/pbuf.o
                0x08010354                pbuf_skip
 .text.pbuf_take
                0x0801035c       0xc0 build/pbuf.o
                0x0801035c                pbuf_take
 .text.pbuf_take_at
                0x0801041c       0x84 build/pbuf.o
                0x0801041c                pbuf_take_at
 .text.pbuf_clone
                0x080104a0       0x38 build/pbuf.o
                0x080104a0                pbuf_clone
 .text.pbuf_put_at
                0x080104d8       0x22 build/pbuf.o
                0x080104d8                pbuf_put_at
 .text.lwip_htons
                0x080104fa        0xa build/def.o
                0x080104fa                lwip_htons
 .text.lwip_htonl
                0x08010504       0x18 build/def.o
                0x08010504                lwip_htonl
 .text.udp_new_port
                0x0801051c       0x4c build/udp.o
 .text.udp_input_local_match
                0x08010568       0xa0 build/udp.o
 .text.udp_init
                0x08010608       0x18 build/udp.o
                0x08010608                udp_init
 .text.udp_input
                0x08010620      0x188 build/udp.o
                0x08010620                udp_input
 .text.udp_bind
                0x080107a8       0xb4 build/udp.o
                0x080107a8                udp_bind
 .text.udp_sendto_if_src
                0x0801085c      0x190 build/udp.o
                0x0801085c                udp_sendto_if_src
 .text.udp_sendto_if
                0x080109ec       0xa8 build/udp.o
                0x080109ec                udp_sendto_if
 .text.udp_sendto
                0x08010a94       0x8c build/udp.o
                0x08010a94                udp_sendto
 .text.udp_connect
                0x08010b20       0x84 build/udp.o
                0x08010b20                udp_connect
 .text.udp_recv
                0x08010ba4       0x28 build/udp.o
                0x08010ba4                udp_recv
 .text.udp_remove
                0x08010bcc       0x54 build/udp.o
                0x08010bcc                udp_remove
 .text.udp_new  0x08010c20       0x1c build/udp.o
                0x08010c20                udp_new
 .text.udp_netif_ip_addr_changed
                0x08010c3c       0x38 build/udp.o
                0x08010c3c                udp_netif_ip_addr_changed
 .text.ptr_to_mem
                0x08010c74        0xc build/mem.o
 .text.mem_to_ptr
                0x08010c80       0x10 build/mem.o
 .text.mem_link_valid
                0x08010c90       0x5c build/mem.o
 .text.plug_holes
                0x08010cec       0xfc build/mem.o
 .text.mem_init
                0x08010de8       0x40 build/mem.o
                0x08010de8                mem_init
 .text.mem_free
                0x08010e28       0xb4 build/mem.o
                0x08010e28                mem_free
 .text.mem_trim
                0x08010edc      0x17c build/mem.o
                0x08010edc                mem_trim
 .text.mem_malloc
                0x08011058      0x160 build/mem.o
                0x08011058                mem_malloc
 .text.ip4_input_accept
                0x080111b8       0x34 build/ip4.o
 .text.ip4_route
                0x080111ec       0xb4 build/ip4.o
                0x080111ec                ip4_route
 .text.ip4_input
                0x080112a0      0x1b4 build/ip4.o
                0x080112a0                ip4_input
 .text.ip4_output_if_src
                0x08011454      0x14c build/ip4.o
                0x08011454                ip4_output_if_src
 .text.ip4_output_if
                0x080115a0       0x2a build/ip4.o
                0x080115a0                ip4_output_if
 .text.dhcp_set_state
                0x080115ca       0x10 build/dhcp.o
 *fill*         0x080115da        0x2 
 .text.dhcp_option_short
                0x080115dc       0x3c build/dhcp.o
 .text.dhcp_option
                0x08011618       0x3c build/dhcp.o
 .text.dhcp_option_byte
                0x08011654       0x30 build/dhcp.o
 .text.dhcp_option_long
                0x08011684       0x50 build/dhcp.o
 .text.dhcp_create_msg
                0x080116d4      0x13c build/dhcp.o
 .text.dhcp_option_trailer
                0x08011810       0x34 build/dhcp.o
 .text.dhcp_rebind
                0x08011844       0xf0 build/dhcp.o
 .text.dhcp_t2_timeout
                0x08011934       0x38 build/dhcp.o
 .text.dhcp_reboot
                0x0801196c      0x114 build/dhcp.o
 .text.dhcp_select
                0x08011a80      0x184 build/dhcp.o
 .text.dhcp_handle_offer
                0x08011c04       0x34 build/dhcp.o
 .text.dhcp_discover
                0x08011c38       0xf4 build/dhcp.o
 .text.dhcp_decline
                0x08011d2c       0x9c build/dhcp.o
 .text.dhcp_check
                0x08011dc8       0x2a build/dhcp.o
 *fill*         0x08011df2        0x2 
 .text.dhcp_bind
                0x08011df4      0x12c build/dhcp.o
 .text.dhcp_handle_nak
                0x08011f20       0x24 build/dhcp.o
 .text.dhcp_dec_pcb_refcount
                0x08011f44       0x48 build/dhcp.o
 .text.dhcp_inc_pcb_refcount
                0x08011f8c       0x7c build/dhcp.o
 .text.dhcp_parse_reply
                0x08012008      0x4a4 build/dhcp.o
 .text.dhcp_handle_ack
                0x080124ac       0xac build/dhcp.o
 .text.dhcp_recv
                0x08012558       0xec build/dhcp.o
 .text.dhcp_network_changed
                0x08012644       0x50 build/dhcp.o
                0x08012644                dhcp_network_changed
 .text.dhcp_arp_reply
                0x08012694       0x40 build/dhcp.o
                0x08012694                dhcp_arp_reply
 .text.dhcp_renew
                0x080126d4       0xec build/dhcp.o
                0x080126d4                dhcp_renew
 .text.dhcp_t1_timeout
                0x080127c0       0x38 build/dhcp.o
 .text.dhcp_supplied_address
                0x080127f8       0x2e build/dhcp.o
                0x080127f8                dhcp_supplied_address
 *fill*         0x08012826        0x2 
 .text.dhcp_release_and_stop
                0x08012828       0xc4 build/dhcp.o
                0x08012828                dhcp_release_and_stop
 .text.dhcp_start
                0x080128ec       0xc4 build/dhcp.o
                0x080128ec                dhcp_start
 .text.dhcp_coarse_tmr
                0x080129b0       0x64 build/dhcp.o
                0x080129b0                dhcp_coarse_tmr
 .text.dhcp_timeout
                0x08012a14       0x60 build/dhcp.o
 .text.dhcp_fine_tmr
                0x08012a74       0x34 build/dhcp.o
                0x08012a74                dhcp_fine_tmr
 .text.etharp_free_entry
                0x08012aa8       0x48 build/etharp.o
 .text.etharp_find_entry
                0x08012af0      0x1ac build/etharp.o
 .text.etharp_update_arp_entry
                0x08012c9c       0xc4 build/etharp.o
 .text.etharp_raw
                0x08012d60       0xe8 build/etharp.o
 .text.etharp_request_dst
                0x08012e48       0x24 build/etharp.o
 .text.etharp_cleanup_netif
                0x08012e6c       0x38 build/etharp.o
                0x08012e6c                etharp_cleanup_netif
 .text.etharp_input
                0x08012ea4       0xc4 build/etharp.o
                0x08012ea4                etharp_input
 .text.etharp_request
                0x08012f68       0x10 build/etharp.o
                0x08012f68                etharp_request
 .text.etharp_tmr
                0x08012f78       0x88 build/etharp.o
                0x08012f78                etharp_tmr
 .text.etharp_output_to_arp_index
                0x08013000       0xd8 build/etharp.o
 .text.etharp_query
                0x080130d8      0x194 build/etharp.o
                0x080130d8                etharp_query
 .text.etharp_output
                0x0801326c      0x16c build/etharp.o
                0x0801326c                etharp_output
 .text.icmp_send_response
                0x080133d8       0xb8 build/icmp.o
 .text.icmp_input
                0x08013490      0x180 build/icmp.o
                0x08013490                icmp_input
 .text.icmp_dest_unreach
                0x08013610        0xc build/icmp.o
                0x08013610                icmp_dest_unreach
 .text.icmp_time_exceeded
                0x0801361c        0xc build/icmp.o
                0x0801361c                icmp_time_exceeded
 .text.ip_reass_dequeue_datagram
                0x08013628       0x48 build/ip4_frag.o
 .text.ip_reass_free_complete_datagram
                0x08013670       0xfc build/ip4_frag.o
 .text.ip_reass_remove_oldest_datagram
                0x0801376c       0x78 build/ip4_frag.o
 .text.ip_frag_free_pbuf_custom_ref
                0x080137e4       0x2c build/ip4_frag.o
 .text.ipfrag_free_pbuf_custom
                0x08013810       0x34 build/ip4_frag.o
 .text.ip_reass_chain_frag_into_datagram_and_validate
                0x08013844      0x1bc build/ip4_frag.o
 .text.ip_frag_alloc_pbuf_custom_ref
                0x08013a00        0xa build/ip4_frag.o
 *fill*         0x08013a0a        0x2 
 .text.ip_reass_enqueue_new_datagram
                0x08013a0c       0x60 build/ip4_frag.o
 .text.ip_reass_tmr
                0x08013a6c       0x2c build/ip4_frag.o
                0x08013a6c                ip_reass_tmr
 .text.ip4_reass
                0x08013a98      0x21c build/ip4_frag.o
                0x08013a98                ip4_reass
 .text.ip4_frag
                0x08013cb4      0x1f8 build/ip4_frag.o
                0x08013cb4                ip4_frag
 .text.ip4_addr_isbroadcast_u32
                0x08013eac       0x40 build/ip4_addr.o
                0x08013eac                ip4_addr_isbroadcast_u32
 .text.ip4addr_ntoa_r
                0x08013eec       0xa4 build/ip4_addr.o
                0x08013eec                ip4addr_ntoa_r
 .text.ip4addr_ntoa
                0x08013f90       0x10 build/ip4_addr.o
                0x08013f90                ip4addr_ntoa
 .text.USBD_Init
                0x08013fa0       0x2e build/usbd_core.o
                0x08013fa0                USBD_Init
 .text.USBD_RegisterClass
                0x08013fce       0x40 build/usbd_core.o
                0x08013fce                USBD_RegisterClass
 .text.USBD_Start
                0x0801400e        0x8 build/usbd_core.o
                0x0801400e                USBD_Start
 .text.USBD_SetClassConfig
                0x08014016       0x12 build/usbd_core.o
                0x08014016                USBD_SetClassConfig
 .text.USBD_ClrClassConfig
                0x08014028       0x12 build/usbd_core.o
                0x08014028                USBD_ClrClassConfig
 .text.USBD_LL_SetupStage
                0x0801403a       0x58 build/usbd_core.o
                0x0801403a                USBD_LL_SetupStage
 .text.USBD_LL_Reset
                0x08014092       0x64 build/usbd_core.o
                0x08014092                USBD_LL_Reset
 .text.USBD_LL_SetSpeed
                0x080140f6        0x6 build/usbd_core.o
                0x080140f6                USBD_LL_SetSpeed
 .text.USBD_LL_Suspend
                0x080140fc       0x14 build/usbd_core.o
                0x080140fc                USBD_LL_Suspend
 .text.USBD_LL_Resume
                0x08014110       0x18 build/usbd_core.o
                0x08014110                USBD_LL_Resume
 .text.USBD_LL_SOF
                0x08014128       0x20 build/usbd_core.o
                0x08014128                USBD_LL_SOF
 .text.USBD_LL_IsoINIncomplete
                0x08014148       0x2c build/usbd_core.o
                0x08014148                USBD_LL_IsoINIncomplete
 .text.USBD_LL_IsoOUTIncomplete
                0x08014174       0x2c build/usbd_core.o
                0x08014174                USBD_LL_IsoOUTIncomplete
 .text.USBD_LL_DevConnected
                0x080141a0        0x4 build/usbd_core.o
                0x080141a0                USBD_LL_DevConnected
 .text.USBD_LL_DevDisconnected
                0x080141a4       0x20 build/usbd_core.o
                0x080141a4                USBD_LL_DevDisconnected
 .text.USBD_CoreFindIF
                0x080141c4        0x4 build/usbd_core.o
                0x080141c4                USBD_CoreFindIF
 .text.USBD_CoreFindEP
                0x080141c8        0x4 build/usbd_core.o
                0x080141c8                USBD_CoreFindEP
 .text.USBD_LL_DataOutStage
                0x080141cc       0xc0 build/usbd_core.o
                0x080141cc                USBD_LL_DataOutStage
 .text.USBD_LL_DataInStage
                0x0801428c       0xd2 build/usbd_core.o
                0x0801428c                USBD_LL_DataInStage
 .text.USBD_GetNextDesc
                0x0801435e        0xe build/usbd_core.o
                0x0801435e                USBD_GetNextDesc
 .text.USBD_GetEpDesc
                0x0801436c       0x3e build/usbd_core.o
                0x0801436c                USBD_GetEpDesc
 .text.USBD_GetLen
                0x080143aa       0x14 build/usbd_ctlreq.o
 .text.USBD_ParseSetupRequest
                0x080143be       0x28 build/usbd_ctlreq.o
                0x080143be                USBD_ParseSetupRequest
 .text.USBD_CtlError
                0x080143e6       0x14 build/usbd_ctlreq.o
                0x080143e6                USBD_CtlError
 .text.USBD_GetDescriptor
                0x080143fa      0x18a build/usbd_ctlreq.o
 .text.USBD_SetAddress
                0x08014584       0x4e build/usbd_ctlreq.o
 *fill*         0x080145d2        0x2 
 .text.USBD_SetConfig
                0x080145d4       0xcc build/usbd_ctlreq.o
 .text.USBD_GetConfig
                0x080146a0       0x40 build/usbd_ctlreq.o
 .text.USBD_GetStatus
                0x080146e0       0x38 build/usbd_ctlreq.o
 .text.USBD_SetFeature
                0x08014718       0x2a build/usbd_ctlreq.o
 .text.USBD_ClrFeature
                0x08014742       0x26 build/usbd_ctlreq.o
 .text.USBD_StdDevReq