ARM GAS  /tmp/cc2TRHQd.s 			page 1


   1              		.cpu cortex-m4
   2              		.arch armv7e-m
   3              		.fpu fpv4-sp-d16
   4              		.eabi_attribute 27, 1
   5              		.eabi_attribute 28, 1
   6              		.eabi_attribute 20, 1
   7              		.eabi_attribute 21, 1
   8              		.eabi_attribute 23, 3
   9              		.eabi_attribute 24, 1
  10              		.eabi_attribute 25, 1
  11              		.eabi_attribute 26, 1
  12              		.eabi_attribute 30, 1
  13              		.eabi_attribute 34, 1
  14              		.eabi_attribute 18, 4
  15              		.file	"ip.c"
  16              		.text
  17              	.Ltext0:
  18              		.cfi_sections	.debug_frame
  19              		.file 1 "Middlewares/Third_Party/LwIP/src/core/ip.c"
  20              		.global	ip_data
  21              		.section	.bss.ip_data,"aw",%nobits
  22              		.align	2
  25              	ip_data:
  26 0000 00000000 		.space	24
  26      00000000 
  26      00000000 
  26      00000000 
  26      00000000 
  27              		.text
  28              	.Letext0:
  29              		.file 2 "/usr/lib/gcc/arm-none-eabi/14.2.1/include/stdint.h"
  30              		.file 3 "Middlewares/Third_Party/LwIP/src/include/lwip/arch.h"
  31              		.file 4 "Middlewares/Third_Party/LwIP/src/include/lwip/ip4_addr.h"
  32              		.file 5 "Middlewares/Third_Party/LwIP/src/include/lwip/ip_addr.h"
  33              		.file 6 "Middlewares/Third_Party/LwIP/src/include/lwip/err.h"
  34              		.file 7 "Middlewares/Third_Party/LwIP/src/include/lwip/pbuf.h"
  35              		.file 8 "Middlewares/Third_Party/LwIP/src/include/lwip/netif.h"
  36              		.file 9 "Middlewares/Third_Party/LwIP/src/include/lwip/prot/ip4.h"
  37              		.file 10 "Middlewares/Third_Party/LwIP/src/include/lwip/ip.h"
  38              		.file 11 "Middlewares/Third_Party/LwIP/src/include/lwip/memp.h"
ARM GAS  /tmp/cc2TRHQd.s 			page 2


DEFINED SYMBOLS
                            *ABS*:00000000 ip.c
     /tmp/cc2TRHQd.s:25     .bss.ip_data:00000000 ip_data
     /tmp/cc2TRHQd.s:22     .bss.ip_data:00000000 $d

NO UNDEFINED SYMBOLS
