ARM GAS  /tmp/ccGO621o.s 			page 1


   1              		.cpu cortex-m4
   2              		.arch armv7e-m
   3              		.fpu fpv4-sp-d16
   4              		.eabi_attribute 27, 1
   5              		.eabi_attribute 28, 1
   6              		.eabi_attribute 20, 1
   7              		.eabi_attribute 21, 1
   8              		.eabi_attribute 23, 3
   9              		.eabi_attribute 24, 1
  10              		.eabi_attribute 25, 1
  11              		.eabi_attribute 26, 1
  12              		.eabi_attribute 30, 1
  13              		.eabi_attribute 34, 1
  14              		.eabi_attribute 18, 4
  15              		.file	"ip4_addr.c"
  16              		.text
  17              	.Ltext0:
  18              		.cfi_sections	.debug_frame
  19              		.file 1 "Middlewares/Third_Party/LwIP/src/core/ipv4/ip4_addr.c"
  20              		.section	.text.ip4_addr_isbroadcast_u32,"ax",%progbits
  21              		.align	1
  22              		.global	ip4_addr_isbroadcast_u32
  23              		.syntax unified
  24              		.thumb
  25              		.thumb_func
  27              	ip4_addr_isbroadcast_u32:
  28              	.LVL0:
  29              	.LFB156:
   1:Middlewares/Third_Party/LwIP/src/core/ipv4/ip4_addr.c **** /**
   2:Middlewares/Third_Party/LwIP/src/core/ipv4/ip4_addr.c ****  * @file
   3:Middlewares/Third_Party/LwIP/src/core/ipv4/ip4_addr.c ****  * This is the IPv4 address tools implementation.
   4:Middlewares/Third_Party/LwIP/src/core/ipv4/ip4_addr.c ****  *
   5:Middlewares/Third_Party/LwIP/src/core/ipv4/ip4_addr.c ****  */
   6:Middlewares/Third_Party/LwIP/src/core/ipv4/ip4_addr.c **** 
   7:Middlewares/Third_Party/LwIP/src/core/ipv4/ip4_addr.c **** /*
   8:Middlewares/Third_Party/LwIP/src/core/ipv4/ip4_addr.c ****  * Copyright (c) 2001-2004 Swedish Institute of Computer Science.
   9:Middlewares/Third_Party/LwIP/src/core/ipv4/ip4_addr.c ****  * All rights reserved.
  10:Middlewares/Third_Party/LwIP/src/core/ipv4/ip4_addr.c ****  *
  11:Middlewares/Third_Party/LwIP/src/core/ipv4/ip4_addr.c ****  * Redistribution and use in source and binary forms, with or without modification,
  12:Middlewares/Third_Party/LwIP/src/core/ipv4/ip4_addr.c ****  * are permitted provided that the following conditions are met:
  13:Middlewares/Third_Party/LwIP/src/core/ipv4/ip4_addr.c ****  *
  14:Middlewares/Third_Party/LwIP/src/core/ipv4/ip4_addr.c ****  * 1. Redistributions of source code must retain the above copyright notice,
  15:Middlewares/Third_Party/LwIP/src/core/ipv4/ip4_addr.c ****  *    this list of conditions and the following disclaimer.
  16:Middlewares/Third_Party/LwIP/src/core/ipv4/ip4_addr.c ****  * 2. Redistributions in binary form must reproduce the above copyright notice,
  17:Middlewares/Third_Party/LwIP/src/core/ipv4/ip4_addr.c ****  *    this list of conditions and the following disclaimer in the documentation
  18:Middlewares/Third_Party/LwIP/src/core/ipv4/ip4_addr.c ****  *    and/or other materials provided with the distribution.
  19:Middlewares/Third_Party/LwIP/src/core/ipv4/ip4_addr.c ****  * 3. The name of the author may not be used to endorse or promote products
  20:Middlewares/Third_Party/LwIP/src/core/ipv4/ip4_addr.c ****  *    derived from this software without specific prior written permission.
  21:Middlewares/Third_Party/LwIP/src/core/ipv4/ip4_addr.c ****  *
  22:Middlewares/Third_Party/LwIP/src/core/ipv4/ip4_addr.c ****  * THIS SOFTWARE IS PROVIDED BY THE AUTHOR ``AS IS'' AND ANY EXPRESS OR IMPLIED
  23:Middlewares/Third_Party/LwIP/src/core/ipv4/ip4_addr.c ****  * WARRANTIES, INCLUDING, BUT NOT LIMITED TO, THE IMPLIED WARRANTIES OF
  24:Middlewares/Third_Party/LwIP/src/core/ipv4/ip4_addr.c ****  * MERCHANTABILITY AND FITNESS FOR A PARTICULAR PURPOSE ARE DISCLAIMED. IN NO EVENT
  25:Middlewares/Third_Party/LwIP/src/core/ipv4/ip4_addr.c ****  * SHALL THE AUTHOR BE LIABLE FOR ANY DIRECT, INDIRECT, INCIDENTAL, SPECIAL,
  26:Middlewares/Third_Party/LwIP/src/core/ipv4/ip4_addr.c ****  * EXEMPLARY, OR CONSEQUENTIAL DAMAGES (INCLUDING, BUT NOT LIMITED TO, PROCUREMENT
  27:Middlewares/Third_Party/LwIP/src/core/ipv4/ip4_addr.c ****  * OF SUBSTITUTE GOODS OR SERVICES; LOSS OF USE, DATA, OR PROFITS; OR BUSINESS
  28:Middlewares/Third_Party/LwIP/src/core/ipv4/ip4_addr.c ****  * INTERRUPTION) HOWEVER CAUSED AND ON ANY THEORY OF LIABILITY, WHETHER IN
  29:Middlewares/Third_Party/LwIP/src/core/ipv4/ip4_addr.c ****  * CONTRACT, STRICT LIABILITY, OR TORT (INCLUDING NEGLIGENCE OR OTHERWISE) ARISING
ARM GAS  /tmp/ccGO621o.s 			page 2


  30:Middlewares/Third_Party/LwIP/src/core/ipv4/ip4_addr.c ****  * IN ANY WAY OUT OF THE USE OF THIS SOFTWARE, EVEN IF ADVISED OF THE POSSIBILITY
  31:Middlewares/Third_Party/LwIP/src/core/ipv4/ip4_addr.c ****  * OF SUCH DAMAGE.
  32:Middlewares/Third_Party/LwIP/src/core/ipv4/ip4_addr.c ****  *
  33:Middlewares/Third_Party/LwIP/src/core/ipv4/ip4_addr.c ****  * This file is part of the lwIP TCP/IP stack.
  34:Middlewares/Third_Party/LwIP/src/core/ipv4/ip4_addr.c ****  *
  35:Middlewares/Third_Party/LwIP/src/core/ipv4/ip4_addr.c ****  * Author: Adam Dunkels <adam@sics.se>
  36:Middlewares/Third_Party/LwIP/src/core/ipv4/ip4_addr.c ****  *
  37:Middlewares/Third_Party/LwIP/src/core/ipv4/ip4_addr.c ****  */
  38:Middlewares/Third_Party/LwIP/src/core/ipv4/ip4_addr.c **** 
  39:Middlewares/Third_Party/LwIP/src/core/ipv4/ip4_addr.c **** #include "lwip/opt.h"
  40:Middlewares/Third_Party/LwIP/src/core/ipv4/ip4_addr.c **** 
  41:Middlewares/Third_Party/LwIP/src/core/ipv4/ip4_addr.c **** #if LWIP_IPV4
  42:Middlewares/Third_Party/LwIP/src/core/ipv4/ip4_addr.c **** 
  43:Middlewares/Third_Party/LwIP/src/core/ipv4/ip4_addr.c **** #include "lwip/ip_addr.h"
  44:Middlewares/Third_Party/LwIP/src/core/ipv4/ip4_addr.c **** #include "lwip/netif.h"
  45:Middlewares/Third_Party/LwIP/src/core/ipv4/ip4_addr.c **** 
  46:Middlewares/Third_Party/LwIP/src/core/ipv4/ip4_addr.c **** /* used by IP4_ADDR_ANY and IP_ADDR_BROADCAST in ip_addr.h */
  47:Middlewares/Third_Party/LwIP/src/core/ipv4/ip4_addr.c **** const ip_addr_t ip_addr_any = IPADDR4_INIT(IPADDR_ANY);
  48:Middlewares/Third_Party/LwIP/src/core/ipv4/ip4_addr.c **** const ip_addr_t ip_addr_broadcast = IPADDR4_INIT(IPADDR_BROADCAST);
  49:Middlewares/Third_Party/LwIP/src/core/ipv4/ip4_addr.c **** 
  50:Middlewares/Third_Party/LwIP/src/core/ipv4/ip4_addr.c **** /**
  51:Middlewares/Third_Party/LwIP/src/core/ipv4/ip4_addr.c ****  * Determine if an address is a broadcast address on a network interface
  52:Middlewares/Third_Party/LwIP/src/core/ipv4/ip4_addr.c ****  *
  53:Middlewares/Third_Party/LwIP/src/core/ipv4/ip4_addr.c ****  * @param addr address to be checked
  54:Middlewares/Third_Party/LwIP/src/core/ipv4/ip4_addr.c ****  * @param netif the network interface against which the address is checked
  55:Middlewares/Third_Party/LwIP/src/core/ipv4/ip4_addr.c ****  * @return returns non-zero if the address is a broadcast address
  56:Middlewares/Third_Party/LwIP/src/core/ipv4/ip4_addr.c ****  */
  57:Middlewares/Third_Party/LwIP/src/core/ipv4/ip4_addr.c **** u8_t
  58:Middlewares/Third_Party/LwIP/src/core/ipv4/ip4_addr.c **** ip4_addr_isbroadcast_u32(u32_t addr, const struct netif *netif)
  59:Middlewares/Third_Party/LwIP/src/core/ipv4/ip4_addr.c **** {
  30              		.loc 1 59 1 view -0
  31              		.cfi_startproc
  32              		@ args = 0, pretend = 0, frame = 0
  33              		@ frame_needed = 0, uses_anonymous_args = 0
  34              		@ link register save eliminated.
  35              		.loc 1 59 1 is_stmt 0 view .LVU1
  36 0000 0346     		mov	r3, r0
  60:Middlewares/Third_Party/LwIP/src/core/ipv4/ip4_addr.c ****   ip4_addr_t ipaddr;
  37              		.loc 1 60 3 is_stmt 1 view .LVU2
  61:Middlewares/Third_Party/LwIP/src/core/ipv4/ip4_addr.c ****   ip4_addr_set_u32(&ipaddr, addr);
  38              		.loc 1 61 3 view .LVU3
  62:Middlewares/Third_Party/LwIP/src/core/ipv4/ip4_addr.c **** 
  63:Middlewares/Third_Party/LwIP/src/core/ipv4/ip4_addr.c ****   /* all ones (broadcast) or all zeroes (old skool broadcast) */
  64:Middlewares/Third_Party/LwIP/src/core/ipv4/ip4_addr.c ****   if ((~addr == IPADDR_ANY) ||
  39              		.loc 1 64 3 view .LVU4
  40              		.loc 1 64 29 is_stmt 0 view .LVU5
  41 0002 421E     		subs	r2, r0, #1
  42              		.loc 1 64 6 view .LVU6
  43 0004 12F1030F 		cmn	r2, #3
  44 0008 12D8     		bhi	.L3
  65:Middlewares/Third_Party/LwIP/src/core/ipv4/ip4_addr.c ****       (addr == IPADDR_ANY)) {
  66:Middlewares/Third_Party/LwIP/src/core/ipv4/ip4_addr.c ****     return 1;
  67:Middlewares/Third_Party/LwIP/src/core/ipv4/ip4_addr.c ****     /* no broadcast support on this network interface? */
  68:Middlewares/Third_Party/LwIP/src/core/ipv4/ip4_addr.c ****   } else if ((netif->flags & NETIF_FLAG_BROADCAST) == 0) {
  45              		.loc 1 68 10 is_stmt 1 view .LVU7
  46              		.loc 1 68 20 is_stmt 0 view .LVU8
  47 000a 91F83500 		ldrb	r0, [r1, #53]	@ zero_extendqisi2
ARM GAS  /tmp/ccGO621o.s 			page 3


  48              	.LVL1:
  49              		.loc 1 68 13 view .LVU9
  50 000e 10F00200 		ands	r0, r0, #2
  51 0012 14D0     		beq	.L2
  69:Middlewares/Third_Party/LwIP/src/core/ipv4/ip4_addr.c ****     /* the given address cannot be a broadcast address
  70:Middlewares/Third_Party/LwIP/src/core/ipv4/ip4_addr.c ****      * nor can we check against any broadcast addresses */
  71:Middlewares/Third_Party/LwIP/src/core/ipv4/ip4_addr.c ****     return 0;
  72:Middlewares/Third_Party/LwIP/src/core/ipv4/ip4_addr.c ****     /* address matches network interface address exactly? => no broadcast */
  73:Middlewares/Third_Party/LwIP/src/core/ipv4/ip4_addr.c ****   } else if (addr == ip4_addr_get_u32(netif_ip4_addr(netif))) {
  52              		.loc 1 73 10 is_stmt 1 view .LVU10
  53              		.loc 1 73 22 is_stmt 0 view .LVU11
  54 0014 4A68     		ldr	r2, [r1, #4]
  55              		.loc 1 73 13 view .LVU12
  56 0016 9A42     		cmp	r2, r3
  57 0018 0CD0     		beq	.L4
  74:Middlewares/Third_Party/LwIP/src/core/ipv4/ip4_addr.c ****     return 0;
  75:Middlewares/Third_Party/LwIP/src/core/ipv4/ip4_addr.c ****     /*  on the same (sub) network... */
  76:Middlewares/Third_Party/LwIP/src/core/ipv4/ip4_addr.c ****   } else if (ip4_addr_netcmp(&ipaddr, netif_ip4_addr(netif), netif_ip4_netmask(netif))
  58              		.loc 1 76 10 is_stmt 1 view .LVU13
  59              		.loc 1 76 14 is_stmt 0 view .LVU14
  60 001a 8968     		ldr	r1, [r1, #8]
  61              	.LVL2:
  62              		.loc 1 76 14 view .LVU15
  63 001c 5A40     		eors	r2, r2, r3
  64              		.loc 1 76 13 view .LVU16
  65 001e 0A42     		tst	r2, r1
  66 0020 0AD1     		bne	.L5
  77:Middlewares/Third_Party/LwIP/src/core/ipv4/ip4_addr.c ****              /* ...and host identifier bits are all ones? =>... */
  78:Middlewares/Third_Party/LwIP/src/core/ipv4/ip4_addr.c ****              && ((addr & ~ip4_addr_get_u32(netif_ip4_netmask(netif))) ==
  67              		.loc 1 78 26 view .LVU17
  68 0022 CA43     		mvns	r2, r1
  69              		.loc 1 78 24 view .LVU18
  70 0024 23EA0103 		bic	r3, r3, r1
  71              	.LVL3:
  72              		.loc 1 78 14 view .LVU19
  73 0028 9A42     		cmp	r2, r3
  74 002a 07D0     		beq	.L6
  79:Middlewares/Third_Party/LwIP/src/core/ipv4/ip4_addr.c ****                  (IPADDR_BROADCAST & ~ip4_addr_get_u32(netif_ip4_netmask(netif))))) {
  80:Middlewares/Third_Party/LwIP/src/core/ipv4/ip4_addr.c ****     /* => network broadcast address */
  81:Middlewares/Third_Party/LwIP/src/core/ipv4/ip4_addr.c ****     return 1;
  82:Middlewares/Third_Party/LwIP/src/core/ipv4/ip4_addr.c ****   } else {
  83:Middlewares/Third_Party/LwIP/src/core/ipv4/ip4_addr.c ****     return 0;
  75              		.loc 1 83 12 view .LVU20
  76 002c 0020     		movs	r0, #0
  77 002e 7047     		bx	lr
  78              	.LVL4:
  79              	.L3:
  66:Middlewares/Third_Party/LwIP/src/core/ipv4/ip4_addr.c ****     /* no broadcast support on this network interface? */
  80              		.loc 1 66 12 view .LVU21
  81 0030 0120     		movs	r0, #1
  82              	.LVL5:
  66:Middlewares/Third_Party/LwIP/src/core/ipv4/ip4_addr.c ****     /* no broadcast support on this network interface? */
  83              		.loc 1 66 12 view .LVU22
  84 0032 7047     		bx	lr
  85              	.L4:
  74:Middlewares/Third_Party/LwIP/src/core/ipv4/ip4_addr.c ****     /*  on the same (sub) network... */
  86              		.loc 1 74 12 view .LVU23
ARM GAS  /tmp/ccGO621o.s 			page 4


  87 0034 0020     		movs	r0, #0
  88 0036 7047     		bx	lr
  89              	.LVL6:
  90              	.L5:
  91              		.loc 1 83 12 view .LVU24
  92 0038 0020     		movs	r0, #0
  93 003a 7047     		bx	lr
  94              	.LVL7:
  95              	.L6:
  81:Middlewares/Third_Party/LwIP/src/core/ipv4/ip4_addr.c ****   } else {
  96              		.loc 1 81 12 view .LVU25
  97 003c 0120     		movs	r0, #1
  98              	.L2:
  84:Middlewares/Third_Party/LwIP/src/core/ipv4/ip4_addr.c ****   }
  85:Middlewares/Third_Party/LwIP/src/core/ipv4/ip4_addr.c **** }
  99              		.loc 1 85 1 view .LVU26
 100 003e 7047     		bx	lr
 101              		.cfi_endproc
 102              	.LFE156:
 104              		.section	.text.ip4_addr_netmask_valid,"ax",%progbits
 105              		.align	1
 106              		.global	ip4_addr_netmask_valid
 107              		.syntax unified
 108              		.thumb
 109              		.thumb_func
 111              	ip4_addr_netmask_valid:
 112              	.LVL8:
 113              	.LFB157:
  86:Middlewares/Third_Party/LwIP/src/core/ipv4/ip4_addr.c **** 
  87:Middlewares/Third_Party/LwIP/src/core/ipv4/ip4_addr.c **** /** Checks if a netmask is valid (starting with ones, then only zeros)
  88:Middlewares/Third_Party/LwIP/src/core/ipv4/ip4_addr.c ****  *
  89:Middlewares/Third_Party/LwIP/src/core/ipv4/ip4_addr.c ****  * @param netmask the IPv4 netmask to check (in network byte order!)
  90:Middlewares/Third_Party/LwIP/src/core/ipv4/ip4_addr.c ****  * @return 1 if the netmask is valid, 0 if it is not
  91:Middlewares/Third_Party/LwIP/src/core/ipv4/ip4_addr.c ****  */
  92:Middlewares/Third_Party/LwIP/src/core/ipv4/ip4_addr.c **** u8_t
  93:Middlewares/Third_Party/LwIP/src/core/ipv4/ip4_addr.c **** ip4_addr_netmask_valid(u32_t netmask)
  94:Middlewares/Third_Party/LwIP/src/core/ipv4/ip4_addr.c **** {
 114              		.loc 1 94 1 is_stmt 1 view -0
 115              		.cfi_startproc
 116              		@ args = 0, pretend = 0, frame = 0
 117              		@ frame_needed = 0, uses_anonymous_args = 0
 118              		.loc 1 94 1 is_stmt 0 view .LVU28
 119 0000 08B5     		push	{r3, lr}
 120              	.LCFI0:
 121              		.cfi_def_cfa_offset 8
 122              		.cfi_offset 3, -8
 123              		.cfi_offset 14, -4
  95:Middlewares/Third_Party/LwIP/src/core/ipv4/ip4_addr.c ****   u32_t mask;
 124              		.loc 1 95 3 is_stmt 1 view .LVU29
  96:Middlewares/Third_Party/LwIP/src/core/ipv4/ip4_addr.c ****   u32_t nm_hostorder = lwip_htonl(netmask);
 125              		.loc 1 96 3 view .LVU30
 126              		.loc 1 96 24 is_stmt 0 view .LVU31
 127 0002 FFF7FEFF 		bl	lwip_htonl
 128              	.LVL9:
  97:Middlewares/Third_Party/LwIP/src/core/ipv4/ip4_addr.c **** 
  98:Middlewares/Third_Party/LwIP/src/core/ipv4/ip4_addr.c ****   /* first, check for the first zero */
  99:Middlewares/Third_Party/LwIP/src/core/ipv4/ip4_addr.c ****   for (mask = 1UL << 31 ; mask != 0; mask >>= 1) {
ARM GAS  /tmp/ccGO621o.s 			page 5


 129              		.loc 1 99 3 is_stmt 1 view .LVU32
 130              		.loc 1 99 13 is_stmt 0 view .LVU33
 131 0006 4FF00043 		mov	r3, #-2147483648
 132              	.LVL10:
 133              	.L8:
 134              		.loc 1 99 32 is_stmt 1 discriminator 1 view .LVU34
 135 000a 1BB1     		cbz	r3, .L12
 100:Middlewares/Third_Party/LwIP/src/core/ipv4/ip4_addr.c ****     if ((nm_hostorder & mask) == 0) {
 136              		.loc 1 100 5 view .LVU35
 137              		.loc 1 100 8 is_stmt 0 view .LVU36
 138 000c 0342     		tst	r3, r0
 139 000e 01D0     		beq	.L12
  99:Middlewares/Third_Party/LwIP/src/core/ipv4/ip4_addr.c ****     if ((nm_hostorder & mask) == 0) {
 140              		.loc 1 99 43 is_stmt 1 discriminator 2 view .LVU37
 141 0010 5B08     		lsrs	r3, r3, #1
 142              	.LVL11:
  99:Middlewares/Third_Party/LwIP/src/core/ipv4/ip4_addr.c ****     if ((nm_hostorder & mask) == 0) {
 143              		.loc 1 99 43 is_stmt 0 discriminator 2 view .LVU38
 144 0012 FAE7     		b	.L8
 145              	.LVL12:
 146              	.L12:
 101:Middlewares/Third_Party/LwIP/src/core/ipv4/ip4_addr.c ****       break;
 102:Middlewares/Third_Party/LwIP/src/core/ipv4/ip4_addr.c ****     }
 103:Middlewares/Third_Party/LwIP/src/core/ipv4/ip4_addr.c ****   }
 104:Middlewares/Third_Party/LwIP/src/core/ipv4/ip4_addr.c ****   /* then check that there is no one */
 105:Middlewares/Third_Party/LwIP/src/core/ipv4/ip4_addr.c ****   for (; mask != 0; mask >>= 1) {
 147              		.loc 1 105 15 is_stmt 1 discriminator 1 view .LVU39
 148 0014 1BB1     		cbz	r3, .L16
 106:Middlewares/Third_Party/LwIP/src/core/ipv4/ip4_addr.c ****     if ((nm_hostorder & mask) != 0) {
 149              		.loc 1 106 5 view .LVU40
 150              		.loc 1 106 8 is_stmt 0 view .LVU41
 151 0016 0342     		tst	r3, r0
 152 0018 03D1     		bne	.L14
 105:Middlewares/Third_Party/LwIP/src/core/ipv4/ip4_addr.c ****     if ((nm_hostorder & mask) != 0) {
 153              		.loc 1 105 26 is_stmt 1 view .LVU42
 154 001a 5B08     		lsrs	r3, r3, #1
 155              	.LVL13:
 105:Middlewares/Third_Party/LwIP/src/core/ipv4/ip4_addr.c ****     if ((nm_hostorder & mask) != 0) {
 156              		.loc 1 105 26 is_stmt 0 view .LVU43
 157 001c FAE7     		b	.L12
 158              	.LVL14:
 159              	.L16:
 107:Middlewares/Third_Party/LwIP/src/core/ipv4/ip4_addr.c ****       /* there is a one after the first zero -> invalid */
 108:Middlewares/Third_Party/LwIP/src/core/ipv4/ip4_addr.c ****       return 0;
 109:Middlewares/Third_Party/LwIP/src/core/ipv4/ip4_addr.c ****     }
 110:Middlewares/Third_Party/LwIP/src/core/ipv4/ip4_addr.c ****   }
 111:Middlewares/Third_Party/LwIP/src/core/ipv4/ip4_addr.c ****   /* no one after the first zero -> valid */
 112:Middlewares/Third_Party/LwIP/src/core/ipv4/ip4_addr.c ****   return 1;
 160              		.loc 1 112 10 view .LVU44
 161 001e 0120     		movs	r0, #1
 162              	.LVL15:
 163              	.L11:
 113:Middlewares/Third_Party/LwIP/src/core/ipv4/ip4_addr.c **** }
 164              		.loc 1 113 1 view .LVU45
 165 0020 08BD     		pop	{r3, pc}
 166              	.LVL16:
 167              	.L14:
ARM GAS  /tmp/ccGO621o.s 			page 6


 108:Middlewares/Third_Party/LwIP/src/core/ipv4/ip4_addr.c ****     }
 168              		.loc 1 108 14 view .LVU46
 169 0022 0020     		movs	r0, #0
 170              	.LVL17:
 108:Middlewares/Third_Party/LwIP/src/core/ipv4/ip4_addr.c ****     }
 171              		.loc 1 108 14 view .LVU47
 172 0024 FCE7     		b	.L11
 173              		.cfi_endproc
 174              	.LFE157:
 176              		.section	.rodata.ip4addr_aton.str1.4,"aMS",%progbits,1
 177              		.align	2
 178              	.LC0:
 179 0000 4D696464 		.ascii	"Middlewares/Third_Party/LwIP/src/core/ipv4/ip4_addr"
 179      6C657761 
 179      7265732F 
 179      54686972 
 179      645F5061 
 180 0033 2E6300   		.ascii	".c\000"
 181 0036 0000     		.align	2
 182              	.LC1:
 183 0038 756E6861 		.ascii	"unhandled\000"
 183      6E646C65 
 183      6400
 184 0042 0000     		.align	2
 185              	.LC2:
 186 0044 41737365 		.ascii	"Assertion \"%s\" failed at line %d in %s\012\000"
 186      7274696F 
 186      6E202225 
 186      73222066 
 186      61696C65 
 187              		.section	.text.ip4addr_aton,"ax",%progbits
 188              		.align	1
 189              		.global	ip4addr_aton
 190              		.syntax unified
 191              		.thumb
 192              		.thumb_func
 194              	ip4addr_aton:
 195              	.LVL18:
 196              	.LFB159:
 114:Middlewares/Third_Party/LwIP/src/core/ipv4/ip4_addr.c **** 
 115:Middlewares/Third_Party/LwIP/src/core/ipv4/ip4_addr.c **** /**
 116:Middlewares/Third_Party/LwIP/src/core/ipv4/ip4_addr.c ****  * Ascii internet address interpretation routine.
 117:Middlewares/Third_Party/LwIP/src/core/ipv4/ip4_addr.c ****  * The value returned is in network order.
 118:Middlewares/Third_Party/LwIP/src/core/ipv4/ip4_addr.c ****  *
 119:Middlewares/Third_Party/LwIP/src/core/ipv4/ip4_addr.c ****  * @param cp IP address in ascii representation (e.g. "127.0.0.1")
 120:Middlewares/Third_Party/LwIP/src/core/ipv4/ip4_addr.c ****  * @return ip address in network order
 121:Middlewares/Third_Party/LwIP/src/core/ipv4/ip4_addr.c ****  */
 122:Middlewares/Third_Party/LwIP/src/core/ipv4/ip4_addr.c **** u32_t
 123:Middlewares/Third_Party/LwIP/src/core/ipv4/ip4_addr.c **** ipaddr_addr(const char *cp)
 124:Middlewares/Third_Party/LwIP/src/core/ipv4/ip4_addr.c **** {
 125:Middlewares/Third_Party/LwIP/src/core/ipv4/ip4_addr.c ****   ip4_addr_t val;
 126:Middlewares/Third_Party/LwIP/src/core/ipv4/ip4_addr.c **** 
 127:Middlewares/Third_Party/LwIP/src/core/ipv4/ip4_addr.c ****   if (ip4addr_aton(cp, &val)) {
 128:Middlewares/Third_Party/LwIP/src/core/ipv4/ip4_addr.c ****     return ip4_addr_get_u32(&val);
 129:Middlewares/Third_Party/LwIP/src/core/ipv4/ip4_addr.c ****   }
 130:Middlewares/Third_Party/LwIP/src/core/ipv4/ip4_addr.c ****   return (IPADDR_NONE);
 131:Middlewares/Third_Party/LwIP/src/core/ipv4/ip4_addr.c **** }
ARM GAS  /tmp/ccGO621o.s 			page 7


 132:Middlewares/Third_Party/LwIP/src/core/ipv4/ip4_addr.c **** 
 133:Middlewares/Third_Party/LwIP/src/core/ipv4/ip4_addr.c **** /**
 134:Middlewares/Third_Party/LwIP/src/core/ipv4/ip4_addr.c ****  * Check whether "cp" is a valid ascii representation
 135:Middlewares/Third_Party/LwIP/src/core/ipv4/ip4_addr.c ****  * of an Internet address and convert to a binary address.
 136:Middlewares/Third_Party/LwIP/src/core/ipv4/ip4_addr.c ****  * Returns 1 if the address is valid, 0 if not.
 137:Middlewares/Third_Party/LwIP/src/core/ipv4/ip4_addr.c ****  * This replaces inet_addr, the return value from which
 138:Middlewares/Third_Party/LwIP/src/core/ipv4/ip4_addr.c ****  * cannot distinguish between failure and a local broadcast address.
 139:Middlewares/Third_Party/LwIP/src/core/ipv4/ip4_addr.c ****  *
 140:Middlewares/Third_Party/LwIP/src/core/ipv4/ip4_addr.c ****  * @param cp IP address in ascii representation (e.g. "127.0.0.1")
 141:Middlewares/Third_Party/LwIP/src/core/ipv4/ip4_addr.c ****  * @param addr pointer to which to save the ip address in network order
 142:Middlewares/Third_Party/LwIP/src/core/ipv4/ip4_addr.c ****  * @return 1 if cp could be converted to addr, 0 on failure
 143:Middlewares/Third_Party/LwIP/src/core/ipv4/ip4_addr.c ****  */
 144:Middlewares/Third_Party/LwIP/src/core/ipv4/ip4_addr.c **** int
 145:Middlewares/Third_Party/LwIP/src/core/ipv4/ip4_addr.c **** ip4addr_aton(const char *cp, ip4_addr_t *addr)
 146:Middlewares/Third_Party/LwIP/src/core/ipv4/ip4_addr.c **** {
 197              		.loc 1 146 1 is_stmt 1 view -0
 198              		.cfi_startproc
 199              		@ args = 0, pretend = 0, frame = 16
 200              		@ frame_needed = 0, uses_anonymous_args = 0
 201              		.loc 1 146 1 is_stmt 0 view .LVU49
 202 0000 30B5     		push	{r4, r5, lr}
 203              	.LCFI1:
 204              		.cfi_def_cfa_offset 12
 205              		.cfi_offset 4, -12
 206              		.cfi_offset 5, -8
 207              		.cfi_offset 14, -4
 208 0002 85B0     		sub	sp, sp, #20
 209              	.LCFI2:
 210              		.cfi_def_cfa_offset 32
 211 0004 0D46     		mov	r5, r1
 147:Middlewares/Third_Party/LwIP/src/core/ipv4/ip4_addr.c ****   u32_t val;
 212              		.loc 1 147 3 is_stmt 1 view .LVU50
 148:Middlewares/Third_Party/LwIP/src/core/ipv4/ip4_addr.c ****   u8_t base;
 213              		.loc 1 148 3 view .LVU51
 149:Middlewares/Third_Party/LwIP/src/core/ipv4/ip4_addr.c ****   char c;
 214              		.loc 1 149 3 view .LVU52
 150:Middlewares/Third_Party/LwIP/src/core/ipv4/ip4_addr.c ****   u32_t parts[4];
 215              		.loc 1 150 3 view .LVU53
 151:Middlewares/Third_Party/LwIP/src/core/ipv4/ip4_addr.c ****   u32_t *pp = parts;
 216              		.loc 1 151 3 view .LVU54
 217              	.LVL19:
 152:Middlewares/Third_Party/LwIP/src/core/ipv4/ip4_addr.c **** 
 153:Middlewares/Third_Party/LwIP/src/core/ipv4/ip4_addr.c ****   c = *cp;
 218              		.loc 1 153 3 view .LVU55
 219              		.loc 1 153 5 is_stmt 0 view .LVU56
 220 0006 0378     		ldrb	r3, [r0]	@ zero_extendqisi2
 221              	.LVL20:
 151:Middlewares/Third_Party/LwIP/src/core/ipv4/ip4_addr.c ****   u32_t *pp = parts;
 222              		.loc 1 151 10 view .LVU57
 223 0008 EC46     		mov	ip, sp
 224 000a 35E0     		b	.L27
 225              	.LVL21:
 226              	.L55:
 154:Middlewares/Third_Party/LwIP/src/core/ipv4/ip4_addr.c ****   for (;;) {
 155:Middlewares/Third_Party/LwIP/src/core/ipv4/ip4_addr.c ****     /*
 156:Middlewares/Third_Party/LwIP/src/core/ipv4/ip4_addr.c ****      * Collect number up to ``.''.
 157:Middlewares/Third_Party/LwIP/src/core/ipv4/ip4_addr.c ****      * Values are specified as for C:
ARM GAS  /tmp/ccGO621o.s 			page 8


 158:Middlewares/Third_Party/LwIP/src/core/ipv4/ip4_addr.c ****      * 0x=hex, 0=octal, 1-9=decimal.
 159:Middlewares/Third_Party/LwIP/src/core/ipv4/ip4_addr.c ****      */
 160:Middlewares/Third_Party/LwIP/src/core/ipv4/ip4_addr.c ****     if (!lwip_isdigit(c)) {
 161:Middlewares/Third_Party/LwIP/src/core/ipv4/ip4_addr.c ****       return 0;
 162:Middlewares/Third_Party/LwIP/src/core/ipv4/ip4_addr.c ****     }
 163:Middlewares/Third_Party/LwIP/src/core/ipv4/ip4_addr.c ****     val = 0;
 164:Middlewares/Third_Party/LwIP/src/core/ipv4/ip4_addr.c ****     base = 10;
 165:Middlewares/Third_Party/LwIP/src/core/ipv4/ip4_addr.c ****     if (c == '0') {
 166:Middlewares/Third_Party/LwIP/src/core/ipv4/ip4_addr.c ****       c = *++cp;
 227              		.loc 1 166 7 is_stmt 1 view .LVU58
 228              		.loc 1 166 9 is_stmt 0 view .LVU59
 229 000c 421C     		adds	r2, r0, #1
 230              	.LVL22:
 231              		.loc 1 166 9 view .LVU60
 232 000e 4378     		ldrb	r3, [r0, #1]	@ zero_extendqisi2
 233              	.LVL23:
 167:Middlewares/Third_Party/LwIP/src/core/ipv4/ip4_addr.c ****       if (c == 'x' || c == 'X') {
 234              		.loc 1 167 7 is_stmt 1 view .LVU61
 235              		.loc 1 167 10 is_stmt 0 view .LVU62
 236 0010 782B     		cmp	r3, #120
 237 0012 04D0     		beq	.L20
 238              		.loc 1 167 20 discriminator 1 view .LVU63
 239 0014 582B     		cmp	r3, #88
 240 0016 02D0     		beq	.L20
 166:Middlewares/Third_Party/LwIP/src/core/ipv4/ip4_addr.c ****       if (c == 'x' || c == 'X') {
 241              		.loc 1 166 9 view .LVU64
 242 0018 1046     		mov	r0, r2
 168:Middlewares/Third_Party/LwIP/src/core/ipv4/ip4_addr.c ****         base = 16;
 169:Middlewares/Third_Party/LwIP/src/core/ipv4/ip4_addr.c ****         c = *++cp;
 170:Middlewares/Third_Party/LwIP/src/core/ipv4/ip4_addr.c ****       } else {
 171:Middlewares/Third_Party/LwIP/src/core/ipv4/ip4_addr.c ****         base = 8;
 243              		.loc 1 171 14 view .LVU65
 244 001a 0821     		movs	r1, #8
 245 001c 34E0     		b	.L19
 246              	.L20:
 168:Middlewares/Third_Party/LwIP/src/core/ipv4/ip4_addr.c ****         base = 16;
 247              		.loc 1 168 9 is_stmt 1 view .LVU66
 248              	.LVL24:
 169:Middlewares/Third_Party/LwIP/src/core/ipv4/ip4_addr.c ****       } else {
 249              		.loc 1 169 9 view .LVU67
 169:Middlewares/Third_Party/LwIP/src/core/ipv4/ip4_addr.c ****       } else {
 250              		.loc 1 169 11 is_stmt 0 view .LVU68
 251 001e 8378     		ldrb	r3, [r0, #2]	@ zero_extendqisi2
 252              	.LVL25:
 169:Middlewares/Third_Party/LwIP/src/core/ipv4/ip4_addr.c ****       } else {
 253              		.loc 1 169 11 view .LVU69
 254 0020 0230     		adds	r0, r0, #2
 255              	.LVL26:
 168:Middlewares/Third_Party/LwIP/src/core/ipv4/ip4_addr.c ****         base = 16;
 256              		.loc 1 168 14 view .LVU70
 257 0022 1021     		movs	r1, #16
 169:Middlewares/Third_Party/LwIP/src/core/ipv4/ip4_addr.c ****       } else {
 258              		.loc 1 169 11 view .LVU71
 259 0024 30E0     		b	.L19
 260              	.LVL27:
 261              	.L22:
 172:Middlewares/Third_Party/LwIP/src/core/ipv4/ip4_addr.c ****       }
ARM GAS  /tmp/ccGO621o.s 			page 9


 173:Middlewares/Third_Party/LwIP/src/core/ipv4/ip4_addr.c ****     }
 174:Middlewares/Third_Party/LwIP/src/core/ipv4/ip4_addr.c ****     for (;;) {
 175:Middlewares/Third_Party/LwIP/src/core/ipv4/ip4_addr.c ****       if (lwip_isdigit(c)) {
 176:Middlewares/Third_Party/LwIP/src/core/ipv4/ip4_addr.c ****         val = (val * base) + (u32_t)(c - '0');
 177:Middlewares/Third_Party/LwIP/src/core/ipv4/ip4_addr.c ****         c = *++cp;
 178:Middlewares/Third_Party/LwIP/src/core/ipv4/ip4_addr.c ****       } else if (base == 16 && lwip_isxdigit(c)) {
 262              		.loc 1 178 14 is_stmt 1 view .LVU72
 263              		.loc 1 178 17 is_stmt 0 view .LVU73
 264 0026 1029     		cmp	r1, #16
 265 0028 1BD1     		bne	.L24
 266              		.loc 1 178 29 discriminator 1 view .LVU74
 267 002a 12F0440F 		tst	r2, #68
 268 002e 18D0     		beq	.L24
 179:Middlewares/Third_Party/LwIP/src/core/ipv4/ip4_addr.c ****         val = (val << 4) | (u32_t)(c + 10 - (lwip_islower(c) ? 'a' : 'A'));
 269              		.loc 1 179 9 is_stmt 1 view .LVU75
 270              		.loc 1 179 20 is_stmt 0 view .LVU76
 271 0030 2401     		lsls	r4, r4, #4
 272              	.LVL28:
 273              		.loc 1 179 38 view .LVU77
 274 0032 0A33     		adds	r3, r3, #10
 275              	.LVL29:
 276              		.loc 1 179 68 view .LVU78
 277 0034 02F00302 		and	r2, r2, #3
 278 0038 022A     		cmp	r2, #2
 279 003a 10D0     		beq	.L54
 280              		.loc 1 179 68 discriminator 2 view .LVU79
 281 003c 4122     		movs	r2, #65
 282              	.L25:
 283              		.loc 1 179 43 discriminator 4 view .LVU80
 284 003e 9B1A     		subs	r3, r3, r2
 285              	.LVL30:
 286              		.loc 1 179 13 discriminator 4 view .LVU81
 287 0040 1C43     		orrs	r4, r4, r3
 288              	.LVL31:
 180:Middlewares/Third_Party/LwIP/src/core/ipv4/ip4_addr.c ****         c = *++cp;
 289              		.loc 1 180 9 is_stmt 1 view .LVU82
 290              		.loc 1 180 11 is_stmt 0 view .LVU83
 291 0042 10F8013F 		ldrb	r3, [r0, #1]!	@ zero_extendqisi2
 292              	.LVL32:
 293              	.L21:
 174:Middlewares/Third_Party/LwIP/src/core/ipv4/ip4_addr.c ****       if (lwip_isdigit(c)) {
 294              		.loc 1 174 5 is_stmt 1 view .LVU84
 175:Middlewares/Third_Party/LwIP/src/core/ipv4/ip4_addr.c ****         val = (val * base) + (u32_t)(c - '0');
 295              		.loc 1 175 7 view .LVU85
 175:Middlewares/Third_Party/LwIP/src/core/ipv4/ip4_addr.c ****         val = (val * base) + (u32_t)(c - '0');
 296              		.loc 1 175 11 is_stmt 0 view .LVU86
 297 0046 424A     		ldr	r2, .L56
 298 0048 D25C     		ldrb	r2, [r2, r3]	@ zero_extendqisi2
 175:Middlewares/Third_Party/LwIP/src/core/ipv4/ip4_addr.c ****         val = (val * base) + (u32_t)(c - '0');
 299              		.loc 1 175 10 view .LVU87
 300 004a 12F0040F 		tst	r2, #4
 301 004e EAD0     		beq	.L22
 176:Middlewares/Third_Party/LwIP/src/core/ipv4/ip4_addr.c ****         c = *++cp;
 302              		.loc 1 176 9 is_stmt 1 view .LVU88
 176:Middlewares/Third_Party/LwIP/src/core/ipv4/ip4_addr.c ****         c = *++cp;
 303              		.loc 1 176 28 is_stmt 0 view .LVU89
 304 0050 04FB0133 		mla	r3, r4, r1, r3
ARM GAS  /tmp/ccGO621o.s 			page 10


 305              	.LVL33:
 176:Middlewares/Third_Party/LwIP/src/core/ipv4/ip4_addr.c ****         c = *++cp;
 306              		.loc 1 176 13 view .LVU90
 307 0054 A3F13004 		sub	r4, r3, #48
 308              	.LVL34:
 177:Middlewares/Third_Party/LwIP/src/core/ipv4/ip4_addr.c ****       } else if (base == 16 && lwip_isxdigit(c)) {
 309              		.loc 1 177 9 is_stmt 1 view .LVU91
 177:Middlewares/Third_Party/LwIP/src/core/ipv4/ip4_addr.c ****       } else if (base == 16 && lwip_isxdigit(c)) {
 310              		.loc 1 177 11 is_stmt 0 view .LVU92
 311 0058 10F8013F 		ldrb	r3, [r0, #1]!	@ zero_extendqisi2
 312              	.LVL35:
 177:Middlewares/Third_Party/LwIP/src/core/ipv4/ip4_addr.c ****       } else if (base == 16 && lwip_isxdigit(c)) {
 313              		.loc 1 177 11 view .LVU93
 314 005c F3E7     		b	.L21
 315              	.LVL36:
 316              	.L54:
 179:Middlewares/Third_Party/LwIP/src/core/ipv4/ip4_addr.c ****         c = *++cp;
 317              		.loc 1 179 68 discriminator 1 view .LVU94
 318 005e 6122     		movs	r2, #97
 319 0060 EDE7     		b	.L25
 320              	.LVL37:
 321              	.L24:
 181:Middlewares/Third_Party/LwIP/src/core/ipv4/ip4_addr.c ****       } else {
 182:Middlewares/Third_Party/LwIP/src/core/ipv4/ip4_addr.c ****         break;
 183:Middlewares/Third_Party/LwIP/src/core/ipv4/ip4_addr.c ****       }
 184:Middlewares/Third_Party/LwIP/src/core/ipv4/ip4_addr.c ****     }
 185:Middlewares/Third_Party/LwIP/src/core/ipv4/ip4_addr.c ****     if (c == '.') {
 322              		.loc 1 185 5 is_stmt 1 view .LVU95
 323              		.loc 1 185 8 is_stmt 0 view .LVU96
 324 0062 2E2B     		cmp	r3, #46
 325 0064 12D1     		bne	.L26
 186:Middlewares/Third_Party/LwIP/src/core/ipv4/ip4_addr.c ****       /*
 187:Middlewares/Third_Party/LwIP/src/core/ipv4/ip4_addr.c ****        * Internet format:
 188:Middlewares/Third_Party/LwIP/src/core/ipv4/ip4_addr.c ****        *  a.b.c.d
 189:Middlewares/Third_Party/LwIP/src/core/ipv4/ip4_addr.c ****        *  a.b.c   (with c treated as 16 bits)
 190:Middlewares/Third_Party/LwIP/src/core/ipv4/ip4_addr.c ****        *  a.b (with b treated as 24 bits)
 191:Middlewares/Third_Party/LwIP/src/core/ipv4/ip4_addr.c ****        */
 192:Middlewares/Third_Party/LwIP/src/core/ipv4/ip4_addr.c ****       if (pp >= parts + 3) {
 326              		.loc 1 192 7 is_stmt 1 view .LVU97
 327              		.loc 1 192 10 is_stmt 0 view .LVU98
 328 0066 03AB     		add	r3, sp, #12
 329              	.LVL38:
 330              		.loc 1 192 10 view .LVU99
 331 0068 9C45     		cmp	ip, r3
 332 006a 58D2     		bcs	.L39
 193:Middlewares/Third_Party/LwIP/src/core/ipv4/ip4_addr.c ****         return 0;
 194:Middlewares/Third_Party/LwIP/src/core/ipv4/ip4_addr.c ****       }
 195:Middlewares/Third_Party/LwIP/src/core/ipv4/ip4_addr.c ****       *pp++ = val;
 333              		.loc 1 195 7 is_stmt 1 view .LVU100
 334              		.loc 1 195 10 is_stmt 0 view .LVU101
 335 006c 6246     		mov	r2, ip
 336              	.LVL39:
 337              		.loc 1 195 13 view .LVU102
 338 006e 42F8044B 		str	r4, [r2], #4
 339              	.LVL40:
 196:Middlewares/Third_Party/LwIP/src/core/ipv4/ip4_addr.c ****       c = *++cp;
 340              		.loc 1 196 7 is_stmt 1 view .LVU103
ARM GAS  /tmp/ccGO621o.s 			page 11


 341              		.loc 1 196 9 is_stmt 0 view .LVU104
 342 0072 4378     		ldrb	r3, [r0, #1]	@ zero_extendqisi2
 343              	.LVL41:
 154:Middlewares/Third_Party/LwIP/src/core/ipv4/ip4_addr.c ****     /*
 344              		.loc 1 154 3 is_stmt 1 view .LVU105
 195:Middlewares/Third_Party/LwIP/src/core/ipv4/ip4_addr.c ****       c = *++cp;
 345              		.loc 1 195 10 is_stmt 0 view .LVU106
 346 0074 9446     		mov	ip, r2
 347              		.loc 1 196 9 view .LVU107
 348 0076 0130     		adds	r0, r0, #1
 349              	.LVL42:
 350              	.L27:
 154:Middlewares/Third_Party/LwIP/src/core/ipv4/ip4_addr.c ****     /*
 351              		.loc 1 154 3 is_stmt 1 view .LVU108
 160:Middlewares/Third_Party/LwIP/src/core/ipv4/ip4_addr.c ****       return 0;
 352              		.loc 1 160 5 view .LVU109
 160:Middlewares/Third_Party/LwIP/src/core/ipv4/ip4_addr.c ****       return 0;
 353              		.loc 1 160 10 is_stmt 0 view .LVU110
 354 0078 354A     		ldr	r2, .L56
 355 007a D25C     		ldrb	r2, [r2, r3]	@ zero_extendqisi2
 160:Middlewares/Third_Party/LwIP/src/core/ipv4/ip4_addr.c ****       return 0;
 356              		.loc 1 160 8 view .LVU111
 357 007c 12F0040F 		tst	r2, #4
 358 0080 4BD0     		beq	.L35
 163:Middlewares/Third_Party/LwIP/src/core/ipv4/ip4_addr.c ****     base = 10;
 359              		.loc 1 163 5 is_stmt 1 view .LVU112
 360              	.LVL43:
 164:Middlewares/Third_Party/LwIP/src/core/ipv4/ip4_addr.c ****     if (c == '0') {
 361              		.loc 1 164 5 view .LVU113
 165:Middlewares/Third_Party/LwIP/src/core/ipv4/ip4_addr.c ****       c = *++cp;
 362              		.loc 1 165 5 view .LVU114
 165:Middlewares/Third_Party/LwIP/src/core/ipv4/ip4_addr.c ****       c = *++cp;
 363              		.loc 1 165 8 is_stmt 0 view .LVU115
 364 0082 302B     		cmp	r3, #48
 365 0084 C2D0     		beq	.L55
 164:Middlewares/Third_Party/LwIP/src/core/ipv4/ip4_addr.c ****     if (c == '0') {
 366              		.loc 1 164 10 view .LVU116
 367 0086 0A21     		movs	r1, #10
 368              	.LVL44:
 369              	.L19:
 171:Middlewares/Third_Party/LwIP/src/core/ipv4/ip4_addr.c ****       }
 370              		.loc 1 171 14 view .LVU117
 371 0088 0024     		movs	r4, #0
 372 008a DCE7     		b	.L21
 373              	.LVL45:
 374              	.L26:
 197:Middlewares/Third_Party/LwIP/src/core/ipv4/ip4_addr.c ****     } else {
 198:Middlewares/Third_Party/LwIP/src/core/ipv4/ip4_addr.c ****       break;
 199:Middlewares/Third_Party/LwIP/src/core/ipv4/ip4_addr.c ****     }
 200:Middlewares/Third_Party/LwIP/src/core/ipv4/ip4_addr.c ****   }
 201:Middlewares/Third_Party/LwIP/src/core/ipv4/ip4_addr.c ****   /*
 202:Middlewares/Third_Party/LwIP/src/core/ipv4/ip4_addr.c ****    * Check for trailing characters.
 203:Middlewares/Third_Party/LwIP/src/core/ipv4/ip4_addr.c ****    */
 204:Middlewares/Third_Party/LwIP/src/core/ipv4/ip4_addr.c ****   if (c != '\0' && !lwip_isspace(c)) {
 375              		.loc 1 204 3 is_stmt 1 view .LVU118
 376              		.loc 1 204 6 is_stmt 0 view .LVU119
 377 008c 13B1     		cbz	r3, .L28
ARM GAS  /tmp/ccGO621o.s 			page 12


 378              		.loc 1 204 17 discriminator 1 view .LVU120
 379 008e 12F0080F 		tst	r2, #8
 380 0092 47D0     		beq	.L40
 381              	.L28:
 205:Middlewares/Third_Party/LwIP/src/core/ipv4/ip4_addr.c ****     return 0;
 206:Middlewares/Third_Party/LwIP/src/core/ipv4/ip4_addr.c ****   }
 207:Middlewares/Third_Party/LwIP/src/core/ipv4/ip4_addr.c ****   /*
 208:Middlewares/Third_Party/LwIP/src/core/ipv4/ip4_addr.c ****    * Concoct the address according to
 209:Middlewares/Third_Party/LwIP/src/core/ipv4/ip4_addr.c ****    * the number of parts specified.
 210:Middlewares/Third_Party/LwIP/src/core/ipv4/ip4_addr.c ****    */
 211:Middlewares/Third_Party/LwIP/src/core/ipv4/ip4_addr.c ****   switch (pp - parts + 1) {
 382              		.loc 1 211 3 is_stmt 1 view .LVU121
 383              		.loc 1 211 14 is_stmt 0 view .LVU122
 384 0094 6B46     		mov	r3, sp
 385              	.LVL46:
 386              		.loc 1 211 14 view .LVU123
 387 0096 ACEB0300 		sub	r0, ip, r3
 388              	.LVL47:
 389              		.loc 1 211 14 view .LVU124
 390 009a 8010     		asrs	r0, r0, #2
 391              		.loc 1 211 22 view .LVU125
 392 009c 0130     		adds	r0, r0, #1
 393              		.loc 1 211 3 view .LVU126
 394 009e 0428     		cmp	r0, #4
 395 00a0 34D8     		bhi	.L29
 396 00a2 DFE800F0 		tbb	[pc, r0]
 397              	.L31:
 398 00a6 3D       		.byte	(.L17-.L31)/2
 399 00a7 0B       		.byte	(.L34-.L31)/2
 400 00a8 03       		.byte	(.L33-.L31)/2
 401 00a9 13       		.byte	(.L32-.L31)/2
 402 00aa 21       		.byte	(.L30-.L31)/2
 403 00ab 00       		.p2align 1
 404              	.L33:
 212:Middlewares/Third_Party/LwIP/src/core/ipv4/ip4_addr.c **** 
 213:Middlewares/Third_Party/LwIP/src/core/ipv4/ip4_addr.c ****     case 0:
 214:Middlewares/Third_Party/LwIP/src/core/ipv4/ip4_addr.c ****       return 0;       /* initial nondigit */
 215:Middlewares/Third_Party/LwIP/src/core/ipv4/ip4_addr.c **** 
 216:Middlewares/Third_Party/LwIP/src/core/ipv4/ip4_addr.c ****     case 1:             /* a -- 32 bits */
 217:Middlewares/Third_Party/LwIP/src/core/ipv4/ip4_addr.c ****       break;
 218:Middlewares/Third_Party/LwIP/src/core/ipv4/ip4_addr.c **** 
 219:Middlewares/Third_Party/LwIP/src/core/ipv4/ip4_addr.c ****     case 2:             /* a.b -- 8.24 bits */
 220:Middlewares/Third_Party/LwIP/src/core/ipv4/ip4_addr.c ****       if (val > 0xffffffUL) {
 405              		.loc 1 220 7 is_stmt 1 view .LVU127
 406              		.loc 1 220 10 is_stmt 0 view .LVU128
 407 00ac B4F1807F 		cmp	r4, #16777216
 408 00b0 3AD2     		bcs	.L41
 221:Middlewares/Third_Party/LwIP/src/core/ipv4/ip4_addr.c ****         return 0;
 222:Middlewares/Third_Party/LwIP/src/core/ipv4/ip4_addr.c ****       }
 223:Middlewares/Third_Party/LwIP/src/core/ipv4/ip4_addr.c ****       if (parts[0] > 0xff) {
 409              		.loc 1 223 7 is_stmt 1 view .LVU129
 410              		.loc 1 223 16 is_stmt 0 view .LVU130
 411 00b2 009B     		ldr	r3, [sp]
 412              		.loc 1 223 10 view .LVU131
 413 00b4 FF2B     		cmp	r3, #255
 414 00b6 39D8     		bhi	.L42
 224:Middlewares/Third_Party/LwIP/src/core/ipv4/ip4_addr.c ****         return 0;
ARM GAS  /tmp/ccGO621o.s 			page 13


 225:Middlewares/Third_Party/LwIP/src/core/ipv4/ip4_addr.c ****       }
 226:Middlewares/Third_Party/LwIP/src/core/ipv4/ip4_addr.c ****       val |= parts[0] << 24;
 415              		.loc 1 226 7 is_stmt 1 view .LVU132
 416              		.loc 1 226 11 is_stmt 0 view .LVU133
 417 00b8 44EA0364 		orr	r4, r4, r3, lsl #24
 418              	.LVL48:
 227:Middlewares/Third_Party/LwIP/src/core/ipv4/ip4_addr.c ****       break;
 419              		.loc 1 227 7 is_stmt 1 view .LVU134
 420              	.L34:
 228:Middlewares/Third_Party/LwIP/src/core/ipv4/ip4_addr.c **** 
 229:Middlewares/Third_Party/LwIP/src/core/ipv4/ip4_addr.c ****     case 3:             /* a.b.c -- 8.8.16 bits */
 230:Middlewares/Third_Party/LwIP/src/core/ipv4/ip4_addr.c ****       if (val > 0xffff) {
 231:Middlewares/Third_Party/LwIP/src/core/ipv4/ip4_addr.c ****         return 0;
 232:Middlewares/Third_Party/LwIP/src/core/ipv4/ip4_addr.c ****       }
 233:Middlewares/Third_Party/LwIP/src/core/ipv4/ip4_addr.c ****       if ((parts[0] > 0xff) || (parts[1] > 0xff)) {
 234:Middlewares/Third_Party/LwIP/src/core/ipv4/ip4_addr.c ****         return 0;
 235:Middlewares/Third_Party/LwIP/src/core/ipv4/ip4_addr.c ****       }
 236:Middlewares/Third_Party/LwIP/src/core/ipv4/ip4_addr.c ****       val |= (parts[0] << 24) | (parts[1] << 16);
 237:Middlewares/Third_Party/LwIP/src/core/ipv4/ip4_addr.c ****       break;
 238:Middlewares/Third_Party/LwIP/src/core/ipv4/ip4_addr.c **** 
 239:Middlewares/Third_Party/LwIP/src/core/ipv4/ip4_addr.c ****     case 4:             /* a.b.c.d -- 8.8.8.8 bits */
 240:Middlewares/Third_Party/LwIP/src/core/ipv4/ip4_addr.c ****       if (val > 0xff) {
 241:Middlewares/Third_Party/LwIP/src/core/ipv4/ip4_addr.c ****         return 0;
 242:Middlewares/Third_Party/LwIP/src/core/ipv4/ip4_addr.c ****       }
 243:Middlewares/Third_Party/LwIP/src/core/ipv4/ip4_addr.c ****       if ((parts[0] > 0xff) || (parts[1] > 0xff) || (parts[2] > 0xff)) {
 244:Middlewares/Third_Party/LwIP/src/core/ipv4/ip4_addr.c ****         return 0;
 245:Middlewares/Third_Party/LwIP/src/core/ipv4/ip4_addr.c ****       }
 246:Middlewares/Third_Party/LwIP/src/core/ipv4/ip4_addr.c ****       val |= (parts[0] << 24) | (parts[1] << 16) | (parts[2] << 8);
 247:Middlewares/Third_Party/LwIP/src/core/ipv4/ip4_addr.c ****       break;
 248:Middlewares/Third_Party/LwIP/src/core/ipv4/ip4_addr.c ****     default:
 249:Middlewares/Third_Party/LwIP/src/core/ipv4/ip4_addr.c ****       LWIP_ASSERT("unhandled", 0);
 250:Middlewares/Third_Party/LwIP/src/core/ipv4/ip4_addr.c ****       break;
 251:Middlewares/Third_Party/LwIP/src/core/ipv4/ip4_addr.c ****   }
 252:Middlewares/Third_Party/LwIP/src/core/ipv4/ip4_addr.c ****   if (addr) {
 421              		.loc 1 252 3 view .LVU135
 422              		.loc 1 252 6 is_stmt 0 view .LVU136
 423 00bc 002D     		cmp	r5, #0
 424 00be 45D0     		beq	.L50
 253:Middlewares/Third_Party/LwIP/src/core/ipv4/ip4_addr.c ****     ip4_addr_set_u32(addr, lwip_htonl(val));
 425              		.loc 1 253 5 is_stmt 1 view .LVU137
 426 00c0 2046     		mov	r0, r4
 427 00c2 FFF7FEFF 		bl	lwip_htonl
 428              	.LVL49:
 429              		.loc 1 253 5 is_stmt 0 discriminator 1 view .LVU138
 430 00c6 2860     		str	r0, [r5]
 254:Middlewares/Third_Party/LwIP/src/core/ipv4/ip4_addr.c ****   }
 255:Middlewares/Third_Party/LwIP/src/core/ipv4/ip4_addr.c ****   return 1;
 431              		.loc 1 255 10 view .LVU139
 432 00c8 0120     		movs	r0, #1
 433 00ca 29E0     		b	.L17
 434              	.LVL50:
 435              	.L32:
 230:Middlewares/Third_Party/LwIP/src/core/ipv4/ip4_addr.c ****         return 0;
 436              		.loc 1 230 7 is_stmt 1 view .LVU140
 230:Middlewares/Third_Party/LwIP/src/core/ipv4/ip4_addr.c ****         return 0;
 437              		.loc 1 230 10 is_stmt 0 view .LVU141
 438 00cc B4F5803F 		cmp	r4, #65536
ARM GAS  /tmp/ccGO621o.s 			page 14


 439 00d0 2ED2     		bcs	.L43
 233:Middlewares/Third_Party/LwIP/src/core/ipv4/ip4_addr.c ****         return 0;
 440              		.loc 1 233 7 is_stmt 1 view .LVU142
 233:Middlewares/Third_Party/LwIP/src/core/ipv4/ip4_addr.c ****         return 0;
 441              		.loc 1 233 17 is_stmt 0 view .LVU143
 442 00d2 009A     		ldr	r2, [sp]
 233:Middlewares/Third_Party/LwIP/src/core/ipv4/ip4_addr.c ****         return 0;
 443              		.loc 1 233 10 view .LVU144
 444 00d4 FF2A     		cmp	r2, #255
 445 00d6 2DD8     		bhi	.L44
 233:Middlewares/Third_Party/LwIP/src/core/ipv4/ip4_addr.c ****         return 0;
 446              		.loc 1 233 38 discriminator 1 view .LVU145
 447 00d8 019B     		ldr	r3, [sp, #4]
 233:Middlewares/Third_Party/LwIP/src/core/ipv4/ip4_addr.c ****         return 0;
 448              		.loc 1 233 29 discriminator 1 view .LVU146
 449 00da FF2B     		cmp	r3, #255
 450 00dc 2CD8     		bhi	.L45
 236:Middlewares/Third_Party/LwIP/src/core/ipv4/ip4_addr.c ****       break;
 451              		.loc 1 236 7 is_stmt 1 view .LVU147
 236:Middlewares/Third_Party/LwIP/src/core/ipv4/ip4_addr.c ****       break;
 452              		.loc 1 236 43 is_stmt 0 view .LVU148
 453 00de 1B04     		lsls	r3, r3, #16
 236:Middlewares/Third_Party/LwIP/src/core/ipv4/ip4_addr.c ****       break;
 454              		.loc 1 236 31 view .LVU149
 455 00e0 43EA0263 		orr	r3, r3, r2, lsl #24
 236:Middlewares/Third_Party/LwIP/src/core/ipv4/ip4_addr.c ****       break;
 456              		.loc 1 236 11 view .LVU150
 457 00e4 1C43     		orrs	r4, r4, r3
 458              	.LVL51:
 237:Middlewares/Third_Party/LwIP/src/core/ipv4/ip4_addr.c **** 
 459              		.loc 1 237 7 is_stmt 1 view .LVU151
 460 00e6 E9E7     		b	.L34
 461              	.L30:
 240:Middlewares/Third_Party/LwIP/src/core/ipv4/ip4_addr.c ****         return 0;
 462              		.loc 1 240 7 view .LVU152
 240:Middlewares/Third_Party/LwIP/src/core/ipv4/ip4_addr.c ****         return 0;
 463              		.loc 1 240 10 is_stmt 0 view .LVU153
 464 00e8 FF2C     		cmp	r4, #255
 465 00ea 27D8     		bhi	.L46
 243:Middlewares/Third_Party/LwIP/src/core/ipv4/ip4_addr.c ****         return 0;
 466              		.loc 1 243 7 is_stmt 1 view .LVU154
 243:Middlewares/Third_Party/LwIP/src/core/ipv4/ip4_addr.c ****         return 0;
 467              		.loc 1 243 17 is_stmt 0 view .LVU155
 468 00ec 0099     		ldr	r1, [sp]
 469              	.LVL52:
 243:Middlewares/Third_Party/LwIP/src/core/ipv4/ip4_addr.c ****         return 0;
 470              		.loc 1 243 10 view .LVU156
 471 00ee FF29     		cmp	r1, #255
 472 00f0 26D8     		bhi	.L47
 243:Middlewares/Third_Party/LwIP/src/core/ipv4/ip4_addr.c ****         return 0;
 473              		.loc 1 243 38 discriminator 1 view .LVU157
 474 00f2 019B     		ldr	r3, [sp, #4]
 243:Middlewares/Third_Party/LwIP/src/core/ipv4/ip4_addr.c ****         return 0;
 475              		.loc 1 243 29 discriminator 1 view .LVU158
 476 00f4 FF2B     		cmp	r3, #255
 477 00f6 25D8     		bhi	.L48
 243:Middlewares/Third_Party/LwIP/src/core/ipv4/ip4_addr.c ****         return 0;
ARM GAS  /tmp/ccGO621o.s 			page 15


 478              		.loc 1 243 59 discriminator 2 view .LVU159
 479 00f8 029A     		ldr	r2, [sp, #8]
 243:Middlewares/Third_Party/LwIP/src/core/ipv4/ip4_addr.c ****         return 0;
 480              		.loc 1 243 50 discriminator 2 view .LVU160
 481 00fa FF2A     		cmp	r2, #255
 482 00fc 24D8     		bhi	.L49
 246:Middlewares/Third_Party/LwIP/src/core/ipv4/ip4_addr.c ****       break;
 483              		.loc 1 246 7 is_stmt 1 view .LVU161
 246:Middlewares/Third_Party/LwIP/src/core/ipv4/ip4_addr.c ****       break;
 484              		.loc 1 246 43 is_stmt 0 view .LVU162
 485 00fe 1B04     		lsls	r3, r3, #16
 246:Middlewares/Third_Party/LwIP/src/core/ipv4/ip4_addr.c ****       break;
 486              		.loc 1 246 31 view .LVU163
 487 0100 43EA0163 		orr	r3, r3, r1, lsl #24
 246:Middlewares/Third_Party/LwIP/src/core/ipv4/ip4_addr.c ****       break;
 488              		.loc 1 246 50 view .LVU164
 489 0104 43EA0223 		orr	r3, r3, r2, lsl #8
 246:Middlewares/Third_Party/LwIP/src/core/ipv4/ip4_addr.c ****       break;
 490              		.loc 1 246 11 view .LVU165
 491 0108 1C43     		orrs	r4, r4, r3
 492              	.LVL53:
 247:Middlewares/Third_Party/LwIP/src/core/ipv4/ip4_addr.c ****     default:
 493              		.loc 1 247 7 is_stmt 1 view .LVU166
 494 010a D7E7     		b	.L34
 495              	.LVL54:
 496              	.L29:
 249:Middlewares/Third_Party/LwIP/src/core/ipv4/ip4_addr.c ****       break;
 497              		.loc 1 249 7 view .LVU167
 249:Middlewares/Third_Party/LwIP/src/core/ipv4/ip4_addr.c ****       break;
 498              		.loc 1 249 7 view .LVU168
 249:Middlewares/Third_Party/LwIP/src/core/ipv4/ip4_addr.c ****       break;
 499              		.loc 1 249 7 discriminator 1 view .LVU169
 249:Middlewares/Third_Party/LwIP/src/core/ipv4/ip4_addr.c ****       break;
 500              		.loc 1 249 7 discriminator 1 view .LVU170
 501 010c 114B     		ldr	r3, .L56+4
 502 010e F922     		movs	r2, #249
 503 0110 1149     		ldr	r1, .L56+8
 504              	.LVL55:
 249:Middlewares/Third_Party/LwIP/src/core/ipv4/ip4_addr.c ****       break;
 505              		.loc 1 249 7 is_stmt 0 discriminator 1 view .LVU171
 506 0112 1248     		ldr	r0, .L56+12
 507 0114 FFF7FEFF 		bl	printf
 508              	.LVL56:
 249:Middlewares/Third_Party/LwIP/src/core/ipv4/ip4_addr.c ****       break;
 509              		.loc 1 249 7 is_stmt 1 discriminator 3 view .LVU172
 249:Middlewares/Third_Party/LwIP/src/core/ipv4/ip4_addr.c ****       break;
 510              		.loc 1 249 7 discriminator 3 view .LVU173
 250:Middlewares/Third_Party/LwIP/src/core/ipv4/ip4_addr.c ****   }
 511              		.loc 1 250 7 view .LVU174
 512 0118 D0E7     		b	.L34
 513              	.LVL57:
 514              	.L35:
 161:Middlewares/Third_Party/LwIP/src/core/ipv4/ip4_addr.c ****     }
 515              		.loc 1 161 14 is_stmt 0 view .LVU175
 516 011a 0020     		movs	r0, #0
 517              	.LVL58:
 161:Middlewares/Third_Party/LwIP/src/core/ipv4/ip4_addr.c ****     }
ARM GAS  /tmp/ccGO621o.s 			page 16


 518              		.loc 1 161 14 view .LVU176
 519 011c 00E0     		b	.L17
 520              	.LVL59:
 521              	.L39:
 193:Middlewares/Third_Party/LwIP/src/core/ipv4/ip4_addr.c ****       }
 522              		.loc 1 193 16 view .LVU177
 523 011e 0020     		movs	r0, #0
 524              	.LVL60:
 525              	.L17:
 256:Middlewares/Third_Party/LwIP/src/core/ipv4/ip4_addr.c **** }
 526              		.loc 1 256 1 view .LVU178
 527 0120 05B0     		add	sp, sp, #20
 528              	.LCFI3:
 529              		.cfi_remember_state
 530              		.cfi_def_cfa_offset 12
 531              		@ sp needed
 532 0122 30BD     		pop	{r4, r5, pc}
 533              	.LVL61:
 534              	.L40:
 535              	.LCFI4:
 536              		.cfi_restore_state
 205:Middlewares/Third_Party/LwIP/src/core/ipv4/ip4_addr.c ****   }
 537              		.loc 1 205 12 view .LVU179
 538 0124 0020     		movs	r0, #0
 539              	.LVL62:
 205:Middlewares/Third_Party/LwIP/src/core/ipv4/ip4_addr.c ****   }
 540              		.loc 1 205 12 view .LVU180
 541 0126 FBE7     		b	.L17
 542              	.LVL63:
 543              	.L41:
 221:Middlewares/Third_Party/LwIP/src/core/ipv4/ip4_addr.c ****       }
 544              		.loc 1 221 16 view .LVU181
 545 0128 0020     		movs	r0, #0
 546 012a F9E7     		b	.L17
 547              	.L42:
 224:Middlewares/Third_Party/LwIP/src/core/ipv4/ip4_addr.c ****       }
 548              		.loc 1 224 16 view .LVU182
 549 012c 0020     		movs	r0, #0
 550 012e F7E7     		b	.L17
 551              	.L43:
 231:Middlewares/Third_Party/LwIP/src/core/ipv4/ip4_addr.c ****       }
 552              		.loc 1 231 16 view .LVU183
 553 0130 0020     		movs	r0, #0
 554 0132 F5E7     		b	.L17
 555              	.L44:
 234:Middlewares/Third_Party/LwIP/src/core/ipv4/ip4_addr.c ****       }
 556              		.loc 1 234 16 view .LVU184
 557 0134 0020     		movs	r0, #0
 558 0136 F3E7     		b	.L17
 559              	.L45:
 560 0138 0020     		movs	r0, #0
 561 013a F1E7     		b	.L17
 562              	.L46:
 241:Middlewares/Third_Party/LwIP/src/core/ipv4/ip4_addr.c ****       }
 563              		.loc 1 241 16 view .LVU185
 564 013c 0020     		movs	r0, #0
 565 013e EFE7     		b	.L17
ARM GAS  /tmp/ccGO621o.s 			page 17


 566              	.LVL64:
 567              	.L47:
 244:Middlewares/Third_Party/LwIP/src/core/ipv4/ip4_addr.c ****       }
 568              		.loc 1 244 16 view .LVU186
 569 0140 0020     		movs	r0, #0
 570 0142 EDE7     		b	.L17
 571              	.L48:
 572 0144 0020     		movs	r0, #0
 573 0146 EBE7     		b	.L17
 574              	.L49:
 575 0148 0020     		movs	r0, #0
 576 014a E9E7     		b	.L17
 577              	.LVL65:
 578              	.L50:
 255:Middlewares/Third_Party/LwIP/src/core/ipv4/ip4_addr.c **** }
 579              		.loc 1 255 10 view .LVU187
 580 014c 0120     		movs	r0, #1
 581 014e E7E7     		b	.L17
 582              	.L57:
 583              		.align	2
 584              	.L56:
 585 0150 01000000 		.word	_ctype_+1
 586 0154 00000000 		.word	.LC0
 587 0158 38000000 		.word	.LC1
 588 015c 44000000 		.word	.LC2
 589              		.cfi_endproc
 590              	.LFE159:
 592              		.section	.text.ipaddr_addr,"ax",%progbits
 593              		.align	1
 594              		.global	ipaddr_addr
 595              		.syntax unified
 596              		.thumb
 597              		.thumb_func
 599              	ipaddr_addr:
 600              	.LVL66:
 601              	.LFB158:
 124:Middlewares/Third_Party/LwIP/src/core/ipv4/ip4_addr.c ****   ip4_addr_t val;
 602              		.loc 1 124 1 is_stmt 1 view -0
 603              		.cfi_startproc
 604              		@ args = 0, pretend = 0, frame = 8
 605              		@ frame_needed = 0, uses_anonymous_args = 0
 124:Middlewares/Third_Party/LwIP/src/core/ipv4/ip4_addr.c ****   ip4_addr_t val;
 606              		.loc 1 124 1 is_stmt 0 view .LVU189
 607 0000 00B5     		push	{lr}
 608              	.LCFI5:
 609              		.cfi_def_cfa_offset 4
 610              		.cfi_offset 14, -4
 611 0002 83B0     		sub	sp, sp, #12
 612              	.LCFI6:
 613              		.cfi_def_cfa_offset 16
 125:Middlewares/Third_Party/LwIP/src/core/ipv4/ip4_addr.c **** 
 614              		.loc 1 125 3 is_stmt 1 view .LVU190
 127:Middlewares/Third_Party/LwIP/src/core/ipv4/ip4_addr.c ****     return ip4_addr_get_u32(&val);
 615              		.loc 1 127 3 view .LVU191
 127:Middlewares/Third_Party/LwIP/src/core/ipv4/ip4_addr.c ****     return ip4_addr_get_u32(&val);
 616              		.loc 1 127 7 is_stmt 0 view .LVU192
 617 0004 01A9     		add	r1, sp, #4
ARM GAS  /tmp/ccGO621o.s 			page 18


 618 0006 FFF7FEFF 		bl	ip4addr_aton
 619              	.LVL67:
 127:Middlewares/Third_Party/LwIP/src/core/ipv4/ip4_addr.c ****     return ip4_addr_get_u32(&val);
 620              		.loc 1 127 6 discriminator 1 view .LVU193
 621 000a 20B9     		cbnz	r0, .L62
 130:Middlewares/Third_Party/LwIP/src/core/ipv4/ip4_addr.c **** }
 622              		.loc 1 130 10 view .LVU194
 623 000c 4FF0FF30 		mov	r0, #-1
 624              	.L58:
 131:Middlewares/Third_Party/LwIP/src/core/ipv4/ip4_addr.c **** 
 625              		.loc 1 131 1 view .LVU195
 626 0010 03B0     		add	sp, sp, #12
 627              	.LCFI7:
 628              		.cfi_remember_state
 629              		.cfi_def_cfa_offset 4
 630              		@ sp needed
 631 0012 5DF804FB 		ldr	pc, [sp], #4
 632              	.L62:
 633              	.LCFI8:
 634              		.cfi_restore_state
 128:Middlewares/Third_Party/LwIP/src/core/ipv4/ip4_addr.c ****   }
 635              		.loc 1 128 5 is_stmt 1 view .LVU196
 128:Middlewares/Third_Party/LwIP/src/core/ipv4/ip4_addr.c ****   }
 636              		.loc 1 128 12 is_stmt 0 view .LVU197
 637 0016 0198     		ldr	r0, [sp, #4]
 638 0018 FAE7     		b	.L58
 639              		.cfi_endproc
 640              	.LFE158:
 642              		.section	.text.ip4addr_ntoa_r,"ax",%progbits
 643              		.align	1
 644              		.global	ip4addr_ntoa_r
 645              		.syntax unified
 646              		.thumb
 647              		.thumb_func
 649              	ip4addr_ntoa_r:
 650              	.LVL68:
 651              	.LFB161:
 257:Middlewares/Third_Party/LwIP/src/core/ipv4/ip4_addr.c **** 
 258:Middlewares/Third_Party/LwIP/src/core/ipv4/ip4_addr.c **** /**
 259:Middlewares/Third_Party/LwIP/src/core/ipv4/ip4_addr.c ****  * Convert numeric IP address into decimal dotted ASCII representation.
 260:Middlewares/Third_Party/LwIP/src/core/ipv4/ip4_addr.c ****  * returns ptr to static buffer; not reentrant!
 261:Middlewares/Third_Party/LwIP/src/core/ipv4/ip4_addr.c ****  *
 262:Middlewares/Third_Party/LwIP/src/core/ipv4/ip4_addr.c ****  * @param addr ip address in network order to convert
 263:Middlewares/Third_Party/LwIP/src/core/ipv4/ip4_addr.c ****  * @return pointer to a global static (!) buffer that holds the ASCII
 264:Middlewares/Third_Party/LwIP/src/core/ipv4/ip4_addr.c ****  *         representation of addr
 265:Middlewares/Third_Party/LwIP/src/core/ipv4/ip4_addr.c ****  */
 266:Middlewares/Third_Party/LwIP/src/core/ipv4/ip4_addr.c **** char *
 267:Middlewares/Third_Party/LwIP/src/core/ipv4/ip4_addr.c **** ip4addr_ntoa(const ip4_addr_t *addr)
 268:Middlewares/Third_Party/LwIP/src/core/ipv4/ip4_addr.c **** {
 269:Middlewares/Third_Party/LwIP/src/core/ipv4/ip4_addr.c ****   static char str[IP4ADDR_STRLEN_MAX];
 270:Middlewares/Third_Party/LwIP/src/core/ipv4/ip4_addr.c ****   return ip4addr_ntoa_r(addr, str, IP4ADDR_STRLEN_MAX);
 271:Middlewares/Third_Party/LwIP/src/core/ipv4/ip4_addr.c **** }
 272:Middlewares/Third_Party/LwIP/src/core/ipv4/ip4_addr.c **** 
 273:Middlewares/Third_Party/LwIP/src/core/ipv4/ip4_addr.c **** /**
 274:Middlewares/Third_Party/LwIP/src/core/ipv4/ip4_addr.c ****  * Same as ip4addr_ntoa, but reentrant since a user-supplied buffer is used.
 275:Middlewares/Third_Party/LwIP/src/core/ipv4/ip4_addr.c ****  *
 276:Middlewares/Third_Party/LwIP/src/core/ipv4/ip4_addr.c ****  * @param addr ip address in network order to convert
ARM GAS  /tmp/ccGO621o.s 			page 19


 277:Middlewares/Third_Party/LwIP/src/core/ipv4/ip4_addr.c ****  * @param buf target buffer where the string is stored
 278:Middlewares/Third_Party/LwIP/src/core/ipv4/ip4_addr.c ****  * @param buflen length of buf
 279:Middlewares/Third_Party/LwIP/src/core/ipv4/ip4_addr.c ****  * @return either pointer to buf which now holds the ASCII
 280:Middlewares/Third_Party/LwIP/src/core/ipv4/ip4_addr.c ****  *         representation of addr or NULL if buf was too small
 281:Middlewares/Third_Party/LwIP/src/core/ipv4/ip4_addr.c ****  */
 282:Middlewares/Third_Party/LwIP/src/core/ipv4/ip4_addr.c **** char *
 283:Middlewares/Third_Party/LwIP/src/core/ipv4/ip4_addr.c **** ip4addr_ntoa_r(const ip4_addr_t *addr, char *buf, int buflen)
 284:Middlewares/Third_Party/LwIP/src/core/ipv4/ip4_addr.c **** {
 652              		.loc 1 284 1 is_stmt 1 view -0
 653              		.cfi_startproc
 654              		@ args = 0, pretend = 0, frame = 8
 655              		@ frame_needed = 0, uses_anonymous_args = 0
 656              		.loc 1 284 1 is_stmt 0 view .LVU199
 657 0000 2DE9F041 		push	{r4, r5, r6, r7, r8, lr}
 658              	.LCFI9:
 659              		.cfi_def_cfa_offset 24
 660              		.cfi_offset 4, -24
 661              		.cfi_offset 5, -20
 662              		.cfi_offset 6, -16
 663              		.cfi_offset 7, -12
 664              		.cfi_offset 8, -8
 665              		.cfi_offset 14, -4
 666 0004 82B0     		sub	sp, sp, #8
 667              	.LCFI10:
 668              		.cfi_def_cfa_offset 32
 669 0006 8846     		mov	r8, r1
 285:Middlewares/Third_Party/LwIP/src/core/ipv4/ip4_addr.c ****   u32_t s_addr;
 670              		.loc 1 285 3 is_stmt 1 view .LVU200
 286:Middlewares/Third_Party/LwIP/src/core/ipv4/ip4_addr.c ****   char inv[3];
 671              		.loc 1 286 3 view .LVU201
 287:Middlewares/Third_Party/LwIP/src/core/ipv4/ip4_addr.c ****   char *rp;
 672              		.loc 1 287 3 view .LVU202
 288:Middlewares/Third_Party/LwIP/src/core/ipv4/ip4_addr.c ****   u8_t *ap;
 673              		.loc 1 288 3 view .LVU203
 289:Middlewares/Third_Party/LwIP/src/core/ipv4/ip4_addr.c ****   u8_t rem;
 674              		.loc 1 289 3 view .LVU204
 290:Middlewares/Third_Party/LwIP/src/core/ipv4/ip4_addr.c ****   u8_t n;
 675              		.loc 1 290 3 view .LVU205
 291:Middlewares/Third_Party/LwIP/src/core/ipv4/ip4_addr.c ****   u8_t i;
 676              		.loc 1 291 3 view .LVU206
 292:Middlewares/Third_Party/LwIP/src/core/ipv4/ip4_addr.c ****   int len = 0;
 677              		.loc 1 292 3 view .LVU207
 678              	.LVL69:
 293:Middlewares/Third_Party/LwIP/src/core/ipv4/ip4_addr.c **** 
 294:Middlewares/Third_Party/LwIP/src/core/ipv4/ip4_addr.c ****   s_addr = ip4_addr_get_u32(addr);
 679              		.loc 1 294 3 view .LVU208
 680              		.loc 1 294 12 is_stmt 0 view .LVU209
 681 0008 0368     		ldr	r3, [r0]
 682              		.loc 1 294 10 view .LVU210
 683 000a 0193     		str	r3, [sp, #4]
 295:Middlewares/Third_Party/LwIP/src/core/ipv4/ip4_addr.c **** 
 296:Middlewares/Third_Party/LwIP/src/core/ipv4/ip4_addr.c ****   rp = buf;
 684              		.loc 1 296 3 is_stmt 1 view .LVU211
 685              	.LVL70:
 297:Middlewares/Third_Party/LwIP/src/core/ipv4/ip4_addr.c ****   ap = (u8_t *)&s_addr;
 686              		.loc 1 297 3 view .LVU212
 298:Middlewares/Third_Party/LwIP/src/core/ipv4/ip4_addr.c ****   for (n = 0; n < 4; n++) {
ARM GAS  /tmp/ccGO621o.s 			page 20


 687              		.loc 1 298 3 view .LVU213
 296:Middlewares/Third_Party/LwIP/src/core/ipv4/ip4_addr.c ****   ap = (u8_t *)&s_addr;
 688              		.loc 1 296 6 is_stmt 0 view .LVU214
 689 000c 0C46     		mov	r4, r1
 292:Middlewares/Third_Party/LwIP/src/core/ipv4/ip4_addr.c **** 
 690              		.loc 1 292 7 view .LVU215
 691 000e 0026     		movs	r6, #0
 692              		.loc 1 298 10 view .LVU216
 693 0010 3046     		mov	r0, r6
 694              	.LVL71:
 297:Middlewares/Third_Party/LwIP/src/core/ipv4/ip4_addr.c ****   for (n = 0; n < 4; n++) {
 695              		.loc 1 297 6 view .LVU217
 696 0012 01AF     		add	r7, sp, #4
 697              	.LVL72:
 698              	.L64:
 699              		.loc 1 298 17 is_stmt 1 discriminator 1 view .LVU218
 700 0014 0328     		cmp	r0, #3
 701 0016 3BD8     		bhi	.L73
 299:Middlewares/Third_Party/LwIP/src/core/ipv4/ip4_addr.c ****     i = 0;
 702              		.loc 1 299 7 is_stmt 0 view .LVU219
 703 0018 0023     		movs	r3, #0
 704              	.L65:
 705              	.LVL73:
 300:Middlewares/Third_Party/LwIP/src/core/ipv4/ip4_addr.c ****     do {
 706              		.loc 1 300 5 is_stmt 1 view .LVU220
 301:Middlewares/Third_Party/LwIP/src/core/ipv4/ip4_addr.c ****       rem = *ap % (u8_t)10;
 707              		.loc 1 301 7 view .LVU221
 708              		.loc 1 301 13 is_stmt 0 view .LVU222
 709 001a 3D78     		ldrb	r5, [r7]	@ zero_extendqisi2
 710              		.loc 1 301 11 view .LVU223
 711 001c 2049     		ldr	r1, .L76
 712 001e A1FB05CE 		umull	ip, lr, r1, r5
 713 0022 4FEADE0E 		lsr	lr, lr, #3
 714 0026 0EEB8E0C 		add	ip, lr, lr, lsl #2
 715 002a A5EB4C0C 		sub	ip, r5, ip, lsl #1
 716 002e 5FFA8CFC 		uxtb	ip, ip
 717              	.LVL74:
 302:Middlewares/Third_Party/LwIP/src/core/ipv4/ip4_addr.c ****       *ap /= (u8_t)10;
 718              		.loc 1 302 7 is_stmt 1 view .LVU224
 719              		.loc 1 302 11 is_stmt 0 view .LVU225
 720 0032 87F800E0 		strb	lr, [r7]
 303:Middlewares/Third_Party/LwIP/src/core/ipv4/ip4_addr.c ****       inv[i++] = (char)('0' + rem);
 721              		.loc 1 303 7 is_stmt 1 view .LVU226
 722 0036 9E46     		mov	lr, r3
 723              		.loc 1 303 12 is_stmt 0 view .LVU227
 724 0038 0133     		adds	r3, r3, #1
 725              	.LVL75:
 726              		.loc 1 303 12 view .LVU228
 727 003a DBB2     		uxtb	r3, r3
 728              	.LVL76:
 729              		.loc 1 303 18 view .LVU229
 730 003c 0CF1300C 		add	ip, ip, #48
 731              	.LVL77:
 732              		.loc 1 303 16 view .LVU230
 733 0040 0EF10801 		add	r1, lr, #8
 734 0044 0DEB010E 		add	lr, sp, r1
 735 0048 0EF808CC 		strb	ip, [lr, #-8]
ARM GAS  /tmp/ccGO621o.s 			page 21


 304:Middlewares/Third_Party/LwIP/src/core/ipv4/ip4_addr.c ****     } while (*ap);
 736              		.loc 1 304 14 is_stmt 1 discriminator 1 view .LVU231
 737 004c 092D     		cmp	r5, #9
 738 004e E4D8     		bhi	.L65
 739 0050 09E0     		b	.L66
 740              	.LVL78:
 741              	.L75:
 305:Middlewares/Third_Party/LwIP/src/core/ipv4/ip4_addr.c ****     while (i--) {
 306:Middlewares/Third_Party/LwIP/src/core/ipv4/ip4_addr.c ****       if (len++ >= buflen) {
 307:Middlewares/Third_Party/LwIP/src/core/ipv4/ip4_addr.c ****         return NULL;
 308:Middlewares/Third_Party/LwIP/src/core/ipv4/ip4_addr.c ****       }
 309:Middlewares/Third_Party/LwIP/src/core/ipv4/ip4_addr.c ****       *rp++ = inv[i];
 742              		.loc 1 309 7 view .LVU232
 743              		.loc 1 309 18 is_stmt 0 view .LVU233
 744 0052 05F10801 		add	r1, r5, #8
 745 0056 0DEB0106 		add	r6, sp, r1
 746 005a 16F8086C 		ldrb	r6, [r6, #-8]	@ zero_extendqisi2
 747              		.loc 1 309 13 view .LVU234
 748 005e 04F8016B 		strb	r6, [r4], #1
 749              	.LVL79:
 306:Middlewares/Third_Party/LwIP/src/core/ipv4/ip4_addr.c ****         return NULL;
 750              		.loc 1 306 14 view .LVU235
 751 0062 1E46     		mov	r6, r3
 305:Middlewares/Third_Party/LwIP/src/core/ipv4/ip4_addr.c ****     while (i--) {
 752              		.loc 1 305 13 view .LVU236
 753 0064 2B46     		mov	r3, r5
 754              	.LVL80:
 755              	.L66:
 305:Middlewares/Third_Party/LwIP/src/core/ipv4/ip4_addr.c ****     while (i--) {
 756              		.loc 1 305 12 is_stmt 1 view .LVU237
 305:Middlewares/Third_Party/LwIP/src/core/ipv4/ip4_addr.c ****     while (i--) {
 757              		.loc 1 305 13 is_stmt 0 view .LVU238
 758 0066 5D1E     		subs	r5, r3, #1
 759 0068 EDB2     		uxtb	r5, r5
 760              	.LVL81:
 305:Middlewares/Third_Party/LwIP/src/core/ipv4/ip4_addr.c ****     while (i--) {
 761              		.loc 1 305 12 view .LVU239
 762 006a 33B1     		cbz	r3, .L74
 306:Middlewares/Third_Party/LwIP/src/core/ipv4/ip4_addr.c ****         return NULL;
 763              		.loc 1 306 7 is_stmt 1 view .LVU240
 306:Middlewares/Third_Party/LwIP/src/core/ipv4/ip4_addr.c ****         return NULL;
 764              		.loc 1 306 14 is_stmt 0 view .LVU241
 765 006c 731C     		adds	r3, r6, #1
 766              	.LVL82:
 306:Middlewares/Third_Party/LwIP/src/core/ipv4/ip4_addr.c ****         return NULL;
 767              		.loc 1 306 10 view .LVU242
 768 006e 9642     		cmp	r6, r2
 769 0070 EFDB     		blt	.L75
 307:Middlewares/Third_Party/LwIP/src/core/ipv4/ip4_addr.c ****       }
 770              		.loc 1 307 16 view .LVU243
 771 0072 0020     		movs	r0, #0
 772              	.LVL83:
 773              	.L63:
 310:Middlewares/Third_Party/LwIP/src/core/ipv4/ip4_addr.c ****     }
 311:Middlewares/Third_Party/LwIP/src/core/ipv4/ip4_addr.c ****     if (len++ >= buflen) {
 312:Middlewares/Third_Party/LwIP/src/core/ipv4/ip4_addr.c ****       return NULL;
 313:Middlewares/Third_Party/LwIP/src/core/ipv4/ip4_addr.c ****     }
ARM GAS  /tmp/ccGO621o.s 			page 22


 314:Middlewares/Third_Party/LwIP/src/core/ipv4/ip4_addr.c ****     *rp++ = '.';
 315:Middlewares/Third_Party/LwIP/src/core/ipv4/ip4_addr.c ****     ap++;
 316:Middlewares/Third_Party/LwIP/src/core/ipv4/ip4_addr.c ****   }
 317:Middlewares/Third_Party/LwIP/src/core/ipv4/ip4_addr.c ****   *--rp = 0;
 318:Middlewares/Third_Party/LwIP/src/core/ipv4/ip4_addr.c ****   return buf;
 319:Middlewares/Third_Party/LwIP/src/core/ipv4/ip4_addr.c **** }
 774              		.loc 1 319 1 view .LVU244
 775 0074 02B0     		add	sp, sp, #8
 776              	.LCFI11:
 777              		.cfi_remember_state
 778              		.cfi_def_cfa_offset 24
 779              		@ sp needed
 780 0076 BDE8F081 		pop	{r4, r5, r6, r7, r8, pc}
 781              	.LVL84:
 782              	.L74:
 783              	.LCFI12:
 784              		.cfi_restore_state
 311:Middlewares/Third_Party/LwIP/src/core/ipv4/ip4_addr.c ****       return NULL;
 785              		.loc 1 311 5 is_stmt 1 view .LVU245
 311:Middlewares/Third_Party/LwIP/src/core/ipv4/ip4_addr.c ****       return NULL;
 786              		.loc 1 311 12 is_stmt 0 view .LVU246
 787 007a 731C     		adds	r3, r6, #1
 788              	.LVL85:
 311:Middlewares/Third_Party/LwIP/src/core/ipv4/ip4_addr.c ****       return NULL;
 789              		.loc 1 311 8 view .LVU247
 790 007c 9642     		cmp	r6, r2
 791 007e 0CDA     		bge	.L70
 314:Middlewares/Third_Party/LwIP/src/core/ipv4/ip4_addr.c ****     ap++;
 792              		.loc 1 314 5 is_stmt 1 view .LVU248
 793              	.LVL86:
 314:Middlewares/Third_Party/LwIP/src/core/ipv4/ip4_addr.c ****     ap++;
 794              		.loc 1 314 11 is_stmt 0 view .LVU249
 795 0080 2E25     		movs	r5, #46
 796              	.LVL87:
 314:Middlewares/Third_Party/LwIP/src/core/ipv4/ip4_addr.c ****     ap++;
 797              		.loc 1 314 11 view .LVU250
 798 0082 04F8015B 		strb	r5, [r4], #1
 799              	.LVL88:
 315:Middlewares/Third_Party/LwIP/src/core/ipv4/ip4_addr.c ****   }
 800              		.loc 1 315 5 is_stmt 1 view .LVU251
 315:Middlewares/Third_Party/LwIP/src/core/ipv4/ip4_addr.c ****   }
 801              		.loc 1 315 7 is_stmt 0 view .LVU252
 802 0086 0137     		adds	r7, r7, #1
 803              	.LVL89:
 298:Middlewares/Third_Party/LwIP/src/core/ipv4/ip4_addr.c ****     i = 0;
 804              		.loc 1 298 23 is_stmt 1 discriminator 2 view .LVU253
 805 0088 0130     		adds	r0, r0, #1
 806              	.LVL90:
 298:Middlewares/Third_Party/LwIP/src/core/ipv4/ip4_addr.c ****     i = 0;
 807              		.loc 1 298 23 is_stmt 0 discriminator 2 view .LVU254
 808 008a C0B2     		uxtb	r0, r0
 809              	.LVL91:
 311:Middlewares/Third_Party/LwIP/src/core/ipv4/ip4_addr.c ****       return NULL;
 810              		.loc 1 311 12 view .LVU255
 811 008c 1E46     		mov	r6, r3
 812 008e C1E7     		b	.L64
 813              	.LVL92:
ARM GAS  /tmp/ccGO621o.s 			page 23


 814              	.L73:
 317:Middlewares/Third_Party/LwIP/src/core/ipv4/ip4_addr.c ****   return buf;
 815              		.loc 1 317 3 is_stmt 1 view .LVU256
 317:Middlewares/Third_Party/LwIP/src/core/ipv4/ip4_addr.c ****   return buf;
 816              		.loc 1 317 9 is_stmt 0 view .LVU257
 817 0090 0023     		movs	r3, #0
 818 0092 04F8013C 		strb	r3, [r4, #-1]
 318:Middlewares/Third_Party/LwIP/src/core/ipv4/ip4_addr.c **** }
 819              		.loc 1 318 3 is_stmt 1 view .LVU258
 318:Middlewares/Third_Party/LwIP/src/core/ipv4/ip4_addr.c **** }
 820              		.loc 1 318 10 is_stmt 0 view .LVU259
 821 0096 4046     		mov	r0, r8
 822              	.LVL93:
 318:Middlewares/Third_Party/LwIP/src/core/ipv4/ip4_addr.c **** }
 823              		.loc 1 318 10 view .LVU260
 824 0098 ECE7     		b	.L63
 825              	.LVL94:
 826              	.L70:
 312:Middlewares/Third_Party/LwIP/src/core/ipv4/ip4_addr.c ****     }
 827              		.loc 1 312 14 view .LVU261
 828 009a 0020     		movs	r0, #0
 829              	.LVL95:
 312:Middlewares/Third_Party/LwIP/src/core/ipv4/ip4_addr.c ****     }
 830              		.loc 1 312 14 view .LVU262
 831 009c EAE7     		b	.L63
 832              	.L77:
 833 009e 00BF     		.align	2
 834              	.L76:
 835 00a0 CDCCCCCC 		.word	-858993459
 836              		.cfi_endproc
 837              	.LFE161:
 839              		.section	.text.ip4addr_ntoa,"ax",%progbits
 840              		.align	1
 841              		.global	ip4addr_ntoa
 842              		.syntax unified
 843              		.thumb
 844              		.thumb_func
 846              	ip4addr_ntoa:
 847              	.LVL96:
 848              	.LFB160:
 268:Middlewares/Third_Party/LwIP/src/core/ipv4/ip4_addr.c ****   static char str[IP4ADDR_STRLEN_MAX];
 849              		.loc 1 268 1 is_stmt 1 view -0
 850              		.cfi_startproc
 851              		@ args = 0, pretend = 0, frame = 0
 852              		@ frame_needed = 0, uses_anonymous_args = 0
 268:Middlewares/Third_Party/LwIP/src/core/ipv4/ip4_addr.c ****   static char str[IP4ADDR_STRLEN_MAX];
 853              		.loc 1 268 1 is_stmt 0 view .LVU264
 854 0000 08B5     		push	{r3, lr}
 855              	.LCFI13:
 856              		.cfi_def_cfa_offset 8
 857              		.cfi_offset 3, -8
 858              		.cfi_offset 14, -4
 269:Middlewares/Third_Party/LwIP/src/core/ipv4/ip4_addr.c ****   return ip4addr_ntoa_r(addr, str, IP4ADDR_STRLEN_MAX);
 859              		.loc 1 269 3 is_stmt 1 view .LVU265
 270:Middlewares/Third_Party/LwIP/src/core/ipv4/ip4_addr.c **** }
 860              		.loc 1 270 3 view .LVU266
 270:Middlewares/Third_Party/LwIP/src/core/ipv4/ip4_addr.c **** }
ARM GAS  /tmp/ccGO621o.s 			page 24


 861              		.loc 1 270 10 is_stmt 0 view .LVU267
 862 0002 1022     		movs	r2, #16
 863 0004 0149     		ldr	r1, .L80
 864 0006 FFF7FEFF 		bl	ip4addr_ntoa_r
 865              	.LVL97:
 271:Middlewares/Third_Party/LwIP/src/core/ipv4/ip4_addr.c **** 
 866              		.loc 1 271 1 view .LVU268
 867 000a 08BD     		pop	{r3, pc}
 868              	.L81:
 869              		.align	2
 870              	.L80:
 871 000c 00000000 		.word	str.0
 872              		.cfi_endproc
 873              	.LFE160:
 875              		.section	.bss.str.0,"aw",%nobits
 876              		.align	2
 879              	str.0:
 880 0000 00000000 		.space	16
 880      00000000 
 880      00000000 
 880      00000000 
 881              		.global	ip_addr_broadcast
 882              		.section	.rodata.ip_addr_broadcast,"a"
 883              		.align	2
 886              	ip_addr_broadcast:
 887 0000 FFFFFFFF 		.word	-1
 888              		.global	ip_addr_any
 889              		.section	.rodata.ip_addr_any,"a"
 890              		.align	2
 893              	ip_addr_any:
 894 0000 00000000 		.space	4
 895              		.text
 896              	.Letext0:
 897              		.file 2 "/usr/lib/gcc/arm-none-eabi/14.2.1/include/stdint.h"
 898              		.file 3 "Middlewares/Third_Party/LwIP/src/include/lwip/arch.h"
 899              		.file 4 "Middlewares/Third_Party/LwIP/src/include/lwip/ip4_addr.h"
 900              		.file 5 "Middlewares/Third_Party/LwIP/src/include/lwip/ip_addr.h"
 901              		.file 6 "/usr/include/newlib/ctype.h"
 902              		.file 7 "Middlewares/Third_Party/LwIP/src/include/lwip/err.h"
 903              		.file 8 "Middlewares/Third_Party/LwIP/src/include/lwip/pbuf.h"
 904              		.file 9 "Middlewares/Third_Party/LwIP/src/include/lwip/netif.h"
 905              		.file 10 "/usr/include/newlib/stdio.h"
 906              		.file 11 "Middlewares/Third_Party/LwIP/src/include/lwip/def.h"
 907              		.file 12 "Middlewares/Third_Party/LwIP/src/include/lwip/memp.h"
ARM GAS  /tmp/ccGO621o.s 			page 25


DEFINED SYMBOLS
                            *ABS*:00000000 ip4_addr.c
     /tmp/ccGO621o.s:21     .text.ip4_addr_isbroadcast_u32:00000000 $t
     /tmp/ccGO621o.s:27     .text.ip4_addr_isbroadcast_u32:00000000 ip4_addr_isbroadcast_u32
     /tmp/ccGO621o.s:105    .text.ip4_addr_netmask_valid:00000000 $t
     /tmp/ccGO621o.s:111    .text.ip4_addr_netmask_valid:00000000 ip4_addr_netmask_valid
     /tmp/ccGO621o.s:177    .rodata.ip4addr_aton.str1.4:00000000 $d
     /tmp/ccGO621o.s:188    .text.ip4addr_aton:00000000 $t
     /tmp/ccGO621o.s:194    .text.ip4addr_aton:00000000 ip4addr_aton
     /tmp/ccGO621o.s:398    .text.ip4addr_aton:000000a6 $d
     /tmp/ccGO621o.s:585    .text.ip4addr_aton:00000150 $d
     /tmp/ccGO621o.s:593    .text.ipaddr_addr:00000000 $t
     /tmp/ccGO621o.s:599    .text.ipaddr_addr:00000000 ipaddr_addr
     /tmp/ccGO621o.s:643    .text.ip4addr_ntoa_r:00000000 $t
     /tmp/ccGO621o.s:649    .text.ip4addr_ntoa_r:00000000 ip4addr_ntoa_r
     /tmp/ccGO621o.s:835    .text.ip4addr_ntoa_r:000000a0 $d
     /tmp/ccGO621o.s:840    .text.ip4addr_ntoa:00000000 $t
     /tmp/ccGO621o.s:846    .text.ip4addr_ntoa:00000000 ip4addr_ntoa
     /tmp/ccGO621o.s:871    .text.ip4addr_ntoa:0000000c $d
     /tmp/ccGO621o.s:879    .bss.str.0:00000000 str.0
     /tmp/ccGO621o.s:876    .bss.str.0:00000000 $d
     /tmp/ccGO621o.s:886    .rodata.ip_addr_broadcast:00000000 ip_addr_broadcast
     /tmp/ccGO621o.s:883    .rodata.ip_addr_broadcast:00000000 $d
     /tmp/ccGO621o.s:893    .rodata.ip_addr_any:00000000 ip_addr_any
     /tmp/ccGO621o.s:890    .rodata.ip_addr_any:00000000 $d
     /tmp/ccGO621o.s:403    .text.ip4addr_aton:000000ab $d
     /tmp/ccGO621o.s:403    .text.ip4addr_aton:000000ac $t

UNDEFINED SYMBOLS
lwip_htonl
printf
_ctype_
