ARM GAS  /tmp/cciwcZFK.s 			page 1


   1              		.cpu cortex-m4
   2              		.arch armv7e-m
   3              		.fpu fpv4-sp-d16
   4              		.eabi_attribute 27, 1
   5              		.eabi_attribute 28, 1
   6              		.eabi_attribute 20, 1
   7              		.eabi_attribute 21, 1
   8              		.eabi_attribute 23, 3
   9              		.eabi_attribute 24, 1
  10              		.eabi_attribute 25, 1
  11              		.eabi_attribute 26, 1
  12              		.eabi_attribute 30, 1
  13              		.eabi_attribute 34, 1
  14              		.eabi_attribute 18, 4
  15              		.file	"main.c"
  16              		.text
  17              	.Ltext0:
  18              		.cfi_sections	.debug_frame
  19              		.file 1 "Core/Src/main.c"
  20              		.section	.text._write,"ax",%progbits
  21              		.align	1
  22              		.global	_write
  23              		.syntax unified
  24              		.thumb
  25              		.thumb_func
  27              	_write:
  28              	.LVL0:
  29              	.LFB159:
   1:Core/Src/main.c **** /* USER CODE BEGIN Header */
   2:Core/Src/main.c **** /**
   3:Core/Src/main.c ****   ******************************************************************************
   4:Core/Src/main.c ****   * @file           : main.c
   5:Core/Src/main.c ****   * @brief          : Main program body
   6:Core/Src/main.c ****   ******************************************************************************
   7:Core/Src/main.c ****   * @attention
   8:Core/Src/main.c ****   *
   9:Core/Src/main.c ****   * Copyright (c) 2023 STMicroelectronics.
  10:Core/Src/main.c ****   * All rights reserved.
  11:Core/Src/main.c ****   *
  12:Core/Src/main.c ****   * This software is licensed under terms that can be found in the LICENSE file
  13:Core/Src/main.c ****   * in the root directory of this software component.
  14:Core/Src/main.c ****   * If no LICENSE file comes with this software, it is provided AS-IS.
  15:Core/Src/main.c ****   *
  16:Core/Src/main.c ****   ******************************************************************************
  17:Core/Src/main.c ****   */
  18:Core/Src/main.c **** /* USER CODE END Header */
  19:Core/Src/main.c **** /* Includes ------------------------------------------------------------------*/
  20:Core/Src/main.c **** #include "main.h"
  21:Core/Src/main.c **** #include "can.h"
  22:Core/Src/main.c **** #include "crc.h"
  23:Core/Src/main.c **** #include "dma.h"
  24:Core/Src/main.c **** #include "fatfs.h"
  25:Core/Src/main.c **** #include "lwip.h"
  26:Core/Src/main.c **** #include "rtc.h"
  27:Core/Src/main.c **** #include "sdio.h"
  28:Core/Src/main.c **** #include "spi.h"
  29:Core/Src/main.c **** #include "usart.h"
ARM GAS  /tmp/cciwcZFK.s 			page 2


  30:Core/Src/main.c **** #include "usb_device.h"
  31:Core/Src/main.c **** #include "usb_host.h"
  32:Core/Src/main.c **** #include "gpio.h"
  33:Core/Src/main.c **** 
  34:Core/Src/main.c **** /* Private includes ----------------------------------------------------------*/
  35:Core/Src/main.c **** /* USER CODE BEGIN Includes */
  36:Core/Src/main.c **** 
  37:Core/Src/main.c **** #include "usbd_cdc_if.h"
  38:Core/Src/main.c **** #include "eeprma2_m24.h"
  39:Core/Src/main.c **** 
  40:Core/Src/main.c **** #include <stdio.h>
  41:Core/Src/main.c **** 
  42:Core/Src/main.c **** #include "artnet.h"
  43:Core/Src/main.c **** 
  44:Core/Src/main.c **** /* USER CODE END Includes */
  45:Core/Src/main.c **** 
  46:Core/Src/main.c **** /* Private typedef -----------------------------------------------------------*/
  47:Core/Src/main.c **** /* USER CODE BEGIN PTD */
  48:Core/Src/main.c **** 
  49:Core/Src/main.c **** /* USER CODE END PTD */
  50:Core/Src/main.c **** 
  51:Core/Src/main.c **** /* Private define ------------------------------------------------------------*/
  52:Core/Src/main.c **** /* USER CODE BEGIN PD */
  53:Core/Src/main.c **** 
  54:Core/Src/main.c **** /* Use USB Device CDC instead of USART1 for debug output */
  55:Core/Src/main.c **** /* #define USB_DEBUG */
  56:Core/Src/main.c **** 
  57:Core/Src/main.c **** /* Enable the USB Host stack (USB Disk) */
  58:Core/Src/main.c **** /* #define ENABLE_USBHOST */
  59:Core/Src/main.c **** 
  60:Core/Src/main.c **** /* Enable the LWIP Ethernet Stack */
  61:Core/Src/main.c **** /* #define ENABLE_ETHERNET */
  62:Core/Src/main.c **** 
  63:Core/Src/main.c **** /* USER CODE END PD */
  64:Core/Src/main.c **** 
  65:Core/Src/main.c **** /* Private macro -------------------------------------------------------------*/
  66:Core/Src/main.c **** /* USER CODE BEGIN PM */
  67:Core/Src/main.c **** 
  68:Core/Src/main.c **** /* USER CODE END PM */
  69:Core/Src/main.c **** 
  70:Core/Src/main.c **** /* Private variables ---------------------------------------------------------*/
  71:Core/Src/main.c **** 
  72:Core/Src/main.c **** /* USER CODE BEGIN PV */
  73:Core/Src/main.c **** 
  74:Core/Src/main.c **** /* USER CODE END PV */
  75:Core/Src/main.c **** 
  76:Core/Src/main.c **** /* Private function prototypes -----------------------------------------------*/
  77:Core/Src/main.c **** void SystemClock_Config(void);
  78:Core/Src/main.c **** void MX_USB_HOST_Process(void);
  79:Core/Src/main.c **** 
  80:Core/Src/main.c **** /* USER CODE BEGIN PFP */
  81:Core/Src/main.c **** 
  82:Core/Src/main.c **** void MX_EEPRMA2_Check_24C02(void);
  83:Core/Src/main.c **** 
  84:Core/Src/main.c **** /* USER CODE END PFP */
  85:Core/Src/main.c **** 
  86:Core/Src/main.c **** /* Private user code ---------------------------------------------------------*/
ARM GAS  /tmp/cciwcZFK.s 			page 3


  87:Core/Src/main.c **** /* USER CODE BEGIN 0 */
  88:Core/Src/main.c **** 
  89:Core/Src/main.c **** /* USER CODE END 0 */
  90:Core/Src/main.c **** 
  91:Core/Src/main.c **** /**
  92:Core/Src/main.c ****   * @brief  The application entry point.
  93:Core/Src/main.c ****   * @retval int
  94:Core/Src/main.c ****   */
  95:Core/Src/main.c **** int main(void)
  96:Core/Src/main.c **** {
  97:Core/Src/main.c ****   /* USER CODE BEGIN 1 */
  98:Core/Src/main.c **** 
  99:Core/Src/main.c ****   /* USER CODE END 1 */
 100:Core/Src/main.c **** 
 101:Core/Src/main.c ****   /* MCU Configuration--------------------------------------------------------*/
 102:Core/Src/main.c **** 
 103:Core/Src/main.c ****   /* Reset of all peripherals, Initializes the Flash interface and the Systick. */
 104:Core/Src/main.c ****   HAL_Init();
 105:Core/Src/main.c **** 
 106:Core/Src/main.c ****   /* USER CODE BEGIN Init */
 107:Core/Src/main.c **** 
 108:Core/Src/main.c ****   /* USER CODE END Init */
 109:Core/Src/main.c **** 
 110:Core/Src/main.c ****   /* Configure the system clock */
 111:Core/Src/main.c ****   SystemClock_Config();
 112:Core/Src/main.c **** 
 113:Core/Src/main.c ****   /* USER CODE BEGIN SysInit */
 114:Core/Src/main.c **** 
 115:Core/Src/main.c ****   /* USER CODE END SysInit */
 116:Core/Src/main.c **** 
 117:Core/Src/main.c ****   /* Initialize all configured peripherals */
 118:Core/Src/main.c ****   MX_GPIO_Init();
 119:Core/Src/main.c ****   MX_DMA_Init();
 120:Core/Src/main.c ****   MX_CAN1_Init();
 121:Core/Src/main.c ****   MX_CAN2_Init();
 122:Core/Src/main.c ****   MX_RTC_Init();
 123:Core/Src/main.c ****   MX_SDIO_SD_Init();
 124:Core/Src/main.c ****   MX_USART1_UART_Init();
 125:Core/Src/main.c ****   MX_USART2_UART_Init();
 126:Core/Src/main.c ****   MX_LWIP_Init();
 127:Core/Src/main.c ****   MX_USB_DEVICE_Init();
 128:Core/Src/main.c ****   MX_FATFS_Init();
 129:Core/Src/main.c ****   MX_CRC_Init();
 130:Core/Src/main.c **** #ifdef ENABLE_USBHOST
 131:Core/Src/main.c ****   MX_USB_HOST_Init();
 132:Core/Src/main.c **** #endif
 133:Core/Src/main.c ****   MX_SPI2_Init();
 134:Core/Src/main.c ****   /* USER CODE BEGIN 2 */
 135:Core/Src/main.c **** 
 136:Core/Src/main.c ****   printf("\r\nInit Complete.\r\n");
 137:Core/Src/main.c ****   printf("Checking Storage Devices:\r\n");
 138:Core/Src/main.c ****   MX_EEPRMA2_Check_24C02();
 139:Core/Src/main.c ****   MX_SPI2_Check_W25Q64();
 140:Core/Src/main.c ****   MX_SDIO_SD_Check();
 141:Core/Src/main.c **** 
 142:Core/Src/main.c ****   //printf("Checking CAN Devices:\r\n");
 143:Core/Src/main.c ****   //MX_CAN_Loopback_Check();
ARM GAS  /tmp/cciwcZFK.s 			page 4


 144:Core/Src/main.c **** 
 145:Core/Src/main.c **** /* Après MX_LWIP_Init() — USER CODE BEGIN 2 */
 146:Core/Src/main.c ****   artnet_init();
 147:Core/Src/main.c **** 
 148:Core/Src/main.c ****   /* Dans while(1) */
 149:Core/Src/main.c ****   MX_LWIP_Process();   // déjà présent, ne pas oublier
 150:Core/Src/main.c **** 
 151:Core/Src/main.c ****   /* USER CODE END 2 */
 152:Core/Src/main.c **** 
 153:Core/Src/main.c ****   /* Infinite loop */
 154:Core/Src/main.c ****   /* USER CODE BEGIN WHILE */
 155:Core/Src/main.c ****   while (1)
 156:Core/Src/main.c ****   {
 157:Core/Src/main.c ****     /* Pompe LwIP (mode raw, pas de FreeRTOS) */
 158:Core/Src/main.c ****     MX_LWIP_Process();
 159:Core/Src/main.c ****     /* Votre init Art-Net se fait UNE FOIS avant le while(1) : */
 160:Core/Src/main.c ****     /* artnet_init();  <-- à appeler après MX_LWIP_Init()      */
 161:Core/Src/main.c **** 
 162:Core/Src/main.c ****     /* USER CODE END WHILE */
 163:Core/Src/main.c **** 
 164:Core/Src/main.c **** #ifdef ENABLE_USBHOST
 165:Core/Src/main.c ****     MX_USB_HOST_Process();
 166:Core/Src/main.c **** #endif
 167:Core/Src/main.c ****     /* USER CODE BEGIN 3 */
 168:Core/Src/main.c ****   }
 169:Core/Src/main.c **** 
 170:Core/Src/main.c ****   /* Something went wrong */
 171:Core/Src/main.c ****   NVIC_SystemReset();
 172:Core/Src/main.c ****   
 173:Core/Src/main.c ****   /* USER CODE END 3 */
 174:Core/Src/main.c **** }
 175:Core/Src/main.c **** 
 176:Core/Src/main.c **** /**
 177:Core/Src/main.c ****   * @brief System Clock Configuration
 178:Core/Src/main.c ****   * @retval None
 179:Core/Src/main.c ****   */
 180:Core/Src/main.c **** void SystemClock_Config(void)
 181:Core/Src/main.c **** {
 182:Core/Src/main.c ****   RCC_OscInitTypeDef RCC_OscInitStruct = {0};
 183:Core/Src/main.c ****   RCC_ClkInitTypeDef RCC_ClkInitStruct = {0};
 184:Core/Src/main.c **** 
 185:Core/Src/main.c ****   /** Configure the main internal regulator output voltage
 186:Core/Src/main.c ****   */
 187:Core/Src/main.c ****   __HAL_RCC_PWR_CLK_ENABLE();
 188:Core/Src/main.c ****   __HAL_PWR_VOLTAGESCALING_CONFIG(PWR_REGULATOR_VOLTAGE_SCALE1);
 189:Core/Src/main.c **** 
 190:Core/Src/main.c ****   /** Initializes the RCC Oscillators according to the specified parameters
 191:Core/Src/main.c ****   * in the RCC_OscInitTypeDef structure.
 192:Core/Src/main.c ****   */
 193:Core/Src/main.c ****   RCC_OscInitStruct.OscillatorType = RCC_OSCILLATORTYPE_LSI|RCC_OSCILLATORTYPE_HSE;
 194:Core/Src/main.c ****   RCC_OscInitStruct.HSEState = RCC_HSE_ON;
 195:Core/Src/main.c ****   RCC_OscInitStruct.LSIState = RCC_LSI_ON;
 196:Core/Src/main.c ****   RCC_OscInitStruct.PLL.PLLState = RCC_PLL_ON;
 197:Core/Src/main.c ****   RCC_OscInitStruct.PLL.PLLSource = RCC_PLLSOURCE_HSE;
 198:Core/Src/main.c ****   RCC_OscInitStruct.PLL.PLLM = 25;
 199:Core/Src/main.c ****   RCC_OscInitStruct.PLL.PLLN = 336;
 200:Core/Src/main.c ****   RCC_OscInitStruct.PLL.PLLP = RCC_PLLP_DIV2;
ARM GAS  /tmp/cciwcZFK.s 			page 5


 201:Core/Src/main.c ****   RCC_OscInitStruct.PLL.PLLQ = 7;
 202:Core/Src/main.c ****   if (HAL_RCC_OscConfig(&RCC_OscInitStruct) != HAL_OK)
 203:Core/Src/main.c ****   {
 204:Core/Src/main.c ****     Error_Handler();
 205:Core/Src/main.c ****   }
 206:Core/Src/main.c **** 
 207:Core/Src/main.c ****   /** Initializes the CPU, AHB and APB buses clocks
 208:Core/Src/main.c ****   */
 209:Core/Src/main.c ****   RCC_ClkInitStruct.ClockType = RCC_CLOCKTYPE_HCLK|RCC_CLOCKTYPE_SYSCLK
 210:Core/Src/main.c ****                               |RCC_CLOCKTYPE_PCLK1|RCC_CLOCKTYPE_PCLK2;
 211:Core/Src/main.c ****   RCC_ClkInitStruct.SYSCLKSource = RCC_SYSCLKSOURCE_PLLCLK;
 212:Core/Src/main.c ****   RCC_ClkInitStruct.AHBCLKDivider = RCC_SYSCLK_DIV1;
 213:Core/Src/main.c ****   RCC_ClkInitStruct.APB1CLKDivider = RCC_HCLK_DIV4;
 214:Core/Src/main.c ****   RCC_ClkInitStruct.APB2CLKDivider = RCC_HCLK_DIV2;
 215:Core/Src/main.c **** 
 216:Core/Src/main.c ****   if (HAL_RCC_ClockConfig(&RCC_ClkInitStruct, FLASH_LATENCY_5) != HAL_OK)
 217:Core/Src/main.c ****   {
 218:Core/Src/main.c ****     Error_Handler();
 219:Core/Src/main.c ****   }
 220:Core/Src/main.c **** }
 221:Core/Src/main.c **** 
 222:Core/Src/main.c **** /* USER CODE BEGIN 4 */
 223:Core/Src/main.c **** 
 224:Core/Src/main.c **** /**
 225:Core/Src/main.c ****   * @brief Override for printf output
 226:Core/Src/main.c ****   * @param  file: pointer to the source file name
 227:Core/Src/main.c ****   * @param  ptr: pointer to data to write
 228:Core/Src/main.c ****   * @param  len: length data to write in bytes
 229:Core/Src/main.c ****   * @retval Number of bytes written
 230:Core/Src/main.c ****   */
 231:Core/Src/main.c **** int _write(int file, char *ptr, int len)
 232:Core/Src/main.c **** {
  30              		.loc 1 232 1 view -0
  31              		.cfi_startproc
  32              		@ args = 0, pretend = 0, frame = 0
  33              		@ frame_needed = 0, uses_anonymous_args = 0
  34              		.loc 1 232 1 is_stmt 0 view .LVU1
  35 0000 38B5     		push	{r3, r4, r5, lr}
  36              	.LCFI0:
  37              		.cfi_def_cfa_offset 16
  38              		.cfi_offset 3, -16
  39              		.cfi_offset 4, -12
  40              		.cfi_offset 5, -8
  41              		.cfi_offset 14, -4
  42 0002 0D46     		mov	r5, r1
  43 0004 1446     		mov	r4, r2
 233:Core/Src/main.c ****     HAL_GPIO_WritePin(GPIOE, LED1_Pin, GPIO_PIN_RESET);
  44              		.loc 1 233 5 is_stmt 1 view .LVU2
  45 0006 0022     		movs	r2, #0
  46              	.LVL1:
  47              		.loc 1 233 5 is_stmt 0 view .LVU3
  48 0008 4FF40051 		mov	r1, #8192
  49              	.LVL2:
  50              		.loc 1 233 5 view .LVU4
  51 000c 0948     		ldr	r0, .L4
  52              	.LVL3:
  53              		.loc 1 233 5 view .LVU5
ARM GAS  /tmp/cciwcZFK.s 			page 6


  54 000e FFF7FEFF 		bl	HAL_GPIO_WritePin
  55              	.LVL4:
  56              	.L2:
 234:Core/Src/main.c **** 
 235:Core/Src/main.c **** #ifdef USB_DEBUG
 236:Core/Src/main.c ****     static uint8_t rc = USBD_OK;
 237:Core/Src/main.c ****     bool wait = false;
 238:Core/Src/main.c **** 
 239:Core/Src/main.c ****     /* Wait for terminal to be opened */
 240:Core/Src/main.c ****     while (!CDC_Is_Connected())
 241:Core/Src/main.c ****     {
 242:Core/Src/main.c ****       wait = true;
 243:Core/Src/main.c ****     }
 244:Core/Src/main.c **** 
 245:Core/Src/main.c ****     /* If the terminal has just opened, give it some extra time */
 246:Core/Src/main.c ****     if (wait)
 247:Core/Src/main.c ****     {
 248:Core/Src/main.c ****       HAL_Delay(250);
 249:Core/Src/main.c ****     }
 250:Core/Src/main.c **** 
 251:Core/Src/main.c ****     /* Send the data, retrying if busy */
 252:Core/Src/main.c ****     do {
 253:Core/Src/main.c ****         rc = CDC_Transmit_FS((uint8_t*)ptr, len);
 254:Core/Src/main.c ****     } while (USBD_BUSY == rc);
 255:Core/Src/main.c **** 
 256:Core/Src/main.c ****     if (USBD_FAIL == rc) {
 257:Core/Src/main.c ****         /// NOTE: Should never reach here.
 258:Core/Src/main.c ****         /// TODO: Handle this error.
 259:Core/Src/main.c ****         return 0;
 260:Core/Src/main.c ****     }
 261:Core/Src/main.c **** #else
 262:Core/Src/main.c ****     HAL_StatusTypeDef rc;
  57              		.loc 1 262 5 is_stmt 1 view .LVU6
 263:Core/Src/main.c ****     do {
  58              		.loc 1 263 5 view .LVU7
 264:Core/Src/main.c ****       /* Send the data, retrying if busy */
 265:Core/Src/main.c ****       rc = HAL_UART_Transmit(&huart1, (uint8_t *)ptr, len, 100);
  59              		.loc 1 265 7 view .LVU8
  60              		.loc 1 265 12 is_stmt 0 view .LVU9
  61 0012 6423     		movs	r3, #100
  62 0014 A2B2     		uxth	r2, r4
  63 0016 2946     		mov	r1, r5
  64 0018 0748     		ldr	r0, .L4+4
  65 001a FFF7FEFF 		bl	HAL_UART_Transmit
  66              	.LVL5:
 266:Core/Src/main.c ****     } while (rc == HAL_BUSY);
  67              		.loc 1 266 17 is_stmt 1 discriminator 1 view .LVU10
  68 001e 0228     		cmp	r0, #2
  69 0020 F7D0     		beq	.L2
 267:Core/Src/main.c **** #endif
 268:Core/Src/main.c **** 
 269:Core/Src/main.c ****     HAL_GPIO_WritePin(GPIOE, LED1_Pin, GPIO_PIN_SET);
  70              		.loc 1 269 5 view .LVU11
  71 0022 0122     		movs	r2, #1
  72 0024 4FF40051 		mov	r1, #8192
  73 0028 0248     		ldr	r0, .L4
  74              	.LVL6:
ARM GAS  /tmp/cciwcZFK.s 			page 7


  75              		.loc 1 269 5 is_stmt 0 view .LVU12
  76 002a FFF7FEFF 		bl	HAL_GPIO_WritePin
  77              	.LVL7:
 270:Core/Src/main.c **** 
 271:Core/Src/main.c ****     return len;
  78              		.loc 1 271 5 is_stmt 1 view .LVU13
 272:Core/Src/main.c **** }
  79              		.loc 1 272 1 is_stmt 0 view .LVU14
  80 002e 2046     		mov	r0, r4
  81 0030 38BD     		pop	{r3, r4, r5, pc}
  82              	.LVL8:
  83              	.L5:
  84              		.loc 1 272 1 view .LVU15
  85 0032 00BF     		.align	2
  86              	.L4:
  87 0034 00100240 		.word	1073876992
  88 0038 00000000 		.word	huart1
  89              		.cfi_endproc
  90              	.LFE159:
  92              		.section	.rodata.MX_EEPRMA2_Check_24C02.str1.4,"aMS",%progbits,1
  93              		.align	2
  94              	.LC0:
  95 0000 49324320 		.ascii	"I2C 24C02:    256B\015\000"
  95      32344330 
  95      323A2020 
  95      20203235 
  95      36420D00 
  96              		.align	2
  97              	.LC1:
  98 0014 49324320 		.ascii	"I2C 24C02:    Error\015\000"
  98      32344330 
  98      323A2020 
  98      20204572 
  98      726F720D 
  99              		.section	.text.MX_EEPRMA2_Check_24C02,"ax",%progbits
 100              		.align	1
 101              		.global	MX_EEPRMA2_Check_24C02
 102              		.syntax unified
 103              		.thumb
 104              		.thumb_func
 106              	MX_EEPRMA2_Check_24C02:
 107              	.LFB160:
 273:Core/Src/main.c **** 
 274:Core/Src/main.c **** /**
 275:Core/Src/main.c ****   * @brief Check for presence of I2C Flash
 276:Core/Src/main.c ****   * @retval None
 277:Core/Src/main.c ****   */
 278:Core/Src/main.c **** void MX_EEPRMA2_Check_24C02(void)
 279:Core/Src/main.c **** {
 108              		.loc 1 279 1 is_stmt 1 view -0
 109              		.cfi_startproc
 110              		@ args = 0, pretend = 0, frame = 0
 111              		@ frame_needed = 0, uses_anonymous_args = 0
 112 0000 08B5     		push	{r3, lr}
 113              	.LCFI1:
 114              		.cfi_def_cfa_offset 8
 115              		.cfi_offset 3, -8
ARM GAS  /tmp/cciwcZFK.s 			page 8


 116              		.cfi_offset 14, -4
 280:Core/Src/main.c ****   int32_t ret = EEPRMA2_M24_Init(EEPRMA2_M24C02_0);
 117              		.loc 1 280 3 view .LVU17
 118              		.loc 1 280 17 is_stmt 0 view .LVU18
 119 0002 0020     		movs	r0, #0
 120 0004 FFF7FEFF 		bl	EEPRMA2_M24_Init
 121              	.LVL9:
 281:Core/Src/main.c ****   if (ret == BSP_ERROR_NONE)
 122              		.loc 1 281 3 is_stmt 1 view .LVU19
 123              		.loc 1 281 6 is_stmt 0 view .LVU20
 124 0008 00B1     		cbz	r0, .L10
 125              	.LVL10:
 126              	.L6:
 282:Core/Src/main.c ****   {
 283:Core/Src/main.c ****     ret = EEPRMA2_M24_IsDeviceReady(EEPRMA2_M24C02_0, 10);
 284:Core/Src/main.c ****     if (ret == BSP_ERROR_NONE)
 285:Core/Src/main.c ****     {
 286:Core/Src/main.c ****       printf("I2C 24C02:    256B\r\n");
 287:Core/Src/main.c ****     }
 288:Core/Src/main.c ****     else
 289:Core/Src/main.c ****     {
 290:Core/Src/main.c ****       printf("I2C 24C02:    Error\r\n");
 291:Core/Src/main.c ****     }
 292:Core/Src/main.c ****   }
 293:Core/Src/main.c **** }
 127              		.loc 1 293 1 view .LVU21
 128 000a 08BD     		pop	{r3, pc}
 129              	.LVL11:
 130              	.L10:
 283:Core/Src/main.c ****     if (ret == BSP_ERROR_NONE)
 131              		.loc 1 283 5 is_stmt 1 view .LVU22
 283:Core/Src/main.c ****     if (ret == BSP_ERROR_NONE)
 132              		.loc 1 283 11 is_stmt 0 view .LVU23
 133 000c 0A21     		movs	r1, #10
 134 000e FFF7FEFF 		bl	EEPRMA2_M24_IsDeviceReady
 135              	.LVL12:
 284:Core/Src/main.c ****     {
 136              		.loc 1 284 5 is_stmt 1 view .LVU24
 284:Core/Src/main.c ****     {
 137              		.loc 1 284 8 is_stmt 0 view .LVU25
 138 0012 18B9     		cbnz	r0, .L8
 286:Core/Src/main.c ****     }
 139              		.loc 1 286 7 is_stmt 1 view .LVU26
 140 0014 0348     		ldr	r0, .L11
 141              	.LVL13:
 286:Core/Src/main.c ****     }
 142              		.loc 1 286 7 is_stmt 0 view .LVU27
 143 0016 FFF7FEFF 		bl	puts
 144              	.LVL14:
 145 001a F6E7     		b	.L6
 146              	.LVL15:
 147              	.L8:
 290:Core/Src/main.c ****     }
 148              		.loc 1 290 7 is_stmt 1 view .LVU28
 149 001c 0248     		ldr	r0, .L11+4
 150              	.LVL16:
 290:Core/Src/main.c ****     }
ARM GAS  /tmp/cciwcZFK.s 			page 9


 151              		.loc 1 290 7 is_stmt 0 view .LVU29
 152 001e FFF7FEFF 		bl	puts
 153              	.LVL17:
 154              		.loc 1 293 1 view .LVU30
 155 0022 F2E7     		b	.L6
 156              	.L12:
 157              		.align	2
 158              	.L11:
 159 0024 00000000 		.word	.LC0
 160 0028 14000000 		.word	.LC1
 161              		.cfi_endproc
 162              	.LFE160:
 164              		.section	.text.Error_Handler,"ax",%progbits
 165              		.align	1
 166              		.global	Error_Handler
 167              		.syntax unified
 168              		.thumb
 169              		.thumb_func
 171              	Error_Handler:
 172              	.LFB161:
 294:Core/Src/main.c **** 
 295:Core/Src/main.c **** /* USER CODE END 4 */
 296:Core/Src/main.c **** 
 297:Core/Src/main.c **** /**
 298:Core/Src/main.c ****   * @brief  This function is executed in case of error occurrence.
 299:Core/Src/main.c ****   * @retval None
 300:Core/Src/main.c ****   */
 301:Core/Src/main.c **** void Error_Handler(void)
 302:Core/Src/main.c **** {
 173              		.loc 1 302 1 is_stmt 1 view -0
 174              		.cfi_startproc
 175              		@ Volatile: function does not return.
 176              		@ args = 0, pretend = 0, frame = 0
 177              		@ frame_needed = 0, uses_anonymous_args = 0
 178              		@ link register save eliminated.
 303:Core/Src/main.c ****   /* USER CODE BEGIN Error_Handler_Debug */
 304:Core/Src/main.c ****   /* User can add his own implementation to report the HAL error return state */
 305:Core/Src/main.c ****   __disable_irq();
 179              		.loc 1 305 3 view .LVU32
 180              	.LBB4:
 181              	.LBI4:
 182              		.file 2 "Drivers/CMSIS/Include/cmsis_gcc.h"
   1:Drivers/CMSIS/Include/cmsis_gcc.h **** /**************************************************************************//**
   2:Drivers/CMSIS/Include/cmsis_gcc.h ****  * @file     cmsis_gcc.h
   3:Drivers/CMSIS/Include/cmsis_gcc.h ****  * @brief    CMSIS compiler GCC header file
   4:Drivers/CMSIS/Include/cmsis_gcc.h ****  * @version  V5.0.4
   5:Drivers/CMSIS/Include/cmsis_gcc.h ****  * @date     09. April 2018
   6:Drivers/CMSIS/Include/cmsis_gcc.h ****  ******************************************************************************/
   7:Drivers/CMSIS/Include/cmsis_gcc.h **** /*
   8:Drivers/CMSIS/Include/cmsis_gcc.h ****  * Copyright (c) 2009-2018 Arm Limited. All rights reserved.
   9:Drivers/CMSIS/Include/cmsis_gcc.h ****  *
  10:Drivers/CMSIS/Include/cmsis_gcc.h ****  * SPDX-License-Identifier: Apache-2.0
  11:Drivers/CMSIS/Include/cmsis_gcc.h ****  *
  12:Drivers/CMSIS/Include/cmsis_gcc.h ****  * Licensed under the Apache License, Version 2.0 (the License); you may
  13:Drivers/CMSIS/Include/cmsis_gcc.h ****  * not use this file except in compliance with the License.
  14:Drivers/CMSIS/Include/cmsis_gcc.h ****  * You may obtain a copy of the License at
  15:Drivers/CMSIS/Include/cmsis_gcc.h ****  *
ARM GAS  /tmp/cciwcZFK.s 			page 10


  16:Drivers/CMSIS/Include/cmsis_gcc.h ****  * www.apache.org/licenses/LICENSE-2.0
  17:Drivers/CMSIS/Include/cmsis_gcc.h ****  *
  18:Drivers/CMSIS/Include/cmsis_gcc.h ****  * Unless required by applicable law or agreed to in writing, software
  19:Drivers/CMSIS/Include/cmsis_gcc.h ****  * distributed under the License is distributed on an AS IS BASIS, WITHOUT
  20:Drivers/CMSIS/Include/cmsis_gcc.h ****  * WARRANTIES OR CONDITIONS OF ANY KIND, either express or implied.
  21:Drivers/CMSIS/Include/cmsis_gcc.h ****  * See the License for the specific language governing permissions and
  22:Drivers/CMSIS/Include/cmsis_gcc.h ****  * limitations under the License.
  23:Drivers/CMSIS/Include/cmsis_gcc.h ****  */
  24:Drivers/CMSIS/Include/cmsis_gcc.h **** 
  25:Drivers/CMSIS/Include/cmsis_gcc.h **** #ifndef __CMSIS_GCC_H
  26:Drivers/CMSIS/Include/cmsis_gcc.h **** #define __CMSIS_GCC_H
  27:Drivers/CMSIS/Include/cmsis_gcc.h **** 
  28:Drivers/CMSIS/Include/cmsis_gcc.h **** /* ignore some GCC warnings */
  29:Drivers/CMSIS/Include/cmsis_gcc.h **** #pragma GCC diagnostic push
  30:Drivers/CMSIS/Include/cmsis_gcc.h **** #pragma GCC diagnostic ignored "-Wsign-conversion"
  31:Drivers/CMSIS/Include/cmsis_gcc.h **** #pragma GCC diagnostic ignored "-Wconversion"
  32:Drivers/CMSIS/Include/cmsis_gcc.h **** #pragma GCC diagnostic ignored "-Wunused-parameter"
  33:Drivers/CMSIS/Include/cmsis_gcc.h **** 
  34:Drivers/CMSIS/Include/cmsis_gcc.h **** /* Fallback for __has_builtin */
  35:Drivers/CMSIS/Include/cmsis_gcc.h **** #ifndef __has_builtin
  36:Drivers/CMSIS/Include/cmsis_gcc.h ****   #define __has_builtin(x) (0)
  37:Drivers/CMSIS/Include/cmsis_gcc.h **** #endif
  38:Drivers/CMSIS/Include/cmsis_gcc.h **** 
  39:Drivers/CMSIS/Include/cmsis_gcc.h **** /* CMSIS compiler specific defines */
  40:Drivers/CMSIS/Include/cmsis_gcc.h **** #ifndef   __ASM
  41:Drivers/CMSIS/Include/cmsis_gcc.h ****   #define __ASM                                  __asm
  42:Drivers/CMSIS/Include/cmsis_gcc.h **** #endif
  43:Drivers/CMSIS/Include/cmsis_gcc.h **** #ifndef   __INLINE
  44:Drivers/CMSIS/Include/cmsis_gcc.h ****   #define __INLINE                               inline
  45:Drivers/CMSIS/Include/cmsis_gcc.h **** #endif
  46:Drivers/CMSIS/Include/cmsis_gcc.h **** #ifndef   __STATIC_INLINE
  47:Drivers/CMSIS/Include/cmsis_gcc.h ****   #define __STATIC_INLINE                        static inline
  48:Drivers/CMSIS/Include/cmsis_gcc.h **** #endif
  49:Drivers/CMSIS/Include/cmsis_gcc.h **** #ifndef   __STATIC_FORCEINLINE                 
  50:Drivers/CMSIS/Include/cmsis_gcc.h ****   #define __STATIC_FORCEINLINE                   __attribute__((always_inline)) static inline
  51:Drivers/CMSIS/Include/cmsis_gcc.h **** #endif                                           
  52:Drivers/CMSIS/Include/cmsis_gcc.h **** #ifndef   __NO_RETURN
  53:Drivers/CMSIS/Include/cmsis_gcc.h ****   #define __NO_RETURN                            __attribute__((__noreturn__))
  54:Drivers/CMSIS/Include/cmsis_gcc.h **** #endif
  55:Drivers/CMSIS/Include/cmsis_gcc.h **** #ifndef   __USED
  56:Drivers/CMSIS/Include/cmsis_gcc.h ****   #define __USED                                 __attribute__((used))
  57:Drivers/CMSIS/Include/cmsis_gcc.h **** #endif
  58:Drivers/CMSIS/Include/cmsis_gcc.h **** #ifndef   __WEAK
  59:Drivers/CMSIS/Include/cmsis_gcc.h ****   #define __WEAK                                 __attribute__((weak))
  60:Drivers/CMSIS/Include/cmsis_gcc.h **** #endif
  61:Drivers/CMSIS/Include/cmsis_gcc.h **** #ifndef   __PACKED
  62:Drivers/CMSIS/Include/cmsis_gcc.h ****   #define __PACKED                               __attribute__((packed, aligned(1)))
  63:Drivers/CMSIS/Include/cmsis_gcc.h **** #endif
  64:Drivers/CMSIS/Include/cmsis_gcc.h **** #ifndef   __PACKED_STRUCT
  65:Drivers/CMSIS/Include/cmsis_gcc.h ****   #define __PACKED_STRUCT                        struct __attribute__((packed, aligned(1)))
  66:Drivers/CMSIS/Include/cmsis_gcc.h **** #endif
  67:Drivers/CMSIS/Include/cmsis_gcc.h **** #ifndef   __PACKED_UNION
  68:Drivers/CMSIS/Include/cmsis_gcc.h ****   #define __PACKED_UNION                         union __attribute__((packed, aligned(1)))
  69:Drivers/CMSIS/Include/cmsis_gcc.h **** #endif
  70:Drivers/CMSIS/Include/cmsis_gcc.h **** #ifndef   __UNALIGNED_UINT32        /* deprecated */
  71:Drivers/CMSIS/Include/cmsis_gcc.h ****   #pragma GCC diagnostic push
  72:Drivers/CMSIS/Include/cmsis_gcc.h ****   #pragma GCC diagnostic ignored "-Wpacked"
ARM GAS  /tmp/cciwcZFK.s 			page 11


  73:Drivers/CMSIS/Include/cmsis_gcc.h ****   #pragma GCC diagnostic ignored "-Wattributes"
  74:Drivers/CMSIS/Include/cmsis_gcc.h ****   struct __attribute__((packed)) T_UINT32 { uint32_t v; };
  75:Drivers/CMSIS/Include/cmsis_gcc.h ****   #pragma GCC diagnostic pop
  76:Drivers/CMSIS/Include/cmsis_gcc.h ****   #define __UNALIGNED_UINT32(x)                  (((struct T_UINT32 *)(x))->v)
  77:Drivers/CMSIS/Include/cmsis_gcc.h **** #endif
  78:Drivers/CMSIS/Include/cmsis_gcc.h **** #ifndef   __UNALIGNED_UINT16_WRITE
  79:Drivers/CMSIS/Include/cmsis_gcc.h ****   #pragma GCC diagnostic push
  80:Drivers/CMSIS/Include/cmsis_gcc.h ****   #pragma GCC diagnostic ignored "-Wpacked"
  81:Drivers/CMSIS/Include/cmsis_gcc.h ****   #pragma GCC diagnostic ignored "-Wattributes"
  82:Drivers/CMSIS/Include/cmsis_gcc.h ****   __PACKED_STRUCT T_UINT16_WRITE { uint16_t v; };
  83:Drivers/CMSIS/Include/cmsis_gcc.h ****   #pragma GCC diagnostic pop
  84:Drivers/CMSIS/Include/cmsis_gcc.h ****   #define __UNALIGNED_UINT16_WRITE(addr, val)    (void)((((struct T_UINT16_WRITE *)(void *)(addr))-
  85:Drivers/CMSIS/Include/cmsis_gcc.h **** #endif
  86:Drivers/CMSIS/Include/cmsis_gcc.h **** #ifndef   __UNALIGNED_UINT16_READ
  87:Drivers/CMSIS/Include/cmsis_gcc.h ****   #pragma GCC diagnostic push
  88:Drivers/CMSIS/Include/cmsis_gcc.h ****   #pragma GCC diagnostic ignored "-Wpacked"
  89:Drivers/CMSIS/Include/cmsis_gcc.h ****   #pragma GCC diagnostic ignored "-Wattributes"
  90:Drivers/CMSIS/Include/cmsis_gcc.h ****   __PACKED_STRUCT T_UINT16_READ { uint16_t v; };
  91:Drivers/CMSIS/Include/cmsis_gcc.h ****   #pragma GCC diagnostic pop
  92:Drivers/CMSIS/Include/cmsis_gcc.h ****   #define __UNALIGNED_UINT16_READ(addr)          (((const struct T_UINT16_READ *)(const void *)(add
  93:Drivers/CMSIS/Include/cmsis_gcc.h **** #endif
  94:Drivers/CMSIS/Include/cmsis_gcc.h **** #ifndef   __UNALIGNED_UINT32_WRITE
  95:Drivers/CMSIS/Include/cmsis_gcc.h ****   #pragma GCC diagnostic push
  96:Drivers/CMSIS/Include/cmsis_gcc.h ****   #pragma GCC diagnostic ignored "-Wpacked"
  97:Drivers/CMSIS/Include/cmsis_gcc.h ****   #pragma GCC diagnostic ignored "-Wattributes"
  98:Drivers/CMSIS/Include/cmsis_gcc.h ****   __PACKED_STRUCT T_UINT32_WRITE { uint32_t v; };
  99:Drivers/CMSIS/Include/cmsis_gcc.h ****   #pragma GCC diagnostic pop
 100:Drivers/CMSIS/Include/cmsis_gcc.h ****   #define __UNALIGNED_UINT32_WRITE(addr, val)    (void)((((struct T_UINT32_WRITE *)(void *)(addr))-
 101:Drivers/CMSIS/Include/cmsis_gcc.h **** #endif
 102:Drivers/CMSIS/Include/cmsis_gcc.h **** #ifndef   __UNALIGNED_UINT32_READ
 103:Drivers/CMSIS/Include/cmsis_gcc.h ****   #pragma GCC diagnostic push
 104:Drivers/CMSIS/Include/cmsis_gcc.h ****   #pragma GCC diagnostic ignored "-Wpacked"
 105:Drivers/CMSIS/Include/cmsis_gcc.h ****   #pragma GCC diagnostic ignored "-Wattributes"
 106:Drivers/CMSIS/Include/cmsis_gcc.h ****   __PACKED_STRUCT T_UINT32_READ { uint32_t v; };
 107:Drivers/CMSIS/Include/cmsis_gcc.h ****   #pragma GCC diagnostic pop
 108:Drivers/CMSIS/Include/cmsis_gcc.h ****   #define __UNALIGNED_UINT32_READ(addr)          (((const struct T_UINT32_READ *)(const void *)(add
 109:Drivers/CMSIS/Include/cmsis_gcc.h **** #endif
 110:Drivers/CMSIS/Include/cmsis_gcc.h **** #ifndef   __ALIGNED
 111:Drivers/CMSIS/Include/cmsis_gcc.h ****   #define __ALIGNED(x)                           __attribute__((aligned(x)))
 112:Drivers/CMSIS/Include/cmsis_gcc.h **** #endif
 113:Drivers/CMSIS/Include/cmsis_gcc.h **** #ifndef   __RESTRICT
 114:Drivers/CMSIS/Include/cmsis_gcc.h ****   #define __RESTRICT                             __restrict
 115:Drivers/CMSIS/Include/cmsis_gcc.h **** #endif
 116:Drivers/CMSIS/Include/cmsis_gcc.h **** 
 117:Drivers/CMSIS/Include/cmsis_gcc.h **** 
 118:Drivers/CMSIS/Include/cmsis_gcc.h **** /* ###########################  Core Function Access  ########################### */
 119:Drivers/CMSIS/Include/cmsis_gcc.h **** /** \ingroup  CMSIS_Core_FunctionInterface
 120:Drivers/CMSIS/Include/cmsis_gcc.h ****     \defgroup CMSIS_Core_RegAccFunctions CMSIS Core Register Access Functions
 121:Drivers/CMSIS/Include/cmsis_gcc.h ****   @{
 122:Drivers/CMSIS/Include/cmsis_gcc.h ****  */
 123:Drivers/CMSIS/Include/cmsis_gcc.h **** 
 124:Drivers/CMSIS/Include/cmsis_gcc.h **** /**
 125:Drivers/CMSIS/Include/cmsis_gcc.h ****   \brief   Enable IRQ Interrupts
 126:Drivers/CMSIS/Include/cmsis_gcc.h ****   \details Enables IRQ interrupts by clearing the I-bit in the CPSR.
 127:Drivers/CMSIS/Include/cmsis_gcc.h ****            Can only be executed in Privileged modes.
 128:Drivers/CMSIS/Include/cmsis_gcc.h ****  */
 129:Drivers/CMSIS/Include/cmsis_gcc.h **** __STATIC_FORCEINLINE void __enable_irq(void)
ARM GAS  /tmp/cciwcZFK.s 			page 12


 130:Drivers/CMSIS/Include/cmsis_gcc.h **** {
 131:Drivers/CMSIS/Include/cmsis_gcc.h ****   __ASM volatile ("cpsie i" : : : "memory");
 132:Drivers/CMSIS/Include/cmsis_gcc.h **** }
 133:Drivers/CMSIS/Include/cmsis_gcc.h **** 
 134:Drivers/CMSIS/Include/cmsis_gcc.h **** 
 135:Drivers/CMSIS/Include/cmsis_gcc.h **** /**
 136:Drivers/CMSIS/Include/cmsis_gcc.h ****   \brief   Disable IRQ Interrupts
 137:Drivers/CMSIS/Include/cmsis_gcc.h ****   \details Disables IRQ interrupts by setting the I-bit in the CPSR.
 138:Drivers/CMSIS/Include/cmsis_gcc.h ****            Can only be executed in Privileged modes.
 139:Drivers/CMSIS/Include/cmsis_gcc.h ****  */
 140:Drivers/CMSIS/Include/cmsis_gcc.h **** __STATIC_FORCEINLINE void __disable_irq(void)
 183              		.loc 2 140 27 view .LVU33
 184              	.LBB5:
 141:Drivers/CMSIS/Include/cmsis_gcc.h **** {
 142:Drivers/CMSIS/Include/cmsis_gcc.h ****   __ASM volatile ("cpsid i" : : : "memory");
 185              		.loc 2 142 3 view .LVU34
 186              		.syntax unified
 187              	@ 142 "Drivers/CMSIS/Include/cmsis_gcc.h" 1
 188 0000 72B6     		cpsid i
 189              	@ 0 "" 2
 190              		.thumb
 191              		.syntax unified
 192              	.L14:
 193              	.LBE5:
 194              	.LBE4:
 306:Core/Src/main.c ****   while (1)
 195              		.loc 1 306 3 view .LVU35
 307:Core/Src/main.c ****   {
 308:Core/Src/main.c ****   }
 196              		.loc 1 308 3 view .LVU36
 306:Core/Src/main.c ****   while (1)
 197              		.loc 1 306 9 view .LVU37
 198 0002 FEE7     		b	.L14
 199              		.cfi_endproc
 200              	.LFE161:
 202              		.section	.text.SystemClock_Config,"ax",%progbits
 203              		.align	1
 204              		.global	SystemClock_Config
 205              		.syntax unified
 206              		.thumb
 207              		.thumb_func
 209              	SystemClock_Config:
 210              	.LFB158:
 181:Core/Src/main.c ****   RCC_OscInitTypeDef RCC_OscInitStruct = {0};
 211              		.loc 1 181 1 view -0
 212              		.cfi_startproc
 213              		@ args = 0, pretend = 0, frame = 80
 214              		@ frame_needed = 0, uses_anonymous_args = 0
 215 0000 10B5     		push	{r4, lr}
 216              	.LCFI2:
 217              		.cfi_def_cfa_offset 8
 218              		.cfi_offset 4, -8
 219              		.cfi_offset 14, -4
 220 0002 94B0     		sub	sp, sp, #80
 221              	.LCFI3:
 222              		.cfi_def_cfa_offset 88
 182:Core/Src/main.c ****   RCC_ClkInitTypeDef RCC_ClkInitStruct = {0};
ARM GAS  /tmp/cciwcZFK.s 			page 13


 223              		.loc 1 182 3 view .LVU39
 182:Core/Src/main.c ****   RCC_ClkInitTypeDef RCC_ClkInitStruct = {0};
 224              		.loc 1 182 22 is_stmt 0 view .LVU40
 225 0004 08AC     		add	r4, sp, #32
 226 0006 3022     		movs	r2, #48
 227 0008 0021     		movs	r1, #0
 228 000a 2046     		mov	r0, r4
 229 000c FFF7FEFF 		bl	memset
 230              	.LVL18:
 183:Core/Src/main.c **** 
 231              		.loc 1 183 3 is_stmt 1 view .LVU41
 183:Core/Src/main.c **** 
 232              		.loc 1 183 22 is_stmt 0 view .LVU42
 233 0010 0023     		movs	r3, #0
 234 0012 0393     		str	r3, [sp, #12]
 235 0014 0493     		str	r3, [sp, #16]
 236 0016 0593     		str	r3, [sp, #20]
 237 0018 0693     		str	r3, [sp, #24]
 238 001a 0793     		str	r3, [sp, #28]
 187:Core/Src/main.c ****   __HAL_PWR_VOLTAGESCALING_CONFIG(PWR_REGULATOR_VOLTAGE_SCALE1);
 239              		.loc 1 187 3 is_stmt 1 view .LVU43
 240              	.LBB6:
 187:Core/Src/main.c ****   __HAL_PWR_VOLTAGESCALING_CONFIG(PWR_REGULATOR_VOLTAGE_SCALE1);
 241              		.loc 1 187 3 view .LVU44
 242 001c 0193     		str	r3, [sp, #4]
 187:Core/Src/main.c ****   __HAL_PWR_VOLTAGESCALING_CONFIG(PWR_REGULATOR_VOLTAGE_SCALE1);
 243              		.loc 1 187 3 view .LVU45
 244 001e 224A     		ldr	r2, .L21
 245 0020 116C     		ldr	r1, [r2, #64]
 246 0022 41F08051 		orr	r1, r1, #268435456
 247 0026 1164     		str	r1, [r2, #64]
 187:Core/Src/main.c ****   __HAL_PWR_VOLTAGESCALING_CONFIG(PWR_REGULATOR_VOLTAGE_SCALE1);
 248              		.loc 1 187 3 view .LVU46
 249 0028 126C     		ldr	r2, [r2, #64]
 250 002a 02F08052 		and	r2, r2, #268435456
 251 002e 0192     		str	r2, [sp, #4]
 187:Core/Src/main.c ****   __HAL_PWR_VOLTAGESCALING_CONFIG(PWR_REGULATOR_VOLTAGE_SCALE1);
 252              		.loc 1 187 3 view .LVU47
 253 0030 019A     		ldr	r2, [sp, #4]
 254              	.LBE6:
 187:Core/Src/main.c ****   __HAL_PWR_VOLTAGESCALING_CONFIG(PWR_REGULATOR_VOLTAGE_SCALE1);
 255              		.loc 1 187 3 view .LVU48
 188:Core/Src/main.c **** 
 256              		.loc 1 188 3 view .LVU49
 257              	.LBB7:
 188:Core/Src/main.c **** 
 258              		.loc 1 188 3 view .LVU50
 259 0032 0293     		str	r3, [sp, #8]
 188:Core/Src/main.c **** 
 260              		.loc 1 188 3 view .LVU51
 261 0034 1D4B     		ldr	r3, .L21+4
 262 0036 1A68     		ldr	r2, [r3]
 263 0038 42F48042 		orr	r2, r2, #16384
 264 003c 1A60     		str	r2, [r3]
 188:Core/Src/main.c **** 
 265              		.loc 1 188 3 view .LVU52
 266 003e 1B68     		ldr	r3, [r3]
ARM GAS  /tmp/cciwcZFK.s 			page 14


 267 0040 03F48043 		and	r3, r3, #16384
 268 0044 0293     		str	r3, [sp, #8]
 188:Core/Src/main.c **** 
 269              		.loc 1 188 3 view .LVU53
 270 0046 029B     		ldr	r3, [sp, #8]
 271              	.LBE7:
 188:Core/Src/main.c **** 
 272              		.loc 1 188 3 view .LVU54
 193:Core/Src/main.c ****   RCC_OscInitStruct.HSEState = RCC_HSE_ON;
 273              		.loc 1 193 3 view .LVU55
 193:Core/Src/main.c ****   RCC_OscInitStruct.HSEState = RCC_HSE_ON;
 274              		.loc 1 193 36 is_stmt 0 view .LVU56
 275 0048 0923     		movs	r3, #9
 276 004a 0893     		str	r3, [sp, #32]
 194:Core/Src/main.c ****   RCC_OscInitStruct.LSIState = RCC_LSI_ON;
 277              		.loc 1 194 3 is_stmt 1 view .LVU57
 194:Core/Src/main.c ****   RCC_OscInitStruct.LSIState = RCC_LSI_ON;
 278              		.loc 1 194 30 is_stmt 0 view .LVU58
 279 004c 4FF48033 		mov	r3, #65536
 280 0050 0993     		str	r3, [sp, #36]
 195:Core/Src/main.c ****   RCC_OscInitStruct.PLL.PLLState = RCC_PLL_ON;
 281              		.loc 1 195 3 is_stmt 1 view .LVU59
 195:Core/Src/main.c ****   RCC_OscInitStruct.PLL.PLLState = RCC_PLL_ON;
 282              		.loc 1 195 30 is_stmt 0 view .LVU60
 283 0052 0123     		movs	r3, #1
 284 0054 0D93     		str	r3, [sp, #52]
 196:Core/Src/main.c ****   RCC_OscInitStruct.PLL.PLLSource = RCC_PLLSOURCE_HSE;
 285              		.loc 1 196 3 is_stmt 1 view .LVU61
 196:Core/Src/main.c ****   RCC_OscInitStruct.PLL.PLLSource = RCC_PLLSOURCE_HSE;
 286              		.loc 1 196 34 is_stmt 0 view .LVU62
 287 0056 0223     		movs	r3, #2
 288 0058 0E93     		str	r3, [sp, #56]
 197:Core/Src/main.c ****   RCC_OscInitStruct.PLL.PLLM = 25;
 289              		.loc 1 197 3 is_stmt 1 view .LVU63
 197:Core/Src/main.c ****   RCC_OscInitStruct.PLL.PLLM = 25;
 290              		.loc 1 197 35 is_stmt 0 view .LVU64
 291 005a 4FF48002 		mov	r2, #4194304
 292 005e 0F92     		str	r2, [sp, #60]
 198:Core/Src/main.c ****   RCC_OscInitStruct.PLL.PLLN = 336;
 293              		.loc 1 198 3 is_stmt 1 view .LVU65
 198:Core/Src/main.c ****   RCC_OscInitStruct.PLL.PLLN = 336;
 294              		.loc 1 198 30 is_stmt 0 view .LVU66
 295 0060 1922     		movs	r2, #25
 296 0062 1092     		str	r2, [sp, #64]
 199:Core/Src/main.c ****   RCC_OscInitStruct.PLL.PLLP = RCC_PLLP_DIV2;
 297              		.loc 1 199 3 is_stmt 1 view .LVU67
 199:Core/Src/main.c ****   RCC_OscInitStruct.PLL.PLLP = RCC_PLLP_DIV2;
 298              		.loc 1 199 30 is_stmt 0 view .LVU68
 299 0064 4FF4A872 		mov	r2, #336
 300 0068 1192     		str	r2, [sp, #68]
 200:Core/Src/main.c ****   RCC_OscInitStruct.PLL.PLLQ = 7;
 301              		.loc 1 200 3 is_stmt 1 view .LVU69
 200:Core/Src/main.c ****   RCC_OscInitStruct.PLL.PLLQ = 7;
 302              		.loc 1 200 30 is_stmt 0 view .LVU70
 303 006a 1293     		str	r3, [sp, #72]
 201:Core/Src/main.c ****   if (HAL_RCC_OscConfig(&RCC_OscInitStruct) != HAL_OK)
 304              		.loc 1 201 3 is_stmt 1 view .LVU71
ARM GAS  /tmp/cciwcZFK.s 			page 15


 201:Core/Src/main.c ****   if (HAL_RCC_OscConfig(&RCC_OscInitStruct) != HAL_OK)
 305              		.loc 1 201 30 is_stmt 0 view .LVU72
 306 006c 0723     		movs	r3, #7
 307 006e 1393     		str	r3, [sp, #76]
 202:Core/Src/main.c ****   {
 308              		.loc 1 202 3 is_stmt 1 view .LVU73
 202:Core/Src/main.c ****   {
 309              		.loc 1 202 7 is_stmt 0 view .LVU74
 310 0070 2046     		mov	r0, r4
 311 0072 FFF7FEFF 		bl	HAL_RCC_OscConfig
 312              	.LVL19:
 202:Core/Src/main.c ****   {
 313              		.loc 1 202 6 discriminator 1 view .LVU75
 314 0076 90B9     		cbnz	r0, .L19
 209:Core/Src/main.c ****                               |RCC_CLOCKTYPE_PCLK1|RCC_CLOCKTYPE_PCLK2;
 315              		.loc 1 209 3 is_stmt 1 view .LVU76
 209:Core/Src/main.c ****                               |RCC_CLOCKTYPE_PCLK1|RCC_CLOCKTYPE_PCLK2;
 316              		.loc 1 209 31 is_stmt 0 view .LVU77
 317 0078 0F23     		movs	r3, #15
 318 007a 0393     		str	r3, [sp, #12]
 211:Core/Src/main.c ****   RCC_ClkInitStruct.AHBCLKDivider = RCC_SYSCLK_DIV1;
 319              		.loc 1 211 3 is_stmt 1 view .LVU78
 211:Core/Src/main.c ****   RCC_ClkInitStruct.AHBCLKDivider = RCC_SYSCLK_DIV1;
 320              		.loc 1 211 34 is_stmt 0 view .LVU79
 321 007c 0223     		movs	r3, #2
 322 007e 0493     		str	r3, [sp, #16]
 212:Core/Src/main.c ****   RCC_ClkInitStruct.APB1CLKDivider = RCC_HCLK_DIV4;
 323              		.loc 1 212 3 is_stmt 1 view .LVU80
 212:Core/Src/main.c ****   RCC_ClkInitStruct.APB1CLKDivider = RCC_HCLK_DIV4;
 324              		.loc 1 212 35 is_stmt 0 view .LVU81
 325 0080 0023     		movs	r3, #0
 326 0082 0593     		str	r3, [sp, #20]
 213:Core/Src/main.c ****   RCC_ClkInitStruct.APB2CLKDivider = RCC_HCLK_DIV2;
 327              		.loc 1 213 3 is_stmt 1 view .LVU82
 213:Core/Src/main.c ****   RCC_ClkInitStruct.APB2CLKDivider = RCC_HCLK_DIV2;
 328              		.loc 1 213 36 is_stmt 0 view .LVU83
 329 0084 4FF4A053 		mov	r3, #5120
 330 0088 0693     		str	r3, [sp, #24]
 214:Core/Src/main.c **** 
 331              		.loc 1 214 3 is_stmt 1 view .LVU84
 214:Core/Src/main.c **** 
 332              		.loc 1 214 36 is_stmt 0 view .LVU85
 333 008a 4FF48053 		mov	r3, #4096
 334 008e 0793     		str	r3, [sp, #28]
 216:Core/Src/main.c ****   {
 335              		.loc 1 216 3 is_stmt 1 view .LVU86
 216:Core/Src/main.c ****   {
 336              		.loc 1 216 7 is_stmt 0 view .LVU87
 337 0090 0521     		movs	r1, #5
 338 0092 03A8     		add	r0, sp, #12
 339 0094 FFF7FEFF 		bl	HAL_RCC_ClockConfig
 340              	.LVL20:
 216:Core/Src/main.c ****   {
 341              		.loc 1 216 6 discriminator 1 view .LVU88
 342 0098 18B9     		cbnz	r0, .L20
 220:Core/Src/main.c **** 
 343              		.loc 1 220 1 view .LVU89
ARM GAS  /tmp/cciwcZFK.s 			page 16


 344 009a 14B0     		add	sp, sp, #80
 345              	.LCFI4:
 346              		.cfi_remember_state
 347              		.cfi_def_cfa_offset 8
 348              		@ sp needed
 349 009c 10BD     		pop	{r4, pc}
 350              	.L19:
 351              	.LCFI5:
 352              		.cfi_restore_state
 204:Core/Src/main.c ****   }
 353              		.loc 1 204 5 is_stmt 1 view .LVU90
 354 009e FFF7FEFF 		bl	Error_Handler
 355              	.LVL21:
 356              	.L20:
 218:Core/Src/main.c ****   }
 357              		.loc 1 218 5 view .LVU91
 358 00a2 FFF7FEFF 		bl	Error_Handler
 359              	.LVL22:
 360              	.L22:
 361 00a6 00BF     		.align	2
 362              	.L21:
 363 00a8 00380240 		.word	1073887232
 364 00ac 00700040 		.word	1073770496
 365              		.cfi_endproc
 366              	.LFE158:
 368              		.section	.rodata.main.str1.4,"aMS",%progbits,1
 369              		.align	2
 370              	.LC2:
 371 0000 0D0A496E 		.ascii	"\015\012Init Complete.\015\000"
 371      69742043 
 371      6F6D706C 
 371      6574652E 
 371      0D00
 372 0012 0000     		.align	2
 373              	.LC3:
 374 0014 43686563 		.ascii	"Checking Storage Devices:\015\000"
 374      6B696E67 
 374      2053746F 
 374      72616765 
 374      20446576 
 375              		.section	.text.main,"ax",%progbits
 376              		.align	1
 377              		.global	main
 378              		.syntax unified
 379              		.thumb
 380              		.thumb_func
 382              	main:
 383              	.LFB157:
  96:Core/Src/main.c ****   /* USER CODE BEGIN 1 */
 384              		.loc 1 96 1 view -0
 385              		.cfi_startproc
 386              		@ Volatile: function does not return.
 387              		@ args = 0, pretend = 0, frame = 0
 388              		@ frame_needed = 0, uses_anonymous_args = 0
 389 0000 08B5     		push	{r3, lr}
 390              	.LCFI6:
 391              		.cfi_def_cfa_offset 8
ARM GAS  /tmp/cciwcZFK.s 			page 17


 392              		.cfi_offset 3, -8
 393              		.cfi_offset 14, -4
 104:Core/Src/main.c **** 
 394              		.loc 1 104 3 view .LVU93
 395 0002 FFF7FEFF 		bl	HAL_Init
 396              	.LVL23:
 111:Core/Src/main.c **** 
 397              		.loc 1 111 3 view .LVU94
 398 0006 FFF7FEFF 		bl	SystemClock_Config
 399              	.LVL24:
 118:Core/Src/main.c ****   MX_DMA_Init();
 400              		.loc 1 118 3 view .LVU95
 401 000a FFF7FEFF 		bl	MX_GPIO_Init
 402              	.LVL25:
 119:Core/Src/main.c ****   MX_CAN1_Init();
 403              		.loc 1 119 3 view .LVU96
 404 000e FFF7FEFF 		bl	MX_DMA_Init
 405              	.LVL26:
 120:Core/Src/main.c ****   MX_CAN2_Init();
 406              		.loc 1 120 3 view .LVU97
 407 0012 FFF7FEFF 		bl	MX_CAN1_Init
 408              	.LVL27:
 121:Core/Src/main.c ****   MX_RTC_Init();
 409              		.loc 1 121 3 view .LVU98
 410 0016 FFF7FEFF 		bl	MX_CAN2_Init
 411              	.LVL28:
 122:Core/Src/main.c ****   MX_SDIO_SD_Init();
 412              		.loc 1 122 3 view .LVU99
 413 001a FFF7FEFF 		bl	MX_RTC_Init
 414              	.LVL29:
 123:Core/Src/main.c ****   MX_USART1_UART_Init();
 415              		.loc 1 123 3 view .LVU100
 416 001e FFF7FEFF 		bl	MX_SDIO_SD_Init
 417              	.LVL30:
 124:Core/Src/main.c ****   MX_USART2_UART_Init();
 418              		.loc 1 124 3 view .LVU101
 419 0022 FFF7FEFF 		bl	MX_USART1_UART_Init
 420              	.LVL31:
 125:Core/Src/main.c ****   MX_LWIP_Init();
 421              		.loc 1 125 3 view .LVU102
 422 0026 FFF7FEFF 		bl	MX_USART2_UART_Init
 423              	.LVL32:
 126:Core/Src/main.c ****   MX_USB_DEVICE_Init();
 424              		.loc 1 126 3 view .LVU103
 425 002a FFF7FEFF 		bl	MX_LWIP_Init
 426              	.LVL33:
 127:Core/Src/main.c ****   MX_FATFS_Init();
 427              		.loc 1 127 3 view .LVU104
 428 002e FFF7FEFF 		bl	MX_USB_DEVICE_Init
 429              	.LVL34:
 128:Core/Src/main.c ****   MX_CRC_Init();
 430              		.loc 1 128 3 view .LVU105
 431 0032 FFF7FEFF 		bl	MX_FATFS_Init
 432              	.LVL35:
 129:Core/Src/main.c **** #ifdef ENABLE_USBHOST
 433              		.loc 1 129 3 view .LVU106
 434 0036 FFF7FEFF 		bl	MX_CRC_Init
ARM GAS  /tmp/cciwcZFK.s 			page 18


 435              	.LVL36:
 133:Core/Src/main.c ****   /* USER CODE BEGIN 2 */
 436              		.loc 1 133 3 view .LVU107
 437 003a FFF7FEFF 		bl	MX_SPI2_Init
 438              	.LVL37:
 136:Core/Src/main.c ****   printf("Checking Storage Devices:\r\n");
 439              		.loc 1 136 3 view .LVU108
 440 003e 0948     		ldr	r0, .L26
 441 0040 FFF7FEFF 		bl	puts
 442              	.LVL38:
 137:Core/Src/main.c ****   MX_EEPRMA2_Check_24C02();
 443              		.loc 1 137 3 view .LVU109
 444 0044 0848     		ldr	r0, .L26+4
 445 0046 FFF7FEFF 		bl	puts
 446              	.LVL39:
 138:Core/Src/main.c ****   MX_SPI2_Check_W25Q64();
 447              		.loc 1 138 3 view .LVU110
 448 004a FFF7FEFF 		bl	MX_EEPRMA2_Check_24C02
 449              	.LVL40:
 139:Core/Src/main.c ****   MX_SDIO_SD_Check();
 450              		.loc 1 139 3 view .LVU111
 451 004e FFF7FEFF 		bl	MX_SPI2_Check_W25Q64
 452              	.LVL41:
 140:Core/Src/main.c **** 
 453              		.loc 1 140 3 view .LVU112
 454 0052 FFF7FEFF 		bl	MX_SDIO_SD_Check
 455              	.LVL42:
 146:Core/Src/main.c **** 
 456              		.loc 1 146 3 view .LVU113
 457 0056 FFF7FEFF 		bl	artnet_init
 458              	.LVL43:
 149:Core/Src/main.c **** 
 459              		.loc 1 149 3 view .LVU114
 460 005a FFF7FEFF 		bl	MX_LWIP_Process
 461              	.LVL44:
 462              	.L24:
 155:Core/Src/main.c ****   {
 463              		.loc 1 155 3 view .LVU115
 158:Core/Src/main.c ****     /* Votre init Art-Net se fait UNE FOIS avant le while(1) : */
 464              		.loc 1 158 5 discriminator 1 view .LVU116
 465 005e FFF7FEFF 		bl	MX_LWIP_Process
 466              	.LVL45:
 155:Core/Src/main.c ****   {
 467              		.loc 1 155 9 view .LVU117
 468 0062 FCE7     		b	.L24
 469              	.L27:
 470              		.align	2
 471              	.L26:
 472 0064 00000000 		.word	.LC2
 473 0068 14000000 		.word	.LC3
 474              		.cfi_endproc
 475              	.LFE157:
 477              		.text
 478              	.Letext0:
 479              		.file 3 "/usr/lib/gcc/arm-none-eabi/14.2.1/include/stdint.h"
 480              		.file 4 "Drivers/CMSIS/Device/ST/STM32F4xx/Include/stm32f407xx.h"
 481              		.file 5 "Drivers/STM32F4xx_HAL_Driver/Inc/stm32f4xx_hal_def.h"
ARM GAS  /tmp/cciwcZFK.s 			page 19


 482              		.file 6 "Drivers/STM32F4xx_HAL_Driver/Inc/stm32f4xx_hal_rcc_ex.h"
 483              		.file 7 "Drivers/STM32F4xx_HAL_Driver/Inc/stm32f4xx_hal_rcc.h"
 484              		.file 8 "Drivers/STM32F4xx_HAL_Driver/Inc/stm32f4xx_hal_gpio.h"
 485              		.file 9 "Drivers/STM32F4xx_HAL_Driver/Inc/stm32f4xx_hal_dma.h"
 486              		.file 10 "Drivers/STM32F4xx_HAL_Driver/Inc/stm32f4xx_hal_uart.h"
 487              		.file 11 "Drivers/BSP/EEPRMA2/eeprma2_m24.h"
 488              		.file 12 "LWIP/App/lwip.h"
 489              		.file 13 "Core/Inc/artnet.h"
 490              		.file 14 "Core/Inc/sdio.h"
 491              		.file 15 "Core/Inc/spi.h"
 492              		.file 16 "Core/Inc/crc.h"
 493              		.file 17 "FATFS/App/fatfs.h"
 494              		.file 18 "USB_DEVICE/App/usb_device.h"
 495              		.file 19 "Core/Inc/usart.h"
 496              		.file 20 "Core/Inc/rtc.h"
 497              		.file 21 "Core/Inc/can.h"
 498              		.file 22 "Core/Inc/dma.h"
 499              		.file 23 "Core/Inc/gpio.h"
 500              		.file 24 "<built-in>"
 501              		.file 25 "Drivers/STM32F4xx_HAL_Driver/Inc/stm32f4xx_hal.h"
ARM GAS  /tmp/cciwcZFK.s 			page 20


DEFINED SYMBOLS
                            *ABS*:00000000 main.c
     /tmp/cciwcZFK.s:21     .text._write:00000000 $t
     /tmp/cciwcZFK.s:27     .text._write:00000000 _write
     /tmp/cciwcZFK.s:87     .text._write:00000034 $d
     /tmp/cciwcZFK.s:93     .rodata.MX_EEPRMA2_Check_24C02.str1.4:00000000 $d
     /tmp/cciwcZFK.s:100    .text.MX_EEPRMA2_Check_24C02:00000000 $t
     /tmp/cciwcZFK.s:106    .text.MX_EEPRMA2_Check_24C02:00000000 MX_EEPRMA2_Check_24C02
     /tmp/cciwcZFK.s:159    .text.MX_EEPRMA2_Check_24C02:00000024 $d
     /tmp/cciwcZFK.s:165    .text.Error_Handler:00000000 $t
     /tmp/cciwcZFK.s:171    .text.Error_Handler:00000000 Error_Handler
     /tmp/cciwcZFK.s:203    .text.SystemClock_Config:00000000 $t
     /tmp/cciwcZFK.s:209    .text.SystemClock_Config:00000000 SystemClock_Config
     /tmp/cciwcZFK.s:363    .text.SystemClock_Config:000000a8 $d
     /tmp/cciwcZFK.s:369    .rodata.main.str1.4:00000000 $d
     /tmp/cciwcZFK.s:376    .text.main:00000000 $t
     /tmp/cciwcZFK.s:382    .text.main:00000000 main
     /tmp/cciwcZFK.s:472    .text.main:00000064 $d

UNDEFINED SYMBOLS
HAL_GPIO_WritePin
HAL_UART_Transmit
huart1
EEPRMA2_M24_Init
EEPRMA2_M24_IsDeviceReady
puts
memset
HAL_RCC_OscConfig
HAL_RCC_ClockConfig
HAL_Init
MX_GPIO_Init
MX_DMA_Init
MX_CAN1_Init
MX_CAN2_Init
MX_RTC_Init
MX_SDIO_SD_Init
MX_USART1_UART_Init
MX_USART2_UART_Init
MX_LWIP_Init
MX_USB_DEVICE_Init
MX_FATFS_Init
MX_CRC_Init
MX_SPI2_Init
MX_SPI2_Check_W25Q64
MX_SDIO_SD_Check
artnet_init
MX_LWIP_Process
