ARM GAS  /tmp/ccgdqeus.s 			page 1


   1              		.cpu cortex-m4
   2              		.arch armv7e-m
   3              		.fpu fpv4-sp-d16
   4              		.eabi_attribute 27, 1
   5              		.eabi_attribute 28, 1
   6              		.eabi_attribute 20, 1
   7              		.eabi_attribute 21, 1
   8              		.eabi_attribute 23, 3
   9              		.eabi_attribute 24, 1
  10              		.eabi_attribute 25, 1
  11              		.eabi_attribute 26, 1
  12              		.eabi_attribute 30, 1
  13              		.eabi_attribute 34, 1
  14              		.eabi_attribute 18, 4
  15              		.file	"memp.c"
  16              		.text
  17              	.Ltext0:
  18              		.cfi_sections	.debug_frame
  19              		.file 1 "Middlewares/Third_Party/LwIP/src/core/memp.c"
  20              		.section	.rodata.do_memp_malloc_pool.str1.4,"aMS",%progbits,1
  21              		.align	2
  22              	.LC0:
  23 0000 4D696464 		.ascii	"Middlewares/Third_Party/LwIP/src/core/memp.c\000"
  23      6C657761 
  23      7265732F 
  23      54686972 
  23      645F5061 
  24 002d 000000   		.align	2
  25              	.LC1:
  26 0030 6D656D70 		.ascii	"memp_malloc: memp properly aligned\000"
  26      5F6D616C 
  26      6C6F633A 
  26      206D656D 
  26      70207072 
  27 0053 00       		.align	2
  28              	.LC2:
  29 0054 41737365 		.ascii	"Assertion \"%s\" failed at line %d in %s\012\000"
  29      7274696F 
  29      6E202225 
  29      73222066 
  29      61696C65 
  30              		.section	.text.do_memp_malloc_pool,"ax",%progbits
  31              		.align	1
  32              		.syntax unified
  33              		.thumb
  34              		.thumb_func
  36              	do_memp_malloc_pool:
  37              	.LVL0:
  38              	.LFB158:
   1:Middlewares/Third_Party/LwIP/src/core/memp.c **** /**
   2:Middlewares/Third_Party/LwIP/src/core/memp.c ****  * @file
   3:Middlewares/Third_Party/LwIP/src/core/memp.c ****  * Dynamic pool memory manager
   4:Middlewares/Third_Party/LwIP/src/core/memp.c ****  *
   5:Middlewares/Third_Party/LwIP/src/core/memp.c ****  * lwIP has dedicated pools for many structures (netconn, protocol control blocks,
   6:Middlewares/Third_Party/LwIP/src/core/memp.c ****  * packet buffers, ...). All these pools are managed here.
   7:Middlewares/Third_Party/LwIP/src/core/memp.c ****  *
   8:Middlewares/Third_Party/LwIP/src/core/memp.c ****  * @defgroup mempool Memory pools
ARM GAS  /tmp/ccgdqeus.s 			page 2


   9:Middlewares/Third_Party/LwIP/src/core/memp.c ****  * @ingroup infrastructure
  10:Middlewares/Third_Party/LwIP/src/core/memp.c ****  * Custom memory pools
  11:Middlewares/Third_Party/LwIP/src/core/memp.c **** 
  12:Middlewares/Third_Party/LwIP/src/core/memp.c ****  */
  13:Middlewares/Third_Party/LwIP/src/core/memp.c **** 
  14:Middlewares/Third_Party/LwIP/src/core/memp.c **** /*
  15:Middlewares/Third_Party/LwIP/src/core/memp.c ****  * Copyright (c) 2001-2004 Swedish Institute of Computer Science.
  16:Middlewares/Third_Party/LwIP/src/core/memp.c ****  * All rights reserved.
  17:Middlewares/Third_Party/LwIP/src/core/memp.c ****  *
  18:Middlewares/Third_Party/LwIP/src/core/memp.c ****  * Redistribution and use in source and binary forms, with or without modification,
  19:Middlewares/Third_Party/LwIP/src/core/memp.c ****  * are permitted provided that the following conditions are met:
  20:Middlewares/Third_Party/LwIP/src/core/memp.c ****  *
  21:Middlewares/Third_Party/LwIP/src/core/memp.c ****  * 1. Redistributions of source code must retain the above copyright notice,
  22:Middlewares/Third_Party/LwIP/src/core/memp.c ****  *    this list of conditions and the following disclaimer.
  23:Middlewares/Third_Party/LwIP/src/core/memp.c ****  * 2. Redistributions in binary form must reproduce the above copyright notice,
  24:Middlewares/Third_Party/LwIP/src/core/memp.c ****  *    this list of conditions and the following disclaimer in the documentation
  25:Middlewares/Third_Party/LwIP/src/core/memp.c ****  *    and/or other materials provided with the distribution.
  26:Middlewares/Third_Party/LwIP/src/core/memp.c ****  * 3. The name of the author may not be used to endorse or promote products
  27:Middlewares/Third_Party/LwIP/src/core/memp.c ****  *    derived from this software without specific prior written permission.
  28:Middlewares/Third_Party/LwIP/src/core/memp.c ****  *
  29:Middlewares/Third_Party/LwIP/src/core/memp.c ****  * THIS SOFTWARE IS PROVIDED BY THE AUTHOR ``AS IS'' AND ANY EXPRESS OR IMPLIED
  30:Middlewares/Third_Party/LwIP/src/core/memp.c ****  * WARRANTIES, INCLUDING, BUT NOT LIMITED TO, THE IMPLIED WARRANTIES OF
  31:Middlewares/Third_Party/LwIP/src/core/memp.c ****  * MERCHANTABILITY AND FITNESS FOR A PARTICULAR PURPOSE ARE DISCLAIMED. IN NO EVENT
  32:Middlewares/Third_Party/LwIP/src/core/memp.c ****  * SHALL THE AUTHOR BE LIABLE FOR ANY DIRECT, INDIRECT, INCIDENTAL, SPECIAL,
  33:Middlewares/Third_Party/LwIP/src/core/memp.c ****  * EXEMPLARY, OR CONSEQUENTIAL DAMAGES (INCLUDING, BUT NOT LIMITED TO, PROCUREMENT
  34:Middlewares/Third_Party/LwIP/src/core/memp.c ****  * OF SUBSTITUTE GOODS OR SERVICES; LOSS OF USE, DATA, OR PROFITS; OR BUSINESS
  35:Middlewares/Third_Party/LwIP/src/core/memp.c ****  * INTERRUPTION) HOWEVER CAUSED AND ON ANY THEORY OF LIABILITY, WHETHER IN
  36:Middlewares/Third_Party/LwIP/src/core/memp.c ****  * CONTRACT, STRICT LIABILITY, OR TORT (INCLUDING NEGLIGENCE OR OTHERWISE) ARISING
  37:Middlewares/Third_Party/LwIP/src/core/memp.c ****  * IN ANY WAY OUT OF THE USE OF THIS SOFTWARE, EVEN IF ADVISED OF THE POSSIBILITY
  38:Middlewares/Third_Party/LwIP/src/core/memp.c ****  * OF SUCH DAMAGE.
  39:Middlewares/Third_Party/LwIP/src/core/memp.c ****  *
  40:Middlewares/Third_Party/LwIP/src/core/memp.c ****  * This file is part of the lwIP TCP/IP stack.
  41:Middlewares/Third_Party/LwIP/src/core/memp.c ****  *
  42:Middlewares/Third_Party/LwIP/src/core/memp.c ****  * Author: Adam Dunkels <adam@sics.se>
  43:Middlewares/Third_Party/LwIP/src/core/memp.c ****  *
  44:Middlewares/Third_Party/LwIP/src/core/memp.c ****  */
  45:Middlewares/Third_Party/LwIP/src/core/memp.c **** 
  46:Middlewares/Third_Party/LwIP/src/core/memp.c **** #include "lwip/opt.h"
  47:Middlewares/Third_Party/LwIP/src/core/memp.c **** 
  48:Middlewares/Third_Party/LwIP/src/core/memp.c **** #include "lwip/memp.h"
  49:Middlewares/Third_Party/LwIP/src/core/memp.c **** #include "lwip/sys.h"
  50:Middlewares/Third_Party/LwIP/src/core/memp.c **** #include "lwip/stats.h"
  51:Middlewares/Third_Party/LwIP/src/core/memp.c **** 
  52:Middlewares/Third_Party/LwIP/src/core/memp.c **** #include <string.h>
  53:Middlewares/Third_Party/LwIP/src/core/memp.c **** 
  54:Middlewares/Third_Party/LwIP/src/core/memp.c **** /* Make sure we include everything we need for size calculation required by memp_std.h */
  55:Middlewares/Third_Party/LwIP/src/core/memp.c **** #include "lwip/pbuf.h"
  56:Middlewares/Third_Party/LwIP/src/core/memp.c **** #include "lwip/raw.h"
  57:Middlewares/Third_Party/LwIP/src/core/memp.c **** #include "lwip/udp.h"
  58:Middlewares/Third_Party/LwIP/src/core/memp.c **** #include "lwip/tcp.h"
  59:Middlewares/Third_Party/LwIP/src/core/memp.c **** #include "lwip/priv/tcp_priv.h"
  60:Middlewares/Third_Party/LwIP/src/core/memp.c **** #include "lwip/altcp.h"
  61:Middlewares/Third_Party/LwIP/src/core/memp.c **** #include "lwip/ip4_frag.h"
  62:Middlewares/Third_Party/LwIP/src/core/memp.c **** #include "lwip/netbuf.h"
  63:Middlewares/Third_Party/LwIP/src/core/memp.c **** #include "lwip/api.h"
  64:Middlewares/Third_Party/LwIP/src/core/memp.c **** #include "lwip/priv/tcpip_priv.h"
  65:Middlewares/Third_Party/LwIP/src/core/memp.c **** #include "lwip/priv/api_msg.h"
ARM GAS  /tmp/ccgdqeus.s 			page 3


  66:Middlewares/Third_Party/LwIP/src/core/memp.c **** #include "lwip/priv/sockets_priv.h"
  67:Middlewares/Third_Party/LwIP/src/core/memp.c **** #include "lwip/etharp.h"
  68:Middlewares/Third_Party/LwIP/src/core/memp.c **** #include "lwip/igmp.h"
  69:Middlewares/Third_Party/LwIP/src/core/memp.c **** #include "lwip/timeouts.h"
  70:Middlewares/Third_Party/LwIP/src/core/memp.c **** /* needed by default MEMP_NUM_SYS_TIMEOUT */
  71:Middlewares/Third_Party/LwIP/src/core/memp.c **** #include "netif/ppp/ppp_opts.h"
  72:Middlewares/Third_Party/LwIP/src/core/memp.c **** #include "lwip/netdb.h"
  73:Middlewares/Third_Party/LwIP/src/core/memp.c **** #include "lwip/dns.h"
  74:Middlewares/Third_Party/LwIP/src/core/memp.c **** #include "lwip/priv/nd6_priv.h"
  75:Middlewares/Third_Party/LwIP/src/core/memp.c **** #include "lwip/ip6_frag.h"
  76:Middlewares/Third_Party/LwIP/src/core/memp.c **** #include "lwip/mld6.h"
  77:Middlewares/Third_Party/LwIP/src/core/memp.c **** 
  78:Middlewares/Third_Party/LwIP/src/core/memp.c **** #define LWIP_MEMPOOL(name,num,size,desc) LWIP_MEMPOOL_DECLARE(name,num,size,desc)
  79:Middlewares/Third_Party/LwIP/src/core/memp.c **** #include "lwip/priv/memp_std.h"
  80:Middlewares/Third_Party/LwIP/src/core/memp.c **** 
  81:Middlewares/Third_Party/LwIP/src/core/memp.c **** const struct memp_desc *const memp_pools[MEMP_MAX] = {
  82:Middlewares/Third_Party/LwIP/src/core/memp.c **** #define LWIP_MEMPOOL(name,num,size,desc) &memp_ ## name,
  83:Middlewares/Third_Party/LwIP/src/core/memp.c **** #include "lwip/priv/memp_std.h"
  84:Middlewares/Third_Party/LwIP/src/core/memp.c **** };
  85:Middlewares/Third_Party/LwIP/src/core/memp.c **** 
  86:Middlewares/Third_Party/LwIP/src/core/memp.c **** #ifdef LWIP_HOOK_FILENAME
  87:Middlewares/Third_Party/LwIP/src/core/memp.c **** #include LWIP_HOOK_FILENAME
  88:Middlewares/Third_Party/LwIP/src/core/memp.c **** #endif
  89:Middlewares/Third_Party/LwIP/src/core/memp.c **** 
  90:Middlewares/Third_Party/LwIP/src/core/memp.c **** #if MEMP_MEM_MALLOC && MEMP_OVERFLOW_CHECK >= 2
  91:Middlewares/Third_Party/LwIP/src/core/memp.c **** #undef MEMP_OVERFLOW_CHECK
  92:Middlewares/Third_Party/LwIP/src/core/memp.c **** /* MEMP_OVERFLOW_CHECK >= 2 does not work with MEMP_MEM_MALLOC, use 1 instead */
  93:Middlewares/Third_Party/LwIP/src/core/memp.c **** #define MEMP_OVERFLOW_CHECK 1
  94:Middlewares/Third_Party/LwIP/src/core/memp.c **** #endif
  95:Middlewares/Third_Party/LwIP/src/core/memp.c **** 
  96:Middlewares/Third_Party/LwIP/src/core/memp.c **** #if MEMP_SANITY_CHECK && !MEMP_MEM_MALLOC
  97:Middlewares/Third_Party/LwIP/src/core/memp.c **** /**
  98:Middlewares/Third_Party/LwIP/src/core/memp.c ****  * Check that memp-lists don't form a circle, using "Floyd's cycle-finding algorithm".
  99:Middlewares/Third_Party/LwIP/src/core/memp.c ****  */
 100:Middlewares/Third_Party/LwIP/src/core/memp.c **** static int
 101:Middlewares/Third_Party/LwIP/src/core/memp.c **** memp_sanity(const struct memp_desc *desc)
 102:Middlewares/Third_Party/LwIP/src/core/memp.c **** {
 103:Middlewares/Third_Party/LwIP/src/core/memp.c ****   struct memp *t, *h;
 104:Middlewares/Third_Party/LwIP/src/core/memp.c **** 
 105:Middlewares/Third_Party/LwIP/src/core/memp.c ****   t = *desc->tab;
 106:Middlewares/Third_Party/LwIP/src/core/memp.c ****   if (t != NULL) {
 107:Middlewares/Third_Party/LwIP/src/core/memp.c ****     for (h = t->next; (t != NULL) && (h != NULL); t = t->next,
 108:Middlewares/Third_Party/LwIP/src/core/memp.c ****          h = ((h->next != NULL) ? h->next->next : NULL)) {
 109:Middlewares/Third_Party/LwIP/src/core/memp.c ****       if (t == h) {
 110:Middlewares/Third_Party/LwIP/src/core/memp.c ****         return 0;
 111:Middlewares/Third_Party/LwIP/src/core/memp.c ****       }
 112:Middlewares/Third_Party/LwIP/src/core/memp.c ****     }
 113:Middlewares/Third_Party/LwIP/src/core/memp.c ****   }
 114:Middlewares/Third_Party/LwIP/src/core/memp.c **** 
 115:Middlewares/Third_Party/LwIP/src/core/memp.c ****   return 1;
 116:Middlewares/Third_Party/LwIP/src/core/memp.c **** }
 117:Middlewares/Third_Party/LwIP/src/core/memp.c **** #endif /* MEMP_SANITY_CHECK && !MEMP_MEM_MALLOC */
 118:Middlewares/Third_Party/LwIP/src/core/memp.c **** 
 119:Middlewares/Third_Party/LwIP/src/core/memp.c **** #if MEMP_OVERFLOW_CHECK
 120:Middlewares/Third_Party/LwIP/src/core/memp.c **** /**
 121:Middlewares/Third_Party/LwIP/src/core/memp.c ****  * Check if a memp element was victim of an overflow or underflow
 122:Middlewares/Third_Party/LwIP/src/core/memp.c ****  * (e.g. the restricted area after/before it has been altered)
ARM GAS  /tmp/ccgdqeus.s 			page 4


 123:Middlewares/Third_Party/LwIP/src/core/memp.c ****  *
 124:Middlewares/Third_Party/LwIP/src/core/memp.c ****  * @param p the memp element to check
 125:Middlewares/Third_Party/LwIP/src/core/memp.c ****  * @param desc the pool p comes from
 126:Middlewares/Third_Party/LwIP/src/core/memp.c ****  */
 127:Middlewares/Third_Party/LwIP/src/core/memp.c **** static void
 128:Middlewares/Third_Party/LwIP/src/core/memp.c **** memp_overflow_check_element(struct memp *p, const struct memp_desc *desc)
 129:Middlewares/Third_Party/LwIP/src/core/memp.c **** {
 130:Middlewares/Third_Party/LwIP/src/core/memp.c ****   mem_overflow_check_raw((u8_t *)p + MEMP_SIZE, desc->size, "pool ", desc->desc);
 131:Middlewares/Third_Party/LwIP/src/core/memp.c **** }
 132:Middlewares/Third_Party/LwIP/src/core/memp.c **** 
 133:Middlewares/Third_Party/LwIP/src/core/memp.c **** /**
 134:Middlewares/Third_Party/LwIP/src/core/memp.c ****  * Initialize the restricted area of on memp element.
 135:Middlewares/Third_Party/LwIP/src/core/memp.c ****  */
 136:Middlewares/Third_Party/LwIP/src/core/memp.c **** static void
 137:Middlewares/Third_Party/LwIP/src/core/memp.c **** memp_overflow_init_element(struct memp *p, const struct memp_desc *desc)
 138:Middlewares/Third_Party/LwIP/src/core/memp.c **** {
 139:Middlewares/Third_Party/LwIP/src/core/memp.c ****   mem_overflow_init_raw((u8_t *)p + MEMP_SIZE, desc->size);
 140:Middlewares/Third_Party/LwIP/src/core/memp.c **** }
 141:Middlewares/Third_Party/LwIP/src/core/memp.c **** 
 142:Middlewares/Third_Party/LwIP/src/core/memp.c **** #if MEMP_OVERFLOW_CHECK >= 2
 143:Middlewares/Third_Party/LwIP/src/core/memp.c **** /**
 144:Middlewares/Third_Party/LwIP/src/core/memp.c ****  * Do an overflow check for all elements in every pool.
 145:Middlewares/Third_Party/LwIP/src/core/memp.c ****  *
 146:Middlewares/Third_Party/LwIP/src/core/memp.c ****  * @see memp_overflow_check_element for a description of the check
 147:Middlewares/Third_Party/LwIP/src/core/memp.c ****  */
 148:Middlewares/Third_Party/LwIP/src/core/memp.c **** static void
 149:Middlewares/Third_Party/LwIP/src/core/memp.c **** memp_overflow_check_all(void)
 150:Middlewares/Third_Party/LwIP/src/core/memp.c **** {
 151:Middlewares/Third_Party/LwIP/src/core/memp.c ****   u16_t i, j;
 152:Middlewares/Third_Party/LwIP/src/core/memp.c ****   struct memp *p;
 153:Middlewares/Third_Party/LwIP/src/core/memp.c ****   SYS_ARCH_DECL_PROTECT(old_level);
 154:Middlewares/Third_Party/LwIP/src/core/memp.c ****   SYS_ARCH_PROTECT(old_level);
 155:Middlewares/Third_Party/LwIP/src/core/memp.c **** 
 156:Middlewares/Third_Party/LwIP/src/core/memp.c ****   for (i = 0; i < MEMP_MAX; ++i) {
 157:Middlewares/Third_Party/LwIP/src/core/memp.c ****     p = (struct memp *)LWIP_MEM_ALIGN(memp_pools[i]->base);
 158:Middlewares/Third_Party/LwIP/src/core/memp.c ****     for (j = 0; j < memp_pools[i]->num; ++j) {
 159:Middlewares/Third_Party/LwIP/src/core/memp.c ****       memp_overflow_check_element(p, memp_pools[i]);
 160:Middlewares/Third_Party/LwIP/src/core/memp.c ****       p = LWIP_ALIGNMENT_CAST(struct memp *, ((u8_t *)p + MEMP_SIZE + memp_pools[i]->size + MEM_SAN
 161:Middlewares/Third_Party/LwIP/src/core/memp.c ****     }
 162:Middlewares/Third_Party/LwIP/src/core/memp.c ****   }
 163:Middlewares/Third_Party/LwIP/src/core/memp.c ****   SYS_ARCH_UNPROTECT(old_level);
 164:Middlewares/Third_Party/LwIP/src/core/memp.c **** }
 165:Middlewares/Third_Party/LwIP/src/core/memp.c **** #endif /* MEMP_OVERFLOW_CHECK >= 2 */
 166:Middlewares/Third_Party/LwIP/src/core/memp.c **** #endif /* MEMP_OVERFLOW_CHECK */
 167:Middlewares/Third_Party/LwIP/src/core/memp.c **** 
 168:Middlewares/Third_Party/LwIP/src/core/memp.c **** /**
 169:Middlewares/Third_Party/LwIP/src/core/memp.c ****  * Initialize custom memory pool.
 170:Middlewares/Third_Party/LwIP/src/core/memp.c ****  * Related functions: memp_malloc_pool, memp_free_pool
 171:Middlewares/Third_Party/LwIP/src/core/memp.c ****  *
 172:Middlewares/Third_Party/LwIP/src/core/memp.c ****  * @param desc pool to initialize
 173:Middlewares/Third_Party/LwIP/src/core/memp.c ****  */
 174:Middlewares/Third_Party/LwIP/src/core/memp.c **** void
 175:Middlewares/Third_Party/LwIP/src/core/memp.c **** memp_init_pool(const struct memp_desc *desc)
 176:Middlewares/Third_Party/LwIP/src/core/memp.c **** {
 177:Middlewares/Third_Party/LwIP/src/core/memp.c **** #if MEMP_MEM_MALLOC
 178:Middlewares/Third_Party/LwIP/src/core/memp.c ****   LWIP_UNUSED_ARG(desc);
 179:Middlewares/Third_Party/LwIP/src/core/memp.c **** #else
ARM GAS  /tmp/ccgdqeus.s 			page 5


 180:Middlewares/Third_Party/LwIP/src/core/memp.c ****   int i;
 181:Middlewares/Third_Party/LwIP/src/core/memp.c ****   struct memp *memp;
 182:Middlewares/Third_Party/LwIP/src/core/memp.c **** 
 183:Middlewares/Third_Party/LwIP/src/core/memp.c ****   *desc->tab = NULL;
 184:Middlewares/Third_Party/LwIP/src/core/memp.c ****   memp = (struct memp *)LWIP_MEM_ALIGN(desc->base);
 185:Middlewares/Third_Party/LwIP/src/core/memp.c **** #if MEMP_MEM_INIT
 186:Middlewares/Third_Party/LwIP/src/core/memp.c ****   /* force memset on pool memory */
 187:Middlewares/Third_Party/LwIP/src/core/memp.c ****   memset(memp, 0, (size_t)desc->num * (MEMP_SIZE + desc->size
 188:Middlewares/Third_Party/LwIP/src/core/memp.c **** #if MEMP_OVERFLOW_CHECK
 189:Middlewares/Third_Party/LwIP/src/core/memp.c ****                                        + MEM_SANITY_REGION_AFTER_ALIGNED
 190:Middlewares/Third_Party/LwIP/src/core/memp.c **** #endif
 191:Middlewares/Third_Party/LwIP/src/core/memp.c ****                                       ));
 192:Middlewares/Third_Party/LwIP/src/core/memp.c **** #endif
 193:Middlewares/Third_Party/LwIP/src/core/memp.c ****   /* create a linked list of memp elements */
 194:Middlewares/Third_Party/LwIP/src/core/memp.c ****   for (i = 0; i < desc->num; ++i) {
 195:Middlewares/Third_Party/LwIP/src/core/memp.c ****     memp->next = *desc->tab;
 196:Middlewares/Third_Party/LwIP/src/core/memp.c ****     *desc->tab = memp;
 197:Middlewares/Third_Party/LwIP/src/core/memp.c **** #if MEMP_OVERFLOW_CHECK
 198:Middlewares/Third_Party/LwIP/src/core/memp.c ****     memp_overflow_init_element(memp, desc);
 199:Middlewares/Third_Party/LwIP/src/core/memp.c **** #endif /* MEMP_OVERFLOW_CHECK */
 200:Middlewares/Third_Party/LwIP/src/core/memp.c ****     /* cast through void* to get rid of alignment warnings */
 201:Middlewares/Third_Party/LwIP/src/core/memp.c ****     memp = (struct memp *)(void *)((u8_t *)memp + MEMP_SIZE + desc->size
 202:Middlewares/Third_Party/LwIP/src/core/memp.c **** #if MEMP_OVERFLOW_CHECK
 203:Middlewares/Third_Party/LwIP/src/core/memp.c ****                                    + MEM_SANITY_REGION_AFTER_ALIGNED
 204:Middlewares/Third_Party/LwIP/src/core/memp.c **** #endif
 205:Middlewares/Third_Party/LwIP/src/core/memp.c ****                                   );
 206:Middlewares/Third_Party/LwIP/src/core/memp.c ****   }
 207:Middlewares/Third_Party/LwIP/src/core/memp.c **** #if MEMP_STATS
 208:Middlewares/Third_Party/LwIP/src/core/memp.c ****   desc->stats->avail = desc->num;
 209:Middlewares/Third_Party/LwIP/src/core/memp.c **** #endif /* MEMP_STATS */
 210:Middlewares/Third_Party/LwIP/src/core/memp.c **** #endif /* !MEMP_MEM_MALLOC */
 211:Middlewares/Third_Party/LwIP/src/core/memp.c **** 
 212:Middlewares/Third_Party/LwIP/src/core/memp.c **** #if MEMP_STATS && (defined(LWIP_DEBUG) || LWIP_STATS_DISPLAY)
 213:Middlewares/Third_Party/LwIP/src/core/memp.c ****   desc->stats->name  = desc->desc;
 214:Middlewares/Third_Party/LwIP/src/core/memp.c **** #endif /* MEMP_STATS && (defined(LWIP_DEBUG) || LWIP_STATS_DISPLAY) */
 215:Middlewares/Third_Party/LwIP/src/core/memp.c **** }
 216:Middlewares/Third_Party/LwIP/src/core/memp.c **** 
 217:Middlewares/Third_Party/LwIP/src/core/memp.c **** /**
 218:Middlewares/Third_Party/LwIP/src/core/memp.c ****  * Initializes lwIP built-in pools.
 219:Middlewares/Third_Party/LwIP/src/core/memp.c ****  * Related functions: memp_malloc, memp_free
 220:Middlewares/Third_Party/LwIP/src/core/memp.c ****  *
 221:Middlewares/Third_Party/LwIP/src/core/memp.c ****  * Carves out memp_memory into linked lists for each pool-type.
 222:Middlewares/Third_Party/LwIP/src/core/memp.c ****  */
 223:Middlewares/Third_Party/LwIP/src/core/memp.c **** void
 224:Middlewares/Third_Party/LwIP/src/core/memp.c **** memp_init(void)
 225:Middlewares/Third_Party/LwIP/src/core/memp.c **** {
 226:Middlewares/Third_Party/LwIP/src/core/memp.c ****   u16_t i;
 227:Middlewares/Third_Party/LwIP/src/core/memp.c **** 
 228:Middlewares/Third_Party/LwIP/src/core/memp.c ****   /* for every pool: */
 229:Middlewares/Third_Party/LwIP/src/core/memp.c ****   for (i = 0; i < LWIP_ARRAYSIZE(memp_pools); i++) {
 230:Middlewares/Third_Party/LwIP/src/core/memp.c ****     memp_init_pool(memp_pools[i]);
 231:Middlewares/Third_Party/LwIP/src/core/memp.c **** 
 232:Middlewares/Third_Party/LwIP/src/core/memp.c **** #if LWIP_STATS && MEMP_STATS
 233:Middlewares/Third_Party/LwIP/src/core/memp.c ****     lwip_stats.memp[i] = memp_pools[i]->stats;
 234:Middlewares/Third_Party/LwIP/src/core/memp.c **** #endif
 235:Middlewares/Third_Party/LwIP/src/core/memp.c ****   }
 236:Middlewares/Third_Party/LwIP/src/core/memp.c **** 
ARM GAS  /tmp/ccgdqeus.s 			page 6


 237:Middlewares/Third_Party/LwIP/src/core/memp.c **** #if MEMP_OVERFLOW_CHECK >= 2
 238:Middlewares/Third_Party/LwIP/src/core/memp.c ****   /* check everything a first time to see if it worked */
 239:Middlewares/Third_Party/LwIP/src/core/memp.c ****   memp_overflow_check_all();
 240:Middlewares/Third_Party/LwIP/src/core/memp.c **** #endif /* MEMP_OVERFLOW_CHECK >= 2 */
 241:Middlewares/Third_Party/LwIP/src/core/memp.c **** }
 242:Middlewares/Third_Party/LwIP/src/core/memp.c **** 
 243:Middlewares/Third_Party/LwIP/src/core/memp.c **** static void *
 244:Middlewares/Third_Party/LwIP/src/core/memp.c **** #if !MEMP_OVERFLOW_CHECK
 245:Middlewares/Third_Party/LwIP/src/core/memp.c **** do_memp_malloc_pool(const struct memp_desc *desc)
 246:Middlewares/Third_Party/LwIP/src/core/memp.c **** #else
 247:Middlewares/Third_Party/LwIP/src/core/memp.c **** do_memp_malloc_pool_fn(const struct memp_desc *desc, const char *file, const int line)
 248:Middlewares/Third_Party/LwIP/src/core/memp.c **** #endif
 249:Middlewares/Third_Party/LwIP/src/core/memp.c **** {
  39              		.loc 1 249 1 view -0
  40              		.cfi_startproc
  41              		@ args = 0, pretend = 0, frame = 0
  42              		@ frame_needed = 0, uses_anonymous_args = 0
  43              		.loc 1 249 1 is_stmt 0 view .LVU1
  44 0000 10B5     		push	{r4, lr}
  45              	.LCFI0:
  46              		.cfi_def_cfa_offset 8
  47              		.cfi_offset 4, -8
  48              		.cfi_offset 14, -4
 250:Middlewares/Third_Party/LwIP/src/core/memp.c ****   struct memp *memp;
  49              		.loc 1 250 3 is_stmt 1 view .LVU2
 251:Middlewares/Third_Party/LwIP/src/core/memp.c ****   SYS_ARCH_DECL_PROTECT(old_level);
  50              		.loc 1 251 35 view .LVU3
 252:Middlewares/Third_Party/LwIP/src/core/memp.c **** 
 253:Middlewares/Third_Party/LwIP/src/core/memp.c **** #if MEMP_MEM_MALLOC
 254:Middlewares/Third_Party/LwIP/src/core/memp.c ****   memp = (struct memp *)mem_malloc(MEMP_SIZE + MEMP_ALIGN_SIZE(desc->size));
 255:Middlewares/Third_Party/LwIP/src/core/memp.c ****   SYS_ARCH_PROTECT(old_level);
 256:Middlewares/Third_Party/LwIP/src/core/memp.c **** #else /* MEMP_MEM_MALLOC */
 257:Middlewares/Third_Party/LwIP/src/core/memp.c ****   SYS_ARCH_PROTECT(old_level);
  51              		.loc 1 257 30 view .LVU4
 258:Middlewares/Third_Party/LwIP/src/core/memp.c **** 
 259:Middlewares/Third_Party/LwIP/src/core/memp.c ****   memp = *desc->tab;
  52              		.loc 1 259 3 view .LVU5
  53              		.loc 1 259 15 is_stmt 0 view .LVU6
  54 0002 C368     		ldr	r3, [r0, #12]
  55              		.loc 1 259 8 view .LVU7
  56 0004 1C68     		ldr	r4, [r3]
  57              	.LVL1:
 260:Middlewares/Third_Party/LwIP/src/core/memp.c **** #endif /* MEMP_MEM_MALLOC */
 261:Middlewares/Third_Party/LwIP/src/core/memp.c **** 
 262:Middlewares/Third_Party/LwIP/src/core/memp.c ****   if (memp != NULL) {
  58              		.loc 1 262 3 is_stmt 1 view .LVU8
  59              		.loc 1 262 6 is_stmt 0 view .LVU9
  60 0006 24B1     		cbz	r4, .L1
 263:Middlewares/Third_Party/LwIP/src/core/memp.c **** #if !MEMP_MEM_MALLOC
 264:Middlewares/Third_Party/LwIP/src/core/memp.c **** #if MEMP_OVERFLOW_CHECK == 1
 265:Middlewares/Third_Party/LwIP/src/core/memp.c ****     memp_overflow_check_element(memp, desc);
 266:Middlewares/Third_Party/LwIP/src/core/memp.c **** #endif /* MEMP_OVERFLOW_CHECK */
 267:Middlewares/Third_Party/LwIP/src/core/memp.c **** 
 268:Middlewares/Third_Party/LwIP/src/core/memp.c ****     *desc->tab = memp->next;
  61              		.loc 1 268 5 is_stmt 1 view .LVU10
  62              		.loc 1 268 22 is_stmt 0 view .LVU11
  63 0008 2268     		ldr	r2, [r4]
ARM GAS  /tmp/ccgdqeus.s 			page 7


  64              		.loc 1 268 16 view .LVU12
  65 000a 1A60     		str	r2, [r3]
 269:Middlewares/Third_Party/LwIP/src/core/memp.c **** #if MEMP_OVERFLOW_CHECK
 270:Middlewares/Third_Party/LwIP/src/core/memp.c ****     memp->next = NULL;
 271:Middlewares/Third_Party/LwIP/src/core/memp.c **** #endif /* MEMP_OVERFLOW_CHECK */
 272:Middlewares/Third_Party/LwIP/src/core/memp.c **** #endif /* !MEMP_MEM_MALLOC */
 273:Middlewares/Third_Party/LwIP/src/core/memp.c **** #if MEMP_OVERFLOW_CHECK
 274:Middlewares/Third_Party/LwIP/src/core/memp.c ****     memp->file = file;
 275:Middlewares/Third_Party/LwIP/src/core/memp.c ****     memp->line = line;
 276:Middlewares/Third_Party/LwIP/src/core/memp.c **** #if MEMP_MEM_MALLOC
 277:Middlewares/Third_Party/LwIP/src/core/memp.c ****     memp_overflow_init_element(memp, desc);
 278:Middlewares/Third_Party/LwIP/src/core/memp.c **** #endif /* MEMP_MEM_MALLOC */
 279:Middlewares/Third_Party/LwIP/src/core/memp.c **** #endif /* MEMP_OVERFLOW_CHECK */
 280:Middlewares/Third_Party/LwIP/src/core/memp.c ****     LWIP_ASSERT("memp_malloc: memp properly aligned",
  66              		.loc 1 280 5 is_stmt 1 view .LVU13
  67              		.loc 1 280 5 view .LVU14
  68 000c 14F0030F 		tst	r4, #3
  69 0010 01D1     		bne	.L5
  70              	.LVL2:
  71              	.L1:
 281:Middlewares/Third_Party/LwIP/src/core/memp.c ****                 ((mem_ptr_t)memp % MEM_ALIGNMENT) == 0);
 282:Middlewares/Third_Party/LwIP/src/core/memp.c **** #if MEMP_STATS
 283:Middlewares/Third_Party/LwIP/src/core/memp.c ****     desc->stats->used++;
 284:Middlewares/Third_Party/LwIP/src/core/memp.c ****     if (desc->stats->used > desc->stats->max) {
 285:Middlewares/Third_Party/LwIP/src/core/memp.c ****       desc->stats->max = desc->stats->used;
 286:Middlewares/Third_Party/LwIP/src/core/memp.c ****     }
 287:Middlewares/Third_Party/LwIP/src/core/memp.c **** #endif
 288:Middlewares/Third_Party/LwIP/src/core/memp.c ****     SYS_ARCH_UNPROTECT(old_level);
 289:Middlewares/Third_Party/LwIP/src/core/memp.c ****     /* cast through u8_t* to get rid of alignment warnings */
 290:Middlewares/Third_Party/LwIP/src/core/memp.c ****     return ((u8_t *)memp + MEMP_SIZE);
 291:Middlewares/Third_Party/LwIP/src/core/memp.c ****   } else {
 292:Middlewares/Third_Party/LwIP/src/core/memp.c **** #if MEMP_STATS
 293:Middlewares/Third_Party/LwIP/src/core/memp.c ****     desc->stats->err++;
 294:Middlewares/Third_Party/LwIP/src/core/memp.c **** #endif
 295:Middlewares/Third_Party/LwIP/src/core/memp.c ****     SYS_ARCH_UNPROTECT(old_level);
 296:Middlewares/Third_Party/LwIP/src/core/memp.c ****     LWIP_DEBUGF(MEMP_DEBUG | LWIP_DBG_LEVEL_SERIOUS, ("memp_malloc: out of memory in pool %s\n", de
 297:Middlewares/Third_Party/LwIP/src/core/memp.c ****   }
 298:Middlewares/Third_Party/LwIP/src/core/memp.c **** 
 299:Middlewares/Third_Party/LwIP/src/core/memp.c ****   return NULL;
 300:Middlewares/Third_Party/LwIP/src/core/memp.c **** }
  72              		.loc 1 300 1 is_stmt 0 view .LVU15
  73 0012 2046     		mov	r0, r4
  74 0014 10BD     		pop	{r4, pc}
  75              	.LVL3:
  76              	.L5:
 280:Middlewares/Third_Party/LwIP/src/core/memp.c ****                 ((mem_ptr_t)memp % MEM_ALIGNMENT) == 0);
  77              		.loc 1 280 5 is_stmt 1 discriminator 1 view .LVU16
 280:Middlewares/Third_Party/LwIP/src/core/memp.c ****                 ((mem_ptr_t)memp % MEM_ALIGNMENT) == 0);
  78              		.loc 1 280 5 discriminator 1 view .LVU17
  79 0016 044B     		ldr	r3, .L6
  80 0018 4FF48C72 		mov	r2, #280
  81 001c 0349     		ldr	r1, .L6+4
  82 001e 0448     		ldr	r0, .L6+8
  83              	.LVL4:
 280:Middlewares/Third_Party/LwIP/src/core/memp.c ****                 ((mem_ptr_t)memp % MEM_ALIGNMENT) == 0);
  84              		.loc 1 280 5 is_stmt 0 discriminator 1 view .LVU18
  85 0020 FFF7FEFF 		bl	printf
ARM GAS  /tmp/ccgdqeus.s 			page 8


  86              	.LVL5:
 280:Middlewares/Third_Party/LwIP/src/core/memp.c ****                 ((mem_ptr_t)memp % MEM_ALIGNMENT) == 0);
  87              		.loc 1 280 5 is_stmt 1 discriminator 3 view .LVU19
 280:Middlewares/Third_Party/LwIP/src/core/memp.c ****                 ((mem_ptr_t)memp % MEM_ALIGNMENT) == 0);
  88              		.loc 1 280 5 discriminator 3 view .LVU20
 288:Middlewares/Third_Party/LwIP/src/core/memp.c ****     /* cast through u8_t* to get rid of alignment warnings */
  89              		.loc 1 288 34 view .LVU21
 290:Middlewares/Third_Party/LwIP/src/core/memp.c ****   } else {
  90              		.loc 1 290 5 view .LVU22
 290:Middlewares/Third_Party/LwIP/src/core/memp.c ****   } else {
  91              		.loc 1 290 26 is_stmt 0 view .LVU23
  92 0024 F5E7     		b	.L1
  93              	.L7:
  94 0026 00BF     		.align	2
  95              	.L6:
  96 0028 00000000 		.word	.LC0
  97 002c 30000000 		.word	.LC1
  98 0030 54000000 		.word	.LC2
  99              		.cfi_endproc
 100              	.LFE158:
 102              		.section	.rodata.do_memp_free_pool.str1.4,"aMS",%progbits,1
 103              		.align	2
 104              	.LC3:
 105 0000 6D656D70 		.ascii	"memp_free: mem properly aligned\000"
 105      5F667265 
 105      653A206D 
 105      656D2070 
 105      726F7065 
 106              		.section	.text.do_memp_free_pool,"ax",%progbits
 107              		.align	1
 108              		.syntax unified
 109              		.thumb
 110              		.thumb_func
 112              	do_memp_free_pool:
 113              	.LVL6:
 114              	.LFB161:
 301:Middlewares/Third_Party/LwIP/src/core/memp.c **** 
 302:Middlewares/Third_Party/LwIP/src/core/memp.c **** /**
 303:Middlewares/Third_Party/LwIP/src/core/memp.c ****  * Get an element from a custom pool.
 304:Middlewares/Third_Party/LwIP/src/core/memp.c ****  *
 305:Middlewares/Third_Party/LwIP/src/core/memp.c ****  * @param desc the pool to get an element from
 306:Middlewares/Third_Party/LwIP/src/core/memp.c ****  *
 307:Middlewares/Third_Party/LwIP/src/core/memp.c ****  * @return a pointer to the allocated memory or a NULL pointer on error
 308:Middlewares/Third_Party/LwIP/src/core/memp.c ****  */
 309:Middlewares/Third_Party/LwIP/src/core/memp.c **** void *
 310:Middlewares/Third_Party/LwIP/src/core/memp.c **** #if !MEMP_OVERFLOW_CHECK
 311:Middlewares/Third_Party/LwIP/src/core/memp.c **** memp_malloc_pool(const struct memp_desc *desc)
 312:Middlewares/Third_Party/LwIP/src/core/memp.c **** #else
 313:Middlewares/Third_Party/LwIP/src/core/memp.c **** memp_malloc_pool_fn(const struct memp_desc *desc, const char *file, const int line)
 314:Middlewares/Third_Party/LwIP/src/core/memp.c **** #endif
 315:Middlewares/Third_Party/LwIP/src/core/memp.c **** {
 316:Middlewares/Third_Party/LwIP/src/core/memp.c ****   LWIP_ASSERT("invalid pool desc", desc != NULL);
 317:Middlewares/Third_Party/LwIP/src/core/memp.c ****   if (desc == NULL) {
 318:Middlewares/Third_Party/LwIP/src/core/memp.c ****     return NULL;
 319:Middlewares/Third_Party/LwIP/src/core/memp.c ****   }
 320:Middlewares/Third_Party/LwIP/src/core/memp.c **** 
 321:Middlewares/Third_Party/LwIP/src/core/memp.c **** #if !MEMP_OVERFLOW_CHECK
ARM GAS  /tmp/ccgdqeus.s 			page 9


 322:Middlewares/Third_Party/LwIP/src/core/memp.c ****   return do_memp_malloc_pool(desc);
 323:Middlewares/Third_Party/LwIP/src/core/memp.c **** #else
 324:Middlewares/Third_Party/LwIP/src/core/memp.c ****   return do_memp_malloc_pool_fn(desc, file, line);
 325:Middlewares/Third_Party/LwIP/src/core/memp.c **** #endif
 326:Middlewares/Third_Party/LwIP/src/core/memp.c **** }
 327:Middlewares/Third_Party/LwIP/src/core/memp.c **** 
 328:Middlewares/Third_Party/LwIP/src/core/memp.c **** /**
 329:Middlewares/Third_Party/LwIP/src/core/memp.c ****  * Get an element from a specific pool.
 330:Middlewares/Third_Party/LwIP/src/core/memp.c ****  *
 331:Middlewares/Third_Party/LwIP/src/core/memp.c ****  * @param type the pool to get an element from
 332:Middlewares/Third_Party/LwIP/src/core/memp.c ****  *
 333:Middlewares/Third_Party/LwIP/src/core/memp.c ****  * @return a pointer to the allocated memory or a NULL pointer on error
 334:Middlewares/Third_Party/LwIP/src/core/memp.c ****  */
 335:Middlewares/Third_Party/LwIP/src/core/memp.c **** void *
 336:Middlewares/Third_Party/LwIP/src/core/memp.c **** #if !MEMP_OVERFLOW_CHECK
 337:Middlewares/Third_Party/LwIP/src/core/memp.c **** memp_malloc(memp_t type)
 338:Middlewares/Third_Party/LwIP/src/core/memp.c **** #else
 339:Middlewares/Third_Party/LwIP/src/core/memp.c **** memp_malloc_fn(memp_t type, const char *file, const int line)
 340:Middlewares/Third_Party/LwIP/src/core/memp.c **** #endif
 341:Middlewares/Third_Party/LwIP/src/core/memp.c **** {
 342:Middlewares/Third_Party/LwIP/src/core/memp.c ****   void *memp;
 343:Middlewares/Third_Party/LwIP/src/core/memp.c ****   LWIP_ERROR("memp_malloc: type < MEMP_MAX", (type < MEMP_MAX), return NULL;);
 344:Middlewares/Third_Party/LwIP/src/core/memp.c **** 
 345:Middlewares/Third_Party/LwIP/src/core/memp.c **** #if MEMP_OVERFLOW_CHECK >= 2
 346:Middlewares/Third_Party/LwIP/src/core/memp.c ****   memp_overflow_check_all();
 347:Middlewares/Third_Party/LwIP/src/core/memp.c **** #endif /* MEMP_OVERFLOW_CHECK >= 2 */
 348:Middlewares/Third_Party/LwIP/src/core/memp.c **** 
 349:Middlewares/Third_Party/LwIP/src/core/memp.c **** #if !MEMP_OVERFLOW_CHECK
 350:Middlewares/Third_Party/LwIP/src/core/memp.c ****   memp = do_memp_malloc_pool(memp_pools[type]);
 351:Middlewares/Third_Party/LwIP/src/core/memp.c **** #else
 352:Middlewares/Third_Party/LwIP/src/core/memp.c ****   memp = do_memp_malloc_pool_fn(memp_pools[type], file, line);
 353:Middlewares/Third_Party/LwIP/src/core/memp.c **** #endif
 354:Middlewares/Third_Party/LwIP/src/core/memp.c **** 
 355:Middlewares/Third_Party/LwIP/src/core/memp.c ****   return memp;
 356:Middlewares/Third_Party/LwIP/src/core/memp.c **** }
 357:Middlewares/Third_Party/LwIP/src/core/memp.c **** 
 358:Middlewares/Third_Party/LwIP/src/core/memp.c **** static void
 359:Middlewares/Third_Party/LwIP/src/core/memp.c **** do_memp_free_pool(const struct memp_desc *desc, void *mem)
 360:Middlewares/Third_Party/LwIP/src/core/memp.c **** {
 115              		.loc 1 360 1 is_stmt 1 view -0
 116              		.cfi_startproc
 117              		@ args = 0, pretend = 0, frame = 0
 118              		@ frame_needed = 0, uses_anonymous_args = 0
 119              		.loc 1 360 1 is_stmt 0 view .LVU25
 120 0000 38B5     		push	{r3, r4, r5, lr}
 121              	.LCFI1:
 122              		.cfi_def_cfa_offset 16
 123              		.cfi_offset 3, -16
 124              		.cfi_offset 4, -12
 125              		.cfi_offset 5, -8
 126              		.cfi_offset 14, -4
 127 0002 0546     		mov	r5, r0
 128 0004 0C46     		mov	r4, r1
 361:Middlewares/Third_Party/LwIP/src/core/memp.c ****   struct memp *memp;
 129              		.loc 1 361 3 is_stmt 1 view .LVU26
 362:Middlewares/Third_Party/LwIP/src/core/memp.c ****   SYS_ARCH_DECL_PROTECT(old_level);
 130              		.loc 1 362 35 view .LVU27
ARM GAS  /tmp/ccgdqeus.s 			page 10


 363:Middlewares/Third_Party/LwIP/src/core/memp.c **** 
 364:Middlewares/Third_Party/LwIP/src/core/memp.c ****   LWIP_ASSERT("memp_free: mem properly aligned",
 131              		.loc 1 364 3 view .LVU28
 132              		.loc 1 364 3 view .LVU29
 133 0006 11F0030F 		tst	r1, #3
 134 000a 05D1     		bne	.L11
 135              	.LVL7:
 136              	.L9:
 137              		.loc 1 364 3 discriminator 3 view .LVU30
 138              		.loc 1 364 3 discriminator 3 view .LVU31
 365:Middlewares/Third_Party/LwIP/src/core/memp.c ****               ((mem_ptr_t)mem % MEM_ALIGNMENT) == 0);
 366:Middlewares/Third_Party/LwIP/src/core/memp.c **** 
 367:Middlewares/Third_Party/LwIP/src/core/memp.c ****   /* cast through void* to get rid of alignment warnings */
 368:Middlewares/Third_Party/LwIP/src/core/memp.c ****   memp = (struct memp *)(void *)((u8_t *)mem - MEMP_SIZE);
 139              		.loc 1 368 3 view .LVU32
 369:Middlewares/Third_Party/LwIP/src/core/memp.c **** 
 370:Middlewares/Third_Party/LwIP/src/core/memp.c ****   SYS_ARCH_PROTECT(old_level);
 140              		.loc 1 370 30 view .LVU33
 371:Middlewares/Third_Party/LwIP/src/core/memp.c **** 
 372:Middlewares/Third_Party/LwIP/src/core/memp.c **** #if MEMP_OVERFLOW_CHECK == 1
 373:Middlewares/Third_Party/LwIP/src/core/memp.c ****   memp_overflow_check_element(memp, desc);
 374:Middlewares/Third_Party/LwIP/src/core/memp.c **** #endif /* MEMP_OVERFLOW_CHECK */
 375:Middlewares/Third_Party/LwIP/src/core/memp.c **** 
 376:Middlewares/Third_Party/LwIP/src/core/memp.c **** #if MEMP_STATS
 377:Middlewares/Third_Party/LwIP/src/core/memp.c ****   desc->stats->used--;
 378:Middlewares/Third_Party/LwIP/src/core/memp.c **** #endif
 379:Middlewares/Third_Party/LwIP/src/core/memp.c **** 
 380:Middlewares/Third_Party/LwIP/src/core/memp.c **** #if MEMP_MEM_MALLOC
 381:Middlewares/Third_Party/LwIP/src/core/memp.c ****   LWIP_UNUSED_ARG(desc);
 382:Middlewares/Third_Party/LwIP/src/core/memp.c ****   SYS_ARCH_UNPROTECT(old_level);
 383:Middlewares/Third_Party/LwIP/src/core/memp.c ****   mem_free(memp);
 384:Middlewares/Third_Party/LwIP/src/core/memp.c **** #else /* MEMP_MEM_MALLOC */
 385:Middlewares/Third_Party/LwIP/src/core/memp.c ****   memp->next = *desc->tab;
 141              		.loc 1 385 3 view .LVU34
 142              		.loc 1 385 21 is_stmt 0 view .LVU35
 143 000c EB68     		ldr	r3, [r5, #12]
 144              		.loc 1 385 16 view .LVU36
 145 000e 1B68     		ldr	r3, [r3]
 146              		.loc 1 385 14 view .LVU37
 147 0010 2360     		str	r3, [r4]
 386:Middlewares/Third_Party/LwIP/src/core/memp.c ****   *desc->tab = memp;
 148              		.loc 1 386 3 is_stmt 1 view .LVU38
 149              		.loc 1 386 8 is_stmt 0 view .LVU39
 150 0012 EB68     		ldr	r3, [r5, #12]
 151              		.loc 1 386 14 view .LVU40
 152 0014 1C60     		str	r4, [r3]
 387:Middlewares/Third_Party/LwIP/src/core/memp.c **** 
 388:Middlewares/Third_Party/LwIP/src/core/memp.c **** #if MEMP_SANITY_CHECK
 389:Middlewares/Third_Party/LwIP/src/core/memp.c ****   LWIP_ASSERT("memp sanity", memp_sanity(desc));
 390:Middlewares/Third_Party/LwIP/src/core/memp.c **** #endif /* MEMP_SANITY_CHECK */
 391:Middlewares/Third_Party/LwIP/src/core/memp.c **** 
 392:Middlewares/Third_Party/LwIP/src/core/memp.c ****   SYS_ARCH_UNPROTECT(old_level);
 153              		.loc 1 392 32 is_stmt 1 view .LVU41
 393:Middlewares/Third_Party/LwIP/src/core/memp.c **** #endif /* !MEMP_MEM_MALLOC */
 394:Middlewares/Third_Party/LwIP/src/core/memp.c **** }
 154              		.loc 1 394 1 is_stmt 0 view .LVU42
 155 0016 38BD     		pop	{r3, r4, r5, pc}
ARM GAS  /tmp/ccgdqeus.s 			page 11


 156              	.LVL8:
 157              	.L11:
 364:Middlewares/Third_Party/LwIP/src/core/memp.c ****               ((mem_ptr_t)mem % MEM_ALIGNMENT) == 0);
 158              		.loc 1 364 3 is_stmt 1 discriminator 1 view .LVU43
 364:Middlewares/Third_Party/LwIP/src/core/memp.c ****               ((mem_ptr_t)mem % MEM_ALIGNMENT) == 0);
 159              		.loc 1 364 3 discriminator 1 view .LVU44
 160 0018 034B     		ldr	r3, .L12
 161 001a 4FF4B672 		mov	r2, #364
 162 001e 0349     		ldr	r1, .L12+4
 163              	.LVL9:
 364:Middlewares/Third_Party/LwIP/src/core/memp.c ****               ((mem_ptr_t)mem % MEM_ALIGNMENT) == 0);
 164              		.loc 1 364 3 is_stmt 0 discriminator 1 view .LVU45
 165 0020 0348     		ldr	r0, .L12+8
 166              	.LVL10:
 364:Middlewares/Third_Party/LwIP/src/core/memp.c ****               ((mem_ptr_t)mem % MEM_ALIGNMENT) == 0);
 167              		.loc 1 364 3 discriminator 1 view .LVU46
 168 0022 FFF7FEFF 		bl	printf
 169              	.LVL11:
 170 0026 F1E7     		b	.L9
 171              	.L13:
 172              		.align	2
 173              	.L12:
 174 0028 00000000 		.word	.LC0
 175 002c 00000000 		.word	.LC3
 176 0030 54000000 		.word	.LC2
 177              		.cfi_endproc
 178              	.LFE161:
 180              		.section	.text.memp_init_pool,"ax",%progbits
 181              		.align	1
 182              		.global	memp_init_pool
 183              		.syntax unified
 184              		.thumb
 185              		.thumb_func
 187              	memp_init_pool:
 188              	.LVL12:
 189              	.LFB156:
 176:Middlewares/Third_Party/LwIP/src/core/memp.c **** #if MEMP_MEM_MALLOC
 190              		.loc 1 176 1 is_stmt 1 view -0
 191              		.cfi_startproc
 192              		@ args = 0, pretend = 0, frame = 0
 193              		@ frame_needed = 0, uses_anonymous_args = 0
 194              		@ link register save eliminated.
 180:Middlewares/Third_Party/LwIP/src/core/memp.c ****   struct memp *memp;
 195              		.loc 1 180 3 view .LVU48
 181:Middlewares/Third_Party/LwIP/src/core/memp.c **** 
 196              		.loc 1 181 3 view .LVU49
 183:Middlewares/Third_Party/LwIP/src/core/memp.c ****   memp = (struct memp *)LWIP_MEM_ALIGN(desc->base);
 197              		.loc 1 183 3 view .LVU50
 183:Middlewares/Third_Party/LwIP/src/core/memp.c ****   memp = (struct memp *)LWIP_MEM_ALIGN(desc->base);
 198              		.loc 1 183 8 is_stmt 0 view .LVU51
 199 0000 C368     		ldr	r3, [r0, #12]
 183:Middlewares/Third_Party/LwIP/src/core/memp.c ****   memp = (struct memp *)LWIP_MEM_ALIGN(desc->base);
 200              		.loc 1 183 14 view .LVU52
 201 0002 0022     		movs	r2, #0
 202 0004 1A60     		str	r2, [r3]
 184:Middlewares/Third_Party/LwIP/src/core/memp.c **** #if MEMP_MEM_INIT
 203              		.loc 1 184 3 is_stmt 1 view .LVU53
ARM GAS  /tmp/ccgdqeus.s 			page 12


 184:Middlewares/Third_Party/LwIP/src/core/memp.c **** #if MEMP_MEM_INIT
 204              		.loc 1 184 25 is_stmt 0 view .LVU54
 205 0006 8368     		ldr	r3, [r0, #8]
 206 0008 0333     		adds	r3, r3, #3
 207 000a 23F00303 		bic	r3, r3, #3
 208              	.LVL13:
 194:Middlewares/Third_Party/LwIP/src/core/memp.c ****     memp->next = *desc->tab;
 209              		.loc 1 194 3 is_stmt 1 view .LVU55
 194:Middlewares/Third_Party/LwIP/src/core/memp.c ****     memp->next = *desc->tab;
 210              		.loc 1 194 3 is_stmt 0 view .LVU56
 211 000e 07E0     		b	.L15
 212              	.LVL14:
 213              	.L16:
 195:Middlewares/Third_Party/LwIP/src/core/memp.c ****     *desc->tab = memp;
 214              		.loc 1 195 5 is_stmt 1 view .LVU57
 195:Middlewares/Third_Party/LwIP/src/core/memp.c ****     *desc->tab = memp;
 215              		.loc 1 195 23 is_stmt 0 view .LVU58
 216 0010 C168     		ldr	r1, [r0, #12]
 195:Middlewares/Third_Party/LwIP/src/core/memp.c ****     *desc->tab = memp;
 217              		.loc 1 195 18 view .LVU59
 218 0012 0968     		ldr	r1, [r1]
 195:Middlewares/Third_Party/LwIP/src/core/memp.c ****     *desc->tab = memp;
 219              		.loc 1 195 16 view .LVU60
 220 0014 1960     		str	r1, [r3]
 196:Middlewares/Third_Party/LwIP/src/core/memp.c **** #if MEMP_OVERFLOW_CHECK
 221              		.loc 1 196 5 is_stmt 1 view .LVU61
 196:Middlewares/Third_Party/LwIP/src/core/memp.c **** #if MEMP_OVERFLOW_CHECK
 222              		.loc 1 196 10 is_stmt 0 view .LVU62
 223 0016 C168     		ldr	r1, [r0, #12]
 196:Middlewares/Third_Party/LwIP/src/core/memp.c **** #if MEMP_OVERFLOW_CHECK
 224              		.loc 1 196 16 view .LVU63
 225 0018 0B60     		str	r3, [r1]
 201:Middlewares/Third_Party/LwIP/src/core/memp.c **** #if MEMP_OVERFLOW_CHECK
 226              		.loc 1 201 5 is_stmt 1 view .LVU64
 201:Middlewares/Third_Party/LwIP/src/core/memp.c **** #if MEMP_OVERFLOW_CHECK
 227              		.loc 1 201 67 is_stmt 0 view .LVU65
 228 001a 8188     		ldrh	r1, [r0, #4]
 201:Middlewares/Third_Party/LwIP/src/core/memp.c **** #if MEMP_OVERFLOW_CHECK
 229              		.loc 1 201 10 view .LVU66
 230 001c 0B44     		add	r3, r3, r1
 231              	.LVL15:
 194:Middlewares/Third_Party/LwIP/src/core/memp.c ****     memp->next = *desc->tab;
 232              		.loc 1 194 30 is_stmt 1 discriminator 3 view .LVU67
 233 001e 0132     		adds	r2, r2, #1
 234              	.LVL16:
 235              	.L15:
 194:Middlewares/Third_Party/LwIP/src/core/memp.c ****     memp->next = *desc->tab;
 236              		.loc 1 194 17 discriminator 1 view .LVU68
 194:Middlewares/Third_Party/LwIP/src/core/memp.c ****     memp->next = *desc->tab;
 237              		.loc 1 194 23 is_stmt 0 discriminator 1 view .LVU69
 238 0020 C188     		ldrh	r1, [r0, #6]
 194:Middlewares/Third_Party/LwIP/src/core/memp.c ****     memp->next = *desc->tab;
 239              		.loc 1 194 17 discriminator 1 view .LVU70
 240 0022 9142     		cmp	r1, r2
 241 0024 F4DC     		bgt	.L16
 215:Middlewares/Third_Party/LwIP/src/core/memp.c **** 
 242              		.loc 1 215 1 view .LVU71
ARM GAS  /tmp/ccgdqeus.s 			page 13


 243 0026 7047     		bx	lr
 244              		.cfi_endproc
 245              	.LFE156:
 247              		.section	.text.memp_init,"ax",%progbits
 248              		.align	1
 249              		.global	memp_init
 250              		.syntax unified
 251              		.thumb
 252              		.thumb_func
 254              	memp_init:
 255              	.LFB157:
 225:Middlewares/Third_Party/LwIP/src/core/memp.c ****   u16_t i;
 256              		.loc 1 225 1 is_stmt 1 view -0
 257              		.cfi_startproc
 258              		@ args = 0, pretend = 0, frame = 0
 259              		@ frame_needed = 0, uses_anonymous_args = 0
 260 0000 10B5     		push	{r4, lr}
 261              	.LCFI2:
 262              		.cfi_def_cfa_offset 8
 263              		.cfi_offset 4, -8
 264              		.cfi_offset 14, -4
 226:Middlewares/Third_Party/LwIP/src/core/memp.c **** 
 265              		.loc 1 226 3 view .LVU73
 229:Middlewares/Third_Party/LwIP/src/core/memp.c ****     memp_init_pool(memp_pools[i]);
 266              		.loc 1 229 3 view .LVU74
 267              	.LVL17:
 229:Middlewares/Third_Party/LwIP/src/core/memp.c ****     memp_init_pool(memp_pools[i]);
 268              		.loc 1 229 10 is_stmt 0 view .LVU75
 269 0002 0024     		movs	r4, #0
 229:Middlewares/Third_Party/LwIP/src/core/memp.c ****     memp_init_pool(memp_pools[i]);
 270              		.loc 1 229 3 view .LVU76
 271 0004 06E0     		b	.L18
 272              	.LVL18:
 273              	.L19:
 230:Middlewares/Third_Party/LwIP/src/core/memp.c **** 
 274              		.loc 1 230 5 is_stmt 1 view .LVU77
 275 0006 054B     		ldr	r3, .L21
 276 0008 53F82400 		ldr	r0, [r3, r4, lsl #2]
 277 000c FFF7FEFF 		bl	memp_init_pool
 278              	.LVL19:
 229:Middlewares/Third_Party/LwIP/src/core/memp.c ****     memp_init_pool(memp_pools[i]);
 279              		.loc 1 229 48 discriminator 3 view .LVU78
 280 0010 0134     		adds	r4, r4, #1
 281              	.LVL20:
 229:Middlewares/Third_Party/LwIP/src/core/memp.c ****     memp_init_pool(memp_pools[i]);
 282              		.loc 1 229 48 is_stmt 0 discriminator 3 view .LVU79
 283 0012 A4B2     		uxth	r4, r4
 284              	.LVL21:
 285              	.L18:
 229:Middlewares/Third_Party/LwIP/src/core/memp.c ****     memp_init_pool(memp_pools[i]);
 286              		.loc 1 229 17 is_stmt 1 discriminator 1 view .LVU80
 287 0014 082C     		cmp	r4, #8
 288 0016 F6D9     		bls	.L19
 241:Middlewares/Third_Party/LwIP/src/core/memp.c **** 
 289              		.loc 1 241 1 is_stmt 0 view .LVU81
 290 0018 10BD     		pop	{r4, pc}
 291              	.LVL22:
ARM GAS  /tmp/ccgdqeus.s 			page 14


 292              	.L22:
 241:Middlewares/Third_Party/LwIP/src/core/memp.c **** 
 293              		.loc 1 241 1 view .LVU82
 294 001a 00BF     		.align	2
 295              	.L21:
 296 001c 00000000 		.word	memp_pools
 297              		.cfi_endproc
 298              	.LFE157:
 300              		.section	.rodata.memp_malloc_pool.str1.4,"aMS",%progbits,1
 301              		.align	2
 302              	.LC4:
 303 0000 696E7661 		.ascii	"invalid pool desc\000"
 303      6C696420 
 303      706F6F6C 
 303      20646573 
 303      6300
 304              		.section	.text.memp_malloc_pool,"ax",%progbits
 305              		.align	1
 306              		.global	memp_malloc_pool
 307              		.syntax unified
 308              		.thumb
 309              		.thumb_func
 311              	memp_malloc_pool:
 312              	.LVL23:
 313              	.LFB159:
 315:Middlewares/Third_Party/LwIP/src/core/memp.c ****   LWIP_ASSERT("invalid pool desc", desc != NULL);
 314              		.loc 1 315 1 is_stmt 1 view -0
 315              		.cfi_startproc
 316              		@ args = 0, pretend = 0, frame = 0
 317              		@ frame_needed = 0, uses_anonymous_args = 0
 315:Middlewares/Third_Party/LwIP/src/core/memp.c ****   LWIP_ASSERT("invalid pool desc", desc != NULL);
 318              		.loc 1 315 1 is_stmt 0 view .LVU84
 319 0000 10B5     		push	{r4, lr}
 320              	.LCFI3:
 321              		.cfi_def_cfa_offset 8
 322              		.cfi_offset 4, -8
 323              		.cfi_offset 14, -4
 316:Middlewares/Third_Party/LwIP/src/core/memp.c ****   if (desc == NULL) {
 324              		.loc 1 316 3 is_stmt 1 view .LVU85
 316:Middlewares/Third_Party/LwIP/src/core/memp.c ****   if (desc == NULL) {
 325              		.loc 1 316 3 view .LVU86
 326 0002 0446     		mov	r4, r0
 327 0004 10B1     		cbz	r0, .L24
 316:Middlewares/Third_Party/LwIP/src/core/memp.c ****   if (desc == NULL) {
 328              		.loc 1 316 3 discriminator 3 view .LVU87
 316:Middlewares/Third_Party/LwIP/src/core/memp.c ****   if (desc == NULL) {
 329              		.loc 1 316 3 discriminator 3 view .LVU88
 317:Middlewares/Third_Party/LwIP/src/core/memp.c ****     return NULL;
 330              		.loc 1 317 3 view .LVU89
 322:Middlewares/Third_Party/LwIP/src/core/memp.c **** #else
 331              		.loc 1 322 3 view .LVU90
 322:Middlewares/Third_Party/LwIP/src/core/memp.c **** #else
 332              		.loc 1 322 10 is_stmt 0 view .LVU91
 333 0006 FFF7FEFF 		bl	do_memp_malloc_pool
 334              	.LVL24:
 335              	.L23:
 326:Middlewares/Third_Party/LwIP/src/core/memp.c **** 
ARM GAS  /tmp/ccgdqeus.s 			page 15


 336              		.loc 1 326 1 view .LVU92
 337 000a 10BD     		pop	{r4, pc}
 338              	.LVL25:
 339              	.L24:
 316:Middlewares/Third_Party/LwIP/src/core/memp.c ****   if (desc == NULL) {
 340              		.loc 1 316 3 is_stmt 1 discriminator 1 view .LVU93
 316:Middlewares/Third_Party/LwIP/src/core/memp.c ****   if (desc == NULL) {
 341              		.loc 1 316 3 discriminator 1 view .LVU94
 342 000c 044B     		ldr	r3, .L27
 343 000e 4FF49E72 		mov	r2, #316
 344 0012 0449     		ldr	r1, .L27+4
 345 0014 0448     		ldr	r0, .L27+8
 346              	.LVL26:
 316:Middlewares/Third_Party/LwIP/src/core/memp.c ****   if (desc == NULL) {
 347              		.loc 1 316 3 is_stmt 0 discriminator 1 view .LVU95
 348 0016 FFF7FEFF 		bl	printf
 349              	.LVL27:
 316:Middlewares/Third_Party/LwIP/src/core/memp.c ****   if (desc == NULL) {
 350              		.loc 1 316 3 is_stmt 1 discriminator 3 view .LVU96
 316:Middlewares/Third_Party/LwIP/src/core/memp.c ****   if (desc == NULL) {
 351              		.loc 1 316 3 discriminator 3 view .LVU97
 317:Middlewares/Third_Party/LwIP/src/core/memp.c ****     return NULL;
 352              		.loc 1 317 3 view .LVU98
 318:Middlewares/Third_Party/LwIP/src/core/memp.c ****   }
 353              		.loc 1 318 5 view .LVU99
 318:Middlewares/Third_Party/LwIP/src/core/memp.c ****   }
 354              		.loc 1 318 12 is_stmt 0 view .LVU100
 355 001a 2046     		mov	r0, r4
 356 001c F5E7     		b	.L23
 357              	.L28:
 358 001e 00BF     		.align	2
 359              	.L27:
 360 0020 00000000 		.word	.LC0
 361 0024 00000000 		.word	.LC4
 362 0028 54000000 		.word	.LC2
 363              		.cfi_endproc
 364              	.LFE159:
 366              		.section	.rodata.memp_malloc.str1.4,"aMS",%progbits,1
 367              		.align	2
 368              	.LC5:
 369 0000 6D656D70 		.ascii	"memp_malloc: type < MEMP_MAX\000"
 369      5F6D616C 
 369      6C6F633A 
 369      20747970 
 369      65203C20 
 370              		.section	.text.memp_malloc,"ax",%progbits
 371              		.align	1
 372              		.global	memp_malloc
 373              		.syntax unified
 374              		.thumb
 375              		.thumb_func
 377              	memp_malloc:
 378              	.LVL28:
 379              	.LFB160:
 341:Middlewares/Third_Party/LwIP/src/core/memp.c ****   void *memp;
 380              		.loc 1 341 1 is_stmt 1 view -0
 381              		.cfi_startproc
ARM GAS  /tmp/ccgdqeus.s 			page 16


 382              		@ args = 0, pretend = 0, frame = 0
 383              		@ frame_needed = 0, uses_anonymous_args = 0
 341:Middlewares/Third_Party/LwIP/src/core/memp.c ****   void *memp;
 384              		.loc 1 341 1 is_stmt 0 view .LVU102
 385 0000 08B5     		push	{r3, lr}
 386              	.LCFI4:
 387              		.cfi_def_cfa_offset 8
 388              		.cfi_offset 3, -8
 389              		.cfi_offset 14, -4
 342:Middlewares/Third_Party/LwIP/src/core/memp.c ****   LWIP_ERROR("memp_malloc: type < MEMP_MAX", (type < MEMP_MAX), return NULL;);
 390              		.loc 1 342 3 is_stmt 1 view .LVU103
 343:Middlewares/Third_Party/LwIP/src/core/memp.c **** 
 391              		.loc 1 343 3 view .LVU104
 343:Middlewares/Third_Party/LwIP/src/core/memp.c **** 
 392              		.loc 1 343 3 view .LVU105
 393 0002 0828     		cmp	r0, #8
 394 0004 05D8     		bhi	.L33
 343:Middlewares/Third_Party/LwIP/src/core/memp.c **** 
 395              		.loc 1 343 3 discriminator 2 view .LVU106
 343:Middlewares/Third_Party/LwIP/src/core/memp.c **** 
 396              		.loc 1 343 3 discriminator 2 view .LVU107
 350:Middlewares/Third_Party/LwIP/src/core/memp.c **** #else
 397              		.loc 1 350 3 view .LVU108
 350:Middlewares/Third_Party/LwIP/src/core/memp.c **** #else
 398              		.loc 1 350 10 is_stmt 0 view .LVU109
 399 0006 074B     		ldr	r3, .L34
 400 0008 53F82000 		ldr	r0, [r3, r0, lsl #2]
 401              	.LVL29:
 350:Middlewares/Third_Party/LwIP/src/core/memp.c **** #else
 402              		.loc 1 350 10 view .LVU110
 403 000c FFF7FEFF 		bl	do_memp_malloc_pool
 404              	.LVL30:
 355:Middlewares/Third_Party/LwIP/src/core/memp.c **** }
 405              		.loc 1 355 3 is_stmt 1 view .LVU111
 406              	.L29:
 356:Middlewares/Third_Party/LwIP/src/core/memp.c **** 
 407              		.loc 1 356 1 is_stmt 0 view .LVU112
 408 0010 08BD     		pop	{r3, pc}
 409              	.LVL31:
 410              	.L33:
 343:Middlewares/Third_Party/LwIP/src/core/memp.c **** 
 411              		.loc 1 343 3 is_stmt 1 discriminator 1 view .LVU113
 343:Middlewares/Third_Party/LwIP/src/core/memp.c **** 
 412              		.loc 1 343 3 discriminator 1 view .LVU114
 413 0012 054B     		ldr	r3, .L34+4
 414 0014 40F25712 		movw	r2, #343
 415 0018 0449     		ldr	r1, .L34+8
 416 001a 0548     		ldr	r0, .L34+12
 417              	.LVL32:
 343:Middlewares/Third_Party/LwIP/src/core/memp.c **** 
 418              		.loc 1 343 3 is_stmt 0 discriminator 1 view .LVU115
 419 001c FFF7FEFF 		bl	printf
 420              	.LVL33:
 343:Middlewares/Third_Party/LwIP/src/core/memp.c **** 
 421              		.loc 1 343 3 is_stmt 1 discriminator 1 view .LVU116
 343:Middlewares/Third_Party/LwIP/src/core/memp.c **** 
 422              		.loc 1 343 3 discriminator 1 view .LVU117
ARM GAS  /tmp/ccgdqeus.s 			page 17


 423 0020 0020     		movs	r0, #0
 343:Middlewares/Third_Party/LwIP/src/core/memp.c **** 
 424              		.loc 1 343 3 is_stmt 0 view .LVU118
 425 0022 F5E7     		b	.L29
 426              	.L35:
 427              		.align	2
 428              	.L34:
 429 0024 00000000 		.word	memp_pools
 430 0028 00000000 		.word	.LC0
 431 002c 00000000 		.word	.LC5
 432 0030 54000000 		.word	.LC2
 433              		.cfi_endproc
 434              	.LFE160:
 436              		.section	.text.memp_free_pool,"ax",%progbits
 437              		.align	1
 438              		.global	memp_free_pool
 439              		.syntax unified
 440              		.thumb
 441              		.thumb_func
 443              	memp_free_pool:
 444              	.LVL34:
 445              	.LFB162:
 395:Middlewares/Third_Party/LwIP/src/core/memp.c **** 
 396:Middlewares/Third_Party/LwIP/src/core/memp.c **** /**
 397:Middlewares/Third_Party/LwIP/src/core/memp.c ****  * Put a custom pool element back into its pool.
 398:Middlewares/Third_Party/LwIP/src/core/memp.c ****  *
 399:Middlewares/Third_Party/LwIP/src/core/memp.c ****  * @param desc the pool where to put mem
 400:Middlewares/Third_Party/LwIP/src/core/memp.c ****  * @param mem the memp element to free
 401:Middlewares/Third_Party/LwIP/src/core/memp.c ****  */
 402:Middlewares/Third_Party/LwIP/src/core/memp.c **** void
 403:Middlewares/Third_Party/LwIP/src/core/memp.c **** memp_free_pool(const struct memp_desc *desc, void *mem)
 404:Middlewares/Third_Party/LwIP/src/core/memp.c **** {
 446              		.loc 1 404 1 is_stmt 1 view -0
 447              		.cfi_startproc
 448              		@ args = 0, pretend = 0, frame = 0
 449              		@ frame_needed = 0, uses_anonymous_args = 0
 450              		.loc 1 404 1 is_stmt 0 view .LVU120
 451 0000 08B5     		push	{r3, lr}
 452              	.LCFI5:
 453              		.cfi_def_cfa_offset 8
 454              		.cfi_offset 3, -8
 455              		.cfi_offset 14, -4
 405:Middlewares/Third_Party/LwIP/src/core/memp.c ****   LWIP_ASSERT("invalid pool desc", desc != NULL);
 456              		.loc 1 405 3 is_stmt 1 view .LVU121
 457              		.loc 1 405 3 view .LVU122
 458 0002 18B1     		cbz	r0, .L37
 459              		.loc 1 405 3 discriminator 3 view .LVU123
 460              		.loc 1 405 3 discriminator 3 view .LVU124
 406:Middlewares/Third_Party/LwIP/src/core/memp.c ****   if ((desc == NULL) || (mem == NULL)) {
 461              		.loc 1 406 3 view .LVU125
 462              		.loc 1 406 22 is_stmt 0 discriminator 1 view .LVU126
 463 0004 09B1     		cbz	r1, .L36
 407:Middlewares/Third_Party/LwIP/src/core/memp.c ****     return;
 408:Middlewares/Third_Party/LwIP/src/core/memp.c ****   }
 409:Middlewares/Third_Party/LwIP/src/core/memp.c **** 
 410:Middlewares/Third_Party/LwIP/src/core/memp.c ****   do_memp_free_pool(desc, mem);
 464              		.loc 1 410 3 is_stmt 1 view .LVU127
ARM GAS  /tmp/ccgdqeus.s 			page 18


 465 0006 FFF7FEFF 		bl	do_memp_free_pool
 466              	.LVL35:
 467              	.L36:
 411:Middlewares/Third_Party/LwIP/src/core/memp.c **** }
 468              		.loc 1 411 1 is_stmt 0 view .LVU128
 469 000a 08BD     		pop	{r3, pc}
 470              	.LVL36:
 471              	.L37:
 405:Middlewares/Third_Party/LwIP/src/core/memp.c ****   if ((desc == NULL) || (mem == NULL)) {
 472              		.loc 1 405 3 is_stmt 1 discriminator 1 view .LVU129
 405:Middlewares/Third_Party/LwIP/src/core/memp.c ****   if ((desc == NULL) || (mem == NULL)) {
 473              		.loc 1 405 3 discriminator 1 view .LVU130
 474 000c 034B     		ldr	r3, .L43
 475 000e 40F29512 		movw	r2, #405
 476 0012 0349     		ldr	r1, .L43+4
 477              	.LVL37:
 405:Middlewares/Third_Party/LwIP/src/core/memp.c ****   if ((desc == NULL) || (mem == NULL)) {
 478              		.loc 1 405 3 is_stmt 0 discriminator 1 view .LVU131
 479 0014 0348     		ldr	r0, .L43+8
 480              	.LVL38:
 405:Middlewares/Third_Party/LwIP/src/core/memp.c ****   if ((desc == NULL) || (mem == NULL)) {
 481              		.loc 1 405 3 discriminator 1 view .LVU132
 482 0016 FFF7FEFF 		bl	printf
 483              	.LVL39:
 405:Middlewares/Third_Party/LwIP/src/core/memp.c ****   if ((desc == NULL) || (mem == NULL)) {
 484              		.loc 1 405 3 is_stmt 1 discriminator 3 view .LVU133
 405:Middlewares/Third_Party/LwIP/src/core/memp.c ****   if ((desc == NULL) || (mem == NULL)) {
 485              		.loc 1 405 3 discriminator 3 view .LVU134
 406:Middlewares/Third_Party/LwIP/src/core/memp.c ****     return;
 486              		.loc 1 406 3 view .LVU135
 407:Middlewares/Third_Party/LwIP/src/core/memp.c ****   }
 487              		.loc 1 407 5 view .LVU136
 488 001a F6E7     		b	.L36
 489              	.L44:
 490              		.align	2
 491              	.L43:
 492 001c 00000000 		.word	.LC0
 493 0020 00000000 		.word	.LC4
 494 0024 54000000 		.word	.LC2
 495              		.cfi_endproc
 496              	.LFE162:
 498              		.section	.rodata.memp_free.str1.4,"aMS",%progbits,1
 499              		.align	2
 500              	.LC6:
 501 0000 6D656D70 		.ascii	"memp_free: type < MEMP_MAX\000"
 501      5F667265 
 501      653A2074 
 501      79706520 
 501      3C204D45 
 502              		.section	.text.memp_free,"ax",%progbits
 503              		.align	1
 504              		.global	memp_free
 505              		.syntax unified
 506              		.thumb
 507              		.thumb_func
 509              	memp_free:
 510              	.LVL40:
ARM GAS  /tmp/ccgdqeus.s 			page 19


 511              	.LFB163:
 412:Middlewares/Third_Party/LwIP/src/core/memp.c **** 
 413:Middlewares/Third_Party/LwIP/src/core/memp.c **** /**
 414:Middlewares/Third_Party/LwIP/src/core/memp.c ****  * Put an element back into its pool.
 415:Middlewares/Third_Party/LwIP/src/core/memp.c ****  *
 416:Middlewares/Third_Party/LwIP/src/core/memp.c ****  * @param type the pool where to put mem
 417:Middlewares/Third_Party/LwIP/src/core/memp.c ****  * @param mem the memp element to free
 418:Middlewares/Third_Party/LwIP/src/core/memp.c ****  */
 419:Middlewares/Third_Party/LwIP/src/core/memp.c **** void
 420:Middlewares/Third_Party/LwIP/src/core/memp.c **** memp_free(memp_t type, void *mem)
 421:Middlewares/Third_Party/LwIP/src/core/memp.c **** {
 512              		.loc 1 421 1 view -0
 513              		.cfi_startproc
 514              		@ args = 0, pretend = 0, frame = 0
 515              		@ frame_needed = 0, uses_anonymous_args = 0
 516              		.loc 1 421 1 is_stmt 0 view .LVU138
 517 0000 08B5     		push	{r3, lr}
 518              	.LCFI6:
 519              		.cfi_def_cfa_offset 8
 520              		.cfi_offset 3, -8
 521              		.cfi_offset 14, -4
 422:Middlewares/Third_Party/LwIP/src/core/memp.c **** #ifdef LWIP_HOOK_MEMP_AVAILABLE
 423:Middlewares/Third_Party/LwIP/src/core/memp.c ****   struct memp *old_first;
 424:Middlewares/Third_Party/LwIP/src/core/memp.c **** #endif
 425:Middlewares/Third_Party/LwIP/src/core/memp.c **** 
 426:Middlewares/Third_Party/LwIP/src/core/memp.c ****   LWIP_ERROR("memp_free: type < MEMP_MAX", (type < MEMP_MAX), return;);
 522              		.loc 1 426 3 is_stmt 1 view .LVU139
 523              		.loc 1 426 3 view .LVU140
 524 0002 0828     		cmp	r0, #8
 525 0004 06D8     		bhi	.L49
 526              		.loc 1 426 3 discriminator 2 view .LVU141
 527              		.loc 1 426 3 discriminator 2 view .LVU142
 427:Middlewares/Third_Party/LwIP/src/core/memp.c **** 
 428:Middlewares/Third_Party/LwIP/src/core/memp.c ****   if (mem == NULL) {
 528              		.loc 1 428 3 view .LVU143
 529              		.loc 1 428 6 is_stmt 0 view .LVU144
 530 0006 21B1     		cbz	r1, .L45
 429:Middlewares/Third_Party/LwIP/src/core/memp.c ****     return;
 430:Middlewares/Third_Party/LwIP/src/core/memp.c ****   }
 431:Middlewares/Third_Party/LwIP/src/core/memp.c **** 
 432:Middlewares/Third_Party/LwIP/src/core/memp.c **** #if MEMP_OVERFLOW_CHECK >= 2
 433:Middlewares/Third_Party/LwIP/src/core/memp.c ****   memp_overflow_check_all();
 434:Middlewares/Third_Party/LwIP/src/core/memp.c **** #endif /* MEMP_OVERFLOW_CHECK >= 2 */
 435:Middlewares/Third_Party/LwIP/src/core/memp.c **** 
 436:Middlewares/Third_Party/LwIP/src/core/memp.c **** #ifdef LWIP_HOOK_MEMP_AVAILABLE
 437:Middlewares/Third_Party/LwIP/src/core/memp.c ****   old_first = *memp_pools[type]->tab;
 438:Middlewares/Third_Party/LwIP/src/core/memp.c **** #endif
 439:Middlewares/Third_Party/LwIP/src/core/memp.c **** 
 440:Middlewares/Third_Party/LwIP/src/core/memp.c ****   do_memp_free_pool(memp_pools[type], mem);
 531              		.loc 1 440 3 is_stmt 1 view .LVU145
 532 0008 064B     		ldr	r3, .L50
 533 000a 53F82000 		ldr	r0, [r3, r0, lsl #2]
 534              	.LVL41:
 535              		.loc 1 440 3 is_stmt 0 view .LVU146
 536 000e FFF7FEFF 		bl	do_memp_free_pool
 537              	.LVL42:
 538              	.L45:
ARM GAS  /tmp/ccgdqeus.s 			page 20


 441:Middlewares/Third_Party/LwIP/src/core/memp.c **** 
 442:Middlewares/Third_Party/LwIP/src/core/memp.c **** #ifdef LWIP_HOOK_MEMP_AVAILABLE
 443:Middlewares/Third_Party/LwIP/src/core/memp.c ****   if (old_first == NULL) {
 444:Middlewares/Third_Party/LwIP/src/core/memp.c ****     LWIP_HOOK_MEMP_AVAILABLE(type);
 445:Middlewares/Third_Party/LwIP/src/core/memp.c ****   }
 446:Middlewares/Third_Party/LwIP/src/core/memp.c **** #endif
 447:Middlewares/Third_Party/LwIP/src/core/memp.c **** }
 539              		.loc 1 447 1 view .LVU147
 540 0012 08BD     		pop	{r3, pc}
 541              	.LVL43:
 542              	.L49:
 426:Middlewares/Third_Party/LwIP/src/core/memp.c **** 
 543              		.loc 1 426 3 is_stmt 1 discriminator 1 view .LVU148
 426:Middlewares/Third_Party/LwIP/src/core/memp.c **** 
 544              		.loc 1 426 3 discriminator 1 view .LVU149
 545 0014 044B     		ldr	r3, .L50+4
 546 0016 4FF4D572 		mov	r2, #426
 547 001a 0449     		ldr	r1, .L50+8
 548              	.LVL44:
 426:Middlewares/Third_Party/LwIP/src/core/memp.c **** 
 549              		.loc 1 426 3 is_stmt 0 discriminator 1 view .LVU150
 550 001c 0448     		ldr	r0, .L50+12
 551              	.LVL45:
 426:Middlewares/Third_Party/LwIP/src/core/memp.c **** 
 552              		.loc 1 426 3 discriminator 1 view .LVU151
 553 001e FFF7FEFF 		bl	printf
 554              	.LVL46:
 426:Middlewares/Third_Party/LwIP/src/core/memp.c **** 
 555              		.loc 1 426 3 is_stmt 1 discriminator 1 view .LVU152
 426:Middlewares/Third_Party/LwIP/src/core/memp.c **** 
 556              		.loc 1 426 3 discriminator 1 view .LVU153
 426:Middlewares/Third_Party/LwIP/src/core/memp.c **** 
 557              		.loc 1 426 3 is_stmt 0 view .LVU154
 558 0022 F6E7     		b	.L45
 559              	.L51:
 560              		.align	2
 561              	.L50:
 562 0024 00000000 		.word	memp_pools
 563 0028 00000000 		.word	.LC0
 564 002c 00000000 		.word	.LC6
 565 0030 54000000 		.word	.LC2
 566              		.cfi_endproc
 567              	.LFE163:
 569              		.global	memp_pools
 570              		.section	.rodata.memp_pools,"a"
 571              		.align	2
 574              	memp_pools:
 575 0000 00000000 		.word	memp_UDP_PCB
 576 0004 00000000 		.word	memp_TCP_PCB
 577 0008 00000000 		.word	memp_TCP_PCB_LISTEN
 578 000c 00000000 		.word	memp_TCP_SEG
 579 0010 00000000 		.word	memp_REASSDATA
 580 0014 00000000 		.word	memp_FRAG_PBUF
 581 0018 00000000 		.word	memp_SYS_TIMEOUT
 582 001c 00000000 		.word	memp_PBUF
 583 0020 00000000 		.word	memp_PBUF_POOL
 584              		.global	memp_PBUF_POOL
ARM GAS  /tmp/ccgdqeus.s 			page 21


 585              		.section	.rodata.str1.4,"aMS",%progbits,1
 586              		.align	2
 587              	.LC7:
 588 0000 50425546 		.ascii	"PBUF_POOL\000"
 588      5F504F4F 
 588      4C00
 589              		.section	.rodata.memp_PBUF_POOL,"a"
 590              		.align	2
 593              	memp_PBUF_POOL:
 594 0000 00000000 		.word	.LC7
 595 0004 6002     		.short	608
 596 0006 1000     		.short	16
 597 0008 00000000 		.word	memp_memory_PBUF_POOL_base
 598 000c 00000000 		.word	memp_tab_PBUF_POOL
 599              		.section	.bss.memp_tab_PBUF_POOL,"aw",%nobits
 600              		.align	2
 603              	memp_tab_PBUF_POOL:
 604 0000 00000000 		.space	4
 605              		.global	memp_memory_PBUF_POOL_base
 606              		.section	.bss.memp_memory_PBUF_POOL_base,"aw",%nobits
 607              		.align	2
 610              	memp_memory_PBUF_POOL_base:
 611 0000 00000000 		.space	9731
 611      00000000 
 611      00000000 
 611      00000000 
 611      00000000 
 612              		.global	memp_PBUF
 613              		.section	.rodata.str1.4
 614 000a 0000     		.align	2
 615              	.LC8:
 616 000c 50425546 		.ascii	"PBUF_REF/ROM\000"
 616      5F524546 
 616      2F524F4D 
 616      00
 617              		.section	.rodata.memp_PBUF,"a"
 618              		.align	2
 621              	memp_PBUF:
 622 0000 0C000000 		.word	.LC8
 623 0004 1000     		.short	16
 624 0006 1000     		.short	16
 625 0008 00000000 		.word	memp_memory_PBUF_base
 626 000c 00000000 		.word	memp_tab_PBUF
 627              		.section	.bss.memp_tab_PBUF,"aw",%nobits
 628              		.align	2
 631              	memp_tab_PBUF:
 632 0000 00000000 		.space	4
 633              		.global	memp_memory_PBUF_base
 634              		.section	.bss.memp_memory_PBUF_base,"aw",%nobits
 635              		.align	2
 638              	memp_memory_PBUF_base:
 639 0000 00000000 		.space	259
 639      00000000 
 639      00000000 
 639      00000000 
 639      00000000 
 640              		.global	memp_SYS_TIMEOUT
ARM GAS  /tmp/ccgdqeus.s 			page 22


 641              		.section	.rodata.str1.4
 642 0019 000000   		.align	2
 643              	.LC9:
 644 001c 5359535F 		.ascii	"SYS_TIMEOUT\000"
 644      54494D45 
 644      4F555400 
 645              		.section	.rodata.memp_SYS_TIMEOUT,"a"
 646              		.align	2
 649              	memp_SYS_TIMEOUT:
 650 0000 1C000000 		.word	.LC9
 651 0004 1000     		.short	16
 652 0006 0600     		.short	6
 653 0008 00000000 		.word	memp_memory_SYS_TIMEOUT_base
 654 000c 00000000 		.word	memp_tab_SYS_TIMEOUT
 655              		.section	.bss.memp_tab_SYS_TIMEOUT,"aw",%nobits
 656              		.align	2
 659              	memp_tab_SYS_TIMEOUT:
 660 0000 00000000 		.space	4
 661              		.global	memp_memory_SYS_TIMEOUT_base
 662              		.section	.bss.memp_memory_SYS_TIMEOUT_base,"aw",%nobits
 663              		.align	2
 666              	memp_memory_SYS_TIMEOUT_base:
 667 0000 00000000 		.space	99
 667      00000000 
 667      00000000 
 667      00000000 
 667      00000000 
 668              		.global	memp_FRAG_PBUF
 669              		.section	.rodata.str1.4
 670              		.align	2
 671              	.LC10:
 672 0028 46524147 		.ascii	"FRAG_PBUF\000"
 672      5F504255 
 672      4600
 673              		.section	.rodata.memp_FRAG_PBUF,"a"
 674              		.align	2
 677              	memp_FRAG_PBUF:
 678 0000 28000000 		.word	.LC10
 679 0004 1800     		.short	24
 680 0006 0F00     		.short	15
 681 0008 00000000 		.word	memp_memory_FRAG_PBUF_base
 682 000c 00000000 		.word	memp_tab_FRAG_PBUF
 683              		.section	.bss.memp_tab_FRAG_PBUF,"aw",%nobits
 684              		.align	2
 687              	memp_tab_FRAG_PBUF:
 688 0000 00000000 		.space	4
 689              		.global	memp_memory_FRAG_PBUF_base
 690              		.section	.bss.memp_memory_FRAG_PBUF_base,"aw",%nobits
 691              		.align	2
 694              	memp_memory_FRAG_PBUF_base:
 695 0000 00000000 		.space	363
 695      00000000 
 695      00000000 
 695      00000000 
 695      00000000 
 696              		.global	memp_REASSDATA
 697              		.section	.rodata.str1.4
ARM GAS  /tmp/ccgdqeus.s 			page 23


 698 0032 0000     		.align	2
 699              	.LC11:
 700 0034 52454153 		.ascii	"REASSDATA\000"
 700      53444154 
 700      4100
 701              		.section	.rodata.memp_REASSDATA,"a"
 702              		.align	2
 705              	memp_REASSDATA:
 706 0000 34000000 		.word	.LC11
 707 0004 2000     		.short	32
 708 0006 0500     		.short	5
 709 0008 00000000 		.word	memp_memory_REASSDATA_base
 710 000c 00000000 		.word	memp_tab_REASSDATA
 711              		.section	.bss.memp_tab_REASSDATA,"aw",%nobits
 712              		.align	2
 715              	memp_tab_REASSDATA:
 716 0000 00000000 		.space	4
 717              		.global	memp_memory_REASSDATA_base
 718              		.section	.bss.memp_memory_REASSDATA_base,"aw",%nobits
 719              		.align	2
 722              	memp_memory_REASSDATA_base:
 723 0000 00000000 		.space	163
 723      00000000 
 723      00000000 
 723      00000000 
 723      00000000 
 724              		.global	memp_TCP_SEG
 725              		.section	.rodata.str1.4
 726 003e 0000     		.align	2
 727              	.LC12:
 728 0040 5443505F 		.ascii	"TCP_SEG\000"
 728      53454700 
 729              		.section	.rodata.memp_TCP_SEG,"a"
 730              		.align	2
 733              	memp_TCP_SEG:
 734 0000 40000000 		.word	.LC12
 735 0004 1400     		.short	20
 736 0006 1000     		.short	16
 737 0008 00000000 		.word	memp_memory_TCP_SEG_base
 738 000c 00000000 		.word	memp_tab_TCP_SEG
 739              		.section	.bss.memp_tab_TCP_SEG,"aw",%nobits
 740              		.align	2
 743              	memp_tab_TCP_SEG:
 744 0000 00000000 		.space	4
 745              		.global	memp_memory_TCP_SEG_base
 746              		.section	.bss.memp_memory_TCP_SEG_base,"aw",%nobits
 747              		.align	2
 750              	memp_memory_TCP_SEG_base:
 751 0000 00000000 		.space	323
 751      00000000 
 751      00000000 
 751      00000000 
 751      00000000 
 752              		.global	memp_TCP_PCB_LISTEN
 753              		.section	.rodata.str1.4
 754              		.align	2
 755              	.LC13:
ARM GAS  /tmp/ccgdqeus.s 			page 24


 756 0048 5443505F 		.ascii	"TCP_PCB_LISTEN\000"
 756      5043425F 
 756      4C495354 
 756      454E00
 757              		.section	.rodata.memp_TCP_PCB_LISTEN,"a"
 758              		.align	2
 761              	memp_TCP_PCB_LISTEN:
 762 0000 48000000 		.word	.LC13
 763 0004 1C00     		.short	28
 764 0006 0800     		.short	8
 765 0008 00000000 		.word	memp_memory_TCP_PCB_LISTEN_base
 766 000c 00000000 		.word	memp_tab_TCP_PCB_LISTEN
 767              		.section	.bss.memp_tab_TCP_PCB_LISTEN,"aw",%nobits
 768              		.align	2
 771              	memp_tab_TCP_PCB_LISTEN:
 772 0000 00000000 		.space	4
 773              		.global	memp_memory_TCP_PCB_LISTEN_base
 774              		.section	.bss.memp_memory_TCP_PCB_LISTEN_base,"aw",%nobits
 775              		.align	2
 778              	memp_memory_TCP_PCB_LISTEN_base:
 779 0000 00000000 		.space	227
 779      00000000 
 779      00000000 
 779      00000000 
 779      00000000 
 780              		.global	memp_TCP_PCB
 781              		.section	.rodata.str1.4
 782 0057 00       		.align	2
 783              	.LC14:
 784 0058 5443505F 		.ascii	"TCP_PCB\000"
 784      50434200 
 785              		.section	.rodata.memp_TCP_PCB,"a"
 786              		.align	2
 789              	memp_TCP_PCB:
 790 0000 58000000 		.word	.LC14
 791 0004 9C00     		.short	156
 792 0006 0500     		.short	5
 793 0008 00000000 		.word	memp_memory_TCP_PCB_base
 794 000c 00000000 		.word	memp_tab_TCP_PCB
 795              		.section	.bss.memp_tab_TCP_PCB,"aw",%nobits
 796              		.align	2
 799              	memp_tab_TCP_PCB:
 800 0000 00000000 		.space	4
 801              		.global	memp_memory_TCP_PCB_base
 802              		.section	.bss.memp_memory_TCP_PCB_base,"aw",%nobits
 803              		.align	2
 806              	memp_memory_TCP_PCB_base:
 807 0000 00000000 		.space	783
 807      00000000 
 807      00000000 
 807      00000000 
 807      00000000 
 808              		.global	memp_UDP_PCB
 809              		.section	.rodata.str1.4
 810              		.align	2
 811              	.LC15:
 812 0060 5544505F 		.ascii	"UDP_PCB\000"
ARM GAS  /tmp/ccgdqeus.s 			page 25


 812      50434200 
 813              		.section	.rodata.memp_UDP_PCB,"a"
 814              		.align	2
 817              	memp_UDP_PCB:
 818 0000 60000000 		.word	.LC15
 819 0004 2000     		.short	32
 820 0006 0400     		.short	4
 821 0008 00000000 		.word	memp_memory_UDP_PCB_base
 822 000c 00000000 		.word	memp_tab_UDP_PCB
 823              		.section	.bss.memp_tab_UDP_PCB,"aw",%nobits
 824              		.align	2
 827              	memp_tab_UDP_PCB:
 828 0000 00000000 		.space	4
 829              		.global	memp_memory_UDP_PCB_base
 830              		.section	.bss.memp_memory_UDP_PCB_base,"aw",%nobits
 831              		.align	2
 834              	memp_memory_UDP_PCB_base:
 835 0000 00000000 		.space	131
 835      00000000 
 835      00000000 
 835      00000000 
 835      00000000 
 836              		.text
 837              	.Letext0:
 838              		.file 2 "/usr/lib/gcc/arm-none-eabi/14.2.1/include/stdint.h"
 839              		.file 3 "Middlewares/Third_Party/LwIP/src/include/lwip/arch.h"
 840              		.file 4 "Middlewares/Third_Party/LwIP/src/include/lwip/memp.h"
 841              		.file 5 "Middlewares/Third_Party/LwIP/src/include/lwip/priv/memp_priv.h"
 842              		.file 6 "Middlewares/Third_Party/LwIP/src/include/lwip/priv/memp_std.h"
 843              		.file 7 "Middlewares/Third_Party/LwIP/src/include/lwip/netif.h"
 844              		.file 8 "/usr/include/newlib/stdio.h"
ARM GAS  /tmp/ccgdqeus.s 			page 26


DEFINED SYMBOLS
                            *ABS*:00000000 memp.c
     /tmp/ccgdqeus.s:21     .rodata.do_memp_malloc_pool.str1.4:00000000 $d
     /tmp/ccgdqeus.s:31     .text.do_memp_malloc_pool:00000000 $t
     /tmp/ccgdqeus.s:36     .text.do_memp_malloc_pool:00000000 do_memp_malloc_pool
     /tmp/ccgdqeus.s:96     .text.do_memp_malloc_pool:00000028 $d
     /tmp/ccgdqeus.s:103    .rodata.do_memp_free_pool.str1.4:00000000 $d
     /tmp/ccgdqeus.s:107    .text.do_memp_free_pool:00000000 $t
     /tmp/ccgdqeus.s:112    .text.do_memp_free_pool:00000000 do_memp_free_pool
     /tmp/ccgdqeus.s:174    .text.do_memp_free_pool:00000028 $d
     /tmp/ccgdqeus.s:181    .text.memp_init_pool:00000000 $t
     /tmp/ccgdqeus.s:187    .text.memp_init_pool:00000000 memp_init_pool
     /tmp/ccgdqeus.s:248    .text.memp_init:00000000 $t
     /tmp/ccgdqeus.s:254    .text.memp_init:00000000 memp_init
     /tmp/ccgdqeus.s:296    .text.memp_init:0000001c $d
     /tmp/ccgdqeus.s:574    .rodata.memp_pools:00000000 memp_pools
     /tmp/ccgdqeus.s:301    .rodata.memp_malloc_pool.str1.4:00000000 $d
     /tmp/ccgdqeus.s:305    .text.memp_malloc_pool:00000000 $t
     /tmp/ccgdqeus.s:311    .text.memp_malloc_pool:00000000 memp_malloc_pool
     /tmp/ccgdqeus.s:360    .text.memp_malloc_pool:00000020 $d
     /tmp/ccgdqeus.s:367    .rodata.memp_malloc.str1.4:00000000 $d
     /tmp/ccgdqeus.s:371    .text.memp_malloc:00000000 $t
     /tmp/ccgdqeus.s:377    .text.memp_malloc:00000000 memp_malloc
     /tmp/ccgdqeus.s:429    .text.memp_malloc:00000024 $d
     /tmp/ccgdqeus.s:437    .text.memp_free_pool:00000000 $t
     /tmp/ccgdqeus.s:443    .text.memp_free_pool:00000000 memp_free_pool
     /tmp/ccgdqeus.s:492    .text.memp_free_pool:0000001c $d
     /tmp/ccgdqeus.s:499    .rodata.memp_free.str1.4:00000000 $d
     /tmp/ccgdqeus.s:503    .text.memp_free:00000000 $t
     /tmp/ccgdqeus.s:509    .text.memp_free:00000000 memp_free
     /tmp/ccgdqeus.s:562    .text.memp_free:00000024 $d
     /tmp/ccgdqeus.s:571    .rodata.memp_pools:00000000 $d
     /tmp/ccgdqeus.s:817    .rodata.memp_UDP_PCB:00000000 memp_UDP_PCB
     /tmp/ccgdqeus.s:789    .rodata.memp_TCP_PCB:00000000 memp_TCP_PCB
     /tmp/ccgdqeus.s:761    .rodata.memp_TCP_PCB_LISTEN:00000000 memp_TCP_PCB_LISTEN
     /tmp/ccgdqeus.s:733    .rodata.memp_TCP_SEG:00000000 memp_TCP_SEG
     /tmp/ccgdqeus.s:705    .rodata.memp_REASSDATA:00000000 memp_REASSDATA
     /tmp/ccgdqeus.s:677    .rodata.memp_FRAG_PBUF:00000000 memp_FRAG_PBUF
     /tmp/ccgdqeus.s:649    .rodata.memp_SYS_TIMEOUT:00000000 memp_SYS_TIMEOUT
     /tmp/ccgdqeus.s:621    .rodata.memp_PBUF:00000000 memp_PBUF
     /tmp/ccgdqeus.s:593    .rodata.memp_PBUF_POOL:00000000 memp_PBUF_POOL
     /tmp/ccgdqeus.s:586    .rodata.str1.4:00000000 $d
     /tmp/ccgdqeus.s:590    .rodata.memp_PBUF_POOL:00000000 $d
     /tmp/ccgdqeus.s:610    .bss.memp_memory_PBUF_POOL_base:00000000 memp_memory_PBUF_POOL_base
     /tmp/ccgdqeus.s:603    .bss.memp_tab_PBUF_POOL:00000000 memp_tab_PBUF_POOL
     /tmp/ccgdqeus.s:600    .bss.memp_tab_PBUF_POOL:00000000 $d
     /tmp/ccgdqeus.s:607    .bss.memp_memory_PBUF_POOL_base:00000000 $d
     /tmp/ccgdqeus.s:618    .rodata.memp_PBUF:00000000 $d
     /tmp/ccgdqeus.s:638    .bss.memp_memory_PBUF_base:00000000 memp_memory_PBUF_base
     /tmp/ccgdqeus.s:631    .bss.memp_tab_PBUF:00000000 memp_tab_PBUF
     /tmp/ccgdqeus.s:628    .bss.memp_tab_PBUF:00000000 $d
     /tmp/ccgdqeus.s:635    .bss.memp_memory_PBUF_base:00000000 $d
     /tmp/ccgdqeus.s:646    .rodata.memp_SYS_TIMEOUT:00000000 $d
     /tmp/ccgdqeus.s:666    .bss.memp_memory_SYS_TIMEOUT_base:00000000 memp_memory_SYS_TIMEOUT_base
     /tmp/ccgdqeus.s:659    .bss.memp_tab_SYS_TIMEOUT:00000000 memp_tab_SYS_TIMEOUT
     /tmp/ccgdqeus.s:656    .bss.memp_tab_SYS_TIMEOUT:00000000 $d
     /tmp/ccgdqeus.s:663    .bss.memp_memory_SYS_TIMEOUT_base:00000000 $d
ARM GAS  /tmp/ccgdqeus.s 			page 27


     /tmp/ccgdqeus.s:674    .rodata.memp_FRAG_PBUF:00000000 $d
     /tmp/ccgdqeus.s:694    .bss.memp_memory_FRAG_PBUF_base:00000000 memp_memory_FRAG_PBUF_base
     /tmp/ccgdqeus.s:687    .bss.memp_tab_FRAG_PBUF:00000000 memp_tab_FRAG_PBUF
     /tmp/ccgdqeus.s:684    .bss.memp_tab_FRAG_PBUF:00000000 $d
     /tmp/ccgdqeus.s:691    .bss.memp_memory_FRAG_PBUF_base:00000000 $d
     /tmp/ccgdqeus.s:702    .rodata.memp_REASSDATA:00000000 $d
     /tmp/ccgdqeus.s:722    .bss.memp_memory_REASSDATA_base:00000000 memp_memory_REASSDATA_base
     /tmp/ccgdqeus.s:715    .bss.memp_tab_REASSDATA:00000000 memp_tab_REASSDATA
     /tmp/ccgdqeus.s:712    .bss.memp_tab_REASSDATA:00000000 $d
     /tmp/ccgdqeus.s:719    .bss.memp_memory_REASSDATA_base:00000000 $d
     /tmp/ccgdqeus.s:730    .rodata.memp_TCP_SEG:00000000 $d
     /tmp/ccgdqeus.s:750    .bss.memp_memory_TCP_SEG_base:00000000 memp_memory_TCP_SEG_base
     /tmp/ccgdqeus.s:743    .bss.memp_tab_TCP_SEG:00000000 memp_tab_TCP_SEG
     /tmp/ccgdqeus.s:740    .bss.memp_tab_TCP_SEG:00000000 $d
     /tmp/ccgdqeus.s:747    .bss.memp_memory_TCP_SEG_base:00000000 $d
     /tmp/ccgdqeus.s:758    .rodata.memp_TCP_PCB_LISTEN:00000000 $d
     /tmp/ccgdqeus.s:778    .bss.memp_memory_TCP_PCB_LISTEN_base:00000000 memp_memory_TCP_PCB_LISTEN_base
     /tmp/ccgdqeus.s:771    .bss.memp_tab_TCP_PCB_LISTEN:00000000 memp_tab_TCP_PCB_LISTEN
     /tmp/ccgdqeus.s:768    .bss.memp_tab_TCP_PCB_LISTEN:00000000 $d
     /tmp/ccgdqeus.s:775    .bss.memp_memory_TCP_PCB_LISTEN_base:00000000 $d
     /tmp/ccgdqeus.s:786    .rodata.memp_TCP_PCB:00000000 $d
     /tmp/ccgdqeus.s:806    .bss.memp_memory_TCP_PCB_base:00000000 memp_memory_TCP_PCB_base
     /tmp/ccgdqeus.s:799    .bss.memp_tab_TCP_PCB:00000000 memp_tab_TCP_PCB
     /tmp/ccgdqeus.s:796    .bss.memp_tab_TCP_PCB:00000000 $d
     /tmp/ccgdqeus.s:803    .bss.memp_memory_TCP_PCB_base:00000000 $d
     /tmp/ccgdqeus.s:814    .rodata.memp_UDP_PCB:00000000 $d
     /tmp/ccgdqeus.s:834    .bss.memp_memory_UDP_PCB_base:00000000 memp_memory_UDP_PCB_base
     /tmp/ccgdqeus.s:827    .bss.memp_tab_UDP_PCB:00000000 memp_tab_UDP_PCB
     /tmp/ccgdqeus.s:824    .bss.memp_tab_UDP_PCB:00000000 $d
     /tmp/ccgdqeus.s:831    .bss.memp_memory_UDP_PCB_base:00000000 $d

UNDEFINED SYMBOLS
printf
