ARM GAS  /tmp/cclzVOUz.s 			page 1


   1              		.cpu cortex-m4
   2              		.arch armv7e-m
   3              		.fpu fpv4-sp-d16
   4              		.eabi_attribute 27, 1
   5              		.eabi_attribute 28, 1
   6              		.eabi_attribute 20, 1
   7              		.eabi_attribute 21, 1
   8              		.eabi_attribute 23, 3
   9              		.eabi_attribute 24, 1
  10              		.eabi_attribute 25, 1
  11              		.eabi_attribute 26, 1
  12              		.eabi_attribute 30, 1
  13              		.eabi_attribute 34, 1
  14              		.eabi_attribute 18, 4
  15              		.file	"sd_diskio.c"
  16              		.text
  17              	.Ltext0:
  18              		.cfi_sections	.debug_frame
  19              		.file 1 "FATFS/Target/sd_diskio.c"
  20              		.section	.text.SD_CheckStatus,"ax",%progbits
  21              		.align	1
  22              		.syntax unified
  23              		.thumb
  24              		.thumb_func
  26              	SD_CheckStatus:
  27              	.LVL0:
  28              	.LFB134:
   1:FATFS/Target/sd_diskio.c **** /* USER CODE BEGIN Header */
   2:FATFS/Target/sd_diskio.c **** /**
   3:FATFS/Target/sd_diskio.c ****   ******************************************************************************
   4:FATFS/Target/sd_diskio.c ****   * @file    sd_diskio.c
   5:FATFS/Target/sd_diskio.c ****   * @brief   SD Disk I/O driver
   6:FATFS/Target/sd_diskio.c ****   ******************************************************************************
   7:FATFS/Target/sd_diskio.c ****   * @attention
   8:FATFS/Target/sd_diskio.c ****   *
   9:FATFS/Target/sd_diskio.c ****   * Copyright (c) 2023 STMicroelectronics.
  10:FATFS/Target/sd_diskio.c ****   * All rights reserved.
  11:FATFS/Target/sd_diskio.c ****   *
  12:FATFS/Target/sd_diskio.c ****   * This software is licensed under terms that can be found in the LICENSE file
  13:FATFS/Target/sd_diskio.c ****   * in the root directory of this software component.
  14:FATFS/Target/sd_diskio.c ****   * If no LICENSE file comes with this software, it is provided AS-IS.
  15:FATFS/Target/sd_diskio.c ****   *
  16:FATFS/Target/sd_diskio.c ****   ******************************************************************************
  17:FATFS/Target/sd_diskio.c ****   */
  18:FATFS/Target/sd_diskio.c **** /* USER CODE END Header */
  19:FATFS/Target/sd_diskio.c **** 
  20:FATFS/Target/sd_diskio.c **** /* Note: code generation based on sd_diskio_dma_template_bspv1.c v2.1.4
  21:FATFS/Target/sd_diskio.c ****    as "Use dma template" is enabled. */
  22:FATFS/Target/sd_diskio.c **** 
  23:FATFS/Target/sd_diskio.c **** /* USER CODE BEGIN firstSection */
  24:FATFS/Target/sd_diskio.c **** /* can be used to modify / undefine following code or add new definitions */
  25:FATFS/Target/sd_diskio.c **** /* USER CODE END firstSection*/
  26:FATFS/Target/sd_diskio.c **** 
  27:FATFS/Target/sd_diskio.c **** /* Includes ------------------------------------------------------------------*/
  28:FATFS/Target/sd_diskio.c **** #include "ff_gen_drv.h"
  29:FATFS/Target/sd_diskio.c **** #include "sd_diskio.h"
  30:FATFS/Target/sd_diskio.c **** 
ARM GAS  /tmp/cclzVOUz.s 			page 2


  31:FATFS/Target/sd_diskio.c **** #include <string.h>
  32:FATFS/Target/sd_diskio.c **** 
  33:FATFS/Target/sd_diskio.c **** /* Private typedef -----------------------------------------------------------*/
  34:FATFS/Target/sd_diskio.c **** /* Private define ------------------------------------------------------------*/
  35:FATFS/Target/sd_diskio.c **** 
  36:FATFS/Target/sd_diskio.c ****  /*
  37:FATFS/Target/sd_diskio.c ****  * the following Timeout is useful to give the control back to the applications
  38:FATFS/Target/sd_diskio.c ****  * in case of errors in either BSP_SD_ReadCpltCallback() or BSP_SD_WriteCpltCallback()
  39:FATFS/Target/sd_diskio.c ****  * the value by default is as defined in the BSP platform driver otherwise 30 secs
  40:FATFS/Target/sd_diskio.c ****  */
  41:FATFS/Target/sd_diskio.c **** #define SD_TIMEOUT 30 * 1000
  42:FATFS/Target/sd_diskio.c **** 
  43:FATFS/Target/sd_diskio.c **** #define SD_DEFAULT_BLOCK_SIZE 512
  44:FATFS/Target/sd_diskio.c **** 
  45:FATFS/Target/sd_diskio.c **** /*
  46:FATFS/Target/sd_diskio.c ****  * Depending on the use case, the SD card initialization could be done at the
  47:FATFS/Target/sd_diskio.c ****  * application level: if it is the case define the flag below to disable
  48:FATFS/Target/sd_diskio.c ****  * the BSP_SD_Init() call in the SD_Initialize() and add a call to
  49:FATFS/Target/sd_diskio.c ****  * BSP_SD_Init() elsewhere in the application.
  50:FATFS/Target/sd_diskio.c ****  */
  51:FATFS/Target/sd_diskio.c **** /* USER CODE BEGIN disableSDInit */
  52:FATFS/Target/sd_diskio.c **** /* #define DISABLE_SD_INIT */
  53:FATFS/Target/sd_diskio.c **** /* USER CODE END disableSDInit */
  54:FATFS/Target/sd_diskio.c **** 
  55:FATFS/Target/sd_diskio.c **** /*
  56:FATFS/Target/sd_diskio.c ****  * when using cacheable memory region, it may be needed to maintain the cache
  57:FATFS/Target/sd_diskio.c ****  * validity. Enable the define below to activate a cache maintenance at each
  58:FATFS/Target/sd_diskio.c ****  * read and write operation.
  59:FATFS/Target/sd_diskio.c ****  * Notice: This is applicable only for cortex M7 based platform.
  60:FATFS/Target/sd_diskio.c ****  */
  61:FATFS/Target/sd_diskio.c **** /* USER CODE BEGIN enableSDDmaCacheMaintenance */
  62:FATFS/Target/sd_diskio.c **** /* #define ENABLE_SD_DMA_CACHE_MAINTENANCE  1 */
  63:FATFS/Target/sd_diskio.c **** /* USER CODE END enableSDDmaCacheMaintenance */
  64:FATFS/Target/sd_diskio.c **** 
  65:FATFS/Target/sd_diskio.c **** /*
  66:FATFS/Target/sd_diskio.c **** * Some DMA requires 4-Byte aligned address buffer to correctly read/write data,
  67:FATFS/Target/sd_diskio.c **** * in FatFs some accesses aren't thus we need a 4-byte aligned scratch buffer to correctly
  68:FATFS/Target/sd_diskio.c **** * transfer data
  69:FATFS/Target/sd_diskio.c **** */
  70:FATFS/Target/sd_diskio.c **** /* USER CODE BEGIN enableScratchBuffer */
  71:FATFS/Target/sd_diskio.c **** /* #define ENABLE_SCRATCH_BUFFER */
  72:FATFS/Target/sd_diskio.c **** /* USER CODE END enableScratchBuffer */
  73:FATFS/Target/sd_diskio.c **** 
  74:FATFS/Target/sd_diskio.c **** /* Private variables ---------------------------------------------------------*/
  75:FATFS/Target/sd_diskio.c **** #if defined(ENABLE_SCRATCH_BUFFER)
  76:FATFS/Target/sd_diskio.c **** #if defined (ENABLE_SD_DMA_CACHE_MAINTENANCE)
  77:FATFS/Target/sd_diskio.c **** ALIGN_32BYTES(static uint8_t scratch[BLOCKSIZE]); // 32-Byte aligned for cache maintenance
  78:FATFS/Target/sd_diskio.c **** #else
  79:FATFS/Target/sd_diskio.c **** __ALIGN_BEGIN static uint8_t scratch[BLOCKSIZE] __ALIGN_END;
  80:FATFS/Target/sd_diskio.c **** #endif
  81:FATFS/Target/sd_diskio.c **** #endif
  82:FATFS/Target/sd_diskio.c **** /* Disk status */
  83:FATFS/Target/sd_diskio.c **** static volatile DSTATUS Stat = STA_NOINIT;
  84:FATFS/Target/sd_diskio.c **** 
  85:FATFS/Target/sd_diskio.c **** static volatile  UINT  WriteStatus = 0, ReadStatus = 0;
  86:FATFS/Target/sd_diskio.c **** /* Private function prototypes -----------------------------------------------*/
  87:FATFS/Target/sd_diskio.c **** static DSTATUS SD_CheckStatus(BYTE lun);
ARM GAS  /tmp/cclzVOUz.s 			page 3


  88:FATFS/Target/sd_diskio.c **** DSTATUS SD_initialize (BYTE);
  89:FATFS/Target/sd_diskio.c **** DSTATUS SD_status (BYTE);
  90:FATFS/Target/sd_diskio.c **** DRESULT SD_read (BYTE, BYTE*, DWORD, UINT);
  91:FATFS/Target/sd_diskio.c **** #if _USE_WRITE == 1
  92:FATFS/Target/sd_diskio.c **** DRESULT SD_write (BYTE, const BYTE*, DWORD, UINT);
  93:FATFS/Target/sd_diskio.c **** #endif /* _USE_WRITE == 1 */
  94:FATFS/Target/sd_diskio.c **** #if _USE_IOCTL == 1
  95:FATFS/Target/sd_diskio.c **** DRESULT SD_ioctl (BYTE, BYTE, void*);
  96:FATFS/Target/sd_diskio.c **** #endif  /* _USE_IOCTL == 1 */
  97:FATFS/Target/sd_diskio.c **** 
  98:FATFS/Target/sd_diskio.c **** const Diskio_drvTypeDef  SD_Driver =
  99:FATFS/Target/sd_diskio.c **** {
 100:FATFS/Target/sd_diskio.c ****   SD_initialize,
 101:FATFS/Target/sd_diskio.c ****   SD_status,
 102:FATFS/Target/sd_diskio.c ****   SD_read,
 103:FATFS/Target/sd_diskio.c **** #if  _USE_WRITE == 1
 104:FATFS/Target/sd_diskio.c ****   SD_write,
 105:FATFS/Target/sd_diskio.c **** #endif /* _USE_WRITE == 1 */
 106:FATFS/Target/sd_diskio.c **** 
 107:FATFS/Target/sd_diskio.c **** #if  _USE_IOCTL == 1
 108:FATFS/Target/sd_diskio.c ****   SD_ioctl,
 109:FATFS/Target/sd_diskio.c **** #endif /* _USE_IOCTL == 1 */
 110:FATFS/Target/sd_diskio.c **** };
 111:FATFS/Target/sd_diskio.c **** 
 112:FATFS/Target/sd_diskio.c **** /* USER CODE BEGIN beforeFunctionSection */
 113:FATFS/Target/sd_diskio.c **** /* can be used to modify / undefine following code or add new code */
 114:FATFS/Target/sd_diskio.c **** /* USER CODE END beforeFunctionSection */
 115:FATFS/Target/sd_diskio.c **** 
 116:FATFS/Target/sd_diskio.c **** /* Private functions ---------------------------------------------------------*/
 117:FATFS/Target/sd_diskio.c **** 
 118:FATFS/Target/sd_diskio.c **** static int SD_CheckStatusWithTimeout(uint32_t timeout)
 119:FATFS/Target/sd_diskio.c **** {
 120:FATFS/Target/sd_diskio.c ****   uint32_t timer = HAL_GetTick();
 121:FATFS/Target/sd_diskio.c ****   /* block until SDIO IP is ready again or a timeout occur */
 122:FATFS/Target/sd_diskio.c ****   while(HAL_GetTick() - timer < timeout)
 123:FATFS/Target/sd_diskio.c ****   {
 124:FATFS/Target/sd_diskio.c ****     if (BSP_SD_GetCardState() == SD_TRANSFER_OK)
 125:FATFS/Target/sd_diskio.c ****     {
 126:FATFS/Target/sd_diskio.c ****       return 0;
 127:FATFS/Target/sd_diskio.c ****     }
 128:FATFS/Target/sd_diskio.c ****   }
 129:FATFS/Target/sd_diskio.c **** 
 130:FATFS/Target/sd_diskio.c ****   return -1;
 131:FATFS/Target/sd_diskio.c **** }
 132:FATFS/Target/sd_diskio.c **** 
 133:FATFS/Target/sd_diskio.c **** static DSTATUS SD_CheckStatus(BYTE lun)
 134:FATFS/Target/sd_diskio.c **** {
  29              		.loc 1 134 1 view -0
  30              		.cfi_startproc
  31              		@ args = 0, pretend = 0, frame = 0
  32              		@ frame_needed = 0, uses_anonymous_args = 0
  33              		.loc 1 134 1 is_stmt 0 view .LVU1
  34 0000 08B5     		push	{r3, lr}
  35              	.LCFI0:
  36              		.cfi_def_cfa_offset 8
  37              		.cfi_offset 3, -8
  38              		.cfi_offset 14, -4
ARM GAS  /tmp/cclzVOUz.s 			page 4


 135:FATFS/Target/sd_diskio.c ****   Stat = STA_NOINIT;
  39              		.loc 1 135 3 is_stmt 1 view .LVU2
  40              		.loc 1 135 8 is_stmt 0 view .LVU3
  41 0002 074B     		ldr	r3, .L4
  42 0004 0122     		movs	r2, #1
  43 0006 1A70     		strb	r2, [r3]
 136:FATFS/Target/sd_diskio.c **** 
 137:FATFS/Target/sd_diskio.c ****   if(BSP_SD_GetCardState() == MSD_OK)
  44              		.loc 1 137 3 is_stmt 1 view .LVU4
  45              		.loc 1 137 6 is_stmt 0 view .LVU5
  46 0008 FFF7FEFF 		bl	BSP_SD_GetCardState
  47              	.LVL1:
  48              		.loc 1 137 5 discriminator 1 view .LVU6
  49 000c 20B9     		cbnz	r0, .L2
 138:FATFS/Target/sd_diskio.c ****   {
 139:FATFS/Target/sd_diskio.c ****     Stat &= ~STA_NOINIT;
  50              		.loc 1 139 5 is_stmt 1 view .LVU7
  51              		.loc 1 139 10 is_stmt 0 view .LVU8
  52 000e 044A     		ldr	r2, .L4
  53 0010 1378     		ldrb	r3, [r2]	@ zero_extendqisi2
  54 0012 03F0FE03 		and	r3, r3, #254
  55 0016 1370     		strb	r3, [r2]
  56              	.L2:
 140:FATFS/Target/sd_diskio.c ****   }
 141:FATFS/Target/sd_diskio.c **** 
 142:FATFS/Target/sd_diskio.c ****   return Stat;
  57              		.loc 1 142 3 is_stmt 1 view .LVU9
  58              		.loc 1 142 10 is_stmt 0 view .LVU10
  59 0018 014B     		ldr	r3, .L4
  60 001a 1878     		ldrb	r0, [r3]	@ zero_extendqisi2
 143:FATFS/Target/sd_diskio.c **** }
  61              		.loc 1 143 1 view .LVU11
  62 001c 08BD     		pop	{r3, pc}
  63              	.L5:
  64 001e 00BF     		.align	2
  65              	.L4:
  66 0020 00000000 		.word	Stat
  67              		.cfi_endproc
  68              	.LFE134:
  70              		.section	.text.SD_initialize,"ax",%progbits
  71              		.align	1
  72              		.global	SD_initialize
  73              		.syntax unified
  74              		.thumb
  75              		.thumb_func
  77              	SD_initialize:
  78              	.LVL2:
  79              	.LFB135:
 144:FATFS/Target/sd_diskio.c **** 
 145:FATFS/Target/sd_diskio.c **** /**
 146:FATFS/Target/sd_diskio.c ****   * @brief  Initializes a Drive
 147:FATFS/Target/sd_diskio.c ****   * @param  lun : not used
 148:FATFS/Target/sd_diskio.c ****   * @retval DSTATUS: Operation status
 149:FATFS/Target/sd_diskio.c ****   */
 150:FATFS/Target/sd_diskio.c **** DSTATUS SD_initialize(BYTE lun)
 151:FATFS/Target/sd_diskio.c **** {
  80              		.loc 1 151 1 is_stmt 1 view -0
ARM GAS  /tmp/cclzVOUz.s 			page 5


  81              		.cfi_startproc
  82              		@ args = 0, pretend = 0, frame = 0
  83              		@ frame_needed = 0, uses_anonymous_args = 0
  84              		.loc 1 151 1 is_stmt 0 view .LVU13
  85 0000 10B5     		push	{r4, lr}
  86              	.LCFI1:
  87              		.cfi_def_cfa_offset 8
  88              		.cfi_offset 4, -8
  89              		.cfi_offset 14, -4
  90 0002 0446     		mov	r4, r0
 152:FATFS/Target/sd_diskio.c **** 
 153:FATFS/Target/sd_diskio.c **** #if !defined(DISABLE_SD_INIT)
 154:FATFS/Target/sd_diskio.c **** 
 155:FATFS/Target/sd_diskio.c ****   if(BSP_SD_Init() == MSD_OK)
  91              		.loc 1 155 3 is_stmt 1 view .LVU14
  92              		.loc 1 155 6 is_stmt 0 view .LVU15
  93 0004 FFF7FEFF 		bl	BSP_SD_Init
  94              	.LVL3:
  95              		.loc 1 155 5 discriminator 1 view .LVU16
  96 0008 10B1     		cbz	r0, .L9
  97              	.L7:
 156:FATFS/Target/sd_diskio.c ****   {
 157:FATFS/Target/sd_diskio.c ****     Stat = SD_CheckStatus(lun);
 158:FATFS/Target/sd_diskio.c ****   }
 159:FATFS/Target/sd_diskio.c **** 
 160:FATFS/Target/sd_diskio.c **** #else
 161:FATFS/Target/sd_diskio.c ****   Stat = SD_CheckStatus(lun);
 162:FATFS/Target/sd_diskio.c **** #endif
 163:FATFS/Target/sd_diskio.c **** 
 164:FATFS/Target/sd_diskio.c ****   return Stat;
  98              		.loc 1 164 3 is_stmt 1 view .LVU17
  99              		.loc 1 164 10 is_stmt 0 view .LVU18
 100 000a 044B     		ldr	r3, .L10
 101 000c 1878     		ldrb	r0, [r3]	@ zero_extendqisi2
 165:FATFS/Target/sd_diskio.c **** }
 102              		.loc 1 165 1 view .LVU19
 103 000e 10BD     		pop	{r4, pc}
 104              	.LVL4:
 105              	.L9:
 157:FATFS/Target/sd_diskio.c ****   }
 106              		.loc 1 157 5 is_stmt 1 view .LVU20
 157:FATFS/Target/sd_diskio.c ****   }
 107              		.loc 1 157 12 is_stmt 0 view .LVU21
 108 0010 2046     		mov	r0, r4
 109 0012 FFF7FEFF 		bl	SD_CheckStatus
 110              	.LVL5:
 157:FATFS/Target/sd_diskio.c ****   }
 111              		.loc 1 157 10 discriminator 1 view .LVU22
 112 0016 014B     		ldr	r3, .L10
 113 0018 1870     		strb	r0, [r3]
 114 001a F6E7     		b	.L7
 115              	.L11:
 116              		.align	2
 117              	.L10:
 118 001c 00000000 		.word	Stat
 119              		.cfi_endproc
 120              	.LFE135:
ARM GAS  /tmp/cclzVOUz.s 			page 6


 122              		.section	.text.SD_status,"ax",%progbits
 123              		.align	1
 124              		.global	SD_status
 125              		.syntax unified
 126              		.thumb
 127              		.thumb_func
 129              	SD_status:
 130              	.LVL6:
 131              	.LFB136:
 166:FATFS/Target/sd_diskio.c **** 
 167:FATFS/Target/sd_diskio.c **** /**
 168:FATFS/Target/sd_diskio.c ****   * @brief  Gets Disk Status
 169:FATFS/Target/sd_diskio.c ****   * @param  lun : not used
 170:FATFS/Target/sd_diskio.c ****   * @retval DSTATUS: Operation status
 171:FATFS/Target/sd_diskio.c ****   */
 172:FATFS/Target/sd_diskio.c **** DSTATUS SD_status(BYTE lun)
 173:FATFS/Target/sd_diskio.c **** {
 132              		.loc 1 173 1 is_stmt 1 view -0
 133              		.cfi_startproc
 134              		@ args = 0, pretend = 0, frame = 0
 135              		@ frame_needed = 0, uses_anonymous_args = 0
 136              		.loc 1 173 1 is_stmt 0 view .LVU24
 137 0000 08B5     		push	{r3, lr}
 138              	.LCFI2:
 139              		.cfi_def_cfa_offset 8
 140              		.cfi_offset 3, -8
 141              		.cfi_offset 14, -4
 174:FATFS/Target/sd_diskio.c ****   return SD_CheckStatus(lun);
 142              		.loc 1 174 3 is_stmt 1 view .LVU25
 143              		.loc 1 174 10 is_stmt 0 view .LVU26
 144 0002 FFF7FEFF 		bl	SD_CheckStatus
 145              	.LVL7:
 175:FATFS/Target/sd_diskio.c **** }
 146              		.loc 1 175 1 view .LVU27
 147 0006 08BD     		pop	{r3, pc}
 148              		.cfi_endproc
 149              	.LFE136:
 151              		.section	.text.SD_CheckStatusWithTimeout,"ax",%progbits
 152              		.align	1
 153              		.syntax unified
 154              		.thumb
 155              		.thumb_func
 157              	SD_CheckStatusWithTimeout:
 158              	.LVL8:
 159              	.LFB133:
 119:FATFS/Target/sd_diskio.c ****   uint32_t timer = HAL_GetTick();
 160              		.loc 1 119 1 is_stmt 1 view -0
 161              		.cfi_startproc
 162              		@ args = 0, pretend = 0, frame = 0
 163              		@ frame_needed = 0, uses_anonymous_args = 0
 119:FATFS/Target/sd_diskio.c ****   uint32_t timer = HAL_GetTick();
 164              		.loc 1 119 1 is_stmt 0 view .LVU29
 165 0000 38B5     		push	{r3, r4, r5, lr}
 166              	.LCFI3:
 167              		.cfi_def_cfa_offset 16
 168              		.cfi_offset 3, -16
 169              		.cfi_offset 4, -12
ARM GAS  /tmp/cclzVOUz.s 			page 7


 170              		.cfi_offset 5, -8
 171              		.cfi_offset 14, -4
 172 0002 0546     		mov	r5, r0
 120:FATFS/Target/sd_diskio.c ****   /* block until SDIO IP is ready again or a timeout occur */
 173              		.loc 1 120 3 is_stmt 1 view .LVU30
 120:FATFS/Target/sd_diskio.c ****   /* block until SDIO IP is ready again or a timeout occur */
 174              		.loc 1 120 20 is_stmt 0 view .LVU31
 175 0004 FFF7FEFF 		bl	HAL_GetTick
 176              	.LVL9:
 120:FATFS/Target/sd_diskio.c ****   /* block until SDIO IP is ready again or a timeout occur */
 177              		.loc 1 120 20 view .LVU32
 178 0008 0446     		mov	r4, r0
 179              	.LVL10:
 122:FATFS/Target/sd_diskio.c ****   {
 180              		.loc 1 122 3 is_stmt 1 view .LVU33
 181              	.L15:
 122:FATFS/Target/sd_diskio.c ****   {
 182              		.loc 1 122 31 view .LVU34
 122:FATFS/Target/sd_diskio.c ****   {
 183              		.loc 1 122 9 is_stmt 0 view .LVU35
 184 000a FFF7FEFF 		bl	HAL_GetTick
 185              	.LVL11:
 122:FATFS/Target/sd_diskio.c ****   {
 186              		.loc 1 122 23 discriminator 1 view .LVU36
 187 000e 001B     		subs	r0, r0, r4
 122:FATFS/Target/sd_diskio.c ****   {
 188              		.loc 1 122 31 discriminator 1 view .LVU37
 189 0010 A842     		cmp	r0, r5
 190 0012 05D2     		bcs	.L20
 124:FATFS/Target/sd_diskio.c ****     {
 191              		.loc 1 124 5 is_stmt 1 view .LVU38
 124:FATFS/Target/sd_diskio.c ****     {
 192              		.loc 1 124 9 is_stmt 0 view .LVU39
 193 0014 FFF7FEFF 		bl	BSP_SD_GetCardState
 194              	.LVL12:
 124:FATFS/Target/sd_diskio.c ****     {
 195              		.loc 1 124 8 discriminator 1 view .LVU40
 196 0018 0028     		cmp	r0, #0
 197 001a F6D1     		bne	.L15
 126:FATFS/Target/sd_diskio.c ****     }
 198              		.loc 1 126 14 view .LVU41
 199 001c 0020     		movs	r0, #0
 200 001e 01E0     		b	.L14
 201              	.L20:
 130:FATFS/Target/sd_diskio.c **** }
 202              		.loc 1 130 10 view .LVU42
 203 0020 4FF0FF30 		mov	r0, #-1
 204              	.L14:
 131:FATFS/Target/sd_diskio.c **** 
 205              		.loc 1 131 1 view .LVU43
 206 0024 38BD     		pop	{r3, r4, r5, pc}
 131:FATFS/Target/sd_diskio.c **** 
 207              		.loc 1 131 1 view .LVU44
 208              		.cfi_endproc
 209              	.LFE133:
 211              		.section	.text.SD_read,"ax",%progbits
 212              		.align	1
ARM GAS  /tmp/cclzVOUz.s 			page 8


 213              		.global	SD_read
 214              		.syntax unified
 215              		.thumb
 216              		.thumb_func
 218              	SD_read:
 219              	.LVL13:
 220              	.LFB137:
 176:FATFS/Target/sd_diskio.c **** 
 177:FATFS/Target/sd_diskio.c **** /* USER CODE BEGIN beforeReadSection */
 178:FATFS/Target/sd_diskio.c **** /* can be used to modify previous code / undefine following code / add new code */
 179:FATFS/Target/sd_diskio.c **** /* USER CODE END beforeReadSection */
 180:FATFS/Target/sd_diskio.c **** /**
 181:FATFS/Target/sd_diskio.c ****   * @brief  Reads Sector(s)
 182:FATFS/Target/sd_diskio.c ****   * @param  lun : not used
 183:FATFS/Target/sd_diskio.c ****   * @param  *buff: Data buffer to store read data
 184:FATFS/Target/sd_diskio.c ****   * @param  sector: Sector address (LBA)
 185:FATFS/Target/sd_diskio.c ****   * @param  count: Number of sectors to read (1..128)
 186:FATFS/Target/sd_diskio.c ****   * @retval DRESULT: Operation result
 187:FATFS/Target/sd_diskio.c ****   */
 188:FATFS/Target/sd_diskio.c **** 
 189:FATFS/Target/sd_diskio.c **** DRESULT SD_read(BYTE lun, BYTE *buff, DWORD sector, UINT count)
 190:FATFS/Target/sd_diskio.c **** {
 221              		.loc 1 190 1 is_stmt 1 view -0
 222              		.cfi_startproc
 223              		@ args = 0, pretend = 0, frame = 0
 224              		@ frame_needed = 0, uses_anonymous_args = 0
 225              		.loc 1 190 1 is_stmt 0 view .LVU46
 226 0000 70B5     		push	{r4, r5, r6, lr}
 227              	.LCFI4:
 228              		.cfi_def_cfa_offset 16
 229              		.cfi_offset 4, -16
 230              		.cfi_offset 5, -12
 231              		.cfi_offset 6, -8
 232              		.cfi_offset 14, -4
 233 0002 0C46     		mov	r4, r1
 234 0004 1546     		mov	r5, r2
 235 0006 1E46     		mov	r6, r3
 191:FATFS/Target/sd_diskio.c ****   DRESULT res = RES_ERROR;
 236              		.loc 1 191 3 is_stmt 1 view .LVU47
 237              	.LVL14:
 192:FATFS/Target/sd_diskio.c ****   uint32_t timeout;
 238              		.loc 1 192 3 view .LVU48
 193:FATFS/Target/sd_diskio.c **** #if defined(ENABLE_SCRATCH_BUFFER)
 194:FATFS/Target/sd_diskio.c ****   uint8_t ret;
 195:FATFS/Target/sd_diskio.c **** #endif
 196:FATFS/Target/sd_diskio.c **** #if (ENABLE_SD_DMA_CACHE_MAINTENANCE == 1)
 197:FATFS/Target/sd_diskio.c ****   uint32_t alignedAddr;
 198:FATFS/Target/sd_diskio.c **** #endif
 199:FATFS/Target/sd_diskio.c **** 
 200:FATFS/Target/sd_diskio.c ****   /*
 201:FATFS/Target/sd_diskio.c ****   * ensure the SDCard is ready for a new operation
 202:FATFS/Target/sd_diskio.c ****   */
 203:FATFS/Target/sd_diskio.c **** 
 204:FATFS/Target/sd_diskio.c ****   if (SD_CheckStatusWithTimeout(SD_TIMEOUT) < 0)
 239              		.loc 1 204 3 view .LVU49
 240              		.loc 1 204 7 is_stmt 0 view .LVU50
 241 0008 47F23050 		movw	r0, #30000
ARM GAS  /tmp/cclzVOUz.s 			page 9


 242              	.LVL15:
 243              		.loc 1 204 7 view .LVU51
 244 000c FFF7FEFF 		bl	SD_CheckStatusWithTimeout
 245              	.LVL16:
 246              		.loc 1 204 6 discriminator 1 view .LVU52
 247 0010 0028     		cmp	r0, #0
 248 0012 30DB     		blt	.L27
 205:FATFS/Target/sd_diskio.c ****   {
 206:FATFS/Target/sd_diskio.c ****     return res;
 207:FATFS/Target/sd_diskio.c ****   }
 208:FATFS/Target/sd_diskio.c **** 
 209:FATFS/Target/sd_diskio.c **** #if defined(ENABLE_SCRATCH_BUFFER)
 210:FATFS/Target/sd_diskio.c ****   if (!((uint32_t)buff & 0x3))
 211:FATFS/Target/sd_diskio.c ****   {
 212:FATFS/Target/sd_diskio.c **** #endif
 213:FATFS/Target/sd_diskio.c ****     if(BSP_SD_ReadBlocks_DMA((uint32_t*)buff,
 249              		.loc 1 213 5 is_stmt 1 view .LVU53
 250              		.loc 1 213 8 is_stmt 0 view .LVU54
 251 0014 3246     		mov	r2, r6
 252 0016 2946     		mov	r1, r5
 253 0018 2046     		mov	r0, r4
 254 001a FFF7FEFF 		bl	BSP_SD_ReadBlocks_DMA
 255              	.LVL17:
 256              		.loc 1 213 7 discriminator 1 view .LVU55
 257 001e 08B1     		cbz	r0, .L31
 191:FATFS/Target/sd_diskio.c ****   uint32_t timeout;
 258              		.loc 1 191 11 view .LVU56
 259 0020 0120     		movs	r0, #1
 260 0022 29E0     		b	.L22
 261              	.L31:
 214:FATFS/Target/sd_diskio.c ****                              (uint32_t) (sector),
 215:FATFS/Target/sd_diskio.c ****                              count) == MSD_OK)
 216:FATFS/Target/sd_diskio.c ****     {
 217:FATFS/Target/sd_diskio.c ****       ReadStatus = 0;
 262              		.loc 1 217 7 is_stmt 1 view .LVU57
 263              		.loc 1 217 18 is_stmt 0 view .LVU58
 264 0024 154B     		ldr	r3, .L34
 265 0026 0022     		movs	r2, #0
 266 0028 1A60     		str	r2, [r3]
 218:FATFS/Target/sd_diskio.c ****       /* Wait that the reading process is completed or a timeout occurs */
 219:FATFS/Target/sd_diskio.c ****       timeout = HAL_GetTick();
 267              		.loc 1 219 7 is_stmt 1 view .LVU59
 268              		.loc 1 219 17 is_stmt 0 view .LVU60
 269 002a FFF7FEFF 		bl	HAL_GetTick
 270              	.LVL18:
 271 002e 0446     		mov	r4, r0
 272              	.LVL19:
 220:FATFS/Target/sd_diskio.c ****       while((ReadStatus == 0) && ((HAL_GetTick() - timeout) < SD_TIMEOUT))
 273              		.loc 1 220 7 is_stmt 1 view .LVU61
 274              	.L24:
 221:FATFS/Target/sd_diskio.c ****       {
 222:FATFS/Target/sd_diskio.c ****       }
 275              		.loc 1 222 7 view .LVU62
 220:FATFS/Target/sd_diskio.c ****       while((ReadStatus == 0) && ((HAL_GetTick() - timeout) < SD_TIMEOUT))
 276              		.loc 1 220 31 discriminator 2 view .LVU63
 220:FATFS/Target/sd_diskio.c ****       while((ReadStatus == 0) && ((HAL_GetTick() - timeout) < SD_TIMEOUT))
 277              		.loc 1 220 25 is_stmt 0 discriminator 2 view .LVU64
ARM GAS  /tmp/cclzVOUz.s 			page 10


 278 0030 124B     		ldr	r3, .L34
 279 0032 1B68     		ldr	r3, [r3]
 220:FATFS/Target/sd_diskio.c ****       while((ReadStatus == 0) && ((HAL_GetTick() - timeout) < SD_TIMEOUT))
 280              		.loc 1 220 31 discriminator 2 view .LVU65
 281 0034 33B9     		cbnz	r3, .L23
 220:FATFS/Target/sd_diskio.c ****       while((ReadStatus == 0) && ((HAL_GetTick() - timeout) < SD_TIMEOUT))
 282              		.loc 1 220 36 discriminator 1 view .LVU66
 283 0036 FFF7FEFF 		bl	HAL_GetTick
 284              	.LVL20:
 220:FATFS/Target/sd_diskio.c ****       while((ReadStatus == 0) && ((HAL_GetTick() - timeout) < SD_TIMEOUT))
 285              		.loc 1 220 50 discriminator 1 view .LVU67
 286 003a 001B     		subs	r0, r0, r4
 220:FATFS/Target/sd_diskio.c ****       while((ReadStatus == 0) && ((HAL_GetTick() - timeout) < SD_TIMEOUT))
 287              		.loc 1 220 31 discriminator 1 view .LVU68
 288 003c 47F22F53 		movw	r3, #29999
 289 0040 9842     		cmp	r0, r3
 290 0042 F5D9     		bls	.L24
 291              	.L23:
 223:FATFS/Target/sd_diskio.c ****       /* in case of a timeout return error */
 224:FATFS/Target/sd_diskio.c ****       if (ReadStatus == 0)
 292              		.loc 1 224 7 is_stmt 1 view .LVU69
 293              		.loc 1 224 22 is_stmt 0 view .LVU70
 294 0044 0D4B     		ldr	r3, .L34
 295 0046 1B68     		ldr	r3, [r3]
 296              		.loc 1 224 10 view .LVU71
 297 0048 0BB9     		cbnz	r3, .L32
 225:FATFS/Target/sd_diskio.c ****       {
 226:FATFS/Target/sd_diskio.c ****         res = RES_ERROR;
 298              		.loc 1 226 13 view .LVU72
 299 004a 0120     		movs	r0, #1
 300 004c 14E0     		b	.L22
 301              	.L32:
 227:FATFS/Target/sd_diskio.c ****       }
 228:FATFS/Target/sd_diskio.c ****       else
 229:FATFS/Target/sd_diskio.c ****       {
 230:FATFS/Target/sd_diskio.c ****         ReadStatus = 0;
 302              		.loc 1 230 9 is_stmt 1 view .LVU73
 303              		.loc 1 230 20 is_stmt 0 view .LVU74
 304 004e 0B4B     		ldr	r3, .L34
 305 0050 0022     		movs	r2, #0
 306 0052 1A60     		str	r2, [r3]
 231:FATFS/Target/sd_diskio.c ****         timeout = HAL_GetTick();
 307              		.loc 1 231 9 is_stmt 1 view .LVU75
 308              		.loc 1 231 19 is_stmt 0 view .LVU76
 309 0054 FFF7FEFF 		bl	HAL_GetTick
 310              	.LVL21:
 311 0058 0446     		mov	r4, r0
 312              	.LVL22:
 232:FATFS/Target/sd_diskio.c **** 
 233:FATFS/Target/sd_diskio.c ****         while((HAL_GetTick() - timeout) < SD_TIMEOUT)
 313              		.loc 1 233 9 is_stmt 1 view .LVU77
 314              	.L25:
 315              		.loc 1 233 41 view .LVU78
 316              		.loc 1 233 16 is_stmt 0 view .LVU79
 317 005a FFF7FEFF 		bl	HAL_GetTick
 318              	.LVL23:
 319              		.loc 1 233 30 discriminator 1 view .LVU80
ARM GAS  /tmp/cclzVOUz.s 			page 11


 320 005e 001B     		subs	r0, r0, r4
 321              		.loc 1 233 41 discriminator 1 view .LVU81
 322 0060 47F22F53 		movw	r3, #29999
 323 0064 9842     		cmp	r0, r3
 324 0066 04D8     		bhi	.L33
 234:FATFS/Target/sd_diskio.c ****         {
 235:FATFS/Target/sd_diskio.c ****           if (BSP_SD_GetCardState() == SD_TRANSFER_OK)
 325              		.loc 1 235 11 is_stmt 1 view .LVU82
 326              		.loc 1 235 15 is_stmt 0 view .LVU83
 327 0068 FFF7FEFF 		bl	BSP_SD_GetCardState
 328              	.LVL24:
 329              		.loc 1 235 14 discriminator 1 view .LVU84
 330 006c 0028     		cmp	r0, #0
 331 006e F4D1     		bne	.L25
 332 0070 02E0     		b	.L22
 333              	.L33:
 191:FATFS/Target/sd_diskio.c ****   uint32_t timeout;
 334              		.loc 1 191 11 view .LVU85
 335 0072 0120     		movs	r0, #1
 336 0074 00E0     		b	.L22
 337              	.LVL25:
 338              	.L27:
 206:FATFS/Target/sd_diskio.c ****   }
 339              		.loc 1 206 12 view .LVU86
 340 0076 0120     		movs	r0, #1
 341              	.LVL26:
 342              	.L22:
 236:FATFS/Target/sd_diskio.c ****           {
 237:FATFS/Target/sd_diskio.c ****             res = RES_OK;
 238:FATFS/Target/sd_diskio.c **** #if (ENABLE_SD_DMA_CACHE_MAINTENANCE == 1)
 239:FATFS/Target/sd_diskio.c ****             /*
 240:FATFS/Target/sd_diskio.c ****             the SCB_InvalidateDCache_by_Addr() requires a 32-Byte aligned address,
 241:FATFS/Target/sd_diskio.c ****             adjust the address and the D-Cache size to invalidate accordingly.
 242:FATFS/Target/sd_diskio.c ****             */
 243:FATFS/Target/sd_diskio.c ****             alignedAddr = (uint32_t)buff & ~0x1F;
 244:FATFS/Target/sd_diskio.c ****             SCB_InvalidateDCache_by_Addr((uint32_t*)alignedAddr, count*BLOCKSIZE + ((uint32_t)buff 
 245:FATFS/Target/sd_diskio.c **** #endif
 246:FATFS/Target/sd_diskio.c ****             break;
 247:FATFS/Target/sd_diskio.c ****           }
 248:FATFS/Target/sd_diskio.c ****         }
 249:FATFS/Target/sd_diskio.c ****       }
 250:FATFS/Target/sd_diskio.c ****     }
 251:FATFS/Target/sd_diskio.c **** #if defined(ENABLE_SCRATCH_BUFFER)
 252:FATFS/Target/sd_diskio.c ****   }
 253:FATFS/Target/sd_diskio.c ****     else
 254:FATFS/Target/sd_diskio.c ****     {
 255:FATFS/Target/sd_diskio.c ****       /* Slow path, fetch each sector a part and memcpy to destination buffer */
 256:FATFS/Target/sd_diskio.c ****       int i;
 257:FATFS/Target/sd_diskio.c **** 
 258:FATFS/Target/sd_diskio.c ****       for (i = 0; i < count; i++) {
 259:FATFS/Target/sd_diskio.c ****         ret = BSP_SD_ReadBlocks_DMA((uint32_t*)scratch, (uint32_t)sector++, 1);
 260:FATFS/Target/sd_diskio.c ****         if (ret == MSD_OK) {
 261:FATFS/Target/sd_diskio.c ****           /* wait until the read is successful or a timeout occurs */
 262:FATFS/Target/sd_diskio.c **** 
 263:FATFS/Target/sd_diskio.c ****           timeout = HAL_GetTick();
 264:FATFS/Target/sd_diskio.c ****           while((ReadStatus == 0) && ((HAL_GetTick() - timeout) < SD_TIMEOUT))
 265:FATFS/Target/sd_diskio.c ****           {
ARM GAS  /tmp/cclzVOUz.s 			page 12


 266:FATFS/Target/sd_diskio.c ****           }
 267:FATFS/Target/sd_diskio.c ****           if (ReadStatus == 0)
 268:FATFS/Target/sd_diskio.c ****           {
 269:FATFS/Target/sd_diskio.c ****             res = RES_ERROR;
 270:FATFS/Target/sd_diskio.c ****             break;
 271:FATFS/Target/sd_diskio.c ****           }
 272:FATFS/Target/sd_diskio.c ****           ReadStatus = 0;
 273:FATFS/Target/sd_diskio.c **** 
 274:FATFS/Target/sd_diskio.c **** #if (ENABLE_SD_DMA_CACHE_MAINTENANCE == 1)
 275:FATFS/Target/sd_diskio.c ****           /*
 276:FATFS/Target/sd_diskio.c ****           *
 277:FATFS/Target/sd_diskio.c ****           * invalidate the scratch buffer before the next read to get the actual data instead of th
 278:FATFS/Target/sd_diskio.c ****           */
 279:FATFS/Target/sd_diskio.c ****           SCB_InvalidateDCache_by_Addr((uint32_t*)scratch, BLOCKSIZE);
 280:FATFS/Target/sd_diskio.c **** #endif
 281:FATFS/Target/sd_diskio.c ****           memcpy(buff, scratch, BLOCKSIZE);
 282:FATFS/Target/sd_diskio.c ****           buff += BLOCKSIZE;
 283:FATFS/Target/sd_diskio.c ****         }
 284:FATFS/Target/sd_diskio.c ****         else
 285:FATFS/Target/sd_diskio.c ****         {
 286:FATFS/Target/sd_diskio.c ****           break;
 287:FATFS/Target/sd_diskio.c ****         }
 288:FATFS/Target/sd_diskio.c ****       }
 289:FATFS/Target/sd_diskio.c **** 
 290:FATFS/Target/sd_diskio.c ****       if ((i == count) && (ret == MSD_OK))
 291:FATFS/Target/sd_diskio.c ****         res = RES_OK;
 292:FATFS/Target/sd_diskio.c ****     }
 293:FATFS/Target/sd_diskio.c **** #endif
 294:FATFS/Target/sd_diskio.c **** 
 295:FATFS/Target/sd_diskio.c ****   return res;
 296:FATFS/Target/sd_diskio.c **** }
 343              		.loc 1 296 1 view .LVU87
 344 0078 70BD     		pop	{r4, r5, r6, pc}
 345              	.LVL27:
 346              	.L35:
 347              		.loc 1 296 1 view .LVU88
 348 007a 00BF     		.align	2
 349              	.L34:
 350 007c 00000000 		.word	ReadStatus
 351              		.cfi_endproc
 352              	.LFE137:
 354              		.section	.text.SD_write,"ax",%progbits
 355              		.align	1
 356              		.global	SD_write
 357              		.syntax unified
 358              		.thumb
 359              		.thumb_func
 361              	SD_write:
 362              	.LVL28:
 363              	.LFB138:
 297:FATFS/Target/sd_diskio.c **** 
 298:FATFS/Target/sd_diskio.c **** /* USER CODE BEGIN beforeWriteSection */
 299:FATFS/Target/sd_diskio.c **** /* can be used to modify previous code / undefine following code / add new code */
 300:FATFS/Target/sd_diskio.c **** /* USER CODE END beforeWriteSection */
 301:FATFS/Target/sd_diskio.c **** /**
 302:FATFS/Target/sd_diskio.c ****   * @brief  Writes Sector(s)
 303:FATFS/Target/sd_diskio.c ****   * @param  lun : not used
ARM GAS  /tmp/cclzVOUz.s 			page 13


 304:FATFS/Target/sd_diskio.c ****   * @param  *buff: Data to be written
 305:FATFS/Target/sd_diskio.c ****   * @param  sector: Sector address (LBA)
 306:FATFS/Target/sd_diskio.c ****   * @param  count: Number of sectors to write (1..128)
 307:FATFS/Target/sd_diskio.c ****   * @retval DRESULT: Operation result
 308:FATFS/Target/sd_diskio.c ****   */
 309:FATFS/Target/sd_diskio.c **** #if _USE_WRITE == 1
 310:FATFS/Target/sd_diskio.c **** 
 311:FATFS/Target/sd_diskio.c **** DRESULT SD_write(BYTE lun, const BYTE *buff, DWORD sector, UINT count)
 312:FATFS/Target/sd_diskio.c **** {
 364              		.loc 1 312 1 is_stmt 1 view -0
 365              		.cfi_startproc
 366              		@ args = 0, pretend = 0, frame = 0
 367              		@ frame_needed = 0, uses_anonymous_args = 0
 368              		.loc 1 312 1 is_stmt 0 view .LVU90
 369 0000 70B5     		push	{r4, r5, r6, lr}
 370              	.LCFI5:
 371              		.cfi_def_cfa_offset 16
 372              		.cfi_offset 4, -16
 373              		.cfi_offset 5, -12
 374              		.cfi_offset 6, -8
 375              		.cfi_offset 14, -4
 376 0002 0C46     		mov	r4, r1
 377 0004 1546     		mov	r5, r2
 378 0006 1E46     		mov	r6, r3
 313:FATFS/Target/sd_diskio.c ****   DRESULT res = RES_ERROR;
 379              		.loc 1 313 3 is_stmt 1 view .LVU91
 380              	.LVL29:
 314:FATFS/Target/sd_diskio.c ****   uint32_t timeout;
 381              		.loc 1 314 3 view .LVU92
 315:FATFS/Target/sd_diskio.c **** #if defined(ENABLE_SCRATCH_BUFFER)
 316:FATFS/Target/sd_diskio.c ****   uint8_t ret;
 317:FATFS/Target/sd_diskio.c ****   int i;
 318:FATFS/Target/sd_diskio.c **** #endif
 319:FATFS/Target/sd_diskio.c **** 
 320:FATFS/Target/sd_diskio.c ****    WriteStatus = 0;
 382              		.loc 1 320 4 view .LVU93
 383              		.loc 1 320 16 is_stmt 0 view .LVU94
 384 0008 1C4B     		ldr	r3, .L49
 385              	.LVL30:
 386              		.loc 1 320 16 view .LVU95
 387 000a 0022     		movs	r2, #0
 388              	.LVL31:
 389              		.loc 1 320 16 view .LVU96
 390 000c 1A60     		str	r2, [r3]
 321:FATFS/Target/sd_diskio.c **** #if (ENABLE_SD_DMA_CACHE_MAINTENANCE == 1)
 322:FATFS/Target/sd_diskio.c ****   uint32_t alignedAddr;
 323:FATFS/Target/sd_diskio.c **** #endif
 324:FATFS/Target/sd_diskio.c **** 
 325:FATFS/Target/sd_diskio.c ****   if (SD_CheckStatusWithTimeout(SD_TIMEOUT) < 0)
 391              		.loc 1 325 3 is_stmt 1 view .LVU97
 392              		.loc 1 325 7 is_stmt 0 view .LVU98
 393 000e 47F23050 		movw	r0, #30000
 394              	.LVL32:
 395              		.loc 1 325 7 view .LVU99
 396 0012 FFF7FEFF 		bl	SD_CheckStatusWithTimeout
 397              	.LVL33:
 398              		.loc 1 325 6 discriminator 1 view .LVU100
ARM GAS  /tmp/cclzVOUz.s 			page 14


 399 0016 0028     		cmp	r0, #0
 400 0018 2DDB     		blt	.L42
 326:FATFS/Target/sd_diskio.c ****   {
 327:FATFS/Target/sd_diskio.c ****     return res;
 328:FATFS/Target/sd_diskio.c ****   }
 329:FATFS/Target/sd_diskio.c **** 
 330:FATFS/Target/sd_diskio.c **** #if defined(ENABLE_SCRATCH_BUFFER)
 331:FATFS/Target/sd_diskio.c ****   if (!((uint32_t)buff & 0x3))
 332:FATFS/Target/sd_diskio.c ****   {
 333:FATFS/Target/sd_diskio.c **** #endif
 334:FATFS/Target/sd_diskio.c **** #if (ENABLE_SD_DMA_CACHE_MAINTENANCE == 1)
 335:FATFS/Target/sd_diskio.c **** 
 336:FATFS/Target/sd_diskio.c ****     /*
 337:FATFS/Target/sd_diskio.c ****     the SCB_CleanDCache_by_Addr() requires a 32-Byte aligned address
 338:FATFS/Target/sd_diskio.c ****     adjust the address and the D-Cache size to clean accordingly.
 339:FATFS/Target/sd_diskio.c ****     */
 340:FATFS/Target/sd_diskio.c ****     alignedAddr = (uint32_t)buff &  ~0x1F;
 341:FATFS/Target/sd_diskio.c ****     SCB_CleanDCache_by_Addr((uint32_t*)alignedAddr, count*BLOCKSIZE + ((uint32_t)buff - alignedAddr
 342:FATFS/Target/sd_diskio.c **** #endif
 343:FATFS/Target/sd_diskio.c **** 
 344:FATFS/Target/sd_diskio.c ****     if(BSP_SD_WriteBlocks_DMA((uint32_t*)buff,
 401              		.loc 1 344 5 is_stmt 1 view .LVU101
 402              		.loc 1 344 8 is_stmt 0 view .LVU102
 403 001a 3246     		mov	r2, r6
 404 001c 2946     		mov	r1, r5
 405 001e 2046     		mov	r0, r4
 406 0020 FFF7FEFF 		bl	BSP_SD_WriteBlocks_DMA
 407              	.LVL34:
 408              		.loc 1 344 7 discriminator 1 view .LVU103
 409 0024 08B1     		cbz	r0, .L46
 313:FATFS/Target/sd_diskio.c ****   uint32_t timeout;
 410              		.loc 1 313 11 view .LVU104
 411 0026 0120     		movs	r0, #1
 412 0028 26E0     		b	.L37
 413              	.L46:
 345:FATFS/Target/sd_diskio.c ****                               (uint32_t)(sector),
 346:FATFS/Target/sd_diskio.c ****                               count) == MSD_OK)
 347:FATFS/Target/sd_diskio.c ****     {
 348:FATFS/Target/sd_diskio.c ****       /* Wait that writing process is completed or a timeout occurs */
 349:FATFS/Target/sd_diskio.c **** 
 350:FATFS/Target/sd_diskio.c ****       timeout = HAL_GetTick();
 414              		.loc 1 350 7 is_stmt 1 view .LVU105
 415              		.loc 1 350 17 is_stmt 0 view .LVU106
 416 002a FFF7FEFF 		bl	HAL_GetTick
 417              	.LVL35:
 418 002e 0446     		mov	r4, r0
 419              	.LVL36:
 351:FATFS/Target/sd_diskio.c ****       while((WriteStatus == 0) && ((HAL_GetTick() - timeout) < SD_TIMEOUT))
 420              		.loc 1 351 7 is_stmt 1 view .LVU107
 421              	.L39:
 352:FATFS/Target/sd_diskio.c ****       {
 353:FATFS/Target/sd_diskio.c ****       }
 422              		.loc 1 353 7 view .LVU108
 351:FATFS/Target/sd_diskio.c ****       while((WriteStatus == 0) && ((HAL_GetTick() - timeout) < SD_TIMEOUT))
 423              		.loc 1 351 32 discriminator 2 view .LVU109
 351:FATFS/Target/sd_diskio.c ****       while((WriteStatus == 0) && ((HAL_GetTick() - timeout) < SD_TIMEOUT))
 424              		.loc 1 351 26 is_stmt 0 discriminator 2 view .LVU110
ARM GAS  /tmp/cclzVOUz.s 			page 15


 425 0030 124B     		ldr	r3, .L49
 426 0032 1B68     		ldr	r3, [r3]
 351:FATFS/Target/sd_diskio.c ****       while((WriteStatus == 0) && ((HAL_GetTick() - timeout) < SD_TIMEOUT))
 427              		.loc 1 351 32 discriminator 2 view .LVU111
 428 0034 33B9     		cbnz	r3, .L38
 351:FATFS/Target/sd_diskio.c ****       while((WriteStatus == 0) && ((HAL_GetTick() - timeout) < SD_TIMEOUT))
 429              		.loc 1 351 37 discriminator 1 view .LVU112
 430 0036 FFF7FEFF 		bl	HAL_GetTick
 431              	.LVL37:
 351:FATFS/Target/sd_diskio.c ****       while((WriteStatus == 0) && ((HAL_GetTick() - timeout) < SD_TIMEOUT))
 432              		.loc 1 351 51 discriminator 1 view .LVU113
 433 003a 001B     		subs	r0, r0, r4
 351:FATFS/Target/sd_diskio.c ****       while((WriteStatus == 0) && ((HAL_GetTick() - timeout) < SD_TIMEOUT))
 434              		.loc 1 351 32 discriminator 1 view .LVU114
 435 003c 47F22F53 		movw	r3, #29999
 436 0040 9842     		cmp	r0, r3
 437 0042 F5D9     		bls	.L39
 438              	.L38:
 354:FATFS/Target/sd_diskio.c ****       /* in case of a timeout return error */
 355:FATFS/Target/sd_diskio.c ****       if (WriteStatus == 0)
 439              		.loc 1 355 7 is_stmt 1 view .LVU115
 440              		.loc 1 355 23 is_stmt 0 view .LVU116
 441 0044 0D4B     		ldr	r3, .L49
 442 0046 1B68     		ldr	r3, [r3]
 443              		.loc 1 355 10 view .LVU117
 444 0048 0BB9     		cbnz	r3, .L47
 356:FATFS/Target/sd_diskio.c ****       {
 357:FATFS/Target/sd_diskio.c ****         res = RES_ERROR;
 445              		.loc 1 357 13 view .LVU118
 446 004a 0120     		movs	r0, #1
 447 004c 14E0     		b	.L37
 448              	.L47:
 358:FATFS/Target/sd_diskio.c ****       }
 359:FATFS/Target/sd_diskio.c ****       else
 360:FATFS/Target/sd_diskio.c ****       {
 361:FATFS/Target/sd_diskio.c ****         WriteStatus = 0;
 449              		.loc 1 361 9 is_stmt 1 view .LVU119
 450              		.loc 1 361 21 is_stmt 0 view .LVU120
 451 004e 0B4B     		ldr	r3, .L49
 452 0050 0022     		movs	r2, #0
 453 0052 1A60     		str	r2, [r3]
 362:FATFS/Target/sd_diskio.c ****         timeout = HAL_GetTick();
 454              		.loc 1 362 9 is_stmt 1 view .LVU121
 455              		.loc 1 362 19 is_stmt 0 view .LVU122
 456 0054 FFF7FEFF 		bl	HAL_GetTick
 457              	.LVL38:
 458 0058 0446     		mov	r4, r0
 459              	.LVL39:
 363:FATFS/Target/sd_diskio.c **** 
 364:FATFS/Target/sd_diskio.c ****         while((HAL_GetTick() - timeout) < SD_TIMEOUT)
 460              		.loc 1 364 9 is_stmt 1 view .LVU123
 461              	.L40:
 462              		.loc 1 364 41 view .LVU124
 463              		.loc 1 364 16 is_stmt 0 view .LVU125
 464 005a FFF7FEFF 		bl	HAL_GetTick
 465              	.LVL40:
 466              		.loc 1 364 30 discriminator 1 view .LVU126
ARM GAS  /tmp/cclzVOUz.s 			page 16


 467 005e 001B     		subs	r0, r0, r4
 468              		.loc 1 364 41 discriminator 1 view .LVU127
 469 0060 47F22F53 		movw	r3, #29999
 470 0064 9842     		cmp	r0, r3
 471 0066 04D8     		bhi	.L48
 365:FATFS/Target/sd_diskio.c ****         {
 366:FATFS/Target/sd_diskio.c ****           if (BSP_SD_GetCardState() == SD_TRANSFER_OK)
 472              		.loc 1 366 11 is_stmt 1 view .LVU128
 473              		.loc 1 366 15 is_stmt 0 view .LVU129
 474 0068 FFF7FEFF 		bl	BSP_SD_GetCardState
 475              	.LVL41:
 476              		.loc 1 366 14 discriminator 1 view .LVU130
 477 006c 0028     		cmp	r0, #0
 478 006e F4D1     		bne	.L40
 479 0070 02E0     		b	.L37
 480              	.L48:
 313:FATFS/Target/sd_diskio.c ****   uint32_t timeout;
 481              		.loc 1 313 11 view .LVU131
 482 0072 0120     		movs	r0, #1
 483 0074 00E0     		b	.L37
 484              	.LVL42:
 485              	.L42:
 327:FATFS/Target/sd_diskio.c ****   }
 486              		.loc 1 327 12 view .LVU132
 487 0076 0120     		movs	r0, #1
 488              	.LVL43:
 489              	.L37:
 367:FATFS/Target/sd_diskio.c ****           {
 368:FATFS/Target/sd_diskio.c ****             res = RES_OK;
 369:FATFS/Target/sd_diskio.c ****             break;
 370:FATFS/Target/sd_diskio.c ****           }
 371:FATFS/Target/sd_diskio.c ****         }
 372:FATFS/Target/sd_diskio.c ****       }
 373:FATFS/Target/sd_diskio.c ****     }
 374:FATFS/Target/sd_diskio.c **** #if defined(ENABLE_SCRATCH_BUFFER)
 375:FATFS/Target/sd_diskio.c ****   }
 376:FATFS/Target/sd_diskio.c ****     else
 377:FATFS/Target/sd_diskio.c ****     {
 378:FATFS/Target/sd_diskio.c ****       /* Slow path, fetch each sector a part and memcpy to destination buffer */
 379:FATFS/Target/sd_diskio.c **** #if (ENABLE_SD_DMA_CACHE_MAINTENANCE == 1)
 380:FATFS/Target/sd_diskio.c ****       /*
 381:FATFS/Target/sd_diskio.c ****       * invalidate the scratch buffer before the next write to get the actual data instead of the c
 382:FATFS/Target/sd_diskio.c ****       */
 383:FATFS/Target/sd_diskio.c ****       SCB_InvalidateDCache_by_Addr((uint32_t*)scratch, BLOCKSIZE);
 384:FATFS/Target/sd_diskio.c **** #endif
 385:FATFS/Target/sd_diskio.c **** 
 386:FATFS/Target/sd_diskio.c ****       for (i = 0; i < count; i++)
 387:FATFS/Target/sd_diskio.c ****       {
 388:FATFS/Target/sd_diskio.c ****         WriteStatus = 0;
 389:FATFS/Target/sd_diskio.c **** 
 390:FATFS/Target/sd_diskio.c ****         memcpy((void *)scratch, (void *)buff, BLOCKSIZE);
 391:FATFS/Target/sd_diskio.c ****         buff += BLOCKSIZE;
 392:FATFS/Target/sd_diskio.c **** 
 393:FATFS/Target/sd_diskio.c ****         ret = BSP_SD_WriteBlocks_DMA((uint32_t*)scratch, (uint32_t)sector++, 1);
 394:FATFS/Target/sd_diskio.c ****         if (ret == MSD_OK) {
 395:FATFS/Target/sd_diskio.c ****           /* wait for a message from the queue or a timeout */
 396:FATFS/Target/sd_diskio.c ****           timeout = HAL_GetTick();
ARM GAS  /tmp/cclzVOUz.s 			page 17


 397:FATFS/Target/sd_diskio.c ****           while((WriteStatus == 0) && ((HAL_GetTick() - timeout) < SD_TIMEOUT))
 398:FATFS/Target/sd_diskio.c ****           {
 399:FATFS/Target/sd_diskio.c ****           }
 400:FATFS/Target/sd_diskio.c ****           if (WriteStatus == 0)
 401:FATFS/Target/sd_diskio.c ****           {
 402:FATFS/Target/sd_diskio.c ****             break;
 403:FATFS/Target/sd_diskio.c ****           }
 404:FATFS/Target/sd_diskio.c **** 
 405:FATFS/Target/sd_diskio.c ****         }
 406:FATFS/Target/sd_diskio.c ****         else
 407:FATFS/Target/sd_diskio.c ****         {
 408:FATFS/Target/sd_diskio.c ****           break;
 409:FATFS/Target/sd_diskio.c ****         }
 410:FATFS/Target/sd_diskio.c ****       }
 411:FATFS/Target/sd_diskio.c ****       if ((i == count) && (ret == MSD_OK))
 412:FATFS/Target/sd_diskio.c ****         res = RES_OK;
 413:FATFS/Target/sd_diskio.c ****     }
 414:FATFS/Target/sd_diskio.c **** #endif
 415:FATFS/Target/sd_diskio.c ****   return res;
 416:FATFS/Target/sd_diskio.c **** }
 490              		.loc 1 416 1 view .LVU133
 491 0078 70BD     		pop	{r4, r5, r6, pc}
 492              	.LVL44:
 493              	.L50:
 494              		.loc 1 416 1 view .LVU134
 495 007a 00BF     		.align	2
 496              	.L49:
 497 007c 00000000 		.word	WriteStatus
 498              		.cfi_endproc
 499              	.LFE138:
 501              		.section	.text.SD_ioctl,"ax",%progbits
 502              		.align	1
 503              		.global	SD_ioctl
 504              		.syntax unified
 505              		.thumb
 506              		.thumb_func
 508              	SD_ioctl:
 509              	.LVL45:
 510              	.LFB139:
 417:FATFS/Target/sd_diskio.c **** #endif /* _USE_WRITE == 1 */
 418:FATFS/Target/sd_diskio.c **** 
 419:FATFS/Target/sd_diskio.c **** /* USER CODE BEGIN beforeIoctlSection */
 420:FATFS/Target/sd_diskio.c **** /* can be used to modify previous code / undefine following code / add new code */
 421:FATFS/Target/sd_diskio.c **** /* USER CODE END beforeIoctlSection */
 422:FATFS/Target/sd_diskio.c **** /**
 423:FATFS/Target/sd_diskio.c ****   * @brief  I/O control operation
 424:FATFS/Target/sd_diskio.c ****   * @param  lun : not used
 425:FATFS/Target/sd_diskio.c ****   * @param  cmd: Control code
 426:FATFS/Target/sd_diskio.c ****   * @param  *buff: Buffer to send/receive control data
 427:FATFS/Target/sd_diskio.c ****   * @retval DRESULT: Operation result
 428:FATFS/Target/sd_diskio.c ****   */
 429:FATFS/Target/sd_diskio.c **** #if _USE_IOCTL == 1
 430:FATFS/Target/sd_diskio.c **** DRESULT SD_ioctl(BYTE lun, BYTE cmd, void *buff)
 431:FATFS/Target/sd_diskio.c **** {
 511              		.loc 1 431 1 is_stmt 1 view -0
 512              		.cfi_startproc
 513              		@ args = 0, pretend = 0, frame = 32
ARM GAS  /tmp/cclzVOUz.s 			page 18


 514              		@ frame_needed = 0, uses_anonymous_args = 0
 515              		.loc 1 431 1 is_stmt 0 view .LVU136
 516 0000 30B5     		push	{r4, r5, lr}
 517              	.LCFI6:
 518              		.cfi_def_cfa_offset 12
 519              		.cfi_offset 4, -12
 520              		.cfi_offset 5, -8
 521              		.cfi_offset 14, -4
 522 0002 89B0     		sub	sp, sp, #36
 523              	.LCFI7:
 524              		.cfi_def_cfa_offset 48
 432:FATFS/Target/sd_diskio.c ****   DRESULT res = RES_ERROR;
 525              		.loc 1 432 3 is_stmt 1 view .LVU137
 526              	.LVL46:
 433:FATFS/Target/sd_diskio.c ****   BSP_SD_CardInfo CardInfo;
 527              		.loc 1 433 3 view .LVU138
 434:FATFS/Target/sd_diskio.c **** 
 435:FATFS/Target/sd_diskio.c ****   if (Stat & STA_NOINIT) return RES_NOTRDY;
 528              		.loc 1 435 3 view .LVU139
 529              		.loc 1 435 12 is_stmt 0 view .LVU140
 530 0004 134B     		ldr	r3, .L61
 531 0006 1878     		ldrb	r0, [r3]	@ zero_extendqisi2
 532              	.LVL47:
 533              		.loc 1 435 6 view .LVU141
 534 0008 10F00104 		ands	r4, r0, #1
 535 000c 1BD1     		bne	.L58
 536 000e 1546     		mov	r5, r2
 436:FATFS/Target/sd_diskio.c **** 
 437:FATFS/Target/sd_diskio.c ****   switch (cmd)
 537              		.loc 1 437 3 is_stmt 1 view .LVU142
 538 0010 0329     		cmp	r1, #3
 539 0012 1CD8     		bhi	.L59
 540 0014 DFE801F0 		tbb	[pc, r1]
 541              	.L54:
 542 0018 02       		.byte	(.L57-.L54)/2
 543 0019 04       		.byte	(.L56-.L54)/2
 544 001a 0A       		.byte	(.L55-.L54)/2
 545 001b 10       		.byte	(.L53-.L54)/2
 546              		.p2align 1
 547              	.L57:
 548 001c 0C46     		mov	r4, r1
 549 001e 13E0     		b	.L52
 550              	.L56:
 438:FATFS/Target/sd_diskio.c ****   {
 439:FATFS/Target/sd_diskio.c ****   /* Make sure that no pending write process */
 440:FATFS/Target/sd_diskio.c ****   case CTRL_SYNC :
 441:FATFS/Target/sd_diskio.c ****     res = RES_OK;
 442:FATFS/Target/sd_diskio.c ****     break;
 443:FATFS/Target/sd_diskio.c **** 
 444:FATFS/Target/sd_diskio.c ****   /* Get number of sectors on the disk (DWORD) */
 445:FATFS/Target/sd_diskio.c ****   case GET_SECTOR_COUNT :
 446:FATFS/Target/sd_diskio.c ****     BSP_SD_GetCardInfo(&CardInfo);
 551              		.loc 1 446 5 view .LVU143
 552 0020 6846     		mov	r0, sp
 553 0022 FFF7FEFF 		bl	BSP_SD_GetCardInfo
 554              	.LVL48:
 447:FATFS/Target/sd_diskio.c ****     *(DWORD*)buff = CardInfo.LogBlockNbr;
ARM GAS  /tmp/cclzVOUz.s 			page 19


 555              		.loc 1 447 5 view .LVU144
 556              		.loc 1 447 29 is_stmt 0 view .LVU145
 557 0026 069B     		ldr	r3, [sp, #24]
 558              		.loc 1 447 19 view .LVU146
 559 0028 2B60     		str	r3, [r5]
 448:FATFS/Target/sd_diskio.c ****     res = RES_OK;
 560              		.loc 1 448 5 is_stmt 1 view .LVU147
 561              	.LVL49:
 449:FATFS/Target/sd_diskio.c ****     break;
 562              		.loc 1 449 5 view .LVU148
 563 002a 0DE0     		b	.L52
 564              	.LVL50:
 565              	.L55:
 450:FATFS/Target/sd_diskio.c **** 
 451:FATFS/Target/sd_diskio.c ****   /* Get R/W sector size (WORD) */
 452:FATFS/Target/sd_diskio.c ****   case GET_SECTOR_SIZE :
 453:FATFS/Target/sd_diskio.c ****     BSP_SD_GetCardInfo(&CardInfo);
 566              		.loc 1 453 5 view .LVU149
 567 002c 6846     		mov	r0, sp
 568 002e FFF7FEFF 		bl	BSP_SD_GetCardInfo
 569              	.LVL51:
 454:FATFS/Target/sd_diskio.c ****     *(WORD*)buff = CardInfo.LogBlockSize;
 570              		.loc 1 454 5 view .LVU150
 571              		.loc 1 454 28 is_stmt 0 view .LVU151
 572 0032 079B     		ldr	r3, [sp, #28]
 573              		.loc 1 454 18 view .LVU152
 574 0034 2B80     		strh	r3, [r5]	@ movhi
 455:FATFS/Target/sd_diskio.c ****     res = RES_OK;
 575              		.loc 1 455 5 is_stmt 1 view .LVU153
 576              	.LVL52:
 456:FATFS/Target/sd_diskio.c ****     break;
 577              		.loc 1 456 5 view .LVU154
 578 0036 07E0     		b	.L52
 579              	.LVL53:
 580              	.L53:
 457:FATFS/Target/sd_diskio.c **** 
 458:FATFS/Target/sd_diskio.c ****   /* Get erase block size in unit of sector (DWORD) */
 459:FATFS/Target/sd_diskio.c ****   case GET_BLOCK_SIZE :
 460:FATFS/Target/sd_diskio.c ****     BSP_SD_GetCardInfo(&CardInfo);
 581              		.loc 1 460 5 view .LVU155
 582 0038 6846     		mov	r0, sp
 583 003a FFF7FEFF 		bl	BSP_SD_GetCardInfo
 584              	.LVL54:
 461:FATFS/Target/sd_diskio.c ****     *(DWORD*)buff = CardInfo.LogBlockSize / SD_DEFAULT_BLOCK_SIZE;
 585              		.loc 1 461 5 view .LVU156
 586              		.loc 1 461 29 is_stmt 0 view .LVU157
 587 003e 079B     		ldr	r3, [sp, #28]
 588              		.loc 1 461 43 view .LVU158
 589 0040 5B0A     		lsrs	r3, r3, #9
 590              		.loc 1 461 19 view .LVU159
 591 0042 2B60     		str	r3, [r5]
 462:FATFS/Target/sd_diskio.c ****     res = RES_OK;
 592              		.loc 1 462 5 is_stmt 1 view .LVU160
 593              	.LVL55:
 463:FATFS/Target/sd_diskio.c ****     break;
 594              		.loc 1 463 5 view .LVU161
 595 0044 00E0     		b	.L52
ARM GAS  /tmp/cclzVOUz.s 			page 20


 596              	.LVL56:
 597              	.L58:
 435:FATFS/Target/sd_diskio.c **** 
 598              		.loc 1 435 33 is_stmt 0 discriminator 1 view .LVU162
 599 0046 0324     		movs	r4, #3
 600              	.LVL57:
 601              	.L52:
 464:FATFS/Target/sd_diskio.c **** 
 465:FATFS/Target/sd_diskio.c ****   default:
 466:FATFS/Target/sd_diskio.c ****     res = RES_PARERR;
 467:FATFS/Target/sd_diskio.c ****   }
 468:FATFS/Target/sd_diskio.c **** 
 469:FATFS/Target/sd_diskio.c ****   return res;
 470:FATFS/Target/sd_diskio.c **** }
 602              		.loc 1 470 1 view .LVU163
 603 0048 2046     		mov	r0, r4
 604 004a 09B0     		add	sp, sp, #36
 605              	.LCFI8:
 606              		.cfi_remember_state
 607              		.cfi_def_cfa_offset 12
 608              		@ sp needed
 609 004c 30BD     		pop	{r4, r5, pc}
 610              	.LVL58:
 611              	.L59:
 612              	.LCFI9:
 613              		.cfi_restore_state
 466:FATFS/Target/sd_diskio.c ****   }
 614              		.loc 1 466 9 view .LVU164
 615 004e 0424     		movs	r4, #4
 616 0050 FAE7     		b	.L52
 617              	.L62:
 618 0052 00BF     		.align	2
 619              	.L61:
 620 0054 00000000 		.word	Stat
 621              		.cfi_endproc
 622              	.LFE139:
 624              		.section	.text.BSP_SD_WriteCpltCallback,"ax",%progbits
 625              		.align	1
 626              		.global	BSP_SD_WriteCpltCallback
 627              		.syntax unified
 628              		.thumb
 629              		.thumb_func
 631              	BSP_SD_WriteCpltCallback:
 632              	.LFB140:
 471:FATFS/Target/sd_diskio.c **** #endif /* _USE_IOCTL == 1 */
 472:FATFS/Target/sd_diskio.c **** 
 473:FATFS/Target/sd_diskio.c **** /* USER CODE BEGIN afterIoctlSection */
 474:FATFS/Target/sd_diskio.c **** /* can be used to modify previous code / undefine following code / add new code */
 475:FATFS/Target/sd_diskio.c **** /* USER CODE END afterIoctlSection */
 476:FATFS/Target/sd_diskio.c **** 
 477:FATFS/Target/sd_diskio.c **** /* USER CODE BEGIN callbackSection */
 478:FATFS/Target/sd_diskio.c **** /* can be used to modify / following code or add new code */
 479:FATFS/Target/sd_diskio.c **** /* USER CODE END callbackSection */
 480:FATFS/Target/sd_diskio.c **** /**
 481:FATFS/Target/sd_diskio.c ****   * @brief Tx Transfer completed callbacks
 482:FATFS/Target/sd_diskio.c ****   * @param hsd: SD handle
 483:FATFS/Target/sd_diskio.c ****   * @retval None
ARM GAS  /tmp/cclzVOUz.s 			page 21


 484:FATFS/Target/sd_diskio.c ****   */
 485:FATFS/Target/sd_diskio.c **** void BSP_SD_WriteCpltCallback(void)
 486:FATFS/Target/sd_diskio.c **** {
 633              		.loc 1 486 1 is_stmt 1 view -0
 634              		.cfi_startproc
 635              		@ args = 0, pretend = 0, frame = 0
 636              		@ frame_needed = 0, uses_anonymous_args = 0
 637              		@ link register save eliminated.
 487:FATFS/Target/sd_diskio.c **** 
 488:FATFS/Target/sd_diskio.c ****   WriteStatus = 1;
 638              		.loc 1 488 3 view .LVU166
 639              		.loc 1 488 15 is_stmt 0 view .LVU167
 640 0000 014B     		ldr	r3, .L64
 641 0002 0122     		movs	r2, #1
 642 0004 1A60     		str	r2, [r3]
 489:FATFS/Target/sd_diskio.c **** }
 643              		.loc 1 489 1 view .LVU168
 644 0006 7047     		bx	lr
 645              	.L65:
 646              		.align	2
 647              	.L64:
 648 0008 00000000 		.word	WriteStatus
 649              		.cfi_endproc
 650              	.LFE140:
 652              		.section	.text.BSP_SD_ReadCpltCallback,"ax",%progbits
 653              		.align	1
 654              		.global	BSP_SD_ReadCpltCallback
 655              		.syntax unified
 656              		.thumb
 657              		.thumb_func
 659              	BSP_SD_ReadCpltCallback:
 660              	.LFB141:
 490:FATFS/Target/sd_diskio.c **** 
 491:FATFS/Target/sd_diskio.c **** /**
 492:FATFS/Target/sd_diskio.c ****   * @brief Rx Transfer completed callbacks
 493:FATFS/Target/sd_diskio.c ****   * @param hsd: SD handle
 494:FATFS/Target/sd_diskio.c ****   * @retval None
 495:FATFS/Target/sd_diskio.c ****   */
 496:FATFS/Target/sd_diskio.c **** void BSP_SD_ReadCpltCallback(void)
 497:FATFS/Target/sd_diskio.c **** {
 661              		.loc 1 497 1 is_stmt 1 view -0
 662              		.cfi_startproc
 663              		@ args = 0, pretend = 0, frame = 0
 664              		@ frame_needed = 0, uses_anonymous_args = 0
 665              		@ link register save eliminated.
 498:FATFS/Target/sd_diskio.c ****   ReadStatus = 1;
 666              		.loc 1 498 3 view .LVU170
 667              		.loc 1 498 14 is_stmt 0 view .LVU171
 668 0000 014B     		ldr	r3, .L67
 669 0002 0122     		movs	r2, #1
 670 0004 1A60     		str	r2, [r3]
 499:FATFS/Target/sd_diskio.c **** }
 671              		.loc 1 499 1 view .LVU172
 672 0006 7047     		bx	lr
 673              	.L68:
 674              		.align	2
 675              	.L67:
ARM GAS  /tmp/cclzVOUz.s 			page 22


 676 0008 00000000 		.word	ReadStatus
 677              		.cfi_endproc
 678              	.LFE141:
 680              		.global	SD_Driver
 681              		.section	.rodata.SD_Driver,"a"
 682              		.align	2
 685              	SD_Driver:
 686 0000 00000000 		.word	SD_initialize
 687 0004 00000000 		.word	SD_status
 688 0008 00000000 		.word	SD_read
 689 000c 00000000 		.word	SD_write
 690 0010 00000000 		.word	SD_ioctl
 691              		.section	.bss.ReadStatus,"aw",%nobits
 692              		.align	2
 695              	ReadStatus:
 696 0000 00000000 		.space	4
 697              		.section	.bss.WriteStatus,"aw",%nobits
 698              		.align	2
 701              	WriteStatus:
 702 0000 00000000 		.space	4
 703              		.section	.data.Stat,"aw"
 706              	Stat:
 707 0000 01       		.byte	1
 708              		.text
 709              	.Letext0:
 710              		.file 2 "Middlewares/Third_Party/FatFs/src/integer.h"
 711              		.file 3 "Middlewares/Third_Party/FatFs/src/diskio.h"
 712              		.file 4 "/usr/lib/gcc/arm-none-eabi/14.2.1/include/stdint.h"
 713              		.file 5 "Drivers/STM32F4xx_HAL_Driver/Inc/stm32f4xx_hal_sd.h"
 714              		.file 6 "Middlewares/Third_Party/FatFs/src/ff_gen_drv.h"
 715              		.file 7 "FATFS/Target/bsp_driver_sd.h"
 716              		.file 8 "Drivers/STM32F4xx_HAL_Driver/Inc/stm32f4xx_hal.h"
 717              		.file 9 "FATFS/Target/sd_diskio.h"
ARM GAS  /tmp/cclzVOUz.s 			page 23


DEFINED SYMBOLS
                            *ABS*:00000000 sd_diskio.c
     /tmp/cclzVOUz.s:21     .text.SD_CheckStatus:00000000 $t
     /tmp/cclzVOUz.s:26     .text.SD_CheckStatus:00000000 SD_CheckStatus
     /tmp/cclzVOUz.s:66     .text.SD_CheckStatus:00000020 $d
     /tmp/cclzVOUz.s:706    .data.Stat:00000000 Stat
     /tmp/cclzVOUz.s:71     .text.SD_initialize:00000000 $t
     /tmp/cclzVOUz.s:77     .text.SD_initialize:00000000 SD_initialize
     /tmp/cclzVOUz.s:118    .text.SD_initialize:0000001c $d
     /tmp/cclzVOUz.s:123    .text.SD_status:00000000 $t
     /tmp/cclzVOUz.s:129    .text.SD_status:00000000 SD_status
     /tmp/cclzVOUz.s:152    .text.SD_CheckStatusWithTimeout:00000000 $t
     /tmp/cclzVOUz.s:157    .text.SD_CheckStatusWithTimeout:00000000 SD_CheckStatusWithTimeout
     /tmp/cclzVOUz.s:212    .text.SD_read:00000000 $t
     /tmp/cclzVOUz.s:218    .text.SD_read:00000000 SD_read
     /tmp/cclzVOUz.s:350    .text.SD_read:0000007c $d
     /tmp/cclzVOUz.s:695    .bss.ReadStatus:00000000 ReadStatus
     /tmp/cclzVOUz.s:355    .text.SD_write:00000000 $t
     /tmp/cclzVOUz.s:361    .text.SD_write:00000000 SD_write
     /tmp/cclzVOUz.s:497    .text.SD_write:0000007c $d
     /tmp/cclzVOUz.s:701    .bss.WriteStatus:00000000 WriteStatus
     /tmp/cclzVOUz.s:502    .text.SD_ioctl:00000000 $t
     /tmp/cclzVOUz.s:508    .text.SD_ioctl:00000000 SD_ioctl
     /tmp/cclzVOUz.s:542    .text.SD_ioctl:00000018 $d
     /tmp/cclzVOUz.s:546    .text.SD_ioctl:0000001c $t
     /tmp/cclzVOUz.s:620    .text.SD_ioctl:00000054 $d
     /tmp/cclzVOUz.s:625    .text.BSP_SD_WriteCpltCallback:00000000 $t
     /tmp/cclzVOUz.s:631    .text.BSP_SD_WriteCpltCallback:00000000 BSP_SD_WriteCpltCallback
     /tmp/cclzVOUz.s:648    .text.BSP_SD_WriteCpltCallback:00000008 $d
     /tmp/cclzVOUz.s:653    .text.BSP_SD_ReadCpltCallback:00000000 $t
     /tmp/cclzVOUz.s:659    .text.BSP_SD_ReadCpltCallback:00000000 BSP_SD_ReadCpltCallback
     /tmp/cclzVOUz.s:676    .text.BSP_SD_ReadCpltCallback:00000008 $d
     /tmp/cclzVOUz.s:685    .rodata.SD_Driver:00000000 SD_Driver
     /tmp/cclzVOUz.s:682    .rodata.SD_Driver:00000000 $d
     /tmp/cclzVOUz.s:692    .bss.ReadStatus:00000000 $d
     /tmp/cclzVOUz.s:698    .bss.WriteStatus:00000000 $d

UNDEFINED SYMBOLS
BSP_SD_GetCardState
BSP_SD_Init
HAL_GetTick
BSP_SD_ReadBlocks_DMA
BSP_SD_WriteBlocks_DMA
BSP_SD_GetCardInfo
