ARM GAS  /tmp/ccjAKpX4.s 			page 1


   1              		.cpu cortex-m4
   2              		.arch armv7e-m
   3              		.fpu fpv4-sp-d16
   4              		.eabi_attribute 27, 1
   5              		.eabi_attribute 28, 1
   6              		.eabi_attribute 20, 1
   7              		.eabi_attribute 21, 1
   8              		.eabi_attribute 23, 3
   9              		.eabi_attribute 24, 1
  10              		.eabi_attribute 25, 1
  11              		.eabi_attribute 26, 1
  12              		.eabi_attribute 30, 1
  13              		.eabi_attribute 34, 1
  14              		.eabi_attribute 18, 4
  15              		.file	"sdio.c"
  16              		.text
  17              	.Ltext0:
  18              		.cfi_sections	.debug_frame
  19              		.file 1 "Core/Src/sdio.c"
  20              		.section	.text.MX_SDIO_SD_Init,"ax",%progbits
  21              		.align	1
  22              		.global	MX_SDIO_SD_Init
  23              		.syntax unified
  24              		.thumb
  25              		.thumb_func
  27              	MX_SDIO_SD_Init:
  28              	.LFB133:
   1:Core/Src/sdio.c **** /* USER CODE BEGIN Header */
   2:Core/Src/sdio.c **** /**
   3:Core/Src/sdio.c ****   ******************************************************************************
   4:Core/Src/sdio.c ****   * @file    sdio.c
   5:Core/Src/sdio.c ****   * @brief   This file provides code for the configuration
   6:Core/Src/sdio.c ****   *          of the SDIO instances.
   7:Core/Src/sdio.c ****   ******************************************************************************
   8:Core/Src/sdio.c ****   * @attention
   9:Core/Src/sdio.c ****   *
  10:Core/Src/sdio.c ****   * Copyright (c) 2023 STMicroelectronics.
  11:Core/Src/sdio.c ****   * All rights reserved.
  12:Core/Src/sdio.c ****   *
  13:Core/Src/sdio.c ****   * This software is licensed under terms that can be found in the LICENSE file
  14:Core/Src/sdio.c ****   * in the root directory of this software component.
  15:Core/Src/sdio.c ****   * If no LICENSE file comes with this software, it is provided AS-IS.
  16:Core/Src/sdio.c ****   *
  17:Core/Src/sdio.c ****   ******************************************************************************
  18:Core/Src/sdio.c ****   */
  19:Core/Src/sdio.c **** /* USER CODE END Header */
  20:Core/Src/sdio.c **** /* Includes ------------------------------------------------------------------*/
  21:Core/Src/sdio.c **** #include "sdio.h"
  22:Core/Src/sdio.c **** 
  23:Core/Src/sdio.c **** /* USER CODE BEGIN 0 */
  24:Core/Src/sdio.c **** 
  25:Core/Src/sdio.c **** #include "fatfs.h"
  26:Core/Src/sdio.c **** #include <stdio.h>
  27:Core/Src/sdio.c **** 
  28:Core/Src/sdio.c **** /* USER CODE END 0 */
  29:Core/Src/sdio.c **** 
  30:Core/Src/sdio.c **** SD_HandleTypeDef hsd;
ARM GAS  /tmp/ccjAKpX4.s 			page 2


  31:Core/Src/sdio.c **** DMA_HandleTypeDef hdma_sdio;
  32:Core/Src/sdio.c **** 
  33:Core/Src/sdio.c **** /* SDIO init function */
  34:Core/Src/sdio.c **** 
  35:Core/Src/sdio.c **** void MX_SDIO_SD_Init(void)
  36:Core/Src/sdio.c **** {
  29              		.loc 1 36 1 view -0
  30              		.cfi_startproc
  31              		@ args = 0, pretend = 0, frame = 0
  32              		@ frame_needed = 0, uses_anonymous_args = 0
  33              		@ link register save eliminated.
  37:Core/Src/sdio.c **** 
  38:Core/Src/sdio.c ****   /* USER CODE BEGIN SDIO_Init 0 */
  39:Core/Src/sdio.c **** 
  40:Core/Src/sdio.c ****   /* USER CODE END SDIO_Init 0 */
  41:Core/Src/sdio.c **** 
  42:Core/Src/sdio.c ****   /* USER CODE BEGIN SDIO_Init 1 */
  43:Core/Src/sdio.c **** 
  44:Core/Src/sdio.c ****   /* USER CODE END SDIO_Init 1 */
  45:Core/Src/sdio.c ****   hsd.Instance = SDIO;
  34              		.loc 1 45 3 view .LVU1
  35              		.loc 1 45 16 is_stmt 0 view .LVU2
  36 0000 074B     		ldr	r3, .L2
  37 0002 084A     		ldr	r2, .L2+4
  38 0004 1A60     		str	r2, [r3]
  46:Core/Src/sdio.c ****   hsd.Init.ClockEdge = SDIO_CLOCK_EDGE_RISING;
  39              		.loc 1 46 3 is_stmt 1 view .LVU3
  40              		.loc 1 46 22 is_stmt 0 view .LVU4
  41 0006 0022     		movs	r2, #0
  42 0008 5A60     		str	r2, [r3, #4]
  47:Core/Src/sdio.c ****   hsd.Init.ClockBypass = SDIO_CLOCK_BYPASS_DISABLE;
  43              		.loc 1 47 3 is_stmt 1 view .LVU5
  44              		.loc 1 47 24 is_stmt 0 view .LVU6
  45 000a 9A60     		str	r2, [r3, #8]
  48:Core/Src/sdio.c ****   hsd.Init.ClockPowerSave = SDIO_CLOCK_POWER_SAVE_ENABLE;
  46              		.loc 1 48 3 is_stmt 1 view .LVU7
  47              		.loc 1 48 27 is_stmt 0 view .LVU8
  48 000c 4FF40071 		mov	r1, #512
  49 0010 D960     		str	r1, [r3, #12]
  49:Core/Src/sdio.c ****   hsd.Init.BusWide = SDIO_BUS_WIDE_1B;
  50              		.loc 1 49 3 is_stmt 1 view .LVU9
  51              		.loc 1 49 20 is_stmt 0 view .LVU10
  52 0012 1A61     		str	r2, [r3, #16]
  50:Core/Src/sdio.c ****   hsd.Init.HardwareFlowControl = SDIO_HARDWARE_FLOW_CONTROL_ENABLE;
  53              		.loc 1 50 3 is_stmt 1 view .LVU11
  54              		.loc 1 50 32 is_stmt 0 view .LVU12
  55 0014 4FF48042 		mov	r2, #16384
  56 0018 5A61     		str	r2, [r3, #20]
  51:Core/Src/sdio.c ****   hsd.Init.ClockDiv = 3;
  57              		.loc 1 51 3 is_stmt 1 view .LVU13
  58              		.loc 1 51 21 is_stmt 0 view .LVU14
  59 001a 0322     		movs	r2, #3
  60 001c 9A61     		str	r2, [r3, #24]
  52:Core/Src/sdio.c ****   /* USER CODE BEGIN SDIO_Init 2 */
  53:Core/Src/sdio.c **** 
  54:Core/Src/sdio.c ****   /* USER CODE END SDIO_Init 2 */
  55:Core/Src/sdio.c **** 
ARM GAS  /tmp/ccjAKpX4.s 			page 3


  56:Core/Src/sdio.c **** }
  61              		.loc 1 56 1 view .LVU15
  62 001e 7047     		bx	lr
  63              	.L3:
  64              		.align	2
  65              	.L2:
  66 0020 00000000 		.word	hsd
  67 0024 002C0140 		.word	1073818624
  68              		.cfi_endproc
  69              	.LFE133:
  71              		.section	.text.HAL_SD_MspInit,"ax",%progbits
  72              		.align	1
  73              		.global	HAL_SD_MspInit
  74              		.syntax unified
  75              		.thumb
  76              		.thumb_func
  78              	HAL_SD_MspInit:
  79              	.LVL0:
  80              	.LFB134:
  57:Core/Src/sdio.c **** 
  58:Core/Src/sdio.c **** void HAL_SD_MspInit(SD_HandleTypeDef* sdHandle)
  59:Core/Src/sdio.c **** {
  81              		.loc 1 59 1 is_stmt 1 view -0
  82              		.cfi_startproc
  83              		@ args = 0, pretend = 0, frame = 32
  84              		@ frame_needed = 0, uses_anonymous_args = 0
  85              		.loc 1 59 1 is_stmt 0 view .LVU17
  86 0000 2DE9F047 		push	{r4, r5, r6, r7, r8, r9, r10, lr}
  87              	.LCFI0:
  88              		.cfi_def_cfa_offset 32
  89              		.cfi_offset 4, -32
  90              		.cfi_offset 5, -28
  91              		.cfi_offset 6, -24
  92              		.cfi_offset 7, -20
  93              		.cfi_offset 8, -16
  94              		.cfi_offset 9, -12
  95              		.cfi_offset 10, -8
  96              		.cfi_offset 14, -4
  97 0004 88B0     		sub	sp, sp, #32
  98              	.LCFI1:
  99              		.cfi_def_cfa_offset 64
  60:Core/Src/sdio.c **** 
  61:Core/Src/sdio.c ****   GPIO_InitTypeDef GPIO_InitStruct = {0};
 100              		.loc 1 61 3 is_stmt 1 view .LVU18
 101              		.loc 1 61 20 is_stmt 0 view .LVU19
 102 0006 0023     		movs	r3, #0
 103 0008 0393     		str	r3, [sp, #12]
 104 000a 0493     		str	r3, [sp, #16]
 105 000c 0593     		str	r3, [sp, #20]
 106 000e 0693     		str	r3, [sp, #24]
 107 0010 0793     		str	r3, [sp, #28]
  62:Core/Src/sdio.c ****   if(sdHandle->Instance==SDIO)
 108              		.loc 1 62 3 is_stmt 1 view .LVU20
 109              		.loc 1 62 14 is_stmt 0 view .LVU21
 110 0012 0268     		ldr	r2, [r0]
 111              		.loc 1 62 5 view .LVU22
 112 0014 3A4B     		ldr	r3, .L10
ARM GAS  /tmp/ccjAKpX4.s 			page 4


 113 0016 9A42     		cmp	r2, r3
 114 0018 02D0     		beq	.L8
 115              	.LVL1:
 116              	.L4:
  63:Core/Src/sdio.c ****   {
  64:Core/Src/sdio.c ****   /* USER CODE BEGIN SDIO_MspInit 0 */
  65:Core/Src/sdio.c **** 
  66:Core/Src/sdio.c ****   /* USER CODE END SDIO_MspInit 0 */
  67:Core/Src/sdio.c ****     /* SDIO clock enable */
  68:Core/Src/sdio.c ****     __HAL_RCC_SDIO_CLK_ENABLE();
  69:Core/Src/sdio.c **** 
  70:Core/Src/sdio.c ****     __HAL_RCC_GPIOC_CLK_ENABLE();
  71:Core/Src/sdio.c ****     __HAL_RCC_GPIOD_CLK_ENABLE();
  72:Core/Src/sdio.c ****     /**SDIO GPIO Configuration
  73:Core/Src/sdio.c ****     PC8     ------> SDIO_D0
  74:Core/Src/sdio.c ****     PC12     ------> SDIO_CK
  75:Core/Src/sdio.c ****     PD2     ------> SDIO_CMD
  76:Core/Src/sdio.c ****     */
  77:Core/Src/sdio.c ****     GPIO_InitStruct.Pin = GPIO_PIN_8|GPIO_PIN_12;
  78:Core/Src/sdio.c ****     GPIO_InitStruct.Mode = GPIO_MODE_AF_PP;
  79:Core/Src/sdio.c ****     GPIO_InitStruct.Pull = GPIO_NOPULL;
  80:Core/Src/sdio.c ****     GPIO_InitStruct.Speed = GPIO_SPEED_FREQ_VERY_HIGH;
  81:Core/Src/sdio.c ****     GPIO_InitStruct.Alternate = GPIO_AF12_SDIO;
  82:Core/Src/sdio.c ****     HAL_GPIO_Init(GPIOC, &GPIO_InitStruct);
  83:Core/Src/sdio.c **** 
  84:Core/Src/sdio.c ****     GPIO_InitStruct.Pin = GPIO_PIN_2;
  85:Core/Src/sdio.c ****     GPIO_InitStruct.Mode = GPIO_MODE_AF_PP;
  86:Core/Src/sdio.c ****     GPIO_InitStruct.Pull = GPIO_NOPULL;
  87:Core/Src/sdio.c ****     GPIO_InitStruct.Speed = GPIO_SPEED_FREQ_VERY_HIGH;
  88:Core/Src/sdio.c ****     GPIO_InitStruct.Alternate = GPIO_AF12_SDIO;
  89:Core/Src/sdio.c ****     HAL_GPIO_Init(GPIOD, &GPIO_InitStruct);
  90:Core/Src/sdio.c **** 
  91:Core/Src/sdio.c ****     /* SDIO DMA Init */
  92:Core/Src/sdio.c ****     /* SDIO Init */
  93:Core/Src/sdio.c ****     hdma_sdio.Instance = DMA2_Stream3;
  94:Core/Src/sdio.c ****     hdma_sdio.Init.Channel = DMA_CHANNEL_4;
  95:Core/Src/sdio.c ****     hdma_sdio.Init.Direction = DMA_PERIPH_TO_MEMORY;
  96:Core/Src/sdio.c ****     hdma_sdio.Init.PeriphInc = DMA_PINC_DISABLE;
  97:Core/Src/sdio.c ****     hdma_sdio.Init.MemInc = DMA_MINC_ENABLE;
  98:Core/Src/sdio.c ****     hdma_sdio.Init.PeriphDataAlignment = DMA_PDATAALIGN_WORD;
  99:Core/Src/sdio.c ****     hdma_sdio.Init.MemDataAlignment = DMA_MDATAALIGN_WORD;
 100:Core/Src/sdio.c ****     hdma_sdio.Init.Mode = DMA_PFCTRL;
 101:Core/Src/sdio.c ****     hdma_sdio.Init.Priority = DMA_PRIORITY_LOW;
 102:Core/Src/sdio.c ****     hdma_sdio.Init.FIFOMode = DMA_FIFOMODE_ENABLE;
 103:Core/Src/sdio.c ****     hdma_sdio.Init.FIFOThreshold = DMA_FIFO_THRESHOLD_FULL;
 104:Core/Src/sdio.c ****     hdma_sdio.Init.MemBurst = DMA_MBURST_INC4;
 105:Core/Src/sdio.c ****     hdma_sdio.Init.PeriphBurst = DMA_PBURST_INC4;
 106:Core/Src/sdio.c ****     if (HAL_DMA_Init(&hdma_sdio) != HAL_OK)
 107:Core/Src/sdio.c ****     {
 108:Core/Src/sdio.c ****       Error_Handler();
 109:Core/Src/sdio.c ****     }
 110:Core/Src/sdio.c **** 
 111:Core/Src/sdio.c ****     /* Several peripheral DMA handle pointers point to the same DMA handle.
 112:Core/Src/sdio.c ****      Be aware that there is only one stream to perform all the requested DMAs. */
 113:Core/Src/sdio.c ****     /* Be sure to change transfer direction before calling
 114:Core/Src/sdio.c ****      HAL_SD_ReadBlocks_DMA or HAL_SD_WriteBlocks_DMA. */
 115:Core/Src/sdio.c ****     __HAL_LINKDMA(sdHandle,hdmarx,hdma_sdio);
ARM GAS  /tmp/ccjAKpX4.s 			page 5


 116:Core/Src/sdio.c ****     __HAL_LINKDMA(sdHandle,hdmatx,hdma_sdio);
 117:Core/Src/sdio.c **** 
 118:Core/Src/sdio.c ****     /* SDIO interrupt Init */
 119:Core/Src/sdio.c ****     HAL_NVIC_SetPriority(SDIO_IRQn, 0, 0);
 120:Core/Src/sdio.c ****     HAL_NVIC_EnableIRQ(SDIO_IRQn);
 121:Core/Src/sdio.c ****   /* USER CODE BEGIN SDIO_MspInit 1 */
 122:Core/Src/sdio.c **** 
 123:Core/Src/sdio.c ****   /* USER CODE END SDIO_MspInit 1 */
 124:Core/Src/sdio.c ****   }
 125:Core/Src/sdio.c **** }
 117              		.loc 1 125 1 view .LVU23
 118 001a 08B0     		add	sp, sp, #32
 119              	.LCFI2:
 120              		.cfi_remember_state
 121              		.cfi_def_cfa_offset 32
 122              		@ sp needed
 123 001c BDE8F087 		pop	{r4, r5, r6, r7, r8, r9, r10, pc}
 124              	.LVL2:
 125              	.L8:
 126              	.LCFI3:
 127              		.cfi_restore_state
 128              		.loc 1 125 1 view .LVU24
 129 0020 0446     		mov	r4, r0
  68:Core/Src/sdio.c **** 
 130              		.loc 1 68 5 is_stmt 1 view .LVU25
 131              	.LBB2:
  68:Core/Src/sdio.c **** 
 132              		.loc 1 68 5 view .LVU26
 133 0022 0025     		movs	r5, #0
 134 0024 0095     		str	r5, [sp]
  68:Core/Src/sdio.c **** 
 135              		.loc 1 68 5 view .LVU27
 136 0026 03F58633 		add	r3, r3, #68608
 137 002a 5A6C     		ldr	r2, [r3, #68]
 138 002c 42F40062 		orr	r2, r2, #2048
 139 0030 5A64     		str	r2, [r3, #68]
  68:Core/Src/sdio.c **** 
 140              		.loc 1 68 5 view .LVU28
 141 0032 5A6C     		ldr	r2, [r3, #68]
 142 0034 02F40062 		and	r2, r2, #2048
 143 0038 0092     		str	r2, [sp]
  68:Core/Src/sdio.c **** 
 144              		.loc 1 68 5 view .LVU29
 145 003a 009A     		ldr	r2, [sp]
 146              	.LBE2:
  68:Core/Src/sdio.c **** 
 147              		.loc 1 68 5 view .LVU30
  70:Core/Src/sdio.c ****     __HAL_RCC_GPIOD_CLK_ENABLE();
 148              		.loc 1 70 5 view .LVU31
 149              	.LBB3:
  70:Core/Src/sdio.c ****     __HAL_RCC_GPIOD_CLK_ENABLE();
 150              		.loc 1 70 5 view .LVU32
 151 003c 0195     		str	r5, [sp, #4]
  70:Core/Src/sdio.c ****     __HAL_RCC_GPIOD_CLK_ENABLE();
 152              		.loc 1 70 5 view .LVU33
 153 003e 1A6B     		ldr	r2, [r3, #48]
 154 0040 42F00402 		orr	r2, r2, #4
ARM GAS  /tmp/ccjAKpX4.s 			page 6


 155 0044 1A63     		str	r2, [r3, #48]
  70:Core/Src/sdio.c ****     __HAL_RCC_GPIOD_CLK_ENABLE();
 156              		.loc 1 70 5 view .LVU34
 157 0046 1A6B     		ldr	r2, [r3, #48]
 158 0048 02F00402 		and	r2, r2, #4
 159 004c 0192     		str	r2, [sp, #4]
  70:Core/Src/sdio.c ****     __HAL_RCC_GPIOD_CLK_ENABLE();
 160              		.loc 1 70 5 view .LVU35
 161 004e 019A     		ldr	r2, [sp, #4]
 162              	.LBE3:
  70:Core/Src/sdio.c ****     __HAL_RCC_GPIOD_CLK_ENABLE();
 163              		.loc 1 70 5 view .LVU36
  71:Core/Src/sdio.c ****     /**SDIO GPIO Configuration
 164              		.loc 1 71 5 view .LVU37
 165              	.LBB4:
  71:Core/Src/sdio.c ****     /**SDIO GPIO Configuration
 166              		.loc 1 71 5 view .LVU38
 167 0050 0295     		str	r5, [sp, #8]
  71:Core/Src/sdio.c ****     /**SDIO GPIO Configuration
 168              		.loc 1 71 5 view .LVU39
 169 0052 1A6B     		ldr	r2, [r3, #48]
 170 0054 42F00802 		orr	r2, r2, #8
 171 0058 1A63     		str	r2, [r3, #48]
  71:Core/Src/sdio.c ****     /**SDIO GPIO Configuration
 172              		.loc 1 71 5 view .LVU40
 173 005a 1B6B     		ldr	r3, [r3, #48]
 174 005c 03F00803 		and	r3, r3, #8
 175 0060 0293     		str	r3, [sp, #8]
  71:Core/Src/sdio.c ****     /**SDIO GPIO Configuration
 176              		.loc 1 71 5 view .LVU41
 177 0062 029B     		ldr	r3, [sp, #8]
 178              	.LBE4:
  71:Core/Src/sdio.c ****     /**SDIO GPIO Configuration
 179              		.loc 1 71 5 view .LVU42
  77:Core/Src/sdio.c ****     GPIO_InitStruct.Mode = GPIO_MODE_AF_PP;
 180              		.loc 1 77 5 view .LVU43
  77:Core/Src/sdio.c ****     GPIO_InitStruct.Mode = GPIO_MODE_AF_PP;
 181              		.loc 1 77 25 is_stmt 0 view .LVU44
 182 0064 4FF48853 		mov	r3, #4352
 183 0068 0393     		str	r3, [sp, #12]
  78:Core/Src/sdio.c ****     GPIO_InitStruct.Pull = GPIO_NOPULL;
 184              		.loc 1 78 5 is_stmt 1 view .LVU45
  78:Core/Src/sdio.c ****     GPIO_InitStruct.Pull = GPIO_NOPULL;
 185              		.loc 1 78 26 is_stmt 0 view .LVU46
 186 006a 4FF0020A 		mov	r10, #2
 187 006e CDF810A0 		str	r10, [sp, #16]
  79:Core/Src/sdio.c ****     GPIO_InitStruct.Speed = GPIO_SPEED_FREQ_VERY_HIGH;
 188              		.loc 1 79 5 is_stmt 1 view .LVU47
  80:Core/Src/sdio.c ****     GPIO_InitStruct.Alternate = GPIO_AF12_SDIO;
 189              		.loc 1 80 5 view .LVU48
  80:Core/Src/sdio.c ****     GPIO_InitStruct.Alternate = GPIO_AF12_SDIO;
 190              		.loc 1 80 27 is_stmt 0 view .LVU49
 191 0072 0326     		movs	r6, #3
 192 0074 0696     		str	r6, [sp, #24]
  81:Core/Src/sdio.c ****     HAL_GPIO_Init(GPIOC, &GPIO_InitStruct);
 193              		.loc 1 81 5 is_stmt 1 view .LVU50
  81:Core/Src/sdio.c ****     HAL_GPIO_Init(GPIOC, &GPIO_InitStruct);
ARM GAS  /tmp/ccjAKpX4.s 			page 7


 194              		.loc 1 81 31 is_stmt 0 view .LVU51
 195 0076 4FF00C09 		mov	r9, #12
 196 007a CDF81C90 		str	r9, [sp, #28]
  82:Core/Src/sdio.c **** 
 197              		.loc 1 82 5 is_stmt 1 view .LVU52
 198 007e 0DEB0908 		add	r8, sp, r9
 199 0082 4146     		mov	r1, r8
 200 0084 1F48     		ldr	r0, .L10+4
 201              	.LVL3:
  82:Core/Src/sdio.c **** 
 202              		.loc 1 82 5 is_stmt 0 view .LVU53
 203 0086 FFF7FEFF 		bl	HAL_GPIO_Init
 204              	.LVL4:
  84:Core/Src/sdio.c ****     GPIO_InitStruct.Mode = GPIO_MODE_AF_PP;
 205              		.loc 1 84 5 is_stmt 1 view .LVU54
  84:Core/Src/sdio.c ****     GPIO_InitStruct.Mode = GPIO_MODE_AF_PP;
 206              		.loc 1 84 25 is_stmt 0 view .LVU55
 207 008a 0427     		movs	r7, #4
 208 008c 0397     		str	r7, [sp, #12]
  85:Core/Src/sdio.c ****     GPIO_InitStruct.Pull = GPIO_NOPULL;
 209              		.loc 1 85 5 is_stmt 1 view .LVU56
  85:Core/Src/sdio.c ****     GPIO_InitStruct.Pull = GPIO_NOPULL;
 210              		.loc 1 85 26 is_stmt 0 view .LVU57
 211 008e CDF810A0 		str	r10, [sp, #16]
  86:Core/Src/sdio.c ****     GPIO_InitStruct.Speed = GPIO_SPEED_FREQ_VERY_HIGH;
 212              		.loc 1 86 5 is_stmt 1 view .LVU58
  86:Core/Src/sdio.c ****     GPIO_InitStruct.Speed = GPIO_SPEED_FREQ_VERY_HIGH;
 213              		.loc 1 86 26 is_stmt 0 view .LVU59
 214 0092 0595     		str	r5, [sp, #20]
  87:Core/Src/sdio.c ****     GPIO_InitStruct.Alternate = GPIO_AF12_SDIO;
 215              		.loc 1 87 5 is_stmt 1 view .LVU60
  87:Core/Src/sdio.c ****     GPIO_InitStruct.Alternate = GPIO_AF12_SDIO;
 216              		.loc 1 87 27 is_stmt 0 view .LVU61
 217 0094 0696     		str	r6, [sp, #24]
  88:Core/Src/sdio.c ****     HAL_GPIO_Init(GPIOD, &GPIO_InitStruct);
 218              		.loc 1 88 5 is_stmt 1 view .LVU62
  88:Core/Src/sdio.c ****     HAL_GPIO_Init(GPIOD, &GPIO_InitStruct);
 219              		.loc 1 88 31 is_stmt 0 view .LVU63
 220 0096 CDF81C90 		str	r9, [sp, #28]
  89:Core/Src/sdio.c **** 
 221              		.loc 1 89 5 is_stmt 1 view .LVU64
 222 009a 4146     		mov	r1, r8
 223 009c 1A48     		ldr	r0, .L10+8
 224 009e FFF7FEFF 		bl	HAL_GPIO_Init
 225              	.LVL5:
  93:Core/Src/sdio.c ****     hdma_sdio.Init.Channel = DMA_CHANNEL_4;
 226              		.loc 1 93 5 view .LVU65
  93:Core/Src/sdio.c ****     hdma_sdio.Init.Channel = DMA_CHANNEL_4;
 227              		.loc 1 93 24 is_stmt 0 view .LVU66
 228 00a2 1A48     		ldr	r0, .L10+12
 229 00a4 1A4B     		ldr	r3, .L10+16
 230 00a6 0360     		str	r3, [r0]
  94:Core/Src/sdio.c ****     hdma_sdio.Init.Direction = DMA_PERIPH_TO_MEMORY;
 231              		.loc 1 94 5 is_stmt 1 view .LVU67
  94:Core/Src/sdio.c ****     hdma_sdio.Init.Direction = DMA_PERIPH_TO_MEMORY;
 232              		.loc 1 94 28 is_stmt 0 view .LVU68
 233 00a8 4FF00063 		mov	r3, #134217728
ARM GAS  /tmp/ccjAKpX4.s 			page 8


 234 00ac 4360     		str	r3, [r0, #4]
  95:Core/Src/sdio.c ****     hdma_sdio.Init.PeriphInc = DMA_PINC_DISABLE;
 235              		.loc 1 95 5 is_stmt 1 view .LVU69
  95:Core/Src/sdio.c ****     hdma_sdio.Init.PeriphInc = DMA_PINC_DISABLE;
 236              		.loc 1 95 30 is_stmt 0 view .LVU70
 237 00ae 8560     		str	r5, [r0, #8]
  96:Core/Src/sdio.c ****     hdma_sdio.Init.MemInc = DMA_MINC_ENABLE;
 238              		.loc 1 96 5 is_stmt 1 view .LVU71
  96:Core/Src/sdio.c ****     hdma_sdio.Init.MemInc = DMA_MINC_ENABLE;
 239              		.loc 1 96 30 is_stmt 0 view .LVU72
 240 00b0 C560     		str	r5, [r0, #12]
  97:Core/Src/sdio.c ****     hdma_sdio.Init.PeriphDataAlignment = DMA_PDATAALIGN_WORD;
 241              		.loc 1 97 5 is_stmt 1 view .LVU73
  97:Core/Src/sdio.c ****     hdma_sdio.Init.PeriphDataAlignment = DMA_PDATAALIGN_WORD;
 242              		.loc 1 97 27 is_stmt 0 view .LVU74
 243 00b2 4FF48063 		mov	r3, #1024
 244 00b6 0361     		str	r3, [r0, #16]
  98:Core/Src/sdio.c ****     hdma_sdio.Init.MemDataAlignment = DMA_MDATAALIGN_WORD;
 245              		.loc 1 98 5 is_stmt 1 view .LVU75
  98:Core/Src/sdio.c ****     hdma_sdio.Init.MemDataAlignment = DMA_MDATAALIGN_WORD;
 246              		.loc 1 98 40 is_stmt 0 view .LVU76
 247 00b8 4FF48053 		mov	r3, #4096
 248 00bc 4361     		str	r3, [r0, #20]
  99:Core/Src/sdio.c ****     hdma_sdio.Init.Mode = DMA_PFCTRL;
 249              		.loc 1 99 5 is_stmt 1 view .LVU77
  99:Core/Src/sdio.c ****     hdma_sdio.Init.Mode = DMA_PFCTRL;
 250              		.loc 1 99 37 is_stmt 0 view .LVU78
 251 00be 4FF48043 		mov	r3, #16384
 252 00c2 8361     		str	r3, [r0, #24]
 100:Core/Src/sdio.c ****     hdma_sdio.Init.Priority = DMA_PRIORITY_LOW;
 253              		.loc 1 100 5 is_stmt 1 view .LVU79
 100:Core/Src/sdio.c ****     hdma_sdio.Init.Priority = DMA_PRIORITY_LOW;
 254              		.loc 1 100 25 is_stmt 0 view .LVU80
 255 00c4 2023     		movs	r3, #32
 256 00c6 C361     		str	r3, [r0, #28]
 101:Core/Src/sdio.c ****     hdma_sdio.Init.FIFOMode = DMA_FIFOMODE_ENABLE;
 257              		.loc 1 101 5 is_stmt 1 view .LVU81
 101:Core/Src/sdio.c ****     hdma_sdio.Init.FIFOMode = DMA_FIFOMODE_ENABLE;
 258              		.loc 1 101 29 is_stmt 0 view .LVU82
 259 00c8 0562     		str	r5, [r0, #32]
 102:Core/Src/sdio.c ****     hdma_sdio.Init.FIFOThreshold = DMA_FIFO_THRESHOLD_FULL;
 260              		.loc 1 102 5 is_stmt 1 view .LVU83
 102:Core/Src/sdio.c ****     hdma_sdio.Init.FIFOThreshold = DMA_FIFO_THRESHOLD_FULL;
 261              		.loc 1 102 29 is_stmt 0 view .LVU84
 262 00ca 4762     		str	r7, [r0, #36]
 103:Core/Src/sdio.c ****     hdma_sdio.Init.MemBurst = DMA_MBURST_INC4;
 263              		.loc 1 103 5 is_stmt 1 view .LVU85
 103:Core/Src/sdio.c ****     hdma_sdio.Init.MemBurst = DMA_MBURST_INC4;
 264              		.loc 1 103 34 is_stmt 0 view .LVU86
 265 00cc 8662     		str	r6, [r0, #40]
 104:Core/Src/sdio.c ****     hdma_sdio.Init.PeriphBurst = DMA_PBURST_INC4;
 266              		.loc 1 104 5 is_stmt 1 view .LVU87
 104:Core/Src/sdio.c ****     hdma_sdio.Init.PeriphBurst = DMA_PBURST_INC4;
 267              		.loc 1 104 29 is_stmt 0 view .LVU88
 268 00ce 4FF40003 		mov	r3, #8388608
 269 00d2 C362     		str	r3, [r0, #44]
 105:Core/Src/sdio.c ****     if (HAL_DMA_Init(&hdma_sdio) != HAL_OK)
ARM GAS  /tmp/ccjAKpX4.s 			page 9


 270              		.loc 1 105 5 is_stmt 1 view .LVU89
 105:Core/Src/sdio.c ****     if (HAL_DMA_Init(&hdma_sdio) != HAL_OK)
 271              		.loc 1 105 32 is_stmt 0 view .LVU90
 272 00d4 4FF40013 		mov	r3, #2097152
 273 00d8 0363     		str	r3, [r0, #48]
 106:Core/Src/sdio.c ****     {
 274              		.loc 1 106 5 is_stmt 1 view .LVU91
 106:Core/Src/sdio.c ****     {
 275              		.loc 1 106 9 is_stmt 0 view .LVU92
 276 00da FFF7FEFF 		bl	HAL_DMA_Init
 277              	.LVL6:
 106:Core/Src/sdio.c ****     {
 278              		.loc 1 106 8 discriminator 1 view .LVU93
 279 00de 60B9     		cbnz	r0, .L9
 280              	.L6:
 115:Core/Src/sdio.c ****     __HAL_LINKDMA(sdHandle,hdmatx,hdma_sdio);
 281              		.loc 1 115 5 is_stmt 1 view .LVU94
 115:Core/Src/sdio.c ****     __HAL_LINKDMA(sdHandle,hdmatx,hdma_sdio);
 282              		.loc 1 115 5 view .LVU95
 283 00e0 0A4B     		ldr	r3, .L10+12
 284 00e2 2364     		str	r3, [r4, #64]
 115:Core/Src/sdio.c ****     __HAL_LINKDMA(sdHandle,hdmatx,hdma_sdio);
 285              		.loc 1 115 5 view .LVU96
 286 00e4 9C63     		str	r4, [r3, #56]
 115:Core/Src/sdio.c ****     __HAL_LINKDMA(sdHandle,hdmatx,hdma_sdio);
 287              		.loc 1 115 5 view .LVU97
 116:Core/Src/sdio.c **** 
 288              		.loc 1 116 5 view .LVU98
 116:Core/Src/sdio.c **** 
 289              		.loc 1 116 5 view .LVU99
 290 00e6 E363     		str	r3, [r4, #60]
 116:Core/Src/sdio.c **** 
 291              		.loc 1 116 5 view .LVU100
 116:Core/Src/sdio.c **** 
 292              		.loc 1 116 5 view .LVU101
 119:Core/Src/sdio.c ****     HAL_NVIC_EnableIRQ(SDIO_IRQn);
 293              		.loc 1 119 5 view .LVU102
 294 00e8 0022     		movs	r2, #0
 295 00ea 1146     		mov	r1, r2
 296 00ec 3120     		movs	r0, #49
 297 00ee FFF7FEFF 		bl	HAL_NVIC_SetPriority
 298              	.LVL7:
 120:Core/Src/sdio.c ****   /* USER CODE BEGIN SDIO_MspInit 1 */
 299              		.loc 1 120 5 view .LVU103
 300 00f2 3120     		movs	r0, #49
 301 00f4 FFF7FEFF 		bl	HAL_NVIC_EnableIRQ
 302              	.LVL8:
 303              		.loc 1 125 1 is_stmt 0 view .LVU104
 304 00f8 8FE7     		b	.L4
 305              	.L9:
 108:Core/Src/sdio.c ****     }
 306              		.loc 1 108 7 is_stmt 1 view .LVU105
 307 00fa FFF7FEFF 		bl	Error_Handler
 308              	.LVL9:
 309 00fe EFE7     		b	.L6
 310              	.L11:
 311              		.align	2
ARM GAS  /tmp/ccjAKpX4.s 			page 10


 312              	.L10:
 313 0100 002C0140 		.word	1073818624
 314 0104 00080240 		.word	1073874944
 315 0108 000C0240 		.word	1073875968
 316 010c 00000000 		.word	hdma_sdio
 317 0110 58640240 		.word	1073898584
 318              		.cfi_endproc
 319              	.LFE134:
 321              		.section	.text.HAL_SD_MspDeInit,"ax",%progbits
 322              		.align	1
 323              		.global	HAL_SD_MspDeInit
 324              		.syntax unified
 325              		.thumb
 326              		.thumb_func
 328              	HAL_SD_MspDeInit:
 329              	.LVL10:
 330              	.LFB135:
 126:Core/Src/sdio.c **** 
 127:Core/Src/sdio.c **** void HAL_SD_MspDeInit(SD_HandleTypeDef* sdHandle)
 128:Core/Src/sdio.c **** {
 331              		.loc 1 128 1 view -0
 332              		.cfi_startproc
 333              		@ args = 0, pretend = 0, frame = 0
 334              		@ frame_needed = 0, uses_anonymous_args = 0
 129:Core/Src/sdio.c **** 
 130:Core/Src/sdio.c ****   if(sdHandle->Instance==SDIO)
 335              		.loc 1 130 3 view .LVU107
 336              		.loc 1 130 14 is_stmt 0 view .LVU108
 337 0000 0268     		ldr	r2, [r0]
 338              		.loc 1 130 5 view .LVU109
 339 0002 0F4B     		ldr	r3, .L19
 340 0004 9A42     		cmp	r2, r3
 341 0006 00D0     		beq	.L18
 342 0008 7047     		bx	lr
 343              	.L18:
 128:Core/Src/sdio.c **** 
 344              		.loc 1 128 1 view .LVU110
 345 000a 10B5     		push	{r4, lr}
 346              	.LCFI4:
 347              		.cfi_def_cfa_offset 8
 348              		.cfi_offset 4, -8
 349              		.cfi_offset 14, -4
 350 000c 0446     		mov	r4, r0
 131:Core/Src/sdio.c ****   {
 132:Core/Src/sdio.c ****   /* USER CODE BEGIN SDIO_MspDeInit 0 */
 133:Core/Src/sdio.c **** 
 134:Core/Src/sdio.c ****   /* USER CODE END SDIO_MspDeInit 0 */
 135:Core/Src/sdio.c ****     /* Peripheral clock disable */
 136:Core/Src/sdio.c ****     __HAL_RCC_SDIO_CLK_DISABLE();
 351              		.loc 1 136 5 is_stmt 1 view .LVU111
 352 000e 0D4A     		ldr	r2, .L19+4
 353 0010 536C     		ldr	r3, [r2, #68]
 354 0012 23F40063 		bic	r3, r3, #2048
 355 0016 5364     		str	r3, [r2, #68]
 137:Core/Src/sdio.c **** 
 138:Core/Src/sdio.c ****     /**SDIO GPIO Configuration
 139:Core/Src/sdio.c ****     PC8     ------> SDIO_D0
ARM GAS  /tmp/ccjAKpX4.s 			page 11


 140:Core/Src/sdio.c ****     PC12     ------> SDIO_CK
 141:Core/Src/sdio.c ****     PD2     ------> SDIO_CMD
 142:Core/Src/sdio.c ****     */
 143:Core/Src/sdio.c ****     HAL_GPIO_DeInit(GPIOC, GPIO_PIN_8|GPIO_PIN_12);
 356              		.loc 1 143 5 view .LVU112
 357 0018 4FF48851 		mov	r1, #4352
 358 001c 0A48     		ldr	r0, .L19+8
 359              	.LVL11:
 360              		.loc 1 143 5 is_stmt 0 view .LVU113
 361 001e FFF7FEFF 		bl	HAL_GPIO_DeInit
 362              	.LVL12:
 144:Core/Src/sdio.c **** 
 145:Core/Src/sdio.c ****     HAL_GPIO_DeInit(GPIOD, GPIO_PIN_2);
 363              		.loc 1 145 5 is_stmt 1 view .LVU114
 364 0022 0421     		movs	r1, #4
 365 0024 0948     		ldr	r0, .L19+12
 366 0026 FFF7FEFF 		bl	HAL_GPIO_DeInit
 367              	.LVL13:
 146:Core/Src/sdio.c **** 
 147:Core/Src/sdio.c ****     /* SDIO DMA DeInit */
 148:Core/Src/sdio.c ****     HAL_DMA_DeInit(sdHandle->hdmarx);
 368              		.loc 1 148 5 view .LVU115
 369 002a 206C     		ldr	r0, [r4, #64]
 370 002c FFF7FEFF 		bl	HAL_DMA_DeInit
 371              	.LVL14:
 149:Core/Src/sdio.c ****     HAL_DMA_DeInit(sdHandle->hdmatx);
 372              		.loc 1 149 5 view .LVU116
 373 0030 E06B     		ldr	r0, [r4, #60]
 374 0032 FFF7FEFF 		bl	HAL_DMA_DeInit
 375              	.LVL15:
 150:Core/Src/sdio.c **** 
 151:Core/Src/sdio.c ****     /* SDIO interrupt Deinit */
 152:Core/Src/sdio.c ****     HAL_NVIC_DisableIRQ(SDIO_IRQn);
 376              		.loc 1 152 5 view .LVU117
 377 0036 3120     		movs	r0, #49
 378 0038 FFF7FEFF 		bl	HAL_NVIC_DisableIRQ
 379              	.LVL16:
 153:Core/Src/sdio.c ****   /* USER CODE BEGIN SDIO_MspDeInit 1 */
 154:Core/Src/sdio.c **** 
 155:Core/Src/sdio.c ****   /* USER CODE END SDIO_MspDeInit 1 */
 156:Core/Src/sdio.c ****   }
 157:Core/Src/sdio.c **** }
 380              		.loc 1 157 1 is_stmt 0 view .LVU118
 381 003c 10BD     		pop	{r4, pc}
 382              	.LVL17:
 383              	.L20:
 384              		.loc 1 157 1 view .LVU119
 385 003e 00BF     		.align	2
 386              	.L19:
 387 0040 002C0140 		.word	1073818624
 388 0044 00380240 		.word	1073887232
 389 0048 00080240 		.word	1073874944
 390 004c 000C0240 		.word	1073875968
 391              		.cfi_endproc
 392              	.LFE135:
 394              		.section	.rodata.MX_SDIO_SD_Check.str1.4,"aMS",%progbits,1
 395              		.align	2
ARM GAS  /tmp/ccjAKpX4.s 			page 12


 396              	.LC0:
 397 0000 44726976 		.ascii	"Drive %s     Error\015\012\000"
 397      65202573 
 397      20202020 
 397      20457272 
 397      6F720D0A 
 398 0015 000000   		.align	2
 399              	.LC1:
 400 0018 44726976 		.ascii	"Drive %s     %luMB\015\012\000"
 400      65202573 
 400      20202020 
 400      20256C75 
 400      4D420D0A 
 401              		.section	.text.MX_SDIO_SD_Check,"ax",%progbits
 402              		.align	1
 403              		.global	MX_SDIO_SD_Check
 404              		.syntax unified
 405              		.thumb
 406              		.thumb_func
 408              	MX_SDIO_SD_Check:
 409              	.LFB136:
 158:Core/Src/sdio.c **** 
 159:Core/Src/sdio.c **** /* USER CODE BEGIN 1 */
 160:Core/Src/sdio.c **** 
 161:Core/Src/sdio.c **** /**
 162:Core/Src/sdio.c ****   * @brief Check for valid SD FATFS
 163:Core/Src/sdio.c ****   * @retval None
 164:Core/Src/sdio.c ****   */
 165:Core/Src/sdio.c **** void MX_SDIO_SD_Check(void)
 166:Core/Src/sdio.c **** {
 410              		.loc 1 166 1 is_stmt 1 view -0
 411              		.cfi_startproc
 412              		@ args = 0, pretend = 0, frame = 568
 413              		@ frame_needed = 0, uses_anonymous_args = 0
 414 0000 00B5     		push	{lr}
 415              	.LCFI5:
 416              		.cfi_def_cfa_offset 4
 417              		.cfi_offset 14, -4
 418 0002 ADF50F7D 		sub	sp, sp, #572
 419              	.LCFI6:
 420              		.cfi_def_cfa_offset 576
 167:Core/Src/sdio.c ****   FATFS fs;
 421              		.loc 1 167 3 view .LVU121
 168:Core/Src/sdio.c ****   FRESULT res;
 422              		.loc 1 168 3 view .LVU122
 169:Core/Src/sdio.c **** 
 170:Core/Src/sdio.c ****   // mount the SD drive
 171:Core/Src/sdio.c ****   res = f_mount(&fs, SDPath, 0);
 423              		.loc 1 171 3 view .LVU123
 424              		.loc 1 171 9 is_stmt 0 view .LVU124
 425 0006 0022     		movs	r2, #0
 426 0008 1249     		ldr	r1, .L28
 427 000a 02A8     		add	r0, sp, #8
 428 000c FFF7FEFF 		bl	f_mount
 429              	.LVL18:
 172:Core/Src/sdio.c ****   if(res == FR_OK) 
 430              		.loc 1 172 3 is_stmt 1 view .LVU125
ARM GAS  /tmp/ccjAKpX4.s 			page 13


 431              		.loc 1 172 5 is_stmt 0 view .LVU126
 432 0010 18B1     		cbz	r0, .L26
 433              	.LVL19:
 434              	.L21:
 173:Core/Src/sdio.c ****   {
 174:Core/Src/sdio.c ****     uint32_t freeClust;
 175:Core/Src/sdio.c ****     FATFS* fs_ptr = &fs;
 176:Core/Src/sdio.c ****     res = f_getfree(SDPath, &freeClust, &fs_ptr); // Warning! This fills fs.n_fatent and fs.csize!
 177:Core/Src/sdio.c ****     if(res != FR_OK) {
 178:Core/Src/sdio.c ****         printf("Drive %s     Error\r\n", SDPath);
 179:Core/Src/sdio.c ****         return;
 180:Core/Src/sdio.c ****     }
 181:Core/Src/sdio.c **** 
 182:Core/Src/sdio.c ****     uint32_t totalBlocks = (fs.n_fatent - 2) * fs.csize;
 183:Core/Src/sdio.c ****     printf("Drive %s     %luMB\r\n", SDPath, totalBlocks / 2000);
 184:Core/Src/sdio.c ****   }
 185:Core/Src/sdio.c **** }
 435              		.loc 1 185 1 view .LVU127
 436 0012 0DF50F7D 		add	sp, sp, #572
 437              	.LCFI7:
 438              		.cfi_remember_state
 439              		.cfi_def_cfa_offset 4
 440              		@ sp needed
 441 0016 5DF804FB 		ldr	pc, [sp], #4
 442              	.LVL20:
 443              	.L26:
 444              	.LCFI8:
 445              		.cfi_restore_state
 446              	.LBB5:
 174:Core/Src/sdio.c ****     FATFS* fs_ptr = &fs;
 447              		.loc 1 174 5 is_stmt 1 view .LVU128
 175:Core/Src/sdio.c ****     res = f_getfree(SDPath, &freeClust, &fs_ptr); // Warning! This fills fs.n_fatent and fs.csize!
 448              		.loc 1 175 5 view .LVU129
 175:Core/Src/sdio.c ****     res = f_getfree(SDPath, &freeClust, &fs_ptr); // Warning! This fills fs.n_fatent and fs.csize!
 449              		.loc 1 175 12 is_stmt 0 view .LVU130
 450 001a 01AA     		add	r2, sp, #4
 451 001c 02AB     		add	r3, sp, #8
 452 001e 1360     		str	r3, [r2]
 176:Core/Src/sdio.c ****     if(res != FR_OK) {
 453              		.loc 1 176 5 is_stmt 1 view .LVU131
 176:Core/Src/sdio.c ****     if(res != FR_OK) {
 454              		.loc 1 176 11 is_stmt 0 view .LVU132
 455 0020 6946     		mov	r1, sp
 456 0022 0C48     		ldr	r0, .L28
 457              	.LVL21:
 176:Core/Src/sdio.c ****     if(res != FR_OK) {
 458              		.loc 1 176 11 view .LVU133
 459 0024 FFF7FEFF 		bl	f_getfree
 460              	.LVL22:
 177:Core/Src/sdio.c ****         printf("Drive %s     Error\r\n", SDPath);
 461              		.loc 1 177 5 is_stmt 1 view .LVU134
 177:Core/Src/sdio.c ****         printf("Drive %s     Error\r\n", SDPath);
 462              		.loc 1 177 7 is_stmt 0 view .LVU135
 463 0028 70B9     		cbnz	r0, .L27
 182:Core/Src/sdio.c ****     printf("Drive %s     %luMB\r\n", SDPath, totalBlocks / 2000);
 464              		.loc 1 182 5 is_stmt 1 view .LVU136
 182:Core/Src/sdio.c ****     printf("Drive %s     %luMB\r\n", SDPath, totalBlocks / 2000);
ARM GAS  /tmp/ccjAKpX4.s 			page 14


 465              		.loc 1 182 31 is_stmt 0 view .LVU137
 466 002a 079B     		ldr	r3, [sp, #28]
 182:Core/Src/sdio.c ****     printf("Drive %s     %luMB\r\n", SDPath, totalBlocks / 2000);
 467              		.loc 1 182 41 view .LVU138
 468 002c 9A1E     		subs	r2, r3, #2
 182:Core/Src/sdio.c ****     printf("Drive %s     %luMB\r\n", SDPath, totalBlocks / 2000);
 469              		.loc 1 182 50 view .LVU139
 470 002e BDF81230 		ldrh	r3, [sp, #18]
 182:Core/Src/sdio.c ****     printf("Drive %s     %luMB\r\n", SDPath, totalBlocks / 2000);
 471              		.loc 1 182 14 view .LVU140
 472 0032 03FB02F2 		mul	r2, r3, r2
 473              	.LVL23:
 183:Core/Src/sdio.c ****   }
 474              		.loc 1 183 5 is_stmt 1 view .LVU141
 475 0036 084B     		ldr	r3, .L28+4
 476 0038 A3FB0232 		umull	r3, r2, r3, r2
 477              	.LVL24:
 183:Core/Src/sdio.c ****   }
 478              		.loc 1 183 5 is_stmt 0 view .LVU142
 479 003c D209     		lsrs	r2, r2, #7
 480 003e 0549     		ldr	r1, .L28
 481 0040 0648     		ldr	r0, .L28+8
 482              	.LVL25:
 183:Core/Src/sdio.c ****   }
 483              		.loc 1 183 5 view .LVU143
 484 0042 FFF7FEFF 		bl	printf
 485              	.LVL26:
 183:Core/Src/sdio.c ****   }
 486              		.loc 1 183 5 view .LVU144
 487 0046 E4E7     		b	.L21
 488              	.LVL27:
 489              	.L27:
 178:Core/Src/sdio.c ****         return;
 490              		.loc 1 178 9 is_stmt 1 view .LVU145
 491 0048 0249     		ldr	r1, .L28
 492 004a 0548     		ldr	r0, .L28+12
 493              	.LVL28:
 178:Core/Src/sdio.c ****         return;
 494              		.loc 1 178 9 is_stmt 0 view .LVU146
 495 004c FFF7FEFF 		bl	printf
 496              	.LVL29:
 179:Core/Src/sdio.c ****     }
 497              		.loc 1 179 9 is_stmt 1 view .LVU147
 498 0050 DFE7     		b	.L21
 499              	.L29:
 500 0052 00BF     		.align	2
 501              	.L28:
 502 0054 00000000 		.word	SDPath
 503 0058 D34D6210 		.word	274877907
 504 005c 18000000 		.word	.LC1
 505 0060 00000000 		.word	.LC0
 506              	.LBE5:
 507              		.cfi_endproc
 508              	.LFE136:
 510              		.global	hdma_sdio
 511              		.section	.bss.hdma_sdio,"aw",%nobits
 512              		.align	2
ARM GAS  /tmp/ccjAKpX4.s 			page 15


 515              	hdma_sdio:
 516 0000 00000000 		.space	96
 516      00000000 
 516      00000000 
 516      00000000 
 516      00000000 
 517              		.global	hsd
 518              		.section	.bss.hsd,"aw",%nobits
 519              		.align	2
 522              	hsd:
 523 0000 00000000 		.space	132
 523      00000000 
 523      00000000 
 523      00000000 
 523      00000000 
 524              		.text
 525              	.Letext0:
 526              		.file 2 "Drivers/CMSIS/Device/ST/STM32F4xx/Include/stm32f407xx.h"
 527              		.file 3 "/usr/lib/gcc/arm-none-eabi/14.2.1/include/stdint.h"
 528              		.file 4 "Drivers/STM32F4xx_HAL_Driver/Inc/stm32f4xx_hal_def.h"
 529              		.file 5 "Drivers/STM32F4xx_HAL_Driver/Inc/stm32f4xx_hal_gpio.h"
 530              		.file 6 "Drivers/STM32F4xx_HAL_Driver/Inc/stm32f4xx_hal_dma.h"
 531              		.file 7 "Drivers/STM32F4xx_HAL_Driver/Inc/stm32f4xx_ll_sdmmc.h"
 532              		.file 8 "Drivers/STM32F4xx_HAL_Driver/Inc/stm32f4xx_hal_sd.h"
 533              		.file 9 "Middlewares/Third_Party/FatFs/src/integer.h"
 534              		.file 10 "Middlewares/Third_Party/FatFs/src/ff.h"
 535              		.file 11 "FATFS/App/fatfs.h"
 536              		.file 12 "/usr/include/newlib/stdio.h"
 537              		.file 13 "Drivers/STM32F4xx_HAL_Driver/Inc/stm32f4xx_hal_cortex.h"
 538              		.file 14 "Core/Inc/sdio.h"
 539              		.file 15 "Core/Inc/main.h"
ARM GAS  /tmp/ccjAKpX4.s 			page 16


DEFINED SYMBOLS
                            *ABS*:00000000 sdio.c
     /tmp/ccjAKpX4.s:21     .text.MX_SDIO_SD_Init:00000000 $t
     /tmp/ccjAKpX4.s:27     .text.MX_SDIO_SD_Init:00000000 MX_SDIO_SD_Init
     /tmp/ccjAKpX4.s:66     .text.MX_SDIO_SD_Init:00000020 $d
     /tmp/ccjAKpX4.s:522    .bss.hsd:00000000 hsd
     /tmp/ccjAKpX4.s:72     .text.HAL_SD_MspInit:00000000 $t
     /tmp/ccjAKpX4.s:78     .text.HAL_SD_MspInit:00000000 HAL_SD_MspInit
     /tmp/ccjAKpX4.s:313    .text.HAL_SD_MspInit:00000100 $d
     /tmp/ccjAKpX4.s:515    .bss.hdma_sdio:00000000 hdma_sdio
     /tmp/ccjAKpX4.s:322    .text.HAL_SD_MspDeInit:00000000 $t
     /tmp/ccjAKpX4.s:328    .text.HAL_SD_MspDeInit:00000000 HAL_SD_MspDeInit
     /tmp/ccjAKpX4.s:387    .text.HAL_SD_MspDeInit:00000040 $d
     /tmp/ccjAKpX4.s:395    .rodata.MX_SDIO_SD_Check.str1.4:00000000 $d
     /tmp/ccjAKpX4.s:402    .text.MX_SDIO_SD_Check:00000000 $t
     /tmp/ccjAKpX4.s:408    .text.MX_SDIO_SD_Check:00000000 MX_SDIO_SD_Check
     /tmp/ccjAKpX4.s:502    .text.MX_SDIO_SD_Check:00000054 $d
     /tmp/ccjAKpX4.s:512    .bss.hdma_sdio:00000000 $d
     /tmp/ccjAKpX4.s:519    .bss.hsd:00000000 $d

UNDEFINED SYMBOLS
HAL_GPIO_Init
HAL_DMA_Init
HAL_NVIC_SetPriority
HAL_NVIC_EnableIRQ
Error_Handler
HAL_GPIO_DeInit
HAL_DMA_DeInit
HAL_NVIC_DisableIRQ
f_mount
f_getfree
printf
SDPath
