ARM GAS  /tmp/cczLJOnL.s 			page 1


   1              		.cpu cortex-m4
   2              		.arch armv7e-m
   3              		.fpu fpv4-sp-d16
   4              		.eabi_attribute 27, 1
   5              		.eabi_attribute 28, 1
   6              		.eabi_attribute 20, 1
   7              		.eabi_attribute 21, 1
   8              		.eabi_attribute 23, 3
   9              		.eabi_attribute 24, 1
  10              		.eabi_attribute 25, 1
  11              		.eabi_attribute 26, 1
  12              		.eabi_attribute 30, 1
  13              		.eabi_attribute 34, 1
  14              		.eabi_attribute 18, 4
  15              		.file	"spi.c"
  16              		.text
  17              	.Ltext0:
  18              		.cfi_sections	.debug_frame
  19              		.file 1 "Core/Src/spi.c"
  20              		.section	.text.MX_SPI2_Init,"ax",%progbits
  21              		.align	1
  22              		.global	MX_SPI2_Init
  23              		.syntax unified
  24              		.thumb
  25              		.thumb_func
  27              	MX_SPI2_Init:
  28              	.LFB133:
   1:Core/Src/spi.c **** /* USER CODE BEGIN Header */
   2:Core/Src/spi.c **** /**
   3:Core/Src/spi.c ****   ******************************************************************************
   4:Core/Src/spi.c ****   * @file    spi.c
   5:Core/Src/spi.c ****   * @brief   This file provides code for the configuration
   6:Core/Src/spi.c ****   *          of the SPI instances.
   7:Core/Src/spi.c ****   ******************************************************************************
   8:Core/Src/spi.c ****   * @attention
   9:Core/Src/spi.c ****   *
  10:Core/Src/spi.c ****   * Copyright (c) 2023 STMicroelectronics.
  11:Core/Src/spi.c ****   * All rights reserved.
  12:Core/Src/spi.c ****   *
  13:Core/Src/spi.c ****   * This software is licensed under terms that can be found in the LICENSE file
  14:Core/Src/spi.c ****   * in the root directory of this software component.
  15:Core/Src/spi.c ****   * If no LICENSE file comes with this software, it is provided AS-IS.
  16:Core/Src/spi.c ****   *
  17:Core/Src/spi.c ****   ******************************************************************************
  18:Core/Src/spi.c ****   */
  19:Core/Src/spi.c **** /* USER CODE END Header */
  20:Core/Src/spi.c **** /* Includes ------------------------------------------------------------------*/
  21:Core/Src/spi.c **** #include "spi.h"
  22:Core/Src/spi.c **** 
  23:Core/Src/spi.c **** /* USER CODE BEGIN 0 */
  24:Core/Src/spi.c **** 
  25:Core/Src/spi.c **** #include <stdio.h>
  26:Core/Src/spi.c **** 
  27:Core/Src/spi.c **** /* USER CODE END 0 */
  28:Core/Src/spi.c **** 
  29:Core/Src/spi.c **** SPI_HandleTypeDef hspi2;
  30:Core/Src/spi.c **** 
ARM GAS  /tmp/cczLJOnL.s 			page 2


  31:Core/Src/spi.c **** /* SPI2 init function */
  32:Core/Src/spi.c **** void MX_SPI2_Init(void)
  33:Core/Src/spi.c **** {
  29              		.loc 1 33 1 view -0
  30              		.cfi_startproc
  31              		@ args = 0, pretend = 0, frame = 0
  32              		@ frame_needed = 0, uses_anonymous_args = 0
  33 0000 08B5     		push	{r3, lr}
  34              	.LCFI0:
  35              		.cfi_def_cfa_offset 8
  36              		.cfi_offset 3, -8
  37              		.cfi_offset 14, -4
  34:Core/Src/spi.c **** 
  35:Core/Src/spi.c ****   /* USER CODE BEGIN SPI2_Init 0 */
  36:Core/Src/spi.c **** 
  37:Core/Src/spi.c ****   /* USER CODE END SPI2_Init 0 */
  38:Core/Src/spi.c **** 
  39:Core/Src/spi.c ****   /* USER CODE BEGIN SPI2_Init 1 */
  40:Core/Src/spi.c **** 
  41:Core/Src/spi.c ****   /* USER CODE END SPI2_Init 1 */
  42:Core/Src/spi.c ****   hspi2.Instance = SPI2;
  38              		.loc 1 42 3 view .LVU1
  39              		.loc 1 42 18 is_stmt 0 view .LVU2
  40 0002 0D48     		ldr	r0, .L5
  41 0004 0D4B     		ldr	r3, .L5+4
  42 0006 0360     		str	r3, [r0]
  43:Core/Src/spi.c ****   hspi2.Init.Mode = SPI_MODE_MASTER;
  43              		.loc 1 43 3 is_stmt 1 view .LVU3
  44              		.loc 1 43 19 is_stmt 0 view .LVU4
  45 0008 4FF48273 		mov	r3, #260
  46 000c 4360     		str	r3, [r0, #4]
  44:Core/Src/spi.c ****   hspi2.Init.Direction = SPI_DIRECTION_2LINES;
  47              		.loc 1 44 3 is_stmt 1 view .LVU5
  48              		.loc 1 44 24 is_stmt 0 view .LVU6
  49 000e 0023     		movs	r3, #0
  50 0010 8360     		str	r3, [r0, #8]
  45:Core/Src/spi.c ****   hspi2.Init.DataSize = SPI_DATASIZE_8BIT;
  51              		.loc 1 45 3 is_stmt 1 view .LVU7
  52              		.loc 1 45 23 is_stmt 0 view .LVU8
  53 0012 C360     		str	r3, [r0, #12]
  46:Core/Src/spi.c ****   hspi2.Init.CLKPolarity = SPI_POLARITY_LOW;
  54              		.loc 1 46 3 is_stmt 1 view .LVU9
  55              		.loc 1 46 26 is_stmt 0 view .LVU10
  56 0014 0361     		str	r3, [r0, #16]
  47:Core/Src/spi.c ****   hspi2.Init.CLKPhase = SPI_PHASE_1EDGE;
  57              		.loc 1 47 3 is_stmt 1 view .LVU11
  58              		.loc 1 47 23 is_stmt 0 view .LVU12
  59 0016 4361     		str	r3, [r0, #20]
  48:Core/Src/spi.c ****   hspi2.Init.NSS = SPI_NSS_SOFT;
  60              		.loc 1 48 3 is_stmt 1 view .LVU13
  61              		.loc 1 48 18 is_stmt 0 view .LVU14
  62 0018 4FF40072 		mov	r2, #512
  63 001c 8261     		str	r2, [r0, #24]
  49:Core/Src/spi.c ****   hspi2.Init.BaudRatePrescaler = SPI_BAUDRATEPRESCALER_2;
  64              		.loc 1 49 3 is_stmt 1 view .LVU15
  65              		.loc 1 49 32 is_stmt 0 view .LVU16
  66 001e C361     		str	r3, [r0, #28]
ARM GAS  /tmp/cczLJOnL.s 			page 3


  50:Core/Src/spi.c ****   hspi2.Init.FirstBit = SPI_FIRSTBIT_MSB;
  67              		.loc 1 50 3 is_stmt 1 view .LVU17
  68              		.loc 1 50 23 is_stmt 0 view .LVU18
  69 0020 0362     		str	r3, [r0, #32]
  51:Core/Src/spi.c ****   hspi2.Init.TIMode = SPI_TIMODE_DISABLE;
  70              		.loc 1 51 3 is_stmt 1 view .LVU19
  71              		.loc 1 51 21 is_stmt 0 view .LVU20
  72 0022 4362     		str	r3, [r0, #36]
  52:Core/Src/spi.c ****   hspi2.Init.CRCCalculation = SPI_CRCCALCULATION_DISABLE;
  73              		.loc 1 52 3 is_stmt 1 view .LVU21
  74              		.loc 1 52 29 is_stmt 0 view .LVU22
  75 0024 8362     		str	r3, [r0, #40]
  53:Core/Src/spi.c ****   hspi2.Init.CRCPolynomial = 10;
  76              		.loc 1 53 3 is_stmt 1 view .LVU23
  77              		.loc 1 53 28 is_stmt 0 view .LVU24
  78 0026 0A23     		movs	r3, #10
  79 0028 C362     		str	r3, [r0, #44]
  54:Core/Src/spi.c ****   if (HAL_SPI_Init(&hspi2) != HAL_OK)
  80              		.loc 1 54 3 is_stmt 1 view .LVU25
  81              		.loc 1 54 7 is_stmt 0 view .LVU26
  82 002a FFF7FEFF 		bl	HAL_SPI_Init
  83              	.LVL0:
  84              		.loc 1 54 6 discriminator 1 view .LVU27
  85 002e 00B9     		cbnz	r0, .L4
  86              	.L1:
  55:Core/Src/spi.c ****   {
  56:Core/Src/spi.c ****     Error_Handler();
  57:Core/Src/spi.c ****   }
  58:Core/Src/spi.c ****   /* USER CODE BEGIN SPI2_Init 2 */
  59:Core/Src/spi.c **** 
  60:Core/Src/spi.c ****   /* USER CODE END SPI2_Init 2 */
  61:Core/Src/spi.c **** 
  62:Core/Src/spi.c **** }
  87              		.loc 1 62 1 view .LVU28
  88 0030 08BD     		pop	{r3, pc}
  89              	.L4:
  56:Core/Src/spi.c ****   }
  90              		.loc 1 56 5 is_stmt 1 view .LVU29
  91 0032 FFF7FEFF 		bl	Error_Handler
  92              	.LVL1:
  93              		.loc 1 62 1 is_stmt 0 view .LVU30
  94 0036 FBE7     		b	.L1
  95              	.L6:
  96              		.align	2
  97              	.L5:
  98 0038 00000000 		.word	hspi2
  99 003c 00380040 		.word	1073756160
 100              		.cfi_endproc
 101              	.LFE133:
 103              		.section	.text.HAL_SPI_MspInit,"ax",%progbits
 104              		.align	1
 105              		.global	HAL_SPI_MspInit
 106              		.syntax unified
 107              		.thumb
 108              		.thumb_func
 110              	HAL_SPI_MspInit:
 111              	.LVL2:
ARM GAS  /tmp/cczLJOnL.s 			page 4


 112              	.LFB134:
  63:Core/Src/spi.c **** 
  64:Core/Src/spi.c **** void HAL_SPI_MspInit(SPI_HandleTypeDef* spiHandle)
  65:Core/Src/spi.c **** {
 113              		.loc 1 65 1 is_stmt 1 view -0
 114              		.cfi_startproc
 115              		@ args = 0, pretend = 0, frame = 32
 116              		@ frame_needed = 0, uses_anonymous_args = 0
 117              		.loc 1 65 1 is_stmt 0 view .LVU32
 118 0000 2DE9F041 		push	{r4, r5, r6, r7, r8, lr}
 119              	.LCFI1:
 120              		.cfi_def_cfa_offset 24
 121              		.cfi_offset 4, -24
 122              		.cfi_offset 5, -20
 123              		.cfi_offset 6, -16
 124              		.cfi_offset 7, -12
 125              		.cfi_offset 8, -8
 126              		.cfi_offset 14, -4
 127 0004 88B0     		sub	sp, sp, #32
 128              	.LCFI2:
 129              		.cfi_def_cfa_offset 56
  66:Core/Src/spi.c **** 
  67:Core/Src/spi.c ****   GPIO_InitTypeDef GPIO_InitStruct = {0};
 130              		.loc 1 67 3 is_stmt 1 view .LVU33
 131              		.loc 1 67 20 is_stmt 0 view .LVU34
 132 0006 0023     		movs	r3, #0
 133 0008 0393     		str	r3, [sp, #12]
 134 000a 0493     		str	r3, [sp, #16]
 135 000c 0593     		str	r3, [sp, #20]
 136 000e 0693     		str	r3, [sp, #24]
 137 0010 0793     		str	r3, [sp, #28]
  68:Core/Src/spi.c ****   if(spiHandle->Instance==SPI2)
 138              		.loc 1 68 3 is_stmt 1 view .LVU35
 139              		.loc 1 68 15 is_stmt 0 view .LVU36
 140 0012 0268     		ldr	r2, [r0]
 141              		.loc 1 68 5 view .LVU37
 142 0014 214B     		ldr	r3, .L11
 143 0016 9A42     		cmp	r2, r3
 144 0018 02D0     		beq	.L10
 145              	.LVL3:
 146              	.L7:
  69:Core/Src/spi.c ****   {
  70:Core/Src/spi.c ****   /* USER CODE BEGIN SPI2_MspInit 0 */
  71:Core/Src/spi.c **** 
  72:Core/Src/spi.c ****   /* USER CODE END SPI2_MspInit 0 */
  73:Core/Src/spi.c ****     /* SPI2 clock enable */
  74:Core/Src/spi.c ****     __HAL_RCC_SPI2_CLK_ENABLE();
  75:Core/Src/spi.c **** 
  76:Core/Src/spi.c ****     __HAL_RCC_GPIOC_CLK_ENABLE();
  77:Core/Src/spi.c ****     __HAL_RCC_GPIOB_CLK_ENABLE();
  78:Core/Src/spi.c ****     /**SPI2 GPIO Configuration
  79:Core/Src/spi.c ****     PC2     ------> SPI2_MISO
  80:Core/Src/spi.c ****     PC3     ------> SPI2_MOSI
  81:Core/Src/spi.c ****     PB10     ------> SPI2_SCK
  82:Core/Src/spi.c ****     */
  83:Core/Src/spi.c ****     GPIO_InitStruct.Pin = GPIO_PIN_2|GPIO_PIN_3;
  84:Core/Src/spi.c ****     GPIO_InitStruct.Mode = GPIO_MODE_AF_PP;
ARM GAS  /tmp/cczLJOnL.s 			page 5


  85:Core/Src/spi.c ****     GPIO_InitStruct.Pull = GPIO_NOPULL;
  86:Core/Src/spi.c ****     GPIO_InitStruct.Speed = GPIO_SPEED_FREQ_VERY_HIGH;
  87:Core/Src/spi.c ****     GPIO_InitStruct.Alternate = GPIO_AF5_SPI2;
  88:Core/Src/spi.c ****     HAL_GPIO_Init(GPIOC, &GPIO_InitStruct);
  89:Core/Src/spi.c **** 
  90:Core/Src/spi.c ****     GPIO_InitStruct.Pin = GPIO_PIN_10;
  91:Core/Src/spi.c ****     GPIO_InitStruct.Mode = GPIO_MODE_AF_PP;
  92:Core/Src/spi.c ****     GPIO_InitStruct.Pull = GPIO_NOPULL;
  93:Core/Src/spi.c ****     GPIO_InitStruct.Speed = GPIO_SPEED_FREQ_VERY_HIGH;
  94:Core/Src/spi.c ****     GPIO_InitStruct.Alternate = GPIO_AF5_SPI2;
  95:Core/Src/spi.c ****     HAL_GPIO_Init(GPIOB, &GPIO_InitStruct);
  96:Core/Src/spi.c **** 
  97:Core/Src/spi.c ****   /* USER CODE BEGIN SPI2_MspInit 1 */
  98:Core/Src/spi.c **** 
  99:Core/Src/spi.c ****   /* USER CODE END SPI2_MspInit 1 */
 100:Core/Src/spi.c ****   }
 101:Core/Src/spi.c **** }
 147              		.loc 1 101 1 view .LVU38
 148 001a 08B0     		add	sp, sp, #32
 149              	.LCFI3:
 150              		.cfi_remember_state
 151              		.cfi_def_cfa_offset 24
 152              		@ sp needed
 153 001c BDE8F081 		pop	{r4, r5, r6, r7, r8, pc}
 154              	.LVL4:
 155              	.L10:
 156              	.LCFI4:
 157              		.cfi_restore_state
  74:Core/Src/spi.c **** 
 158              		.loc 1 74 5 is_stmt 1 view .LVU39
 159              	.LBB2:
  74:Core/Src/spi.c **** 
 160              		.loc 1 74 5 view .LVU40
 161 0020 0024     		movs	r4, #0
 162 0022 0094     		str	r4, [sp]
  74:Core/Src/spi.c **** 
 163              		.loc 1 74 5 view .LVU41
 164 0024 03F50033 		add	r3, r3, #131072
 165 0028 1A6C     		ldr	r2, [r3, #64]
 166 002a 42F48042 		orr	r2, r2, #16384
 167 002e 1A64     		str	r2, [r3, #64]
  74:Core/Src/spi.c **** 
 168              		.loc 1 74 5 view .LVU42
 169 0030 1A6C     		ldr	r2, [r3, #64]
 170 0032 02F48042 		and	r2, r2, #16384
 171 0036 0092     		str	r2, [sp]
  74:Core/Src/spi.c **** 
 172              		.loc 1 74 5 view .LVU43
 173 0038 009A     		ldr	r2, [sp]
 174              	.LBE2:
  74:Core/Src/spi.c **** 
 175              		.loc 1 74 5 view .LVU44
  76:Core/Src/spi.c ****     __HAL_RCC_GPIOB_CLK_ENABLE();
 176              		.loc 1 76 5 view .LVU45
 177              	.LBB3:
  76:Core/Src/spi.c ****     __HAL_RCC_GPIOB_CLK_ENABLE();
 178              		.loc 1 76 5 view .LVU46
ARM GAS  /tmp/cczLJOnL.s 			page 6


 179 003a 0194     		str	r4, [sp, #4]
  76:Core/Src/spi.c ****     __HAL_RCC_GPIOB_CLK_ENABLE();
 180              		.loc 1 76 5 view .LVU47
 181 003c 1A6B     		ldr	r2, [r3, #48]
 182 003e 42F00402 		orr	r2, r2, #4
 183 0042 1A63     		str	r2, [r3, #48]
  76:Core/Src/spi.c ****     __HAL_RCC_GPIOB_CLK_ENABLE();
 184              		.loc 1 76 5 view .LVU48
 185 0044 1A6B     		ldr	r2, [r3, #48]
 186 0046 02F00402 		and	r2, r2, #4
 187 004a 0192     		str	r2, [sp, #4]
  76:Core/Src/spi.c ****     __HAL_RCC_GPIOB_CLK_ENABLE();
 188              		.loc 1 76 5 view .LVU49
 189 004c 019A     		ldr	r2, [sp, #4]
 190              	.LBE3:
  76:Core/Src/spi.c ****     __HAL_RCC_GPIOB_CLK_ENABLE();
 191              		.loc 1 76 5 view .LVU50
  77:Core/Src/spi.c ****     /**SPI2 GPIO Configuration
 192              		.loc 1 77 5 view .LVU51
 193              	.LBB4:
  77:Core/Src/spi.c ****     /**SPI2 GPIO Configuration
 194              		.loc 1 77 5 view .LVU52
 195 004e 0294     		str	r4, [sp, #8]
  77:Core/Src/spi.c ****     /**SPI2 GPIO Configuration
 196              		.loc 1 77 5 view .LVU53
 197 0050 1A6B     		ldr	r2, [r3, #48]
 198 0052 42F00202 		orr	r2, r2, #2
 199 0056 1A63     		str	r2, [r3, #48]
  77:Core/Src/spi.c ****     /**SPI2 GPIO Configuration
 200              		.loc 1 77 5 view .LVU54
 201 0058 1B6B     		ldr	r3, [r3, #48]
 202 005a 03F00203 		and	r3, r3, #2
 203 005e 0293     		str	r3, [sp, #8]
  77:Core/Src/spi.c ****     /**SPI2 GPIO Configuration
 204              		.loc 1 77 5 view .LVU55
 205 0060 029B     		ldr	r3, [sp, #8]
 206              	.LBE4:
  77:Core/Src/spi.c ****     /**SPI2 GPIO Configuration
 207              		.loc 1 77 5 view .LVU56
  83:Core/Src/spi.c ****     GPIO_InitStruct.Mode = GPIO_MODE_AF_PP;
 208              		.loc 1 83 5 view .LVU57
  83:Core/Src/spi.c ****     GPIO_InitStruct.Mode = GPIO_MODE_AF_PP;
 209              		.loc 1 83 25 is_stmt 0 view .LVU58
 210 0062 0C23     		movs	r3, #12
 211 0064 0393     		str	r3, [sp, #12]
  84:Core/Src/spi.c ****     GPIO_InitStruct.Pull = GPIO_NOPULL;
 212              		.loc 1 84 5 is_stmt 1 view .LVU59
  84:Core/Src/spi.c ****     GPIO_InitStruct.Pull = GPIO_NOPULL;
 213              		.loc 1 84 26 is_stmt 0 view .LVU60
 214 0066 4FF00208 		mov	r8, #2
 215 006a CDF81080 		str	r8, [sp, #16]
  85:Core/Src/spi.c ****     GPIO_InitStruct.Speed = GPIO_SPEED_FREQ_VERY_HIGH;
 216              		.loc 1 85 5 is_stmt 1 view .LVU61
  86:Core/Src/spi.c ****     GPIO_InitStruct.Alternate = GPIO_AF5_SPI2;
 217              		.loc 1 86 5 view .LVU62
  86:Core/Src/spi.c ****     GPIO_InitStruct.Alternate = GPIO_AF5_SPI2;
 218              		.loc 1 86 27 is_stmt 0 view .LVU63
ARM GAS  /tmp/cczLJOnL.s 			page 7


 219 006e 0327     		movs	r7, #3
 220 0070 0697     		str	r7, [sp, #24]
  87:Core/Src/spi.c ****     HAL_GPIO_Init(GPIOC, &GPIO_InitStruct);
 221              		.loc 1 87 5 is_stmt 1 view .LVU64
  87:Core/Src/spi.c ****     HAL_GPIO_Init(GPIOC, &GPIO_InitStruct);
 222              		.loc 1 87 31 is_stmt 0 view .LVU65
 223 0072 0526     		movs	r6, #5
 224 0074 0796     		str	r6, [sp, #28]
  88:Core/Src/spi.c **** 
 225              		.loc 1 88 5 is_stmt 1 view .LVU66
 226 0076 0DEB0305 		add	r5, sp, r3
 227 007a 2946     		mov	r1, r5
 228 007c 0848     		ldr	r0, .L11+4
 229              	.LVL5:
  88:Core/Src/spi.c **** 
 230              		.loc 1 88 5 is_stmt 0 view .LVU67
 231 007e FFF7FEFF 		bl	HAL_GPIO_Init
 232              	.LVL6:
  90:Core/Src/spi.c ****     GPIO_InitStruct.Mode = GPIO_MODE_AF_PP;
 233              		.loc 1 90 5 is_stmt 1 view .LVU68
  90:Core/Src/spi.c ****     GPIO_InitStruct.Mode = GPIO_MODE_AF_PP;
 234              		.loc 1 90 25 is_stmt 0 view .LVU69
 235 0082 4FF48063 		mov	r3, #1024
 236 0086 0393     		str	r3, [sp, #12]
  91:Core/Src/spi.c ****     GPIO_InitStruct.Pull = GPIO_NOPULL;
 237              		.loc 1 91 5 is_stmt 1 view .LVU70
  91:Core/Src/spi.c ****     GPIO_InitStruct.Pull = GPIO_NOPULL;
 238              		.loc 1 91 26 is_stmt 0 view .LVU71
 239 0088 CDF81080 		str	r8, [sp, #16]
  92:Core/Src/spi.c ****     GPIO_InitStruct.Speed = GPIO_SPEED_FREQ_VERY_HIGH;
 240              		.loc 1 92 5 is_stmt 1 view .LVU72
  92:Core/Src/spi.c ****     GPIO_InitStruct.Speed = GPIO_SPEED_FREQ_VERY_HIGH;
 241              		.loc 1 92 26 is_stmt 0 view .LVU73
 242 008c 0594     		str	r4, [sp, #20]
  93:Core/Src/spi.c ****     GPIO_InitStruct.Alternate = GPIO_AF5_SPI2;
 243              		.loc 1 93 5 is_stmt 1 view .LVU74
  93:Core/Src/spi.c ****     GPIO_InitStruct.Alternate = GPIO_AF5_SPI2;
 244              		.loc 1 93 27 is_stmt 0 view .LVU75
 245 008e 0697     		str	r7, [sp, #24]
  94:Core/Src/spi.c ****     HAL_GPIO_Init(GPIOB, &GPIO_InitStruct);
 246              		.loc 1 94 5 is_stmt 1 view .LVU76
  94:Core/Src/spi.c ****     HAL_GPIO_Init(GPIOB, &GPIO_InitStruct);
 247              		.loc 1 94 31 is_stmt 0 view .LVU77
 248 0090 0796     		str	r6, [sp, #28]
  95:Core/Src/spi.c **** 
 249              		.loc 1 95 5 is_stmt 1 view .LVU78
 250 0092 2946     		mov	r1, r5
 251 0094 0348     		ldr	r0, .L11+8
 252 0096 FFF7FEFF 		bl	HAL_GPIO_Init
 253              	.LVL7:
 254              		.loc 1 101 1 is_stmt 0 view .LVU79
 255 009a BEE7     		b	.L7
 256              	.L12:
 257              		.align	2
 258              	.L11:
 259 009c 00380040 		.word	1073756160
 260 00a0 00080240 		.word	1073874944
ARM GAS  /tmp/cczLJOnL.s 			page 8


 261 00a4 00040240 		.word	1073873920
 262              		.cfi_endproc
 263              	.LFE134:
 265              		.section	.text.HAL_SPI_MspDeInit,"ax",%progbits
 266              		.align	1
 267              		.global	HAL_SPI_MspDeInit
 268              		.syntax unified
 269              		.thumb
 270              		.thumb_func
 272              	HAL_SPI_MspDeInit:
 273              	.LVL8:
 274              	.LFB135:
 102:Core/Src/spi.c **** 
 103:Core/Src/spi.c **** void HAL_SPI_MspDeInit(SPI_HandleTypeDef* spiHandle)
 104:Core/Src/spi.c **** {
 275              		.loc 1 104 1 is_stmt 1 view -0
 276              		.cfi_startproc
 277              		@ args = 0, pretend = 0, frame = 0
 278              		@ frame_needed = 0, uses_anonymous_args = 0
 279              		.loc 1 104 1 is_stmt 0 view .LVU81
 280 0000 08B5     		push	{r3, lr}
 281              	.LCFI5:
 282              		.cfi_def_cfa_offset 8
 283              		.cfi_offset 3, -8
 284              		.cfi_offset 14, -4
 105:Core/Src/spi.c **** 
 106:Core/Src/spi.c ****   if(spiHandle->Instance==SPI2)
 285              		.loc 1 106 3 is_stmt 1 view .LVU82
 286              		.loc 1 106 15 is_stmt 0 view .LVU83
 287 0002 0268     		ldr	r2, [r0]
 288              		.loc 1 106 5 view .LVU84
 289 0004 094B     		ldr	r3, .L17
 290 0006 9A42     		cmp	r2, r3
 291 0008 00D0     		beq	.L16
 292              	.LVL9:
 293              	.L13:
 107:Core/Src/spi.c ****   {
 108:Core/Src/spi.c ****   /* USER CODE BEGIN SPI2_MspDeInit 0 */
 109:Core/Src/spi.c **** 
 110:Core/Src/spi.c ****   /* USER CODE END SPI2_MspDeInit 0 */
 111:Core/Src/spi.c ****     /* Peripheral clock disable */
 112:Core/Src/spi.c ****     __HAL_RCC_SPI2_CLK_DISABLE();
 113:Core/Src/spi.c **** 
 114:Core/Src/spi.c ****     /**SPI2 GPIO Configuration
 115:Core/Src/spi.c ****     PC2     ------> SPI2_MISO
 116:Core/Src/spi.c ****     PC3     ------> SPI2_MOSI
 117:Core/Src/spi.c ****     PB10     ------> SPI2_SCK
 118:Core/Src/spi.c ****     */
 119:Core/Src/spi.c ****     HAL_GPIO_DeInit(GPIOC, GPIO_PIN_2|GPIO_PIN_3);
 120:Core/Src/spi.c **** 
 121:Core/Src/spi.c ****     HAL_GPIO_DeInit(GPIOB, GPIO_PIN_10);
 122:Core/Src/spi.c **** 
 123:Core/Src/spi.c ****   /* USER CODE BEGIN SPI2_MspDeInit 1 */
 124:Core/Src/spi.c **** 
 125:Core/Src/spi.c ****   /* USER CODE END SPI2_MspDeInit 1 */
 126:Core/Src/spi.c ****   }
 127:Core/Src/spi.c **** }
ARM GAS  /tmp/cczLJOnL.s 			page 9


 294              		.loc 1 127 1 view .LVU85
 295 000a 08BD     		pop	{r3, pc}
 296              	.LVL10:
 297              	.L16:
 112:Core/Src/spi.c **** 
 298              		.loc 1 112 5 is_stmt 1 view .LVU86
 299 000c 084A     		ldr	r2, .L17+4
 300 000e 136C     		ldr	r3, [r2, #64]
 301 0010 23F48043 		bic	r3, r3, #16384
 302 0014 1364     		str	r3, [r2, #64]
 119:Core/Src/spi.c **** 
 303              		.loc 1 119 5 view .LVU87
 304 0016 0C21     		movs	r1, #12
 305 0018 0648     		ldr	r0, .L17+8
 306              	.LVL11:
 119:Core/Src/spi.c **** 
 307              		.loc 1 119 5 is_stmt 0 view .LVU88
 308 001a FFF7FEFF 		bl	HAL_GPIO_DeInit
 309              	.LVL12:
 121:Core/Src/spi.c **** 
 310              		.loc 1 121 5 is_stmt 1 view .LVU89
 311 001e 4FF48061 		mov	r1, #1024
 312 0022 0548     		ldr	r0, .L17+12
 313 0024 FFF7FEFF 		bl	HAL_GPIO_DeInit
 314              	.LVL13:
 315              		.loc 1 127 1 is_stmt 0 view .LVU90
 316 0028 EFE7     		b	.L13
 317              	.L18:
 318 002a 00BF     		.align	2
 319              	.L17:
 320 002c 00380040 		.word	1073756160
 321 0030 00380240 		.word	1073887232
 322 0034 00080240 		.word	1073874944
 323 0038 00040240 		.word	1073873920
 324              		.cfi_endproc
 325              	.LFE135:
 327              		.section	.rodata.MX_SPI2_Check_W25Q64.str1.4,"aMS",%progbits,1
 328              		.align	2
 329              	.LC0:
 330 0000 53504920 		.ascii	"SPI W25Q64JV: 8MB\015\000"
 330      57323551 
 330      36344A56 
 330      3A20384D 
 330      420D00
 331 0013 00       		.align	2
 332              	.LC1:
 333 0014 53504920 		.ascii	"SPI W25Q64JV: Error (%d)\015\012\000"
 333      57323551 
 333      36344A56 
 333      3A204572 
 333      726F7220 
 334              		.section	.text.MX_SPI2_Check_W25Q64,"ax",%progbits
 335              		.align	1
 336              		.global	MX_SPI2_Check_W25Q64
 337              		.syntax unified
 338              		.thumb
 339              		.thumb_func
ARM GAS  /tmp/cczLJOnL.s 			page 10


 341              	MX_SPI2_Check_W25Q64:
 342              	.LFB136:
 128:Core/Src/spi.c **** 
 129:Core/Src/spi.c **** /* USER CODE BEGIN 1 */
 130:Core/Src/spi.c **** 
 131:Core/Src/spi.c **** /**
 132:Core/Src/spi.c ****   * @brief Check the ID register of SPI Flash
 133:Core/Src/spi.c ****   * @retval None
 134:Core/Src/spi.c ****   */
 135:Core/Src/spi.c **** void MX_SPI2_Check_W25Q64(void)
 136:Core/Src/spi.c **** {
 343              		.loc 1 136 1 is_stmt 1 view -0
 344              		.cfi_startproc
 345              		@ args = 0, pretend = 0, frame = 8
 346              		@ frame_needed = 0, uses_anonymous_args = 0
 347 0000 10B5     		push	{r4, lr}
 348              	.LCFI6:
 349              		.cfi_def_cfa_offset 8
 350              		.cfi_offset 4, -8
 351              		.cfi_offset 14, -4
 352 0002 84B0     		sub	sp, sp, #16
 353              	.LCFI7:
 354              		.cfi_def_cfa_offset 24
 137:Core/Src/spi.c ****   HAL_StatusTypeDef ret;
 355              		.loc 1 137 3 view .LVU92
 138:Core/Src/spi.c **** 
 139:Core/Src/spi.c ****   // CMD 0x9f: Read JEDEC ID
 140:Core/Src/spi.c ****   uint8_t data[7] = {0x9f, 0x00, 0x00, 0x00, 0x00, 0x00, 0x00};
 356              		.loc 1 140 3 view .LVU93
 357              		.loc 1 140 11 is_stmt 0 view .LVU94
 358 0004 9F23     		movs	r3, #159
 359 0006 0293     		str	r3, [sp, #8]
 360 0008 0024     		movs	r4, #0
 361 000a ADF80C40 		strh	r4, [sp, #12]	@ movhi
 362 000e 8DF80E40 		strb	r4, [sp, #14]
 141:Core/Src/spi.c **** 
 142:Core/Src/spi.c ****   HAL_Delay(100);
 363              		.loc 1 142 3 is_stmt 1 view .LVU95
 364 0012 6420     		movs	r0, #100
 365 0014 FFF7FEFF 		bl	HAL_Delay
 366              	.LVL14:
 143:Core/Src/spi.c **** 
 144:Core/Src/spi.c ****   HAL_GPIO_WritePin(GPIOE, SPI2_FLASH_CS_Pin, GPIO_PIN_RESET);
 367              		.loc 1 144 3 view .LVU96
 368 0018 2246     		mov	r2, r4
 369 001a 0821     		movs	r1, #8
 370 001c 1148     		ldr	r0, .L26
 371 001e FFF7FEFF 		bl	HAL_GPIO_WritePin
 372              	.LVL15:
 145:Core/Src/spi.c ****   ret = HAL_SPI_TransmitReceive(&hspi2, data, data, 7, 100);
 373              		.loc 1 145 3 view .LVU97
 374              		.loc 1 145 9 is_stmt 0 view .LVU98
 375 0022 02A9     		add	r1, sp, #8
 376 0024 6423     		movs	r3, #100
 377 0026 0093     		str	r3, [sp]
 378 0028 0723     		movs	r3, #7
 379 002a 0A46     		mov	r2, r1
ARM GAS  /tmp/cczLJOnL.s 			page 11


 380 002c 0E48     		ldr	r0, .L26+4
 381 002e FFF7FEFF 		bl	HAL_SPI_TransmitReceive
 382              	.LVL16:
 146:Core/Src/spi.c ****   if (ret == HAL_OK)
 383              		.loc 1 146 3 is_stmt 1 view .LVU99
 384              		.loc 1 146 6 is_stmt 0 view .LVU100
 385 0032 0446     		mov	r4, r0
 386 0034 20B9     		cbnz	r0, .L20
 147:Core/Src/spi.c ****   {
 148:Core/Src/spi.c ****     // 0xEF: Winbond
 149:Core/Src/spi.c ****     // 0x40 0x17: W25Q64JV (8 MB)
 150:Core/Src/spi.c ****     if (*(uint32_t*)data == 0x1740ef00)
 387              		.loc 1 150 5 is_stmt 1 view .LVU101
 388              		.loc 1 150 8 is_stmt 0 view .LVU102
 389 0036 029A     		ldr	r2, [sp, #8]
 390 0038 0C4B     		ldr	r3, .L26+8
 391 003a 9A42     		cmp	r2, r3
 392 003c 08D0     		beq	.L24
 151:Core/Src/spi.c ****     {
 152:Core/Src/spi.c ****       printf("SPI W25Q64JV: 8MB\r\n");
 153:Core/Src/spi.c ****     }
 154:Core/Src/spi.c ****     else
 155:Core/Src/spi.c ****     {
 156:Core/Src/spi.c ****       ret = HAL_ERROR;
 393              		.loc 1 156 11 view .LVU103
 394 003e 0124     		movs	r4, #1
 395              	.LVL17:
 396              	.L20:
 157:Core/Src/spi.c ****     }
 158:Core/Src/spi.c ****   }
 159:Core/Src/spi.c ****   HAL_GPIO_WritePin(GPIOE, SPI2_FLASH_CS_Pin, GPIO_PIN_SET);
 397              		.loc 1 159 3 is_stmt 1 view .LVU104
 398 0040 0122     		movs	r2, #1
 399 0042 0821     		movs	r1, #8
 400 0044 0748     		ldr	r0, .L26
 401 0046 FFF7FEFF 		bl	HAL_GPIO_WritePin
 402              	.LVL18:
 160:Core/Src/spi.c **** 
 161:Core/Src/spi.c ****   if (ret != HAL_OK)
 403              		.loc 1 161 3 view .LVU105
 404              		.loc 1 161 6 is_stmt 0 view .LVU106
 405 004a 2CB9     		cbnz	r4, .L25
 406              	.L19:
 162:Core/Src/spi.c ****   {
 163:Core/Src/spi.c ****     printf("SPI W25Q64JV: Error (%d)\r\n", ret);
 164:Core/Src/spi.c ****   }
 165:Core/Src/spi.c **** }
 407              		.loc 1 165 1 view .LVU107
 408 004c 04B0     		add	sp, sp, #16
 409              	.LCFI8:
 410              		.cfi_remember_state
 411              		.cfi_def_cfa_offset 8
 412              		@ sp needed
 413 004e 10BD     		pop	{r4, pc}
 414              	.LVL19:
 415              	.L24:
 416              	.LCFI9:
ARM GAS  /tmp/cczLJOnL.s 			page 12


 417              		.cfi_restore_state
 152:Core/Src/spi.c ****     }
 418              		.loc 1 152 7 is_stmt 1 view .LVU108
 419 0050 0748     		ldr	r0, .L26+12
 420              	.LVL20:
 152:Core/Src/spi.c ****     }
 421              		.loc 1 152 7 is_stmt 0 view .LVU109
 422 0052 FFF7FEFF 		bl	puts
 423              	.LVL21:
 424 0056 F3E7     		b	.L20
 425              	.L25:
 163:Core/Src/spi.c ****   }
 426              		.loc 1 163 5 is_stmt 1 view .LVU110
 427 0058 2146     		mov	r1, r4
 428 005a 0648     		ldr	r0, .L26+16
 429 005c FFF7FEFF 		bl	printf
 430              	.LVL22:
 431              		.loc 1 165 1 is_stmt 0 view .LVU111
 432 0060 F4E7     		b	.L19
 433              	.L27:
 434 0062 00BF     		.align	2
 435              	.L26:
 436 0064 00100240 		.word	1073876992
 437 0068 00000000 		.word	hspi2
 438 006c 00EF4017 		.word	390131456
 439 0070 00000000 		.word	.LC0
 440 0074 14000000 		.word	.LC1
 441              		.cfi_endproc
 442              	.LFE136:
 444              		.global	hspi2
 445              		.section	.bss.hspi2,"aw",%nobits
 446              		.align	2
 449              	hspi2:
 450 0000 00000000 		.space	88
 450      00000000 
 450      00000000 
 450      00000000 
 450      00000000 
 451              		.text
 452              	.Letext0:
 453              		.file 2 "/usr/lib/gcc/arm-none-eabi/14.2.1/include/stdint.h"
 454              		.file 3 "Drivers/CMSIS/Device/ST/STM32F4xx/Include/stm32f407xx.h"
 455              		.file 4 "Drivers/STM32F4xx_HAL_Driver/Inc/stm32f4xx_hal_def.h"
 456              		.file 5 "Drivers/STM32F4xx_HAL_Driver/Inc/stm32f4xx_hal_gpio.h"
 457              		.file 6 "Drivers/STM32F4xx_HAL_Driver/Inc/stm32f4xx_hal_dma.h"
 458              		.file 7 "Drivers/STM32F4xx_HAL_Driver/Inc/stm32f4xx_hal_spi.h"
 459              		.file 8 "/usr/include/newlib/stdio.h"
 460              		.file 9 "Drivers/STM32F4xx_HAL_Driver/Inc/stm32f4xx_hal.h"
 461              		.file 10 "Core/Inc/spi.h"
 462              		.file 11 "Core/Inc/main.h"
 463              		.file 12 "<built-in>"
ARM GAS  /tmp/cczLJOnL.s 			page 13


DEFINED SYMBOLS
                            *ABS*:00000000 spi.c
     /tmp/cczLJOnL.s:21     .text.MX_SPI2_Init:00000000 $t
     /tmp/cczLJOnL.s:27     .text.MX_SPI2_Init:00000000 MX_SPI2_Init
     /tmp/cczLJOnL.s:98     .text.MX_SPI2_Init:00000038 $d
     /tmp/cczLJOnL.s:449    .bss.hspi2:00000000 hspi2
     /tmp/cczLJOnL.s:104    .text.HAL_SPI_MspInit:00000000 $t
     /tmp/cczLJOnL.s:110    .text.HAL_SPI_MspInit:00000000 HAL_SPI_MspInit
     /tmp/cczLJOnL.s:259    .text.HAL_SPI_MspInit:0000009c $d
     /tmp/cczLJOnL.s:266    .text.HAL_SPI_MspDeInit:00000000 $t
     /tmp/cczLJOnL.s:272    .text.HAL_SPI_MspDeInit:00000000 HAL_SPI_MspDeInit
     /tmp/cczLJOnL.s:320    .text.HAL_SPI_MspDeInit:0000002c $d
     /tmp/cczLJOnL.s:328    .rodata.MX_SPI2_Check_W25Q64.str1.4:00000000 $d
     /tmp/cczLJOnL.s:335    .text.MX_SPI2_Check_W25Q64:00000000 $t
     /tmp/cczLJOnL.s:341    .text.MX_SPI2_Check_W25Q64:00000000 MX_SPI2_Check_W25Q64
     /tmp/cczLJOnL.s:436    .text.MX_SPI2_Check_W25Q64:00000064 $d
     /tmp/cczLJOnL.s:446    .bss.hspi2:00000000 $d

UNDEFINED SYMBOLS
HAL_SPI_Init
Error_Handler
HAL_GPIO_Init
HAL_GPIO_DeInit
HAL_Delay
HAL_GPIO_WritePin
HAL_SPI_TransmitReceive
puts
printf
