ARM GAS  /tmp/cc3uA1bR.s 			page 1


   1              		.cpu cortex-m4
   2              		.arch armv7e-m
   3              		.fpu fpv4-sp-d16
   4              		.eabi_attribute 27, 1
   5              		.eabi_attribute 28, 1
   6              		.eabi_attribute 20, 1
   7              		.eabi_attribute 21, 1
   8              		.eabi_attribute 23, 3
   9              		.eabi_attribute 24, 1
  10              		.eabi_attribute 25, 1
  11              		.eabi_attribute 26, 1
  12              		.eabi_attribute 30, 1
  13              		.eabi_attribute 34, 1
  14              		.eabi_attribute 18, 4
  15              		.file	"stm32f4xx_it.c"
  16              		.text
  17              	.Ltext0:
  18              		.cfi_sections	.debug_frame
  19              		.file 1 "Core/Src/stm32f4xx_it.c"
  20              		.section	.text.NMI_Handler,"ax",%progbits
  21              		.align	1
  22              		.global	NMI_Handler
  23              		.syntax unified
  24              		.thumb
  25              		.thumb_func
  27              	NMI_Handler:
  28              	.LFB130:
   1:Core/Src/stm32f4xx_it.c **** /* USER CODE BEGIN Header */
   2:Core/Src/stm32f4xx_it.c **** /**
   3:Core/Src/stm32f4xx_it.c ****   ******************************************************************************
   4:Core/Src/stm32f4xx_it.c ****   * @file    stm32f4xx_it.c
   5:Core/Src/stm32f4xx_it.c ****   * @brief   Interrupt Service Routines.
   6:Core/Src/stm32f4xx_it.c ****   ******************************************************************************
   7:Core/Src/stm32f4xx_it.c ****   * @attention
   8:Core/Src/stm32f4xx_it.c ****   *
   9:Core/Src/stm32f4xx_it.c ****   * Copyright (c) 2023 STMicroelectronics.
  10:Core/Src/stm32f4xx_it.c ****   * All rights reserved.
  11:Core/Src/stm32f4xx_it.c ****   *
  12:Core/Src/stm32f4xx_it.c ****   * This software is licensed under terms that can be found in the LICENSE file
  13:Core/Src/stm32f4xx_it.c ****   * in the root directory of this software component.
  14:Core/Src/stm32f4xx_it.c ****   * If no LICENSE file comes with this software, it is provided AS-IS.
  15:Core/Src/stm32f4xx_it.c ****   *
  16:Core/Src/stm32f4xx_it.c ****   ******************************************************************************
  17:Core/Src/stm32f4xx_it.c ****   */
  18:Core/Src/stm32f4xx_it.c **** /* USER CODE END Header */
  19:Core/Src/stm32f4xx_it.c **** 
  20:Core/Src/stm32f4xx_it.c **** /* Includes ------------------------------------------------------------------*/
  21:Core/Src/stm32f4xx_it.c **** #include "main.h"
  22:Core/Src/stm32f4xx_it.c **** #include "stm32f4xx_it.h"
  23:Core/Src/stm32f4xx_it.c **** /* Private includes ----------------------------------------------------------*/
  24:Core/Src/stm32f4xx_it.c **** /* USER CODE BEGIN Includes */
  25:Core/Src/stm32f4xx_it.c **** /* USER CODE END Includes */
  26:Core/Src/stm32f4xx_it.c **** 
  27:Core/Src/stm32f4xx_it.c **** /* Private typedef -----------------------------------------------------------*/
  28:Core/Src/stm32f4xx_it.c **** /* USER CODE BEGIN TD */
  29:Core/Src/stm32f4xx_it.c **** 
  30:Core/Src/stm32f4xx_it.c **** /* USER CODE END TD */
ARM GAS  /tmp/cc3uA1bR.s 			page 2


  31:Core/Src/stm32f4xx_it.c **** 
  32:Core/Src/stm32f4xx_it.c **** /* Private define ------------------------------------------------------------*/
  33:Core/Src/stm32f4xx_it.c **** /* USER CODE BEGIN PD */
  34:Core/Src/stm32f4xx_it.c **** 
  35:Core/Src/stm32f4xx_it.c **** /* USER CODE END PD */
  36:Core/Src/stm32f4xx_it.c **** 
  37:Core/Src/stm32f4xx_it.c **** /* Private macro -------------------------------------------------------------*/
  38:Core/Src/stm32f4xx_it.c **** /* USER CODE BEGIN PM */
  39:Core/Src/stm32f4xx_it.c **** 
  40:Core/Src/stm32f4xx_it.c **** /* USER CODE END PM */
  41:Core/Src/stm32f4xx_it.c **** 
  42:Core/Src/stm32f4xx_it.c **** /* Private variables ---------------------------------------------------------*/
  43:Core/Src/stm32f4xx_it.c **** /* USER CODE BEGIN PV */
  44:Core/Src/stm32f4xx_it.c **** 
  45:Core/Src/stm32f4xx_it.c **** /* USER CODE END PV */
  46:Core/Src/stm32f4xx_it.c **** 
  47:Core/Src/stm32f4xx_it.c **** /* Private function prototypes -----------------------------------------------*/
  48:Core/Src/stm32f4xx_it.c **** /* USER CODE BEGIN PFP */
  49:Core/Src/stm32f4xx_it.c **** 
  50:Core/Src/stm32f4xx_it.c **** /* USER CODE END PFP */
  51:Core/Src/stm32f4xx_it.c **** 
  52:Core/Src/stm32f4xx_it.c **** /* Private user code ---------------------------------------------------------*/
  53:Core/Src/stm32f4xx_it.c **** /* USER CODE BEGIN 0 */
  54:Core/Src/stm32f4xx_it.c **** 
  55:Core/Src/stm32f4xx_it.c **** /* USER CODE END 0 */
  56:Core/Src/stm32f4xx_it.c **** 
  57:Core/Src/stm32f4xx_it.c **** /* External variables --------------------------------------------------------*/
  58:Core/Src/stm32f4xx_it.c **** extern ETH_HandleTypeDef heth;
  59:Core/Src/stm32f4xx_it.c **** extern PCD_HandleTypeDef hpcd_USB_OTG_FS;
  60:Core/Src/stm32f4xx_it.c **** extern HCD_HandleTypeDef hhcd_USB_OTG_HS;
  61:Core/Src/stm32f4xx_it.c **** extern CAN_HandleTypeDef hcan1;
  62:Core/Src/stm32f4xx_it.c **** extern CAN_HandleTypeDef hcan2;
  63:Core/Src/stm32f4xx_it.c **** extern DMA_HandleTypeDef hdma_sdio;
  64:Core/Src/stm32f4xx_it.c **** extern SD_HandleTypeDef hsd;
  65:Core/Src/stm32f4xx_it.c **** extern UART_HandleTypeDef huart1;
  66:Core/Src/stm32f4xx_it.c **** extern UART_HandleTypeDef huart2;
  67:Core/Src/stm32f4xx_it.c **** /* USER CODE BEGIN EV */
  68:Core/Src/stm32f4xx_it.c **** 
  69:Core/Src/stm32f4xx_it.c **** /* USER CODE END EV */
  70:Core/Src/stm32f4xx_it.c **** 
  71:Core/Src/stm32f4xx_it.c **** /******************************************************************************/
  72:Core/Src/stm32f4xx_it.c **** /*           Cortex-M4 Processor Interruption and Exception Handlers          */
  73:Core/Src/stm32f4xx_it.c **** /******************************************************************************/
  74:Core/Src/stm32f4xx_it.c **** /**
  75:Core/Src/stm32f4xx_it.c ****   * @brief This function handles Non maskable interrupt.
  76:Core/Src/stm32f4xx_it.c ****   */
  77:Core/Src/stm32f4xx_it.c **** void NMI_Handler(void)
  78:Core/Src/stm32f4xx_it.c **** {
  29              		.loc 1 78 1 view -0
  30              		.cfi_startproc
  31              		@ Volatile: function does not return.
  32              		@ args = 0, pretend = 0, frame = 0
  33              		@ frame_needed = 0, uses_anonymous_args = 0
  34              		@ link register save eliminated.
  35              	.L2:
  79:Core/Src/stm32f4xx_it.c ****   /* USER CODE BEGIN NonMaskableInt_IRQn 0 */
  80:Core/Src/stm32f4xx_it.c **** 
ARM GAS  /tmp/cc3uA1bR.s 			page 3


  81:Core/Src/stm32f4xx_it.c ****   /* USER CODE END NonMaskableInt_IRQn 0 */
  82:Core/Src/stm32f4xx_it.c ****   /* USER CODE BEGIN NonMaskableInt_IRQn 1 */
  83:Core/Src/stm32f4xx_it.c ****   while (1)
  36              		.loc 1 83 3 view .LVU1
  84:Core/Src/stm32f4xx_it.c ****   {
  85:Core/Src/stm32f4xx_it.c ****   }
  37              		.loc 1 85 3 view .LVU2
  83:Core/Src/stm32f4xx_it.c ****   {
  38              		.loc 1 83 9 view .LVU3
  39 0000 FEE7     		b	.L2
  40              		.cfi_endproc
  41              	.LFE130:
  43              		.section	.text.HardFault_Handler,"ax",%progbits
  44              		.align	1
  45              		.global	HardFault_Handler
  46              		.syntax unified
  47              		.thumb
  48              		.thumb_func
  50              	HardFault_Handler:
  51              	.LFB131:
  86:Core/Src/stm32f4xx_it.c ****   /* USER CODE END NonMaskableInt_IRQn 1 */
  87:Core/Src/stm32f4xx_it.c **** }
  88:Core/Src/stm32f4xx_it.c **** 
  89:Core/Src/stm32f4xx_it.c **** /**
  90:Core/Src/stm32f4xx_it.c ****   * @brief This function handles Hard fault interrupt.
  91:Core/Src/stm32f4xx_it.c ****   */
  92:Core/Src/stm32f4xx_it.c **** void HardFault_Handler(void)
  93:Core/Src/stm32f4xx_it.c **** {
  52              		.loc 1 93 1 view -0
  53              		.cfi_startproc
  54              		@ Volatile: function does not return.
  55              		@ args = 0, pretend = 0, frame = 0
  56              		@ frame_needed = 0, uses_anonymous_args = 0
  57              		@ link register save eliminated.
  58              	.L4:
  94:Core/Src/stm32f4xx_it.c ****   /* USER CODE BEGIN HardFault_IRQn 0 */
  95:Core/Src/stm32f4xx_it.c **** 
  96:Core/Src/stm32f4xx_it.c ****   /* USER CODE END HardFault_IRQn 0 */
  97:Core/Src/stm32f4xx_it.c ****   while (1)
  59              		.loc 1 97 3 view .LVU5
  98:Core/Src/stm32f4xx_it.c ****   {
  99:Core/Src/stm32f4xx_it.c ****     /* USER CODE BEGIN W1_HardFault_IRQn 0 */
 100:Core/Src/stm32f4xx_it.c ****     /* USER CODE END W1_HardFault_IRQn 0 */
 101:Core/Src/stm32f4xx_it.c ****   }
  60              		.loc 1 101 3 view .LVU6
  97:Core/Src/stm32f4xx_it.c ****   {
  61              		.loc 1 97 9 view .LVU7
  62 0000 FEE7     		b	.L4
  63              		.cfi_endproc
  64              	.LFE131:
  66              		.section	.text.MemManage_Handler,"ax",%progbits
  67              		.align	1
  68              		.global	MemManage_Handler
  69              		.syntax unified
  70              		.thumb
  71              		.thumb_func
  73              	MemManage_Handler:
ARM GAS  /tmp/cc3uA1bR.s 			page 4


  74              	.LFB132:
 102:Core/Src/stm32f4xx_it.c **** }
 103:Core/Src/stm32f4xx_it.c **** 
 104:Core/Src/stm32f4xx_it.c **** /**
 105:Core/Src/stm32f4xx_it.c ****   * @brief This function handles Memory management fault.
 106:Core/Src/stm32f4xx_it.c ****   */
 107:Core/Src/stm32f4xx_it.c **** void MemManage_Handler(void)
 108:Core/Src/stm32f4xx_it.c **** {
  75              		.loc 1 108 1 view -0
  76              		.cfi_startproc
  77              		@ Volatile: function does not return.
  78              		@ args = 0, pretend = 0, frame = 0
  79              		@ frame_needed = 0, uses_anonymous_args = 0
  80              		@ link register save eliminated.
  81              	.L6:
 109:Core/Src/stm32f4xx_it.c ****   /* USER CODE BEGIN MemoryManagement_IRQn 0 */
 110:Core/Src/stm32f4xx_it.c **** 
 111:Core/Src/stm32f4xx_it.c ****   /* USER CODE END MemoryManagement_IRQn 0 */
 112:Core/Src/stm32f4xx_it.c ****   while (1)
  82              		.loc 1 112 3 view .LVU9
 113:Core/Src/stm32f4xx_it.c ****   {
 114:Core/Src/stm32f4xx_it.c ****     /* USER CODE BEGIN W1_MemoryManagement_IRQn 0 */
 115:Core/Src/stm32f4xx_it.c ****     /* USER CODE END W1_MemoryManagement_IRQn 0 */
 116:Core/Src/stm32f4xx_it.c ****   }
  83              		.loc 1 116 3 view .LVU10
 112:Core/Src/stm32f4xx_it.c ****   {
  84              		.loc 1 112 9 view .LVU11
  85 0000 FEE7     		b	.L6
  86              		.cfi_endproc
  87              	.LFE132:
  89              		.section	.text.BusFault_Handler,"ax",%progbits
  90              		.align	1
  91              		.global	BusFault_Handler
  92              		.syntax unified
  93              		.thumb
  94              		.thumb_func
  96              	BusFault_Handler:
  97              	.LFB133:
 117:Core/Src/stm32f4xx_it.c **** }
 118:Core/Src/stm32f4xx_it.c **** 
 119:Core/Src/stm32f4xx_it.c **** /**
 120:Core/Src/stm32f4xx_it.c ****   * @brief This function handles Pre-fetch fault, memory access fault.
 121:Core/Src/stm32f4xx_it.c ****   */
 122:Core/Src/stm32f4xx_it.c **** void BusFault_Handler(void)
 123:Core/Src/stm32f4xx_it.c **** {
  98              		.loc 1 123 1 view -0
  99              		.cfi_startproc
 100              		@ Volatile: function does not return.
 101              		@ args = 0, pretend = 0, frame = 0
 102              		@ frame_needed = 0, uses_anonymous_args = 0
 103              		@ link register save eliminated.
 104              	.L8:
 124:Core/Src/stm32f4xx_it.c ****   /* USER CODE BEGIN BusFault_IRQn 0 */
 125:Core/Src/stm32f4xx_it.c **** 
 126:Core/Src/stm32f4xx_it.c ****   /* USER CODE END BusFault_IRQn 0 */
 127:Core/Src/stm32f4xx_it.c ****   while (1)
 105              		.loc 1 127 3 view .LVU13
ARM GAS  /tmp/cc3uA1bR.s 			page 5


 128:Core/Src/stm32f4xx_it.c ****   {
 129:Core/Src/stm32f4xx_it.c ****     /* USER CODE BEGIN W1_BusFault_IRQn 0 */
 130:Core/Src/stm32f4xx_it.c ****     /* USER CODE END W1_BusFault_IRQn 0 */
 131:Core/Src/stm32f4xx_it.c ****   }
 106              		.loc 1 131 3 view .LVU14
 127:Core/Src/stm32f4xx_it.c ****   {
 107              		.loc 1 127 9 view .LVU15
 108 0000 FEE7     		b	.L8
 109              		.cfi_endproc
 110              	.LFE133:
 112              		.section	.text.UsageFault_Handler,"ax",%progbits
 113              		.align	1
 114              		.global	UsageFault_Handler
 115              		.syntax unified
 116              		.thumb
 117              		.thumb_func
 119              	UsageFault_Handler:
 120              	.LFB134:
 132:Core/Src/stm32f4xx_it.c **** }
 133:Core/Src/stm32f4xx_it.c **** 
 134:Core/Src/stm32f4xx_it.c **** /**
 135:Core/Src/stm32f4xx_it.c ****   * @brief This function handles Undefined instruction or illegal state.
 136:Core/Src/stm32f4xx_it.c ****   */
 137:Core/Src/stm32f4xx_it.c **** void UsageFault_Handler(void)
 138:Core/Src/stm32f4xx_it.c **** {
 121              		.loc 1 138 1 view -0
 122              		.cfi_startproc
 123              		@ Volatile: function does not return.
 124              		@ args = 0, pretend = 0, frame = 0
 125              		@ frame_needed = 0, uses_anonymous_args = 0
 126              		@ link register save eliminated.
 127              	.L10:
 139:Core/Src/stm32f4xx_it.c ****   /* USER CODE BEGIN UsageFault_IRQn 0 */
 140:Core/Src/stm32f4xx_it.c **** 
 141:Core/Src/stm32f4xx_it.c ****   /* USER CODE END UsageFault_IRQn 0 */
 142:Core/Src/stm32f4xx_it.c ****   while (1)
 128              		.loc 1 142 3 view .LVU17
 143:Core/Src/stm32f4xx_it.c ****   {
 144:Core/Src/stm32f4xx_it.c ****     /* USER CODE BEGIN W1_UsageFault_IRQn 0 */
 145:Core/Src/stm32f4xx_it.c ****     /* USER CODE END W1_UsageFault_IRQn 0 */
 146:Core/Src/stm32f4xx_it.c ****   }
 129              		.loc 1 146 3 view .LVU18
 142:Core/Src/stm32f4xx_it.c ****   {
 130              		.loc 1 142 9 view .LVU19
 131 0000 FEE7     		b	.L10
 132              		.cfi_endproc
 133              	.LFE134:
 135              		.section	.text.SVC_Handler,"ax",%progbits
 136              		.align	1
 137              		.global	SVC_Handler
 138              		.syntax unified
 139              		.thumb
 140              		.thumb_func
 142              	SVC_Handler:
 143              	.LFB135:
 147:Core/Src/stm32f4xx_it.c **** }
 148:Core/Src/stm32f4xx_it.c **** 
ARM GAS  /tmp/cc3uA1bR.s 			page 6


 149:Core/Src/stm32f4xx_it.c **** /**
 150:Core/Src/stm32f4xx_it.c ****   * @brief This function handles System service call via SWI instruction.
 151:Core/Src/stm32f4xx_it.c ****   */
 152:Core/Src/stm32f4xx_it.c **** void SVC_Handler(void)
 153:Core/Src/stm32f4xx_it.c **** {
 144              		.loc 1 153 1 view -0
 145              		.cfi_startproc
 146              		@ args = 0, pretend = 0, frame = 0
 147              		@ frame_needed = 0, uses_anonymous_args = 0
 148              		@ link register save eliminated.
 154:Core/Src/stm32f4xx_it.c ****   /* USER CODE BEGIN SVCall_IRQn 0 */
 155:Core/Src/stm32f4xx_it.c **** 
 156:Core/Src/stm32f4xx_it.c ****   /* USER CODE END SVCall_IRQn 0 */
 157:Core/Src/stm32f4xx_it.c ****   /* USER CODE BEGIN SVCall_IRQn 1 */
 158:Core/Src/stm32f4xx_it.c **** 
 159:Core/Src/stm32f4xx_it.c ****   /* USER CODE END SVCall_IRQn 1 */
 160:Core/Src/stm32f4xx_it.c **** }
 149              		.loc 1 160 1 view .LVU21
 150 0000 7047     		bx	lr
 151              		.cfi_endproc
 152              	.LFE135:
 154              		.section	.text.DebugMon_Handler,"ax",%progbits
 155              		.align	1
 156              		.global	DebugMon_Handler
 157              		.syntax unified
 158              		.thumb
 159              		.thumb_func
 161              	DebugMon_Handler:
 162              	.LFB136:
 161:Core/Src/stm32f4xx_it.c **** 
 162:Core/Src/stm32f4xx_it.c **** /**
 163:Core/Src/stm32f4xx_it.c ****   * @brief This function handles Debug monitor.
 164:Core/Src/stm32f4xx_it.c ****   */
 165:Core/Src/stm32f4xx_it.c **** void DebugMon_Handler(void)
 166:Core/Src/stm32f4xx_it.c **** {
 163              		.loc 1 166 1 view -0
 164              		.cfi_startproc
 165              		@ args = 0, pretend = 0, frame = 0
 166              		@ frame_needed = 0, uses_anonymous_args = 0
 167              		@ link register save eliminated.
 167:Core/Src/stm32f4xx_it.c ****   /* USER CODE BEGIN DebugMonitor_IRQn 0 */
 168:Core/Src/stm32f4xx_it.c **** 
 169:Core/Src/stm32f4xx_it.c ****   /* USER CODE END DebugMonitor_IRQn 0 */
 170:Core/Src/stm32f4xx_it.c ****   /* USER CODE BEGIN DebugMonitor_IRQn 1 */
 171:Core/Src/stm32f4xx_it.c **** 
 172:Core/Src/stm32f4xx_it.c ****   /* USER CODE END DebugMonitor_IRQn 1 */
 173:Core/Src/stm32f4xx_it.c **** }
 168              		.loc 1 173 1 view .LVU23
 169 0000 7047     		bx	lr
 170              		.cfi_endproc
 171              	.LFE136:
 173              		.section	.text.PendSV_Handler,"ax",%progbits
 174              		.align	1
 175              		.global	PendSV_Handler
 176              		.syntax unified
 177              		.thumb
 178              		.thumb_func
ARM GAS  /tmp/cc3uA1bR.s 			page 7


 180              	PendSV_Handler:
 181              	.LFB137:
 174:Core/Src/stm32f4xx_it.c **** 
 175:Core/Src/stm32f4xx_it.c **** /**
 176:Core/Src/stm32f4xx_it.c ****   * @brief This function handles Pendable request for system service.
 177:Core/Src/stm32f4xx_it.c ****   */
 178:Core/Src/stm32f4xx_it.c **** void PendSV_Handler(void)
 179:Core/Src/stm32f4xx_it.c **** {
 182              		.loc 1 179 1 view -0
 183              		.cfi_startproc
 184              		@ args = 0, pretend = 0, frame = 0
 185              		@ frame_needed = 0, uses_anonymous_args = 0
 186              		@ link register save eliminated.
 180:Core/Src/stm32f4xx_it.c ****   /* USER CODE BEGIN PendSV_IRQn 0 */
 181:Core/Src/stm32f4xx_it.c **** 
 182:Core/Src/stm32f4xx_it.c ****   /* USER CODE END PendSV_IRQn 0 */
 183:Core/Src/stm32f4xx_it.c ****   /* USER CODE BEGIN PendSV_IRQn 1 */
 184:Core/Src/stm32f4xx_it.c **** 
 185:Core/Src/stm32f4xx_it.c ****   /* USER CODE END PendSV_IRQn 1 */
 186:Core/Src/stm32f4xx_it.c **** }
 187              		.loc 1 186 1 view .LVU25
 188 0000 7047     		bx	lr
 189              		.cfi_endproc
 190              	.LFE137:
 192              		.section	.text.SysTick_Handler,"ax",%progbits
 193              		.align	1
 194              		.global	SysTick_Handler
 195              		.syntax unified
 196              		.thumb
 197              		.thumb_func
 199              	SysTick_Handler:
 200              	.LFB138:
 187:Core/Src/stm32f4xx_it.c **** 
 188:Core/Src/stm32f4xx_it.c **** /**
 189:Core/Src/stm32f4xx_it.c ****   * @brief This function handles System tick timer.
 190:Core/Src/stm32f4xx_it.c ****   */
 191:Core/Src/stm32f4xx_it.c **** void SysTick_Handler(void)
 192:Core/Src/stm32f4xx_it.c **** {
 201              		.loc 1 192 1 view -0
 202              		.cfi_startproc
 203              		@ args = 0, pretend = 0, frame = 0
 204              		@ frame_needed = 0, uses_anonymous_args = 0
 205 0000 08B5     		push	{r3, lr}
 206              	.LCFI0:
 207              		.cfi_def_cfa_offset 8
 208              		.cfi_offset 3, -8
 209              		.cfi_offset 14, -4
 193:Core/Src/stm32f4xx_it.c ****   /* USER CODE BEGIN SysTick_IRQn 0 */
 194:Core/Src/stm32f4xx_it.c **** 
 195:Core/Src/stm32f4xx_it.c ****   /* USER CODE END SysTick_IRQn 0 */
 196:Core/Src/stm32f4xx_it.c ****   HAL_IncTick();
 210              		.loc 1 196 3 view .LVU27
 211 0002 FFF7FEFF 		bl	HAL_IncTick
 212              	.LVL0:
 197:Core/Src/stm32f4xx_it.c ****   /* USER CODE BEGIN SysTick_IRQn 1 */
 198:Core/Src/stm32f4xx_it.c **** 
 199:Core/Src/stm32f4xx_it.c ****   /* USER CODE END SysTick_IRQn 1 */
ARM GAS  /tmp/cc3uA1bR.s 			page 8


 200:Core/Src/stm32f4xx_it.c **** }
 213              		.loc 1 200 1 is_stmt 0 view .LVU28
 214 0006 08BD     		pop	{r3, pc}
 215              		.cfi_endproc
 216              	.LFE138:
 218              		.section	.text.CAN1_TX_IRQHandler,"ax",%progbits
 219              		.align	1
 220              		.global	CAN1_TX_IRQHandler
 221              		.syntax unified
 222              		.thumb
 223              		.thumb_func
 225              	CAN1_TX_IRQHandler:
 226              	.LFB139:
 201:Core/Src/stm32f4xx_it.c **** 
 202:Core/Src/stm32f4xx_it.c **** /******************************************************************************/
 203:Core/Src/stm32f4xx_it.c **** /* STM32F4xx Peripheral Interrupt Handlers                                    */
 204:Core/Src/stm32f4xx_it.c **** /* Add here the Interrupt Handlers for the used peripherals.                  */
 205:Core/Src/stm32f4xx_it.c **** /* For the available peripheral interrupt handler names,                      */
 206:Core/Src/stm32f4xx_it.c **** /* please refer to the startup file (startup_stm32f4xx.s).                    */
 207:Core/Src/stm32f4xx_it.c **** /******************************************************************************/
 208:Core/Src/stm32f4xx_it.c **** 
 209:Core/Src/stm32f4xx_it.c **** /**
 210:Core/Src/stm32f4xx_it.c ****   * @brief This function handles CAN1 TX interrupts.
 211:Core/Src/stm32f4xx_it.c ****   */
 212:Core/Src/stm32f4xx_it.c **** void CAN1_TX_IRQHandler(void)
 213:Core/Src/stm32f4xx_it.c **** {
 227              		.loc 1 213 1 is_stmt 1 view -0
 228              		.cfi_startproc
 229              		@ args = 0, pretend = 0, frame = 0
 230              		@ frame_needed = 0, uses_anonymous_args = 0
 231 0000 08B5     		push	{r3, lr}
 232              	.LCFI1:
 233              		.cfi_def_cfa_offset 8
 234              		.cfi_offset 3, -8
 235              		.cfi_offset 14, -4
 214:Core/Src/stm32f4xx_it.c ****   /* USER CODE BEGIN CAN1_TX_IRQn 0 */
 215:Core/Src/stm32f4xx_it.c **** 
 216:Core/Src/stm32f4xx_it.c ****   /* USER CODE END CAN1_TX_IRQn 0 */
 217:Core/Src/stm32f4xx_it.c ****   HAL_CAN_IRQHandler(&hcan1);
 236              		.loc 1 217 3 view .LVU30
 237 0002 0248     		ldr	r0, .L18
 238 0004 FFF7FEFF 		bl	HAL_CAN_IRQHandler
 239              	.LVL1:
 218:Core/Src/stm32f4xx_it.c ****   /* USER CODE BEGIN CAN1_TX_IRQn 1 */
 219:Core/Src/stm32f4xx_it.c **** 
 220:Core/Src/stm32f4xx_it.c ****   /* USER CODE END CAN1_TX_IRQn 1 */
 221:Core/Src/stm32f4xx_it.c **** }
 240              		.loc 1 221 1 is_stmt 0 view .LVU31
 241 0008 08BD     		pop	{r3, pc}
 242              	.L19:
 243 000a 00BF     		.align	2
 244              	.L18:
 245 000c 00000000 		.word	hcan1
 246              		.cfi_endproc
 247              	.LFE139:
 249              		.section	.text.CAN1_RX0_IRQHandler,"ax",%progbits
 250              		.align	1
ARM GAS  /tmp/cc3uA1bR.s 			page 9


 251              		.global	CAN1_RX0_IRQHandler
 252              		.syntax unified
 253              		.thumb
 254              		.thumb_func
 256              	CAN1_RX0_IRQHandler:
 257              	.LFB140:
 222:Core/Src/stm32f4xx_it.c **** 
 223:Core/Src/stm32f4xx_it.c **** /**
 224:Core/Src/stm32f4xx_it.c ****   * @brief This function handles CAN1 RX0 interrupts.
 225:Core/Src/stm32f4xx_it.c ****   */
 226:Core/Src/stm32f4xx_it.c **** void CAN1_RX0_IRQHandler(void)
 227:Core/Src/stm32f4xx_it.c **** {
 258              		.loc 1 227 1 is_stmt 1 view -0
 259              		.cfi_startproc
 260              		@ args = 0, pretend = 0, frame = 0
 261              		@ frame_needed = 0, uses_anonymous_args = 0
 262 0000 08B5     		push	{r3, lr}
 263              	.LCFI2:
 264              		.cfi_def_cfa_offset 8
 265              		.cfi_offset 3, -8
 266              		.cfi_offset 14, -4
 228:Core/Src/stm32f4xx_it.c ****   /* USER CODE BEGIN CAN1_RX0_IRQn 0 */
 229:Core/Src/stm32f4xx_it.c **** 
 230:Core/Src/stm32f4xx_it.c ****   /* USER CODE END CAN1_RX0_IRQn 0 */
 231:Core/Src/stm32f4xx_it.c ****   HAL_CAN_IRQHandler(&hcan1);
 267              		.loc 1 231 3 view .LVU33
 268 0002 0248     		ldr	r0, .L22
 269 0004 FFF7FEFF 		bl	HAL_CAN_IRQHandler
 270              	.LVL2:
 232:Core/Src/stm32f4xx_it.c ****   /* USER CODE BEGIN CAN1_RX0_IRQn 1 */
 233:Core/Src/stm32f4xx_it.c **** 
 234:Core/Src/stm32f4xx_it.c ****   /* USER CODE END CAN1_RX0_IRQn 1 */
 235:Core/Src/stm32f4xx_it.c **** }
 271              		.loc 1 235 1 is_stmt 0 view .LVU34
 272 0008 08BD     		pop	{r3, pc}
 273              	.L23:
 274 000a 00BF     		.align	2
 275              	.L22:
 276 000c 00000000 		.word	hcan1
 277              		.cfi_endproc
 278              	.LFE140:
 280              		.section	.text.CAN1_RX1_IRQHandler,"ax",%progbits
 281              		.align	1
 282              		.global	CAN1_RX1_IRQHandler
 283              		.syntax unified
 284              		.thumb
 285              		.thumb_func
 287              	CAN1_RX1_IRQHandler:
 288              	.LFB141:
 236:Core/Src/stm32f4xx_it.c **** 
 237:Core/Src/stm32f4xx_it.c **** /**
 238:Core/Src/stm32f4xx_it.c ****   * @brief This function handles CAN1 RX1 interrupt.
 239:Core/Src/stm32f4xx_it.c ****   */
 240:Core/Src/stm32f4xx_it.c **** void CAN1_RX1_IRQHandler(void)
 241:Core/Src/stm32f4xx_it.c **** {
 289              		.loc 1 241 1 is_stmt 1 view -0
 290              		.cfi_startproc
ARM GAS  /tmp/cc3uA1bR.s 			page 10


 291              		@ args = 0, pretend = 0, frame = 0
 292              		@ frame_needed = 0, uses_anonymous_args = 0
 293 0000 08B5     		push	{r3, lr}
 294              	.LCFI3:
 295              		.cfi_def_cfa_offset 8
 296              		.cfi_offset 3, -8
 297              		.cfi_offset 14, -4
 242:Core/Src/stm32f4xx_it.c ****   /* USER CODE BEGIN CAN1_RX1_IRQn 0 */
 243:Core/Src/stm32f4xx_it.c **** 
 244:Core/Src/stm32f4xx_it.c ****   /* USER CODE END CAN1_RX1_IRQn 0 */
 245:Core/Src/stm32f4xx_it.c ****   HAL_CAN_IRQHandler(&hcan1);
 298              		.loc 1 245 3 view .LVU36
 299 0002 0248     		ldr	r0, .L26
 300 0004 FFF7FEFF 		bl	HAL_CAN_IRQHandler
 301              	.LVL3:
 246:Core/Src/stm32f4xx_it.c ****   /* USER CODE BEGIN CAN1_RX1_IRQn 1 */
 247:Core/Src/stm32f4xx_it.c **** 
 248:Core/Src/stm32f4xx_it.c ****   /* USER CODE END CAN1_RX1_IRQn 1 */
 249:Core/Src/stm32f4xx_it.c **** }
 302              		.loc 1 249 1 is_stmt 0 view .LVU37
 303 0008 08BD     		pop	{r3, pc}
 304              	.L27:
 305 000a 00BF     		.align	2
 306              	.L26:
 307 000c 00000000 		.word	hcan1
 308              		.cfi_endproc
 309              	.LFE141:
 311              		.section	.text.CAN1_SCE_IRQHandler,"ax",%progbits
 312              		.align	1
 313              		.global	CAN1_SCE_IRQHandler
 314              		.syntax unified
 315              		.thumb
 316              		.thumb_func
 318              	CAN1_SCE_IRQHandler:
 319              	.LFB142:
 250:Core/Src/stm32f4xx_it.c **** 
 251:Core/Src/stm32f4xx_it.c **** /**
 252:Core/Src/stm32f4xx_it.c ****   * @brief This function handles CAN1 SCE interrupt.
 253:Core/Src/stm32f4xx_it.c ****   */
 254:Core/Src/stm32f4xx_it.c **** void CAN1_SCE_IRQHandler(void)
 255:Core/Src/stm32f4xx_it.c **** {
 320              		.loc 1 255 1 is_stmt 1 view -0
 321              		.cfi_startproc
 322              		@ args = 0, pretend = 0, frame = 0
 323              		@ frame_needed = 0, uses_anonymous_args = 0
 324 0000 08B5     		push	{r3, lr}
 325              	.LCFI4:
 326              		.cfi_def_cfa_offset 8
 327              		.cfi_offset 3, -8
 328              		.cfi_offset 14, -4
 256:Core/Src/stm32f4xx_it.c ****   /* USER CODE BEGIN CAN1_SCE_IRQn 0 */
 257:Core/Src/stm32f4xx_it.c **** 
 258:Core/Src/stm32f4xx_it.c ****   /* USER CODE END CAN1_SCE_IRQn 0 */
 259:Core/Src/stm32f4xx_it.c ****   HAL_CAN_IRQHandler(&hcan1);
 329              		.loc 1 259 3 view .LVU39
 330 0002 0248     		ldr	r0, .L30
 331 0004 FFF7FEFF 		bl	HAL_CAN_IRQHandler
ARM GAS  /tmp/cc3uA1bR.s 			page 11


 332              	.LVL4:
 260:Core/Src/stm32f4xx_it.c ****   /* USER CODE BEGIN CAN1_SCE_IRQn 1 */
 261:Core/Src/stm32f4xx_it.c **** 
 262:Core/Src/stm32f4xx_it.c ****   /* USER CODE END CAN1_SCE_IRQn 1 */
 263:Core/Src/stm32f4xx_it.c **** }
 333              		.loc 1 263 1 is_stmt 0 view .LVU40
 334 0008 08BD     		pop	{r3, pc}
 335              	.L31:
 336 000a 00BF     		.align	2
 337              	.L30:
 338 000c 00000000 		.word	hcan1
 339              		.cfi_endproc
 340              	.LFE142:
 342              		.section	.text.USART1_IRQHandler,"ax",%progbits
 343              		.align	1
 344              		.global	USART1_IRQHandler
 345              		.syntax unified
 346              		.thumb
 347              		.thumb_func
 349              	USART1_IRQHandler:
 350              	.LFB143:
 264:Core/Src/stm32f4xx_it.c **** 
 265:Core/Src/stm32f4xx_it.c **** /**
 266:Core/Src/stm32f4xx_it.c ****   * @brief This function handles USART1 global interrupt.
 267:Core/Src/stm32f4xx_it.c ****   */
 268:Core/Src/stm32f4xx_it.c **** void USART1_IRQHandler(void)
 269:Core/Src/stm32f4xx_it.c **** {
 351              		.loc 1 269 1 is_stmt 1 view -0
 352              		.cfi_startproc
 353              		@ args = 0, pretend = 0, frame = 0
 354              		@ frame_needed = 0, uses_anonymous_args = 0
 355 0000 08B5     		push	{r3, lr}
 356              	.LCFI5:
 357              		.cfi_def_cfa_offset 8
 358              		.cfi_offset 3, -8
 359              		.cfi_offset 14, -4
 270:Core/Src/stm32f4xx_it.c ****   /* USER CODE BEGIN USART1_IRQn 0 */
 271:Core/Src/stm32f4xx_it.c **** 
 272:Core/Src/stm32f4xx_it.c ****   /* USER CODE END USART1_IRQn 0 */
 273:Core/Src/stm32f4xx_it.c ****   HAL_UART_IRQHandler(&huart1);
 360              		.loc 1 273 3 view .LVU42
 361 0002 0248     		ldr	r0, .L34
 362 0004 FFF7FEFF 		bl	HAL_UART_IRQHandler
 363              	.LVL5:
 274:Core/Src/stm32f4xx_it.c ****   /* USER CODE BEGIN USART1_IRQn 1 */
 275:Core/Src/stm32f4xx_it.c **** 
 276:Core/Src/stm32f4xx_it.c ****   /* USER CODE END USART1_IRQn 1 */
 277:Core/Src/stm32f4xx_it.c **** }
 364              		.loc 1 277 1 is_stmt 0 view .LVU43
 365 0008 08BD     		pop	{r3, pc}
 366              	.L35:
 367 000a 00BF     		.align	2
 368              	.L34:
 369 000c 00000000 		.word	huart1
 370              		.cfi_endproc
 371              	.LFE143:
 373              		.section	.text.USART2_IRQHandler,"ax",%progbits
ARM GAS  /tmp/cc3uA1bR.s 			page 12


 374              		.align	1
 375              		.global	USART2_IRQHandler
 376              		.syntax unified
 377              		.thumb
 378              		.thumb_func
 380              	USART2_IRQHandler:
 381              	.LFB144:
 278:Core/Src/stm32f4xx_it.c **** 
 279:Core/Src/stm32f4xx_it.c **** /**
 280:Core/Src/stm32f4xx_it.c ****   * @brief This function handles USART2 global interrupt.
 281:Core/Src/stm32f4xx_it.c ****   */
 282:Core/Src/stm32f4xx_it.c **** void USART2_IRQHandler(void)
 283:Core/Src/stm32f4xx_it.c **** {
 382              		.loc 1 283 1 is_stmt 1 view -0
 383              		.cfi_startproc
 384              		@ args = 0, pretend = 0, frame = 0
 385              		@ frame_needed = 0, uses_anonymous_args = 0
 386 0000 08B5     		push	{r3, lr}
 387              	.LCFI6:
 388              		.cfi_def_cfa_offset 8
 389              		.cfi_offset 3, -8
 390              		.cfi_offset 14, -4
 284:Core/Src/stm32f4xx_it.c ****   /* USER CODE BEGIN USART2_IRQn 0 */
 285:Core/Src/stm32f4xx_it.c **** 
 286:Core/Src/stm32f4xx_it.c ****   /* USER CODE END USART2_IRQn 0 */
 287:Core/Src/stm32f4xx_it.c ****   HAL_UART_IRQHandler(&huart2);
 391              		.loc 1 287 3 view .LVU45
 392 0002 0248     		ldr	r0, .L38
 393 0004 FFF7FEFF 		bl	HAL_UART_IRQHandler
 394              	.LVL6:
 288:Core/Src/stm32f4xx_it.c ****   /* USER CODE BEGIN USART2_IRQn 1 */
 289:Core/Src/stm32f4xx_it.c **** 
 290:Core/Src/stm32f4xx_it.c ****   /* USER CODE END USART2_IRQn 1 */
 291:Core/Src/stm32f4xx_it.c **** }
 395              		.loc 1 291 1 is_stmt 0 view .LVU46
 396 0008 08BD     		pop	{r3, pc}
 397              	.L39:
 398 000a 00BF     		.align	2
 399              	.L38:
 400 000c 00000000 		.word	huart2
 401              		.cfi_endproc
 402              	.LFE144:
 404              		.section	.text.SDIO_IRQHandler,"ax",%progbits
 405              		.align	1
 406              		.global	SDIO_IRQHandler
 407              		.syntax unified
 408              		.thumb
 409              		.thumb_func
 411              	SDIO_IRQHandler:
 412              	.LFB145:
 292:Core/Src/stm32f4xx_it.c **** 
 293:Core/Src/stm32f4xx_it.c **** /**
 294:Core/Src/stm32f4xx_it.c ****   * @brief This function handles SDIO global interrupt.
 295:Core/Src/stm32f4xx_it.c ****   */
 296:Core/Src/stm32f4xx_it.c **** void SDIO_IRQHandler(void)
 297:Core/Src/stm32f4xx_it.c **** {
 413              		.loc 1 297 1 is_stmt 1 view -0
ARM GAS  /tmp/cc3uA1bR.s 			page 13


 414              		.cfi_startproc
 415              		@ args = 0, pretend = 0, frame = 0
 416              		@ frame_needed = 0, uses_anonymous_args = 0
 417 0000 08B5     		push	{r3, lr}
 418              	.LCFI7:
 419              		.cfi_def_cfa_offset 8
 420              		.cfi_offset 3, -8
 421              		.cfi_offset 14, -4
 298:Core/Src/stm32f4xx_it.c ****   /* USER CODE BEGIN SDIO_IRQn 0 */
 299:Core/Src/stm32f4xx_it.c **** 
 300:Core/Src/stm32f4xx_it.c ****   /* USER CODE END SDIO_IRQn 0 */
 301:Core/Src/stm32f4xx_it.c ****   HAL_SD_IRQHandler(&hsd);
 422              		.loc 1 301 3 view .LVU48
 423 0002 0248     		ldr	r0, .L42
 424 0004 FFF7FEFF 		bl	HAL_SD_IRQHandler
 425              	.LVL7:
 302:Core/Src/stm32f4xx_it.c ****   /* USER CODE BEGIN SDIO_IRQn 1 */
 303:Core/Src/stm32f4xx_it.c **** 
 304:Core/Src/stm32f4xx_it.c ****   /* USER CODE END SDIO_IRQn 1 */
 305:Core/Src/stm32f4xx_it.c **** }
 426              		.loc 1 305 1 is_stmt 0 view .LVU49
 427 0008 08BD     		pop	{r3, pc}
 428              	.L43:
 429 000a 00BF     		.align	2
 430              	.L42:
 431 000c 00000000 		.word	hsd
 432              		.cfi_endproc
 433              	.LFE145:
 435              		.section	.text.DMA2_Stream3_IRQHandler,"ax",%progbits
 436              		.align	1
 437              		.global	DMA2_Stream3_IRQHandler
 438              		.syntax unified
 439              		.thumb
 440              		.thumb_func
 442              	DMA2_Stream3_IRQHandler:
 443              	.LFB146:
 306:Core/Src/stm32f4xx_it.c **** 
 307:Core/Src/stm32f4xx_it.c **** /**
 308:Core/Src/stm32f4xx_it.c ****   * @brief This function handles DMA2 stream3 global interrupt.
 309:Core/Src/stm32f4xx_it.c ****   */
 310:Core/Src/stm32f4xx_it.c **** void DMA2_Stream3_IRQHandler(void)
 311:Core/Src/stm32f4xx_it.c **** {
 444              		.loc 1 311 1 is_stmt 1 view -0
 445              		.cfi_startproc
 446              		@ args = 0, pretend = 0, frame = 0
 447              		@ frame_needed = 0, uses_anonymous_args = 0
 448 0000 08B5     		push	{r3, lr}
 449              	.LCFI8:
 450              		.cfi_def_cfa_offset 8
 451              		.cfi_offset 3, -8
 452              		.cfi_offset 14, -4
 312:Core/Src/stm32f4xx_it.c ****   /* USER CODE BEGIN DMA2_Stream3_IRQn 0 */
 313:Core/Src/stm32f4xx_it.c **** 
 314:Core/Src/stm32f4xx_it.c ****   /* USER CODE END DMA2_Stream3_IRQn 0 */
 315:Core/Src/stm32f4xx_it.c ****   HAL_DMA_IRQHandler(&hdma_sdio);
 453              		.loc 1 315 3 view .LVU51
 454 0002 0248     		ldr	r0, .L46
ARM GAS  /tmp/cc3uA1bR.s 			page 14


 455 0004 FFF7FEFF 		bl	HAL_DMA_IRQHandler
 456              	.LVL8:
 316:Core/Src/stm32f4xx_it.c ****   /* USER CODE BEGIN DMA2_Stream3_IRQn 1 */
 317:Core/Src/stm32f4xx_it.c **** 
 318:Core/Src/stm32f4xx_it.c ****   /* USER CODE END DMA2_Stream3_IRQn 1 */
 319:Core/Src/stm32f4xx_it.c **** }
 457              		.loc 1 319 1 is_stmt 0 view .LVU52
 458 0008 08BD     		pop	{r3, pc}
 459              	.L47:
 460 000a 00BF     		.align	2
 461              	.L46:
 462 000c 00000000 		.word	hdma_sdio
 463              		.cfi_endproc
 464              	.LFE146:
 466              		.section	.text.ETH_IRQHandler,"ax",%progbits
 467              		.align	1
 468              		.global	ETH_IRQHandler
 469              		.syntax unified
 470              		.thumb
 471              		.thumb_func
 473              	ETH_IRQHandler:
 474              	.LFB147:
 320:Core/Src/stm32f4xx_it.c **** 
 321:Core/Src/stm32f4xx_it.c **** /**
 322:Core/Src/stm32f4xx_it.c ****   * @brief This function handles Ethernet global interrupt.
 323:Core/Src/stm32f4xx_it.c ****   */
 324:Core/Src/stm32f4xx_it.c **** void ETH_IRQHandler(void)
 325:Core/Src/stm32f4xx_it.c **** {
 475              		.loc 1 325 1 is_stmt 1 view -0
 476              		.cfi_startproc
 477              		@ args = 0, pretend = 0, frame = 0
 478              		@ frame_needed = 0, uses_anonymous_args = 0
 479 0000 08B5     		push	{r3, lr}
 480              	.LCFI9:
 481              		.cfi_def_cfa_offset 8
 482              		.cfi_offset 3, -8
 483              		.cfi_offset 14, -4
 326:Core/Src/stm32f4xx_it.c ****   /* USER CODE BEGIN ETH_IRQn 0 */
 327:Core/Src/stm32f4xx_it.c **** 
 328:Core/Src/stm32f4xx_it.c ****   /* USER CODE END ETH_IRQn 0 */
 329:Core/Src/stm32f4xx_it.c ****   HAL_ETH_IRQHandler(&heth);
 484              		.loc 1 329 3 view .LVU54
 485 0002 0248     		ldr	r0, .L50
 486 0004 FFF7FEFF 		bl	HAL_ETH_IRQHandler
 487              	.LVL9:
 330:Core/Src/stm32f4xx_it.c ****   /* USER CODE BEGIN ETH_IRQn 1 */
 331:Core/Src/stm32f4xx_it.c **** 
 332:Core/Src/stm32f4xx_it.c ****   /* USER CODE END ETH_IRQn 1 */
 333:Core/Src/stm32f4xx_it.c **** }
 488              		.loc 1 333 1 is_stmt 0 view .LVU55
 489 0008 08BD     		pop	{r3, pc}
 490              	.L51:
 491 000a 00BF     		.align	2
 492              	.L50:
 493 000c 00000000 		.word	heth
 494              		.cfi_endproc
 495              	.LFE147:
ARM GAS  /tmp/cc3uA1bR.s 			page 15


 497              		.section	.text.ETH_WKUP_IRQHandler,"ax",%progbits
 498              		.align	1
 499              		.global	ETH_WKUP_IRQHandler
 500              		.syntax unified
 501              		.thumb
 502              		.thumb_func
 504              	ETH_WKUP_IRQHandler:
 505              	.LFB148:
 334:Core/Src/stm32f4xx_it.c **** 
 335:Core/Src/stm32f4xx_it.c **** /**
 336:Core/Src/stm32f4xx_it.c ****   * @brief This function handles Ethernet wake-up interrupt through EXTI line 19.
 337:Core/Src/stm32f4xx_it.c ****   */
 338:Core/Src/stm32f4xx_it.c **** void ETH_WKUP_IRQHandler(void)
 339:Core/Src/stm32f4xx_it.c **** {
 506              		.loc 1 339 1 is_stmt 1 view -0
 507              		.cfi_startproc
 508              		@ args = 0, pretend = 0, frame = 0
 509              		@ frame_needed = 0, uses_anonymous_args = 0
 510 0000 08B5     		push	{r3, lr}
 511              	.LCFI10:
 512              		.cfi_def_cfa_offset 8
 513              		.cfi_offset 3, -8
 514              		.cfi_offset 14, -4
 340:Core/Src/stm32f4xx_it.c ****   /* USER CODE BEGIN ETH_WKUP_IRQn 0 */
 341:Core/Src/stm32f4xx_it.c **** 
 342:Core/Src/stm32f4xx_it.c ****   /* USER CODE END ETH_WKUP_IRQn 0 */
 343:Core/Src/stm32f4xx_it.c ****   HAL_ETH_IRQHandler(&heth);
 515              		.loc 1 343 3 view .LVU57
 516 0002 0248     		ldr	r0, .L54
 517 0004 FFF7FEFF 		bl	HAL_ETH_IRQHandler
 518              	.LVL10:
 344:Core/Src/stm32f4xx_it.c ****   /* USER CODE BEGIN ETH_WKUP_IRQn 1 */
 345:Core/Src/stm32f4xx_it.c **** 
 346:Core/Src/stm32f4xx_it.c ****   /* USER CODE END ETH_WKUP_IRQn 1 */
 347:Core/Src/stm32f4xx_it.c **** }
 519              		.loc 1 347 1 is_stmt 0 view .LVU58
 520 0008 08BD     		pop	{r3, pc}
 521              	.L55:
 522 000a 00BF     		.align	2
 523              	.L54:
 524 000c 00000000 		.word	heth
 525              		.cfi_endproc
 526              	.LFE148:
 528              		.section	.text.CAN2_TX_IRQHandler,"ax",%progbits
 529              		.align	1
 530              		.global	CAN2_TX_IRQHandler
 531              		.syntax unified
 532              		.thumb
 533              		.thumb_func
 535              	CAN2_TX_IRQHandler:
 536              	.LFB149:
 348:Core/Src/stm32f4xx_it.c **** 
 349:Core/Src/stm32f4xx_it.c **** /**
 350:Core/Src/stm32f4xx_it.c ****   * @brief This function handles CAN2 TX interrupts.
 351:Core/Src/stm32f4xx_it.c ****   */
 352:Core/Src/stm32f4xx_it.c **** void CAN2_TX_IRQHandler(void)
 353:Core/Src/stm32f4xx_it.c **** {
ARM GAS  /tmp/cc3uA1bR.s 			page 16


 537              		.loc 1 353 1 is_stmt 1 view -0
 538              		.cfi_startproc
 539              		@ args = 0, pretend = 0, frame = 0
 540              		@ frame_needed = 0, uses_anonymous_args = 0
 541 0000 08B5     		push	{r3, lr}
 542              	.LCFI11:
 543              		.cfi_def_cfa_offset 8
 544              		.cfi_offset 3, -8
 545              		.cfi_offset 14, -4
 354:Core/Src/stm32f4xx_it.c ****   /* USER CODE BEGIN CAN2_TX_IRQn 0 */
 355:Core/Src/stm32f4xx_it.c **** 
 356:Core/Src/stm32f4xx_it.c ****   /* USER CODE END CAN2_TX_IRQn 0 */
 357:Core/Src/stm32f4xx_it.c ****   HAL_CAN_IRQHandler(&hcan2);
 546              		.loc 1 357 3 view .LVU60
 547 0002 0248     		ldr	r0, .L58
 548 0004 FFF7FEFF 		bl	HAL_CAN_IRQHandler
 549              	.LVL11:
 358:Core/Src/stm32f4xx_it.c ****   /* USER CODE BEGIN CAN2_TX_IRQn 1 */
 359:Core/Src/stm32f4xx_it.c **** 
 360:Core/Src/stm32f4xx_it.c ****   /* USER CODE END CAN2_TX_IRQn 1 */
 361:Core/Src/stm32f4xx_it.c **** }
 550              		.loc 1 361 1 is_stmt 0 view .LVU61
 551 0008 08BD     		pop	{r3, pc}
 552              	.L59:
 553 000a 00BF     		.align	2
 554              	.L58:
 555 000c 00000000 		.word	hcan2
 556              		.cfi_endproc
 557              	.LFE149:
 559              		.section	.text.CAN2_RX0_IRQHandler,"ax",%progbits
 560              		.align	1
 561              		.global	CAN2_RX0_IRQHandler
 562              		.syntax unified
 563              		.thumb
 564              		.thumb_func
 566              	CAN2_RX0_IRQHandler:
 567              	.LFB150:
 362:Core/Src/stm32f4xx_it.c **** 
 363:Core/Src/stm32f4xx_it.c **** /**
 364:Core/Src/stm32f4xx_it.c ****   * @brief This function handles CAN2 RX0 interrupts.
 365:Core/Src/stm32f4xx_it.c ****   */
 366:Core/Src/stm32f4xx_it.c **** void CAN2_RX0_IRQHandler(void)
 367:Core/Src/stm32f4xx_it.c **** {
 568              		.loc 1 367 1 is_stmt 1 view -0
 569              		.cfi_startproc
 570              		@ args = 0, pretend = 0, frame = 0
 571              		@ frame_needed = 0, uses_anonymous_args = 0
 572 0000 08B5     		push	{r3, lr}
 573              	.LCFI12:
 574              		.cfi_def_cfa_offset 8
 575              		.cfi_offset 3, -8
 576              		.cfi_offset 14, -4
 368:Core/Src/stm32f4xx_it.c ****   /* USER CODE BEGIN CAN2_RX0_IRQn 0 */
 369:Core/Src/stm32f4xx_it.c **** 
 370:Core/Src/stm32f4xx_it.c ****   /* USER CODE END CAN2_RX0_IRQn 0 */
 371:Core/Src/stm32f4xx_it.c ****   HAL_CAN_IRQHandler(&hcan2);
 577              		.loc 1 371 3 view .LVU63
ARM GAS  /tmp/cc3uA1bR.s 			page 17


 578 0002 0248     		ldr	r0, .L62
 579 0004 FFF7FEFF 		bl	HAL_CAN_IRQHandler
 580              	.LVL12:
 372:Core/Src/stm32f4xx_it.c ****   /* USER CODE BEGIN CAN2_RX0_IRQn 1 */
 373:Core/Src/stm32f4xx_it.c **** 
 374:Core/Src/stm32f4xx_it.c ****   /* USER CODE END CAN2_RX0_IRQn 1 */
 375:Core/Src/stm32f4xx_it.c **** }
 581              		.loc 1 375 1 is_stmt 0 view .LVU64
 582 0008 08BD     		pop	{r3, pc}
 583              	.L63:
 584 000a 00BF     		.align	2
 585              	.L62:
 586 000c 00000000 		.word	hcan2
 587              		.cfi_endproc
 588              	.LFE150:
 590              		.section	.text.CAN2_RX1_IRQHandler,"ax",%progbits
 591              		.align	1
 592              		.global	CAN2_RX1_IRQHandler
 593              		.syntax unified
 594              		.thumb
 595              		.thumb_func
 597              	CAN2_RX1_IRQHandler:
 598              	.LFB151:
 376:Core/Src/stm32f4xx_it.c **** 
 377:Core/Src/stm32f4xx_it.c **** /**
 378:Core/Src/stm32f4xx_it.c ****   * @brief This function handles CAN2 RX1 interrupt.
 379:Core/Src/stm32f4xx_it.c ****   */
 380:Core/Src/stm32f4xx_it.c **** void CAN2_RX1_IRQHandler(void)
 381:Core/Src/stm32f4xx_it.c **** {
 599              		.loc 1 381 1 is_stmt 1 view -0
 600              		.cfi_startproc
 601              		@ args = 0, pretend = 0, frame = 0
 602              		@ frame_needed = 0, uses_anonymous_args = 0
 603 0000 08B5     		push	{r3, lr}
 604              	.LCFI13:
 605              		.cfi_def_cfa_offset 8
 606              		.cfi_offset 3, -8
 607              		.cfi_offset 14, -4
 382:Core/Src/stm32f4xx_it.c ****   /* USER CODE BEGIN CAN2_RX1_IRQn 0 */
 383:Core/Src/stm32f4xx_it.c **** 
 384:Core/Src/stm32f4xx_it.c ****   /* USER CODE END CAN2_RX1_IRQn 0 */
 385:Core/Src/stm32f4xx_it.c ****   HAL_CAN_IRQHandler(&hcan2);
 608              		.loc 1 385 3 view .LVU66
 609 0002 0248     		ldr	r0, .L66
 610 0004 FFF7FEFF 		bl	HAL_CAN_IRQHandler
 611              	.LVL13:
 386:Core/Src/stm32f4xx_it.c ****   /* USER CODE BEGIN CAN2_RX1_IRQn 1 */
 387:Core/Src/stm32f4xx_it.c **** 
 388:Core/Src/stm32f4xx_it.c ****   /* USER CODE END CAN2_RX1_IRQn 1 */
 389:Core/Src/stm32f4xx_it.c **** }
 612              		.loc 1 389 1 is_stmt 0 view .LVU67
 613 0008 08BD     		pop	{r3, pc}
 614              	.L67:
 615 000a 00BF     		.align	2
 616              	.L66:
 617 000c 00000000 		.word	hcan2
 618              		.cfi_endproc
ARM GAS  /tmp/cc3uA1bR.s 			page 18


 619              	.LFE151:
 621              		.section	.text.CAN2_SCE_IRQHandler,"ax",%progbits
 622              		.align	1
 623              		.global	CAN2_SCE_IRQHandler
 624              		.syntax unified
 625              		.thumb
 626              		.thumb_func
 628              	CAN2_SCE_IRQHandler:
 629              	.LFB152:
 390:Core/Src/stm32f4xx_it.c **** 
 391:Core/Src/stm32f4xx_it.c **** /**
 392:Core/Src/stm32f4xx_it.c ****   * @brief This function handles CAN2 SCE interrupt.
 393:Core/Src/stm32f4xx_it.c ****   */
 394:Core/Src/stm32f4xx_it.c **** void CAN2_SCE_IRQHandler(void)
 395:Core/Src/stm32f4xx_it.c **** {
 630              		.loc 1 395 1 is_stmt 1 view -0
 631              		.cfi_startproc
 632              		@ args = 0, pretend = 0, frame = 0
 633              		@ frame_needed = 0, uses_anonymous_args = 0
 634 0000 08B5     		push	{r3, lr}
 635              	.LCFI14:
 636              		.cfi_def_cfa_offset 8
 637              		.cfi_offset 3, -8
 638              		.cfi_offset 14, -4
 396:Core/Src/stm32f4xx_it.c ****   /* USER CODE BEGIN CAN2_SCE_IRQn 0 */
 397:Core/Src/stm32f4xx_it.c **** 
 398:Core/Src/stm32f4xx_it.c ****   /* USER CODE END CAN2_SCE_IRQn 0 */
 399:Core/Src/stm32f4xx_it.c ****   HAL_CAN_IRQHandler(&hcan2);
 639              		.loc 1 399 3 view .LVU69
 640 0002 0248     		ldr	r0, .L70
 641 0004 FFF7FEFF 		bl	HAL_CAN_IRQHandler
 642              	.LVL14:
 400:Core/Src/stm32f4xx_it.c ****   /* USER CODE BEGIN CAN2_SCE_IRQn 1 */
 401:Core/Src/stm32f4xx_it.c **** 
 402:Core/Src/stm32f4xx_it.c ****   /* USER CODE END CAN2_SCE_IRQn 1 */
 403:Core/Src/stm32f4xx_it.c **** }
 643              		.loc 1 403 1 is_stmt 0 view .LVU70
 644 0008 08BD     		pop	{r3, pc}
 645              	.L71:
 646 000a 00BF     		.align	2
 647              	.L70:
 648 000c 00000000 		.word	hcan2
 649              		.cfi_endproc
 650              	.LFE152:
 652              		.section	.text.OTG_FS_IRQHandler,"ax",%progbits
 653              		.align	1
 654              		.global	OTG_FS_IRQHandler
 655              		.syntax unified
 656              		.thumb
 657              		.thumb_func
 659              	OTG_FS_IRQHandler:
 660              	.LFB153:
 404:Core/Src/stm32f4xx_it.c **** 
 405:Core/Src/stm32f4xx_it.c **** /**
 406:Core/Src/stm32f4xx_it.c ****   * @brief This function handles USB On The Go FS global interrupt.
 407:Core/Src/stm32f4xx_it.c ****   */
 408:Core/Src/stm32f4xx_it.c **** void OTG_FS_IRQHandler(void)
ARM GAS  /tmp/cc3uA1bR.s 			page 19


 409:Core/Src/stm32f4xx_it.c **** {
 661              		.loc 1 409 1 is_stmt 1 view -0
 662              		.cfi_startproc
 663              		@ args = 0, pretend = 0, frame = 0
 664              		@ frame_needed = 0, uses_anonymous_args = 0
 665 0000 08B5     		push	{r3, lr}
 666              	.LCFI15:
 667              		.cfi_def_cfa_offset 8
 668              		.cfi_offset 3, -8
 669              		.cfi_offset 14, -4
 410:Core/Src/stm32f4xx_it.c ****   /* USER CODE BEGIN OTG_FS_IRQn 0 */
 411:Core/Src/stm32f4xx_it.c **** 
 412:Core/Src/stm32f4xx_it.c ****   /* USER CODE END OTG_FS_IRQn 0 */
 413:Core/Src/stm32f4xx_it.c ****   HAL_PCD_IRQHandler(&hpcd_USB_OTG_FS);
 670              		.loc 1 413 3 view .LVU72
 671 0002 0248     		ldr	r0, .L74
 672 0004 FFF7FEFF 		bl	HAL_PCD_IRQHandler
 673              	.LVL15:
 414:Core/Src/stm32f4xx_it.c ****   /* USER CODE BEGIN OTG_FS_IRQn 1 */
 415:Core/Src/stm32f4xx_it.c **** 
 416:Core/Src/stm32f4xx_it.c ****   /* USER CODE END OTG_FS_IRQn 1 */
 417:Core/Src/stm32f4xx_it.c **** }
 674              		.loc 1 417 1 is_stmt 0 view .LVU73
 675 0008 08BD     		pop	{r3, pc}
 676              	.L75:
 677 000a 00BF     		.align	2
 678              	.L74:
 679 000c 00000000 		.word	hpcd_USB_OTG_FS
 680              		.cfi_endproc
 681              	.LFE153:
 683              		.section	.text.OTG_HS_EP1_OUT_IRQHandler,"ax",%progbits
 684              		.align	1
 685              		.global	OTG_HS_EP1_OUT_IRQHandler
 686              		.syntax unified
 687              		.thumb
 688              		.thumb_func
 690              	OTG_HS_EP1_OUT_IRQHandler:
 691              	.LFB154:
 418:Core/Src/stm32f4xx_it.c **** 
 419:Core/Src/stm32f4xx_it.c **** /**
 420:Core/Src/stm32f4xx_it.c ****   * @brief This function handles USB On The Go HS End Point 1 Out global interrupt.
 421:Core/Src/stm32f4xx_it.c ****   */
 422:Core/Src/stm32f4xx_it.c **** void OTG_HS_EP1_OUT_IRQHandler(void)
 423:Core/Src/stm32f4xx_it.c **** {
 692              		.loc 1 423 1 is_stmt 1 view -0
 693              		.cfi_startproc
 694              		@ args = 0, pretend = 0, frame = 0
 695              		@ frame_needed = 0, uses_anonymous_args = 0
 696 0000 08B5     		push	{r3, lr}
 697              	.LCFI16:
 698              		.cfi_def_cfa_offset 8
 699              		.cfi_offset 3, -8
 700              		.cfi_offset 14, -4
 424:Core/Src/stm32f4xx_it.c ****   /* USER CODE BEGIN OTG_HS_EP1_OUT_IRQn 0 */
 425:Core/Src/stm32f4xx_it.c **** 
 426:Core/Src/stm32f4xx_it.c ****   /* USER CODE END OTG_HS_EP1_OUT_IRQn 0 */
 427:Core/Src/stm32f4xx_it.c ****   HAL_HCD_IRQHandler(&hhcd_USB_OTG_HS);
ARM GAS  /tmp/cc3uA1bR.s 			page 20


 701              		.loc 1 427 3 view .LVU75
 702 0002 0248     		ldr	r0, .L78
 703 0004 FFF7FEFF 		bl	HAL_HCD_IRQHandler
 704              	.LVL16:
 428:Core/Src/stm32f4xx_it.c ****   /* USER CODE BEGIN OTG_HS_EP1_OUT_IRQn 1 */
 429:Core/Src/stm32f4xx_it.c **** 
 430:Core/Src/stm32f4xx_it.c ****   /* USER CODE END OTG_HS_EP1_OUT_IRQn 1 */
 431:Core/Src/stm32f4xx_it.c **** }
 705              		.loc 1 431 1 is_stmt 0 view .LVU76
 706 0008 08BD     		pop	{r3, pc}
 707              	.L79:
 708 000a 00BF     		.align	2
 709              	.L78:
 710 000c 00000000 		.word	hhcd_USB_OTG_HS
 711              		.cfi_endproc
 712              	.LFE154:
 714              		.section	.text.OTG_HS_EP1_IN_IRQHandler,"ax",%progbits
 715              		.align	1
 716              		.global	OTG_HS_EP1_IN_IRQHandler
 717              		.syntax unified
 718              		.thumb
 719              		.thumb_func
 721              	OTG_HS_EP1_IN_IRQHandler:
 722              	.LFB155:
 432:Core/Src/stm32f4xx_it.c **** 
 433:Core/Src/stm32f4xx_it.c **** /**
 434:Core/Src/stm32f4xx_it.c ****   * @brief This function handles USB On The Go HS End Point 1 In global interrupt.
 435:Core/Src/stm32f4xx_it.c ****   */
 436:Core/Src/stm32f4xx_it.c **** void OTG_HS_EP1_IN_IRQHandler(void)
 437:Core/Src/stm32f4xx_it.c **** {
 723              		.loc 1 437 1 is_stmt 1 view -0
 724              		.cfi_startproc
 725              		@ args = 0, pretend = 0, frame = 0
 726              		@ frame_needed = 0, uses_anonymous_args = 0
 727 0000 08B5     		push	{r3, lr}
 728              	.LCFI17:
 729              		.cfi_def_cfa_offset 8
 730              		.cfi_offset 3, -8
 731              		.cfi_offset 14, -4
 438:Core/Src/stm32f4xx_it.c ****   /* USER CODE BEGIN OTG_HS_EP1_IN_IRQn 0 */
 439:Core/Src/stm32f4xx_it.c **** 
 440:Core/Src/stm32f4xx_it.c ****   /* USER CODE END OTG_HS_EP1_IN_IRQn 0 */
 441:Core/Src/stm32f4xx_it.c ****   HAL_HCD_IRQHandler(&hhcd_USB_OTG_HS);
 732              		.loc 1 441 3 view .LVU78
 733 0002 0248     		ldr	r0, .L82
 734 0004 FFF7FEFF 		bl	HAL_HCD_IRQHandler
 735              	.LVL17:
 442:Core/Src/stm32f4xx_it.c ****   /* USER CODE BEGIN OTG_HS_EP1_IN_IRQn 1 */
 443:Core/Src/stm32f4xx_it.c **** 
 444:Core/Src/stm32f4xx_it.c ****   /* USER CODE END OTG_HS_EP1_IN_IRQn 1 */
 445:Core/Src/stm32f4xx_it.c **** }
 736              		.loc 1 445 1 is_stmt 0 view .LVU79
 737 0008 08BD     		pop	{r3, pc}
 738              	.L83:
 739 000a 00BF     		.align	2
 740              	.L82:
 741 000c 00000000 		.word	hhcd_USB_OTG_HS
ARM GAS  /tmp/cc3uA1bR.s 			page 21


 742              		.cfi_endproc
 743              	.LFE155:
 745              		.section	.text.OTG_HS_IRQHandler,"ax",%progbits
 746              		.align	1
 747              		.global	OTG_HS_IRQHandler
 748              		.syntax unified
 749              		.thumb
 750              		.thumb_func
 752              	OTG_HS_IRQHandler:
 753              	.LFB156:
 446:Core/Src/stm32f4xx_it.c **** 
 447:Core/Src/stm32f4xx_it.c **** /**
 448:Core/Src/stm32f4xx_it.c ****   * @brief This function handles USB On The Go HS global interrupt.
 449:Core/Src/stm32f4xx_it.c ****   */
 450:Core/Src/stm32f4xx_it.c **** void OTG_HS_IRQHandler(void)
 451:Core/Src/stm32f4xx_it.c **** {
 754              		.loc 1 451 1 is_stmt 1 view -0
 755              		.cfi_startproc
 756              		@ args = 0, pretend = 0, frame = 0
 757              		@ frame_needed = 0, uses_anonymous_args = 0
 758 0000 08B5     		push	{r3, lr}
 759              	.LCFI18:
 760              		.cfi_def_cfa_offset 8
 761              		.cfi_offset 3, -8
 762              		.cfi_offset 14, -4
 452:Core/Src/stm32f4xx_it.c ****   /* USER CODE BEGIN OTG_HS_IRQn 0 */
 453:Core/Src/stm32f4xx_it.c **** 
 454:Core/Src/stm32f4xx_it.c ****   /* USER CODE END OTG_HS_IRQn 0 */
 455:Core/Src/stm32f4xx_it.c ****   HAL_HCD_IRQHandler(&hhcd_USB_OTG_HS);
 763              		.loc 1 455 3 view .LVU81
 764 0002 0248     		ldr	r0, .L86
 765 0004 FFF7FEFF 		bl	HAL_HCD_IRQHandler
 766              	.LVL18:
 456:Core/Src/stm32f4xx_it.c ****   /* USER CODE BEGIN OTG_HS_IRQn 1 */
 457:Core/Src/stm32f4xx_it.c **** 
 458:Core/Src/stm32f4xx_it.c ****   /* USER CODE END OTG_HS_IRQn 1 */
 459:Core/Src/stm32f4xx_it.c **** }
 767              		.loc 1 459 1 is_stmt 0 view .LVU82
 768 0008 08BD     		pop	{r3, pc}
 769              	.L87:
 770 000a 00BF     		.align	2
 771              	.L86:
 772 000c 00000000 		.word	hhcd_USB_OTG_HS
 773              		.cfi_endproc
 774              	.LFE156:
 776              		.text
 777              	.Letext0:
 778              		.file 2 "/usr/lib/gcc/arm-none-eabi/14.2.1/include/stdint.h"
 779              		.file 3 "Drivers/CMSIS/Device/ST/STM32F4xx/Include/stm32f407xx.h"
 780              		.file 4 "Drivers/CMSIS/Device/ST/STM32F4xx/Include/stm32f4xx.h"
 781              		.file 5 "Drivers/STM32F4xx_HAL_Driver/Inc/stm32f4xx_hal_def.h"
 782              		.file 6 "Drivers/STM32F4xx_HAL_Driver/Inc/stm32f4xx_hal_dma.h"
 783              		.file 7 "Drivers/STM32F4xx_HAL_Driver/Inc/stm32f4xx_hal_can.h"
 784              		.file 8 "Drivers/STM32F4xx_HAL_Driver/Inc/stm32f4xx_hal_eth.h"
 785              		.file 9 "Drivers/STM32F4xx_HAL_Driver/Inc/stm32f4xx_ll_sdmmc.h"
 786              		.file 10 "Drivers/STM32F4xx_HAL_Driver/Inc/stm32f4xx_hal_sd.h"
 787              		.file 11 "Drivers/STM32F4xx_HAL_Driver/Inc/stm32f4xx_hal_uart.h"
ARM GAS  /tmp/cc3uA1bR.s 			page 22


 788              		.file 12 "Drivers/STM32F4xx_HAL_Driver/Inc/stm32f4xx_ll_usb.h"
 789              		.file 13 "Drivers/STM32F4xx_HAL_Driver/Inc/stm32f4xx_hal_pcd.h"
 790              		.file 14 "Drivers/STM32F4xx_HAL_Driver/Inc/stm32f4xx_hal_hcd.h"
 791              		.file 15 "Drivers/STM32F4xx_HAL_Driver/Inc/stm32f4xx_hal.h"
ARM GAS  /tmp/cc3uA1bR.s 			page 23


DEFINED SYMBOLS
                            *ABS*:00000000 stm32f4xx_it.c
     /tmp/cc3uA1bR.s:21     .text.NMI_Handler:00000000 $t
     /tmp/cc3uA1bR.s:27     .text.NMI_Handler:00000000 NMI_Handler
     /tmp/cc3uA1bR.s:44     .text.HardFault_Handler:00000000 $t
     /tmp/cc3uA1bR.s:50     .text.HardFault_Handler:00000000 HardFault_Handler
     /tmp/cc3uA1bR.s:67     .text.MemManage_Handler:00000000 $t
     /tmp/cc3uA1bR.s:73     .text.MemManage_Handler:00000000 MemManage_Handler
     /tmp/cc3uA1bR.s:90     .text.BusFault_Handler:00000000 $t
     /tmp/cc3uA1bR.s:96     .text.BusFault_Handler:00000000 BusFault_Handler
     /tmp/cc3uA1bR.s:113    .text.UsageFault_Handler:00000000 $t
     /tmp/cc3uA1bR.s:119    .text.UsageFault_Handler:00000000 UsageFault_Handler
     /tmp/cc3uA1bR.s:136    .text.SVC_Handler:00000000 $t
     /tmp/cc3uA1bR.s:142    .text.SVC_Handler:00000000 SVC_Handler
     /tmp/cc3uA1bR.s:155    .text.DebugMon_Handler:00000000 $t
     /tmp/cc3uA1bR.s:161    .text.DebugMon_Handler:00000000 DebugMon_Handler
     /tmp/cc3uA1bR.s:174    .text.PendSV_Handler:00000000 $t
     /tmp/cc3uA1bR.s:180    .text.PendSV_Handler:00000000 PendSV_Handler
     /tmp/cc3uA1bR.s:193    .text.SysTick_Handler:00000000 $t
     /tmp/cc3uA1bR.s:199    .text.SysTick_Handler:00000000 SysTick_Handler
     /tmp/cc3uA1bR.s:219    .text.CAN1_TX_IRQHandler:00000000 $t
     /tmp/cc3uA1bR.s:225    .text.CAN1_TX_IRQHandler:00000000 CAN1_TX_IRQHandler
     /tmp/cc3uA1bR.s:245    .text.CAN1_TX_IRQHandler:0000000c $d
     /tmp/cc3uA1bR.s:250    .text.CAN1_RX0_IRQHandler:00000000 $t
     /tmp/cc3uA1bR.s:256    .text.CAN1_RX0_IRQHandler:00000000 CAN1_RX0_IRQHandler
     /tmp/cc3uA1bR.s:276    .text.CAN1_RX0_IRQHandler:0000000c $d
     /tmp/cc3uA1bR.s:281    .text.CAN1_RX1_IRQHandler:00000000 $t
     /tmp/cc3uA1bR.s:287    .text.CAN1_RX1_IRQHandler:00000000 CAN1_RX1_IRQHandler
     /tmp/cc3uA1bR.s:307    .text.CAN1_RX1_IRQHandler:0000000c $d
     /tmp/cc3uA1bR.s:312    .text.CAN1_SCE_IRQHandler:00000000 $t
     /tmp/cc3uA1bR.s:318    .text.CAN1_SCE_IRQHandler:00000000 CAN1_SCE_IRQHandler
     /tmp/cc3uA1bR.s:338    .text.CAN1_SCE_IRQHandler:0000000c $d
     /tmp/cc3uA1bR.s:343    .text.USART1_IRQHandler:00000000 $t
     /tmp/cc3uA1bR.s:349    .text.USART1_IRQHandler:00000000 USART1_IRQHandler
     /tmp/cc3uA1bR.s:369    .text.USART1_IRQHandler:0000000c $d
     /tmp/cc3uA1bR.s:374    .text.USART2_IRQHandler:00000000 $t
     /tmp/cc3uA1bR.s:380    .text.USART2_IRQHandler:00000000 USART2_IRQHandler
     /tmp/cc3uA1bR.s:400    .text.USART2_IRQHandler:0000000c $d
     /tmp/cc3uA1bR.s:405    .text.SDIO_IRQHandler:00000000 $t
     /tmp/cc3uA1bR.s:411    .text.SDIO_IRQHandler:00000000 SDIO_IRQHandler
     /tmp/cc3uA1bR.s:431    .text.SDIO_IRQHandler:0000000c $d
     /tmp/cc3uA1bR.s:436    .text.DMA2_Stream3_IRQHandler:00000000 $t
     /tmp/cc3uA1bR.s:442    .text.DMA2_Stream3_IRQHandler:00000000 DMA2_Stream3_IRQHandler
     /tmp/cc3uA1bR.s:462    .text.DMA2_Stream3_IRQHandler:0000000c $d
     /tmp/cc3uA1bR.s:467    .text.ETH_IRQHandler:00000000 $t
     /tmp/cc3uA1bR.s:473    .text.ETH_IRQHandler:00000000 ETH_IRQHandler
     /tmp/cc3uA1bR.s:493    .text.ETH_IRQHandler:0000000c $d
     /tmp/cc3uA1bR.s:498    .text.ETH_WKUP_IRQHandler:00000000 $t
     /tmp/cc3uA1bR.s:504    .text.ETH_WKUP_IRQHandler:00000000 ETH_WKUP_IRQHandler
     /tmp/cc3uA1bR.s:524    .text.ETH_WKUP_IRQHandler:0000000c $d
     /tmp/cc3uA1bR.s:529    .text.CAN2_TX_IRQHandler:00000000 $t
     /tmp/cc3uA1bR.s:535    .text.CAN2_TX_IRQHandler:00000000 CAN2_TX_IRQHandler
     /tmp/cc3uA1bR.s:555    .text.CAN2_TX_IRQHandler:0000000c $d
     /tmp/cc3uA1bR.s:560    .text.CAN2_RX0_IRQHandler:00000000 $t
     /tmp/cc3uA1bR.s:566    .text.CAN2_RX0_IRQHandler:00000000 CAN2_RX0_IRQHandler
     /tmp/cc3uA1bR.s:586    .text.CAN2_RX0_IRQHandler:0000000c $d
     /tmp/cc3uA1bR.s:591    .text.CAN2_RX1_IRQHandler:00000000 $t
ARM GAS  /tmp/cc3uA1bR.s 			page 24


     /tmp/cc3uA1bR.s:597    .text.CAN2_RX1_IRQHandler:00000000 CAN2_RX1_IRQHandler
     /tmp/cc3uA1bR.s:617    .text.CAN2_RX1_IRQHandler:0000000c $d
     /tmp/cc3uA1bR.s:622    .text.CAN2_SCE_IRQHandler:00000000 $t
     /tmp/cc3uA1bR.s:628    .text.CAN2_SCE_IRQHandler:00000000 CAN2_SCE_IRQHandler
     /tmp/cc3uA1bR.s:648    .text.CAN2_SCE_IRQHandler:0000000c $d
     /tmp/cc3uA1bR.s:653    .text.OTG_FS_IRQHandler:00000000 $t
     /tmp/cc3uA1bR.s:659    .text.OTG_FS_IRQHandler:00000000 OTG_FS_IRQHandler
     /tmp/cc3uA1bR.s:679    .text.OTG_FS_IRQHandler:0000000c $d
     /tmp/cc3uA1bR.s:684    .text.OTG_HS_EP1_OUT_IRQHandler:00000000 $t
     /tmp/cc3uA1bR.s:690    .text.OTG_HS_EP1_OUT_IRQHandler:00000000 OTG_HS_EP1_OUT_IRQHandler
     /tmp/cc3uA1bR.s:710    .text.OTG_HS_EP1_OUT_IRQHandler:0000000c $d
     /tmp/cc3uA1bR.s:715    .text.OTG_HS_EP1_IN_IRQHandler:00000000 $t
     /tmp/cc3uA1bR.s:721    .text.OTG_HS_EP1_IN_IRQHandler:00000000 OTG_HS_EP1_IN_IRQHandler
     /tmp/cc3uA1bR.s:741    .text.OTG_HS_EP1_IN_IRQHandler:0000000c $d
     /tmp/cc3uA1bR.s:746    .text.OTG_HS_IRQHandler:00000000 $t
     /tmp/cc3uA1bR.s:752    .text.OTG_HS_IRQHandler:00000000 OTG_HS_IRQHandler
     /tmp/cc3uA1bR.s:772    .text.OTG_HS_IRQHandler:0000000c $d

UNDEFINED SYMBOLS
HAL_IncTick
HAL_CAN_IRQHandler
hcan1
HAL_UART_IRQHandler
huart1
huart2
HAL_SD_IRQHandler
hsd
HAL_DMA_IRQHandler
hdma_sdio
HAL_ETH_IRQHandler
heth
hcan2
HAL_PCD_IRQHandler
hpcd_USB_OTG_FS
HAL_HCD_IRQHandler
hhcd_USB_OTG_HS
