ARM GAS  /tmp/ccUA4cJJ.s 			page 1


   1              		.cpu cortex-m4
   2              		.arch armv7e-m
   3              		.fpu fpv4-sp-d16
   4              		.eabi_attribute 27, 1
   5              		.eabi_attribute 28, 1
   6              		.eabi_attribute 20, 1
   7              		.eabi_attribute 21, 1
   8              		.eabi_attribute 23, 3
   9              		.eabi_attribute 24, 1
  10              		.eabi_attribute 25, 1
  11              		.eabi_attribute 26, 1
  12              		.eabi_attribute 30, 1
  13              		.eabi_attribute 34, 1
  14              		.eabi_attribute 18, 4
  15              		.file	"timeouts.c"
  16              		.text
  17              	.Ltext0:
  18              		.cfi_sections	.debug_frame
  19              		.file 1 "Middlewares/Third_Party/LwIP/src/core/timeouts.c"
  20              		.section	.rodata.sys_timeout_abs.str1.4,"aMS",%progbits,1
  21              		.align	2
  22              	.LC0:
  23 0000 4D696464 		.ascii	"Middlewares/Third_Party/LwIP/src/core/timeouts.c\000"
  23      6C657761 
  23      7265732F 
  23      54686972 
  23      645F5061 
  24 0031 000000   		.align	2
  25              	.LC1:
  26 0034 7379735F 		.ascii	"sys_timeout: timeout != NULL, pool MEMP_SYS_TIMEOUT"
  26      74696D65 
  26      6F75743A 
  26      2074696D 
  26      656F7574 
  27 0067 20697320 		.ascii	" is empty\000"
  27      656D7074 
  27      7900
  28 0071 000000   		.align	2
  29              	.LC2:
  30 0074 41737365 		.ascii	"Assertion \"%s\" failed at line %d in %s\012\000"
  30      7274696F 
  30      6E202225 
  30      73222066 
  30      61696C65 
  31              		.section	.text.sys_timeout_abs,"ax",%progbits
  32              		.align	1
  33              		.syntax unified
  34              		.thumb
  35              		.thumb_func
  37              	sys_timeout_abs:
  38              	.LVL0:
  39              	.LFB158:
   1:Middlewares/Third_Party/LwIP/src/core/timeouts.c **** /**
   2:Middlewares/Third_Party/LwIP/src/core/timeouts.c ****  * @file
   3:Middlewares/Third_Party/LwIP/src/core/timeouts.c ****  * Stack-internal timers implementation.
   4:Middlewares/Third_Party/LwIP/src/core/timeouts.c ****  * This file includes timer callbacks for stack-internal timers as well as
   5:Middlewares/Third_Party/LwIP/src/core/timeouts.c ****  * functions to set up or stop timers and check for expired timers.
ARM GAS  /tmp/ccUA4cJJ.s 			page 2


   6:Middlewares/Third_Party/LwIP/src/core/timeouts.c ****  *
   7:Middlewares/Third_Party/LwIP/src/core/timeouts.c ****  */
   8:Middlewares/Third_Party/LwIP/src/core/timeouts.c **** 
   9:Middlewares/Third_Party/LwIP/src/core/timeouts.c **** /*
  10:Middlewares/Third_Party/LwIP/src/core/timeouts.c ****  * Copyright (c) 2001-2004 Swedish Institute of Computer Science.
  11:Middlewares/Third_Party/LwIP/src/core/timeouts.c ****  * All rights reserved.
  12:Middlewares/Third_Party/LwIP/src/core/timeouts.c ****  *
  13:Middlewares/Third_Party/LwIP/src/core/timeouts.c ****  * Redistribution and use in source and binary forms, with or without modification,
  14:Middlewares/Third_Party/LwIP/src/core/timeouts.c ****  * are permitted provided that the following conditions are met:
  15:Middlewares/Third_Party/LwIP/src/core/timeouts.c ****  *
  16:Middlewares/Third_Party/LwIP/src/core/timeouts.c ****  * 1. Redistributions of source code must retain the above copyright notice,
  17:Middlewares/Third_Party/LwIP/src/core/timeouts.c ****  *    this list of conditions and the following disclaimer.
  18:Middlewares/Third_Party/LwIP/src/core/timeouts.c ****  * 2. Redistributions in binary form must reproduce the above copyright notice,
  19:Middlewares/Third_Party/LwIP/src/core/timeouts.c ****  *    this list of conditions and the following disclaimer in the documentation
  20:Middlewares/Third_Party/LwIP/src/core/timeouts.c ****  *    and/or other materials provided with the distribution.
  21:Middlewares/Third_Party/LwIP/src/core/timeouts.c ****  * 3. The name of the author may not be used to endorse or promote products
  22:Middlewares/Third_Party/LwIP/src/core/timeouts.c ****  *    derived from this software without specific prior written permission.
  23:Middlewares/Third_Party/LwIP/src/core/timeouts.c ****  *
  24:Middlewares/Third_Party/LwIP/src/core/timeouts.c ****  * THIS SOFTWARE IS PROVIDED BY THE AUTHOR ``AS IS'' AND ANY EXPRESS OR IMPLIED
  25:Middlewares/Third_Party/LwIP/src/core/timeouts.c ****  * WARRANTIES, INCLUDING, BUT NOT LIMITED TO, THE IMPLIED WARRANTIES OF
  26:Middlewares/Third_Party/LwIP/src/core/timeouts.c ****  * MERCHANTABILITY AND FITNESS FOR A PARTICULAR PURPOSE ARE DISCLAIMED. IN NO EVENT
  27:Middlewares/Third_Party/LwIP/src/core/timeouts.c ****  * SHALL THE AUTHOR BE LIABLE FOR ANY DIRECT, INDIRECT, INCIDENTAL, SPECIAL,
  28:Middlewares/Third_Party/LwIP/src/core/timeouts.c ****  * EXEMPLARY, OR CONSEQUENTIAL DAMAGES (INCLUDING, BUT NOT LIMITED TO, PROCUREMENT
  29:Middlewares/Third_Party/LwIP/src/core/timeouts.c ****  * OF SUBSTITUTE GOODS OR SERVICES; LOSS OF USE, DATA, OR PROFITS; OR BUSINESS
  30:Middlewares/Third_Party/LwIP/src/core/timeouts.c ****  * INTERRUPTION) HOWEVER CAUSED AND ON ANY THEORY OF LIABILITY, WHETHER IN
  31:Middlewares/Third_Party/LwIP/src/core/timeouts.c ****  * CONTRACT, STRICT LIABILITY, OR TORT (INCLUDING NEGLIGENCE OR OTHERWISE) ARISING
  32:Middlewares/Third_Party/LwIP/src/core/timeouts.c ****  * IN ANY WAY OUT OF THE USE OF THIS SOFTWARE, EVEN IF ADVISED OF THE POSSIBILITY
  33:Middlewares/Third_Party/LwIP/src/core/timeouts.c ****  * OF SUCH DAMAGE.
  34:Middlewares/Third_Party/LwIP/src/core/timeouts.c ****  *
  35:Middlewares/Third_Party/LwIP/src/core/timeouts.c ****  * This file is part of the lwIP TCP/IP stack.
  36:Middlewares/Third_Party/LwIP/src/core/timeouts.c ****  *
  37:Middlewares/Third_Party/LwIP/src/core/timeouts.c ****  * Author: Adam Dunkels <adam@sics.se>
  38:Middlewares/Third_Party/LwIP/src/core/timeouts.c ****  *         Simon Goldschmidt
  39:Middlewares/Third_Party/LwIP/src/core/timeouts.c ****  *
  40:Middlewares/Third_Party/LwIP/src/core/timeouts.c ****  */
  41:Middlewares/Third_Party/LwIP/src/core/timeouts.c **** 
  42:Middlewares/Third_Party/LwIP/src/core/timeouts.c **** #include "lwip/opt.h"
  43:Middlewares/Third_Party/LwIP/src/core/timeouts.c **** 
  44:Middlewares/Third_Party/LwIP/src/core/timeouts.c **** #include "lwip/timeouts.h"
  45:Middlewares/Third_Party/LwIP/src/core/timeouts.c **** #include "lwip/priv/tcp_priv.h"
  46:Middlewares/Third_Party/LwIP/src/core/timeouts.c **** 
  47:Middlewares/Third_Party/LwIP/src/core/timeouts.c **** #include "lwip/def.h"
  48:Middlewares/Third_Party/LwIP/src/core/timeouts.c **** #include "lwip/memp.h"
  49:Middlewares/Third_Party/LwIP/src/core/timeouts.c **** #include "lwip/priv/tcpip_priv.h"
  50:Middlewares/Third_Party/LwIP/src/core/timeouts.c **** 
  51:Middlewares/Third_Party/LwIP/src/core/timeouts.c **** #include "lwip/ip4_frag.h"
  52:Middlewares/Third_Party/LwIP/src/core/timeouts.c **** #include "lwip/etharp.h"
  53:Middlewares/Third_Party/LwIP/src/core/timeouts.c **** #include "lwip/dhcp.h"
  54:Middlewares/Third_Party/LwIP/src/core/timeouts.c **** #include "lwip/autoip.h"
  55:Middlewares/Third_Party/LwIP/src/core/timeouts.c **** #include "lwip/igmp.h"
  56:Middlewares/Third_Party/LwIP/src/core/timeouts.c **** #include "lwip/dns.h"
  57:Middlewares/Third_Party/LwIP/src/core/timeouts.c **** #include "lwip/nd6.h"
  58:Middlewares/Third_Party/LwIP/src/core/timeouts.c **** #include "lwip/ip6_frag.h"
  59:Middlewares/Third_Party/LwIP/src/core/timeouts.c **** #include "lwip/mld6.h"
  60:Middlewares/Third_Party/LwIP/src/core/timeouts.c **** #include "lwip/dhcp6.h"
  61:Middlewares/Third_Party/LwIP/src/core/timeouts.c **** #include "lwip/sys.h"
  62:Middlewares/Third_Party/LwIP/src/core/timeouts.c **** #include "lwip/pbuf.h"
ARM GAS  /tmp/ccUA4cJJ.s 			page 3


  63:Middlewares/Third_Party/LwIP/src/core/timeouts.c **** 
  64:Middlewares/Third_Party/LwIP/src/core/timeouts.c **** #if LWIP_DEBUG_TIMERNAMES
  65:Middlewares/Third_Party/LwIP/src/core/timeouts.c **** #define HANDLER(x) x, #x
  66:Middlewares/Third_Party/LwIP/src/core/timeouts.c **** #else /* LWIP_DEBUG_TIMERNAMES */
  67:Middlewares/Third_Party/LwIP/src/core/timeouts.c **** #define HANDLER(x) x
  68:Middlewares/Third_Party/LwIP/src/core/timeouts.c **** #endif /* LWIP_DEBUG_TIMERNAMES */
  69:Middlewares/Third_Party/LwIP/src/core/timeouts.c **** 
  70:Middlewares/Third_Party/LwIP/src/core/timeouts.c **** #define LWIP_MAX_TIMEOUT  0x7fffffff
  71:Middlewares/Third_Party/LwIP/src/core/timeouts.c **** 
  72:Middlewares/Third_Party/LwIP/src/core/timeouts.c **** /* Check if timer's expiry time is greater than time and care about u32_t wraparounds */
  73:Middlewares/Third_Party/LwIP/src/core/timeouts.c **** #define TIME_LESS_THAN(t, compare_to) ( (((u32_t)((t)-(compare_to))) > LWIP_MAX_TIMEOUT) ? 1 : 0 )
  74:Middlewares/Third_Party/LwIP/src/core/timeouts.c **** 
  75:Middlewares/Third_Party/LwIP/src/core/timeouts.c **** /** This array contains all stack-internal cyclic timers. To get the number of
  76:Middlewares/Third_Party/LwIP/src/core/timeouts.c ****  * timers, use LWIP_ARRAYSIZE() */
  77:Middlewares/Third_Party/LwIP/src/core/timeouts.c **** const struct lwip_cyclic_timer lwip_cyclic_timers[] = {
  78:Middlewares/Third_Party/LwIP/src/core/timeouts.c **** #if LWIP_TCP
  79:Middlewares/Third_Party/LwIP/src/core/timeouts.c ****   /* The TCP timer is a special case: it does not have to run always and
  80:Middlewares/Third_Party/LwIP/src/core/timeouts.c ****      is triggered to start from TCP using tcp_timer_needed() */
  81:Middlewares/Third_Party/LwIP/src/core/timeouts.c ****   {TCP_TMR_INTERVAL, HANDLER(tcp_tmr)},
  82:Middlewares/Third_Party/LwIP/src/core/timeouts.c **** #endif /* LWIP_TCP */
  83:Middlewares/Third_Party/LwIP/src/core/timeouts.c **** #if LWIP_IPV4
  84:Middlewares/Third_Party/LwIP/src/core/timeouts.c **** #if IP_REASSEMBLY
  85:Middlewares/Third_Party/LwIP/src/core/timeouts.c ****   {IP_TMR_INTERVAL, HANDLER(ip_reass_tmr)},
  86:Middlewares/Third_Party/LwIP/src/core/timeouts.c **** #endif /* IP_REASSEMBLY */
  87:Middlewares/Third_Party/LwIP/src/core/timeouts.c **** #if LWIP_ARP
  88:Middlewares/Third_Party/LwIP/src/core/timeouts.c ****   {ARP_TMR_INTERVAL, HANDLER(etharp_tmr)},
  89:Middlewares/Third_Party/LwIP/src/core/timeouts.c **** #endif /* LWIP_ARP */
  90:Middlewares/Third_Party/LwIP/src/core/timeouts.c **** #if LWIP_DHCP
  91:Middlewares/Third_Party/LwIP/src/core/timeouts.c ****   {DHCP_COARSE_TIMER_MSECS, HANDLER(dhcp_coarse_tmr)},
  92:Middlewares/Third_Party/LwIP/src/core/timeouts.c ****   {DHCP_FINE_TIMER_MSECS, HANDLER(dhcp_fine_tmr)},
  93:Middlewares/Third_Party/LwIP/src/core/timeouts.c **** #endif /* LWIP_DHCP */
  94:Middlewares/Third_Party/LwIP/src/core/timeouts.c **** #if LWIP_AUTOIP
  95:Middlewares/Third_Party/LwIP/src/core/timeouts.c ****   {AUTOIP_TMR_INTERVAL, HANDLER(autoip_tmr)},
  96:Middlewares/Third_Party/LwIP/src/core/timeouts.c **** #endif /* LWIP_AUTOIP */
  97:Middlewares/Third_Party/LwIP/src/core/timeouts.c **** #if LWIP_IGMP
  98:Middlewares/Third_Party/LwIP/src/core/timeouts.c ****   {IGMP_TMR_INTERVAL, HANDLER(igmp_tmr)},
  99:Middlewares/Third_Party/LwIP/src/core/timeouts.c **** #endif /* LWIP_IGMP */
 100:Middlewares/Third_Party/LwIP/src/core/timeouts.c **** #endif /* LWIP_IPV4 */
 101:Middlewares/Third_Party/LwIP/src/core/timeouts.c **** #if LWIP_DNS
 102:Middlewares/Third_Party/LwIP/src/core/timeouts.c ****   {DNS_TMR_INTERVAL, HANDLER(dns_tmr)},
 103:Middlewares/Third_Party/LwIP/src/core/timeouts.c **** #endif /* LWIP_DNS */
 104:Middlewares/Third_Party/LwIP/src/core/timeouts.c **** #if LWIP_IPV6
 105:Middlewares/Third_Party/LwIP/src/core/timeouts.c ****   {ND6_TMR_INTERVAL, HANDLER(nd6_tmr)},
 106:Middlewares/Third_Party/LwIP/src/core/timeouts.c **** #if LWIP_IPV6_REASS
 107:Middlewares/Third_Party/LwIP/src/core/timeouts.c ****   {IP6_REASS_TMR_INTERVAL, HANDLER(ip6_reass_tmr)},
 108:Middlewares/Third_Party/LwIP/src/core/timeouts.c **** #endif /* LWIP_IPV6_REASS */
 109:Middlewares/Third_Party/LwIP/src/core/timeouts.c **** #if LWIP_IPV6_MLD
 110:Middlewares/Third_Party/LwIP/src/core/timeouts.c ****   {MLD6_TMR_INTERVAL, HANDLER(mld6_tmr)},
 111:Middlewares/Third_Party/LwIP/src/core/timeouts.c **** #endif /* LWIP_IPV6_MLD */
 112:Middlewares/Third_Party/LwIP/src/core/timeouts.c **** #if LWIP_IPV6_DHCP6
 113:Middlewares/Third_Party/LwIP/src/core/timeouts.c ****   {DHCP6_TIMER_MSECS, HANDLER(dhcp6_tmr)},
 114:Middlewares/Third_Party/LwIP/src/core/timeouts.c **** #endif /* LWIP_IPV6_DHCP6 */
 115:Middlewares/Third_Party/LwIP/src/core/timeouts.c **** #endif /* LWIP_IPV6 */
 116:Middlewares/Third_Party/LwIP/src/core/timeouts.c **** };
 117:Middlewares/Third_Party/LwIP/src/core/timeouts.c **** const int lwip_num_cyclic_timers = LWIP_ARRAYSIZE(lwip_cyclic_timers);
 118:Middlewares/Third_Party/LwIP/src/core/timeouts.c **** 
 119:Middlewares/Third_Party/LwIP/src/core/timeouts.c **** #if LWIP_TIMERS && !LWIP_TIMERS_CUSTOM
ARM GAS  /tmp/ccUA4cJJ.s 			page 4


 120:Middlewares/Third_Party/LwIP/src/core/timeouts.c **** 
 121:Middlewares/Third_Party/LwIP/src/core/timeouts.c **** /** The one and only timeout list */
 122:Middlewares/Third_Party/LwIP/src/core/timeouts.c **** static struct sys_timeo *next_timeout;
 123:Middlewares/Third_Party/LwIP/src/core/timeouts.c **** 
 124:Middlewares/Third_Party/LwIP/src/core/timeouts.c **** static u32_t current_timeout_due_time;
 125:Middlewares/Third_Party/LwIP/src/core/timeouts.c **** 
 126:Middlewares/Third_Party/LwIP/src/core/timeouts.c **** #if LWIP_TESTMODE
 127:Middlewares/Third_Party/LwIP/src/core/timeouts.c **** struct sys_timeo**
 128:Middlewares/Third_Party/LwIP/src/core/timeouts.c **** sys_timeouts_get_next_timeout(void)
 129:Middlewares/Third_Party/LwIP/src/core/timeouts.c **** {
 130:Middlewares/Third_Party/LwIP/src/core/timeouts.c ****   return &next_timeout;
 131:Middlewares/Third_Party/LwIP/src/core/timeouts.c **** }
 132:Middlewares/Third_Party/LwIP/src/core/timeouts.c **** #endif
 133:Middlewares/Third_Party/LwIP/src/core/timeouts.c **** 
 134:Middlewares/Third_Party/LwIP/src/core/timeouts.c **** #if LWIP_TCP
 135:Middlewares/Third_Party/LwIP/src/core/timeouts.c **** /** global variable that shows if the tcp timer is currently scheduled or not */
 136:Middlewares/Third_Party/LwIP/src/core/timeouts.c **** static int tcpip_tcp_timer_active;
 137:Middlewares/Third_Party/LwIP/src/core/timeouts.c **** 
 138:Middlewares/Third_Party/LwIP/src/core/timeouts.c **** /**
 139:Middlewares/Third_Party/LwIP/src/core/timeouts.c ****  * Timer callback function that calls tcp_tmr() and reschedules itself.
 140:Middlewares/Third_Party/LwIP/src/core/timeouts.c ****  *
 141:Middlewares/Third_Party/LwIP/src/core/timeouts.c ****  * @param arg unused argument
 142:Middlewares/Third_Party/LwIP/src/core/timeouts.c ****  */
 143:Middlewares/Third_Party/LwIP/src/core/timeouts.c **** static void
 144:Middlewares/Third_Party/LwIP/src/core/timeouts.c **** tcpip_tcp_timer(void *arg)
 145:Middlewares/Third_Party/LwIP/src/core/timeouts.c **** {
 146:Middlewares/Third_Party/LwIP/src/core/timeouts.c ****   LWIP_UNUSED_ARG(arg);
 147:Middlewares/Third_Party/LwIP/src/core/timeouts.c **** 
 148:Middlewares/Third_Party/LwIP/src/core/timeouts.c ****   /* call TCP timer handler */
 149:Middlewares/Third_Party/LwIP/src/core/timeouts.c ****   tcp_tmr();
 150:Middlewares/Third_Party/LwIP/src/core/timeouts.c ****   /* timer still needed? */
 151:Middlewares/Third_Party/LwIP/src/core/timeouts.c ****   if (tcp_active_pcbs || tcp_tw_pcbs) {
 152:Middlewares/Third_Party/LwIP/src/core/timeouts.c ****     /* restart timer */
 153:Middlewares/Third_Party/LwIP/src/core/timeouts.c ****     sys_timeout(TCP_TMR_INTERVAL, tcpip_tcp_timer, NULL);
 154:Middlewares/Third_Party/LwIP/src/core/timeouts.c ****   } else {
 155:Middlewares/Third_Party/LwIP/src/core/timeouts.c ****     /* disable timer */
 156:Middlewares/Third_Party/LwIP/src/core/timeouts.c ****     tcpip_tcp_timer_active = 0;
 157:Middlewares/Third_Party/LwIP/src/core/timeouts.c ****   }
 158:Middlewares/Third_Party/LwIP/src/core/timeouts.c **** }
 159:Middlewares/Third_Party/LwIP/src/core/timeouts.c **** 
 160:Middlewares/Third_Party/LwIP/src/core/timeouts.c **** /**
 161:Middlewares/Third_Party/LwIP/src/core/timeouts.c ****  * Called from TCP_REG when registering a new PCB:
 162:Middlewares/Third_Party/LwIP/src/core/timeouts.c ****  * the reason is to have the TCP timer only running when
 163:Middlewares/Third_Party/LwIP/src/core/timeouts.c ****  * there are active (or time-wait) PCBs.
 164:Middlewares/Third_Party/LwIP/src/core/timeouts.c ****  */
 165:Middlewares/Third_Party/LwIP/src/core/timeouts.c **** void
 166:Middlewares/Third_Party/LwIP/src/core/timeouts.c **** tcp_timer_needed(void)
 167:Middlewares/Third_Party/LwIP/src/core/timeouts.c **** {
 168:Middlewares/Third_Party/LwIP/src/core/timeouts.c ****   LWIP_ASSERT_CORE_LOCKED();
 169:Middlewares/Third_Party/LwIP/src/core/timeouts.c **** 
 170:Middlewares/Third_Party/LwIP/src/core/timeouts.c ****   /* timer is off but needed again? */
 171:Middlewares/Third_Party/LwIP/src/core/timeouts.c ****   if (!tcpip_tcp_timer_active && (tcp_active_pcbs || tcp_tw_pcbs)) {
 172:Middlewares/Third_Party/LwIP/src/core/timeouts.c ****     /* enable and start timer */
 173:Middlewares/Third_Party/LwIP/src/core/timeouts.c ****     tcpip_tcp_timer_active = 1;
 174:Middlewares/Third_Party/LwIP/src/core/timeouts.c ****     sys_timeout(TCP_TMR_INTERVAL, tcpip_tcp_timer, NULL);
 175:Middlewares/Third_Party/LwIP/src/core/timeouts.c ****   }
 176:Middlewares/Third_Party/LwIP/src/core/timeouts.c **** }
ARM GAS  /tmp/ccUA4cJJ.s 			page 5


 177:Middlewares/Third_Party/LwIP/src/core/timeouts.c **** #endif /* LWIP_TCP */
 178:Middlewares/Third_Party/LwIP/src/core/timeouts.c **** 
 179:Middlewares/Third_Party/LwIP/src/core/timeouts.c **** static void
 180:Middlewares/Third_Party/LwIP/src/core/timeouts.c **** #if LWIP_DEBUG_TIMERNAMES
 181:Middlewares/Third_Party/LwIP/src/core/timeouts.c **** sys_timeout_abs(u32_t abs_time, sys_timeout_handler handler, void *arg, const char *handler_name)
 182:Middlewares/Third_Party/LwIP/src/core/timeouts.c **** #else /* LWIP_DEBUG_TIMERNAMES */
 183:Middlewares/Third_Party/LwIP/src/core/timeouts.c **** sys_timeout_abs(u32_t abs_time, sys_timeout_handler handler, void *arg)
 184:Middlewares/Third_Party/LwIP/src/core/timeouts.c **** #endif
 185:Middlewares/Third_Party/LwIP/src/core/timeouts.c **** {
  40              		.loc 1 185 1 view -0
  41              		.cfi_startproc
  42              		@ args = 0, pretend = 0, frame = 0
  43              		@ frame_needed = 0, uses_anonymous_args = 0
  44              		.loc 1 185 1 is_stmt 0 view .LVU1
  45 0000 F8B5     		push	{r3, r4, r5, r6, r7, lr}
  46              	.LCFI0:
  47              		.cfi_def_cfa_offset 24
  48              		.cfi_offset 3, -24
  49              		.cfi_offset 4, -20
  50              		.cfi_offset 5, -16
  51              		.cfi_offset 6, -12
  52              		.cfi_offset 7, -8
  53              		.cfi_offset 14, -4
  54 0002 0446     		mov	r4, r0
  55 0004 0F46     		mov	r7, r1
  56 0006 1646     		mov	r6, r2
 186:Middlewares/Third_Party/LwIP/src/core/timeouts.c ****   struct sys_timeo *timeout, *t;
  57              		.loc 1 186 3 is_stmt 1 view .LVU2
 187:Middlewares/Third_Party/LwIP/src/core/timeouts.c **** 
 188:Middlewares/Third_Party/LwIP/src/core/timeouts.c ****   timeout = (struct sys_timeo *)memp_malloc(MEMP_SYS_TIMEOUT);
  58              		.loc 1 188 3 view .LVU3
  59              		.loc 1 188 33 is_stmt 0 view .LVU4
  60 0008 0620     		movs	r0, #6
  61              	.LVL1:
  62              		.loc 1 188 33 view .LVU5
  63 000a FFF7FEFF 		bl	memp_malloc
  64              	.LVL2:
 189:Middlewares/Third_Party/LwIP/src/core/timeouts.c ****   if (timeout == NULL) {
  65              		.loc 1 189 3 is_stmt 1 view .LVU6
  66              		.loc 1 189 6 is_stmt 0 view .LVU7
  67 000e 80B1     		cbz	r0, .L10
  68 0010 0546     		mov	r5, r0
 190:Middlewares/Third_Party/LwIP/src/core/timeouts.c ****     LWIP_ASSERT("sys_timeout: timeout != NULL, pool MEMP_SYS_TIMEOUT is empty", timeout != NULL);
 191:Middlewares/Third_Party/LwIP/src/core/timeouts.c ****     return;
 192:Middlewares/Third_Party/LwIP/src/core/timeouts.c ****   }
 193:Middlewares/Third_Party/LwIP/src/core/timeouts.c **** 
 194:Middlewares/Third_Party/LwIP/src/core/timeouts.c ****   timeout->next = NULL;
  69              		.loc 1 194 3 is_stmt 1 view .LVU8
  70              		.loc 1 194 17 is_stmt 0 view .LVU9
  71 0012 0023     		movs	r3, #0
  72 0014 0360     		str	r3, [r0]
 195:Middlewares/Third_Party/LwIP/src/core/timeouts.c ****   timeout->h = handler;
  73              		.loc 1 195 3 is_stmt 1 view .LVU10
  74              		.loc 1 195 14 is_stmt 0 view .LVU11
  75 0016 8760     		str	r7, [r0, #8]
 196:Middlewares/Third_Party/LwIP/src/core/timeouts.c ****   timeout->arg = arg;
  76              		.loc 1 196 3 is_stmt 1 view .LVU12
ARM GAS  /tmp/ccUA4cJJ.s 			page 6


  77              		.loc 1 196 16 is_stmt 0 view .LVU13
  78 0018 C660     		str	r6, [r0, #12]
 197:Middlewares/Third_Party/LwIP/src/core/timeouts.c ****   timeout->time = abs_time;
  79              		.loc 1 197 3 is_stmt 1 view .LVU14
  80              		.loc 1 197 17 is_stmt 0 view .LVU15
  81 001a 4460     		str	r4, [r0, #4]
 198:Middlewares/Third_Party/LwIP/src/core/timeouts.c **** 
 199:Middlewares/Third_Party/LwIP/src/core/timeouts.c **** #if LWIP_DEBUG_TIMERNAMES
 200:Middlewares/Third_Party/LwIP/src/core/timeouts.c ****   timeout->handler_name = handler_name;
 201:Middlewares/Third_Party/LwIP/src/core/timeouts.c ****   LWIP_DEBUGF(TIMERS_DEBUG, ("sys_timeout: %p abs_time=%"U32_F" handler=%s arg=%p\n",
 202:Middlewares/Third_Party/LwIP/src/core/timeouts.c ****                              (void *)timeout, abs_time, handler_name, (void *)arg));
 203:Middlewares/Third_Party/LwIP/src/core/timeouts.c **** #endif /* LWIP_DEBUG_TIMERNAMES */
 204:Middlewares/Third_Party/LwIP/src/core/timeouts.c **** 
 205:Middlewares/Third_Party/LwIP/src/core/timeouts.c ****   if (next_timeout == NULL) {
  82              		.loc 1 205 3 is_stmt 1 view .LVU16
  83              		.loc 1 205 20 is_stmt 0 view .LVU17
  84 001c 104B     		ldr	r3, .L12
  85 001e 1A68     		ldr	r2, [r3]
  86              		.loc 1 205 6 view .LVU18
  87 0020 72B1     		cbz	r2, .L11
 206:Middlewares/Third_Party/LwIP/src/core/timeouts.c ****     next_timeout = timeout;
 207:Middlewares/Third_Party/LwIP/src/core/timeouts.c ****     return;
 208:Middlewares/Third_Party/LwIP/src/core/timeouts.c ****   }
 209:Middlewares/Third_Party/LwIP/src/core/timeouts.c ****   if (TIME_LESS_THAN(timeout->time, next_timeout->time)) {
  88              		.loc 1 209 3 is_stmt 1 view .LVU19
  89              		.loc 1 209 7 is_stmt 0 view .LVU20
  90 0022 5368     		ldr	r3, [r2, #4]
  91 0024 E31A     		subs	r3, r4, r3
  92              		.loc 1 209 6 view .LVU21
  93 0026 002B     		cmp	r3, #0
  94 0028 0FDA     		bge	.L5
 210:Middlewares/Third_Party/LwIP/src/core/timeouts.c ****     timeout->next = next_timeout;
  95              		.loc 1 210 5 is_stmt 1 view .LVU22
  96              		.loc 1 210 19 is_stmt 0 view .LVU23
  97 002a 0260     		str	r2, [r0]
 211:Middlewares/Third_Party/LwIP/src/core/timeouts.c ****     next_timeout = timeout;
  98              		.loc 1 211 5 is_stmt 1 view .LVU24
  99              		.loc 1 211 18 is_stmt 0 view .LVU25
 100 002c 0C4B     		ldr	r3, .L12
 101 002e 1860     		str	r0, [r3]
 102              	.LVL3:
 103              	.L1:
 212:Middlewares/Third_Party/LwIP/src/core/timeouts.c ****   } else {
 213:Middlewares/Third_Party/LwIP/src/core/timeouts.c ****     for (t = next_timeout; t != NULL; t = t->next) {
 214:Middlewares/Third_Party/LwIP/src/core/timeouts.c ****       if ((t->next == NULL) || TIME_LESS_THAN(timeout->time, t->next->time)) {
 215:Middlewares/Third_Party/LwIP/src/core/timeouts.c ****         timeout->next = t->next;
 216:Middlewares/Third_Party/LwIP/src/core/timeouts.c ****         t->next = timeout;
 217:Middlewares/Third_Party/LwIP/src/core/timeouts.c ****         break;
 218:Middlewares/Third_Party/LwIP/src/core/timeouts.c ****       }
 219:Middlewares/Third_Party/LwIP/src/core/timeouts.c ****     }
 220:Middlewares/Third_Party/LwIP/src/core/timeouts.c ****   }
 221:Middlewares/Third_Party/LwIP/src/core/timeouts.c **** }
 104              		.loc 1 221 1 view .LVU26
 105 0030 F8BD     		pop	{r3, r4, r5, r6, r7, pc}
 106              	.LVL4:
 107              	.L10:
 190:Middlewares/Third_Party/LwIP/src/core/timeouts.c ****     return;
ARM GAS  /tmp/ccUA4cJJ.s 			page 7


 108              		.loc 1 190 5 is_stmt 1 view .LVU27
 190:Middlewares/Third_Party/LwIP/src/core/timeouts.c ****     return;
 109              		.loc 1 190 5 view .LVU28
 190:Middlewares/Third_Party/LwIP/src/core/timeouts.c ****     return;
 110              		.loc 1 190 5 discriminator 1 view .LVU29
 190:Middlewares/Third_Party/LwIP/src/core/timeouts.c ****     return;
 111              		.loc 1 190 5 discriminator 1 view .LVU30
 112 0032 0C4B     		ldr	r3, .L12+4
 113 0034 BE22     		movs	r2, #190
 114 0036 0C49     		ldr	r1, .L12+8
 115 0038 0C48     		ldr	r0, .L12+12
 116              	.LVL5:
 190:Middlewares/Third_Party/LwIP/src/core/timeouts.c ****     return;
 117              		.loc 1 190 5 is_stmt 0 discriminator 1 view .LVU31
 118 003a FFF7FEFF 		bl	printf
 119              	.LVL6:
 190:Middlewares/Third_Party/LwIP/src/core/timeouts.c ****     return;
 120              		.loc 1 190 5 is_stmt 1 discriminator 3 view .LVU32
 190:Middlewares/Third_Party/LwIP/src/core/timeouts.c ****     return;
 121              		.loc 1 190 5 discriminator 3 view .LVU33
 191:Middlewares/Third_Party/LwIP/src/core/timeouts.c ****   }
 122              		.loc 1 191 5 view .LVU34
 123 003e F7E7     		b	.L1
 124              	.LVL7:
 125              	.L11:
 206:Middlewares/Third_Party/LwIP/src/core/timeouts.c ****     return;
 126              		.loc 1 206 5 view .LVU35
 206:Middlewares/Third_Party/LwIP/src/core/timeouts.c ****     return;
 127              		.loc 1 206 18 is_stmt 0 view .LVU36
 128 0040 1860     		str	r0, [r3]
 207:Middlewares/Third_Party/LwIP/src/core/timeouts.c ****   }
 129              		.loc 1 207 5 is_stmt 1 view .LVU37
 130 0042 F5E7     		b	.L1
 131              	.LVL8:
 132              	.L6:
 215:Middlewares/Third_Party/LwIP/src/core/timeouts.c ****         t->next = timeout;
 133              		.loc 1 215 9 view .LVU38
 215:Middlewares/Third_Party/LwIP/src/core/timeouts.c ****         t->next = timeout;
 134              		.loc 1 215 23 is_stmt 0 view .LVU39
 135 0044 2B60     		str	r3, [r5]
 216:Middlewares/Third_Party/LwIP/src/core/timeouts.c ****         break;
 136              		.loc 1 216 9 is_stmt 1 view .LVU40
 216:Middlewares/Third_Party/LwIP/src/core/timeouts.c ****         break;
 137              		.loc 1 216 17 is_stmt 0 view .LVU41
 138 0046 1560     		str	r5, [r2]
 217:Middlewares/Third_Party/LwIP/src/core/timeouts.c ****       }
 139              		.loc 1 217 9 is_stmt 1 view .LVU42
 140 0048 F2E7     		b	.L1
 141              	.LVL9:
 142              	.L5:
 213:Middlewares/Third_Party/LwIP/src/core/timeouts.c ****       if ((t->next == NULL) || TIME_LESS_THAN(timeout->time, t->next->time)) {
 143              		.loc 1 213 30 discriminator 1 view .LVU43
 144 004a 002A     		cmp	r2, #0
 145 004c F0D0     		beq	.L1
 214:Middlewares/Third_Party/LwIP/src/core/timeouts.c ****         timeout->next = t->next;
 146              		.loc 1 214 7 view .LVU44
 214:Middlewares/Third_Party/LwIP/src/core/timeouts.c ****         timeout->next = t->next;
ARM GAS  /tmp/ccUA4cJJ.s 			page 8


 147              		.loc 1 214 13 is_stmt 0 view .LVU45
 148 004e 1368     		ldr	r3, [r2]
 214:Middlewares/Third_Party/LwIP/src/core/timeouts.c ****         timeout->next = t->next;
 149              		.loc 1 214 10 view .LVU46
 150 0050 002B     		cmp	r3, #0
 151 0052 F7D0     		beq	.L6
 214:Middlewares/Third_Party/LwIP/src/core/timeouts.c ****         timeout->next = t->next;
 152              		.loc 1 214 32 discriminator 1 view .LVU47
 153 0054 5968     		ldr	r1, [r3, #4]
 154 0056 611A     		subs	r1, r4, r1
 214:Middlewares/Third_Party/LwIP/src/core/timeouts.c ****         timeout->next = t->next;
 155              		.loc 1 214 29 discriminator 1 view .LVU48
 156 0058 0029     		cmp	r1, #0
 157 005a F3DB     		blt	.L6
 213:Middlewares/Third_Party/LwIP/src/core/timeouts.c ****       if ((t->next == NULL) || TIME_LESS_THAN(timeout->time, t->next->time)) {
 158              		.loc 1 213 41 discriminator 2 view .LVU49
 159 005c 1A46     		mov	r2, r3
 160              	.LVL10:
 213:Middlewares/Third_Party/LwIP/src/core/timeouts.c ****       if ((t->next == NULL) || TIME_LESS_THAN(timeout->time, t->next->time)) {
 161              		.loc 1 213 41 discriminator 2 view .LVU50
 162 005e F4E7     		b	.L5
 163              	.L13:
 164              		.align	2
 165              	.L12:
 166 0060 00000000 		.word	next_timeout
 167 0064 00000000 		.word	.LC0
 168 0068 34000000 		.word	.LC1
 169 006c 74000000 		.word	.LC2
 170              		.cfi_endproc
 171              	.LFE158:
 173              		.section	.text.lwip_cyclic_timer,"ax",%progbits
 174              		.align	1
 175              		.syntax unified
 176              		.thumb
 177              		.thumb_func
 179              	lwip_cyclic_timer:
 180              	.LVL11:
 181              	.LFB159:
 222:Middlewares/Third_Party/LwIP/src/core/timeouts.c **** 
 223:Middlewares/Third_Party/LwIP/src/core/timeouts.c **** /**
 224:Middlewares/Third_Party/LwIP/src/core/timeouts.c ****  * Timer callback function that calls cyclic->handler() and reschedules itself.
 225:Middlewares/Third_Party/LwIP/src/core/timeouts.c ****  *
 226:Middlewares/Third_Party/LwIP/src/core/timeouts.c ****  * @param arg unused argument
 227:Middlewares/Third_Party/LwIP/src/core/timeouts.c ****  */
 228:Middlewares/Third_Party/LwIP/src/core/timeouts.c **** #if !LWIP_TESTMODE
 229:Middlewares/Third_Party/LwIP/src/core/timeouts.c **** static
 230:Middlewares/Third_Party/LwIP/src/core/timeouts.c **** #endif
 231:Middlewares/Third_Party/LwIP/src/core/timeouts.c **** void
 232:Middlewares/Third_Party/LwIP/src/core/timeouts.c **** lwip_cyclic_timer(void *arg)
 233:Middlewares/Third_Party/LwIP/src/core/timeouts.c **** {
 182              		.loc 1 233 1 is_stmt 1 view -0
 183              		.cfi_startproc
 184              		@ args = 0, pretend = 0, frame = 0
 185              		@ frame_needed = 0, uses_anonymous_args = 0
 186              		.loc 1 233 1 is_stmt 0 view .LVU52
 187 0000 38B5     		push	{r3, r4, r5, lr}
 188              	.LCFI1:
ARM GAS  /tmp/ccUA4cJJ.s 			page 9


 189              		.cfi_def_cfa_offset 16
 190              		.cfi_offset 3, -16
 191              		.cfi_offset 4, -12
 192              		.cfi_offset 5, -8
 193              		.cfi_offset 14, -4
 194 0002 0446     		mov	r4, r0
 234:Middlewares/Third_Party/LwIP/src/core/timeouts.c ****   u32_t now;
 195              		.loc 1 234 3 is_stmt 1 view .LVU53
 235:Middlewares/Third_Party/LwIP/src/core/timeouts.c ****   u32_t next_timeout_time;
 196              		.loc 1 235 3 view .LVU54
 236:Middlewares/Third_Party/LwIP/src/core/timeouts.c ****   const struct lwip_cyclic_timer *cyclic = (const struct lwip_cyclic_timer *)arg;
 197              		.loc 1 236 3 view .LVU55
 198              	.LVL12:
 237:Middlewares/Third_Party/LwIP/src/core/timeouts.c **** 
 238:Middlewares/Third_Party/LwIP/src/core/timeouts.c **** #if LWIP_DEBUG_TIMERNAMES
 239:Middlewares/Third_Party/LwIP/src/core/timeouts.c ****   LWIP_DEBUGF(TIMERS_DEBUG, ("tcpip: %s()\n", cyclic->handler_name));
 240:Middlewares/Third_Party/LwIP/src/core/timeouts.c **** #endif
 241:Middlewares/Third_Party/LwIP/src/core/timeouts.c ****   cyclic->handler();
 199              		.loc 1 241 3 view .LVU56
 200              		.loc 1 241 9 is_stmt 0 view .LVU57
 201 0004 4368     		ldr	r3, [r0, #4]
 202              		.loc 1 241 3 view .LVU58
 203 0006 9847     		blx	r3
 204              	.LVL13:
 242:Middlewares/Third_Party/LwIP/src/core/timeouts.c **** 
 243:Middlewares/Third_Party/LwIP/src/core/timeouts.c ****   now = sys_now();
 205              		.loc 1 243 3 is_stmt 1 view .LVU59
 206              		.loc 1 243 9 is_stmt 0 view .LVU60
 207 0008 FFF7FEFF 		bl	sys_now
 208              	.LVL14:
 209 000c 8446     		mov	ip, r0
 210              	.LVL15:
 244:Middlewares/Third_Party/LwIP/src/core/timeouts.c ****   next_timeout_time = (u32_t)(current_timeout_due_time + cyclic->interval_ms);  /* overflow handled
 211              		.loc 1 244 3 is_stmt 1 view .LVU61
 212              		.loc 1 244 64 is_stmt 0 view .LVU62
 213 000e 2568     		ldr	r5, [r4]
 214              		.loc 1 244 23 view .LVU63
 215 0010 094B     		ldr	r3, .L18
 216 0012 1868     		ldr	r0, [r3]
 217              	.LVL16:
 218              		.loc 1 244 21 view .LVU64
 219 0014 2844     		add	r0, r0, r5
 220              	.LVL17:
 245:Middlewares/Third_Party/LwIP/src/core/timeouts.c ****   if (TIME_LESS_THAN(next_timeout_time, now)) {
 221              		.loc 1 245 3 is_stmt 1 view .LVU65
 222              		.loc 1 245 7 is_stmt 0 view .LVU66
 223 0016 A0EB0C03 		sub	r3, r0, ip
 224              		.loc 1 245 6 view .LVU67
 225 001a 002B     		cmp	r3, #0
 226 001c 06DA     		bge	.L15
 246:Middlewares/Third_Party/LwIP/src/core/timeouts.c ****     /* timer would immediately expire again -> "overload" -> restart without any correction */
 247:Middlewares/Third_Party/LwIP/src/core/timeouts.c **** #if LWIP_DEBUG_TIMERNAMES
 248:Middlewares/Third_Party/LwIP/src/core/timeouts.c ****     sys_timeout_abs((u32_t)(now + cyclic->interval_ms), lwip_cyclic_timer, arg, cyclic->handler_nam
 249:Middlewares/Third_Party/LwIP/src/core/timeouts.c **** #else
 250:Middlewares/Third_Party/LwIP/src/core/timeouts.c ****     sys_timeout_abs((u32_t)(now + cyclic->interval_ms), lwip_cyclic_timer, arg);
 227              		.loc 1 250 5 is_stmt 1 view .LVU68
 228 001e 2246     		mov	r2, r4
ARM GAS  /tmp/ccUA4cJJ.s 			page 10


 229 0020 0649     		ldr	r1, .L18+4
 230 0022 05EB0C00 		add	r0, r5, ip
 231              	.LVL18:
 232              		.loc 1 250 5 is_stmt 0 view .LVU69
 233 0026 FFF7FEFF 		bl	sys_timeout_abs
 234              	.LVL19:
 235              	.L14:
 251:Middlewares/Third_Party/LwIP/src/core/timeouts.c **** #endif
 252:Middlewares/Third_Party/LwIP/src/core/timeouts.c **** 
 253:Middlewares/Third_Party/LwIP/src/core/timeouts.c ****   } else {
 254:Middlewares/Third_Party/LwIP/src/core/timeouts.c ****     /* correct cyclic interval with handler execution delay and sys_check_timeouts jitter */
 255:Middlewares/Third_Party/LwIP/src/core/timeouts.c **** #if LWIP_DEBUG_TIMERNAMES
 256:Middlewares/Third_Party/LwIP/src/core/timeouts.c ****     sys_timeout_abs(next_timeout_time, lwip_cyclic_timer, arg, cyclic->handler_name);
 257:Middlewares/Third_Party/LwIP/src/core/timeouts.c **** #else
 258:Middlewares/Third_Party/LwIP/src/core/timeouts.c ****     sys_timeout_abs(next_timeout_time, lwip_cyclic_timer, arg);
 259:Middlewares/Third_Party/LwIP/src/core/timeouts.c **** #endif
 260:Middlewares/Third_Party/LwIP/src/core/timeouts.c ****   }
 261:Middlewares/Third_Party/LwIP/src/core/timeouts.c **** }
 236              		.loc 1 261 1 view .LVU70
 237 002a 38BD     		pop	{r3, r4, r5, pc}
 238              	.LVL20:
 239              	.L15:
 258:Middlewares/Third_Party/LwIP/src/core/timeouts.c **** #endif
 240              		.loc 1 258 5 is_stmt 1 view .LVU71
 241 002c 2246     		mov	r2, r4
 242 002e 0349     		ldr	r1, .L18+4
 243 0030 FFF7FEFF 		bl	sys_timeout_abs
 244              	.LVL21:
 245              		.loc 1 261 1 is_stmt 0 view .LVU72
 246 0034 F9E7     		b	.L14
 247              	.L19:
 248 0036 00BF     		.align	2
 249              	.L18:
 250 0038 00000000 		.word	current_timeout_due_time
 251 003c 00000000 		.word	lwip_cyclic_timer
 252              		.cfi_endproc
 253              	.LFE159:
 255              		.section	.rodata.sys_timeout.str1.4,"aMS",%progbits,1
 256              		.align	2
 257              	.LC3:
 258 0000 54696D65 		.ascii	"Timeout time too long, max is LWIP_UINT32_MAX/4 mse"
 258      6F757420 
 258      74696D65 
 258      20746F6F 
 258      206C6F6E 
 259 0033 637300   		.ascii	"cs\000"
 260              		.section	.text.sys_timeout,"ax",%progbits
 261              		.align	1
 262              		.global	sys_timeout
 263              		.syntax unified
 264              		.thumb
 265              		.thumb_func
 267              	sys_timeout:
 268              	.LVL22:
 269              	.LFB161:
 262:Middlewares/Third_Party/LwIP/src/core/timeouts.c **** 
 263:Middlewares/Third_Party/LwIP/src/core/timeouts.c **** /** Initialize this module */
ARM GAS  /tmp/ccUA4cJJ.s 			page 11


 264:Middlewares/Third_Party/LwIP/src/core/timeouts.c **** void sys_timeouts_init(void)
 265:Middlewares/Third_Party/LwIP/src/core/timeouts.c **** {
 266:Middlewares/Third_Party/LwIP/src/core/timeouts.c ****   size_t i;
 267:Middlewares/Third_Party/LwIP/src/core/timeouts.c ****   /* tcp_tmr() at index 0 is started on demand */
 268:Middlewares/Third_Party/LwIP/src/core/timeouts.c ****   for (i = (LWIP_TCP ? 1 : 0); i < LWIP_ARRAYSIZE(lwip_cyclic_timers); i++) {
 269:Middlewares/Third_Party/LwIP/src/core/timeouts.c ****     /* we have to cast via size_t to get rid of const warning
 270:Middlewares/Third_Party/LwIP/src/core/timeouts.c ****       (this is OK as cyclic_timer() casts back to const* */
 271:Middlewares/Third_Party/LwIP/src/core/timeouts.c ****     sys_timeout(lwip_cyclic_timers[i].interval_ms, lwip_cyclic_timer, LWIP_CONST_CAST(void *, &lwip
 272:Middlewares/Third_Party/LwIP/src/core/timeouts.c ****   }
 273:Middlewares/Third_Party/LwIP/src/core/timeouts.c **** }
 274:Middlewares/Third_Party/LwIP/src/core/timeouts.c **** 
 275:Middlewares/Third_Party/LwIP/src/core/timeouts.c **** /**
 276:Middlewares/Third_Party/LwIP/src/core/timeouts.c ****  * Create a one-shot timer (aka timeout). Timeouts are processed in the
 277:Middlewares/Third_Party/LwIP/src/core/timeouts.c ****  * following cases:
 278:Middlewares/Third_Party/LwIP/src/core/timeouts.c ****  * - while waiting for a message using sys_timeouts_mbox_fetch()
 279:Middlewares/Third_Party/LwIP/src/core/timeouts.c ****  * - by calling sys_check_timeouts() (NO_SYS==1 only)
 280:Middlewares/Third_Party/LwIP/src/core/timeouts.c ****  *
 281:Middlewares/Third_Party/LwIP/src/core/timeouts.c ****  * @param msecs time in milliseconds after that the timer should expire
 282:Middlewares/Third_Party/LwIP/src/core/timeouts.c ****  * @param handler callback function to call when msecs have elapsed
 283:Middlewares/Third_Party/LwIP/src/core/timeouts.c ****  * @param arg argument to pass to the callback function
 284:Middlewares/Third_Party/LwIP/src/core/timeouts.c ****  */
 285:Middlewares/Third_Party/LwIP/src/core/timeouts.c **** #if LWIP_DEBUG_TIMERNAMES
 286:Middlewares/Third_Party/LwIP/src/core/timeouts.c **** void
 287:Middlewares/Third_Party/LwIP/src/core/timeouts.c **** sys_timeout_debug(u32_t msecs, sys_timeout_handler handler, void *arg, const char *handler_name)
 288:Middlewares/Third_Party/LwIP/src/core/timeouts.c **** #else /* LWIP_DEBUG_TIMERNAMES */
 289:Middlewares/Third_Party/LwIP/src/core/timeouts.c **** void
 290:Middlewares/Third_Party/LwIP/src/core/timeouts.c **** sys_timeout(u32_t msecs, sys_timeout_handler handler, void *arg)
 291:Middlewares/Third_Party/LwIP/src/core/timeouts.c **** #endif /* LWIP_DEBUG_TIMERNAMES */
 292:Middlewares/Third_Party/LwIP/src/core/timeouts.c **** {
 270              		.loc 1 292 1 is_stmt 1 view -0
 271              		.cfi_startproc
 272              		@ args = 0, pretend = 0, frame = 0
 273              		@ frame_needed = 0, uses_anonymous_args = 0
 274              		.loc 1 292 1 is_stmt 0 view .LVU74
 275 0000 70B5     		push	{r4, r5, r6, lr}
 276              	.LCFI2:
 277              		.cfi_def_cfa_offset 16
 278              		.cfi_offset 4, -16
 279              		.cfi_offset 5, -12
 280              		.cfi_offset 6, -8
 281              		.cfi_offset 14, -4
 282 0002 0446     		mov	r4, r0
 283 0004 0D46     		mov	r5, r1
 284 0006 1646     		mov	r6, r2
 293:Middlewares/Third_Party/LwIP/src/core/timeouts.c ****   u32_t next_timeout_time;
 285              		.loc 1 293 3 is_stmt 1 view .LVU75
 294:Middlewares/Third_Party/LwIP/src/core/timeouts.c **** 
 295:Middlewares/Third_Party/LwIP/src/core/timeouts.c ****   LWIP_ASSERT_CORE_LOCKED();
 286              		.loc 1 295 28 view .LVU76
 296:Middlewares/Third_Party/LwIP/src/core/timeouts.c **** 
 297:Middlewares/Third_Party/LwIP/src/core/timeouts.c ****   LWIP_ASSERT("Timeout time too long, max is LWIP_UINT32_MAX/4 msecs", msecs <= (LWIP_UINT32_MAX / 
 287              		.loc 1 297 3 view .LVU77
 288              		.loc 1 297 3 view .LVU78
 289 0008 B0F1804F 		cmp	r0, #1073741824
 290 000c 07D2     		bcs	.L23
 291              	.LVL23:
 292              	.L21:
ARM GAS  /tmp/ccUA4cJJ.s 			page 12


 293              		.loc 1 297 3 discriminator 3 view .LVU79
 294              		.loc 1 297 3 discriminator 3 view .LVU80
 298:Middlewares/Third_Party/LwIP/src/core/timeouts.c **** 
 299:Middlewares/Third_Party/LwIP/src/core/timeouts.c ****   next_timeout_time = (u32_t)(sys_now() + msecs); /* overflow handled by TIME_LESS_THAN macro */ 
 295              		.loc 1 299 3 view .LVU81
 296              		.loc 1 299 31 is_stmt 0 view .LVU82
 297 000e FFF7FEFF 		bl	sys_now
 298              	.LVL24:
 300:Middlewares/Third_Party/LwIP/src/core/timeouts.c **** 
 301:Middlewares/Third_Party/LwIP/src/core/timeouts.c **** #if LWIP_DEBUG_TIMERNAMES
 302:Middlewares/Third_Party/LwIP/src/core/timeouts.c ****   sys_timeout_abs(next_timeout_time, handler, arg, handler_name);
 303:Middlewares/Third_Party/LwIP/src/core/timeouts.c **** #else
 304:Middlewares/Third_Party/LwIP/src/core/timeouts.c ****   sys_timeout_abs(next_timeout_time, handler, arg);
 299              		.loc 1 304 3 is_stmt 1 view .LVU83
 300 0012 3246     		mov	r2, r6
 301 0014 2946     		mov	r1, r5
 302 0016 2044     		add	r0, r0, r4
 303              	.LVL25:
 304              		.loc 1 304 3 is_stmt 0 view .LVU84
 305 0018 FFF7FEFF 		bl	sys_timeout_abs
 306              	.LVL26:
 305:Middlewares/Third_Party/LwIP/src/core/timeouts.c **** #endif
 306:Middlewares/Third_Party/LwIP/src/core/timeouts.c **** }
 307              		.loc 1 306 1 view .LVU85
 308 001c 70BD     		pop	{r4, r5, r6, pc}
 309              	.LVL27:
 310              	.L23:
 297:Middlewares/Third_Party/LwIP/src/core/timeouts.c **** 
 311              		.loc 1 297 3 is_stmt 1 discriminator 1 view .LVU86
 297:Middlewares/Third_Party/LwIP/src/core/timeouts.c **** 
 312              		.loc 1 297 3 discriminator 1 view .LVU87
 313 001e 044B     		ldr	r3, .L24
 314 0020 40F22912 		movw	r2, #297
 315              	.LVL28:
 297:Middlewares/Third_Party/LwIP/src/core/timeouts.c **** 
 316              		.loc 1 297 3 is_stmt 0 discriminator 1 view .LVU88
 317 0024 0349     		ldr	r1, .L24+4
 318              	.LVL29:
 297:Middlewares/Third_Party/LwIP/src/core/timeouts.c **** 
 319              		.loc 1 297 3 discriminator 1 view .LVU89
 320 0026 0448     		ldr	r0, .L24+8
 321              	.LVL30:
 297:Middlewares/Third_Party/LwIP/src/core/timeouts.c **** 
 322              		.loc 1 297 3 discriminator 1 view .LVU90
 323 0028 FFF7FEFF 		bl	printf
 324              	.LVL31:
 325 002c EFE7     		b	.L21
 326              	.L25:
 327 002e 00BF     		.align	2
 328              	.L24:
 329 0030 00000000 		.word	.LC0
 330 0034 00000000 		.word	.LC3
 331 0038 74000000 		.word	.LC2
 332              		.cfi_endproc
 333              	.LFE161:
 335              		.section	.text.tcp_timer_needed,"ax",%progbits
 336              		.align	1
ARM GAS  /tmp/ccUA4cJJ.s 			page 13


 337              		.global	tcp_timer_needed
 338              		.syntax unified
 339              		.thumb
 340              		.thumb_func
 342              	tcp_timer_needed:
 343              	.LFB157:
 167:Middlewares/Third_Party/LwIP/src/core/timeouts.c ****   LWIP_ASSERT_CORE_LOCKED();
 344              		.loc 1 167 1 is_stmt 1 view -0
 345              		.cfi_startproc
 346              		@ args = 0, pretend = 0, frame = 0
 347              		@ frame_needed = 0, uses_anonymous_args = 0
 348 0000 08B5     		push	{r3, lr}
 349              	.LCFI3:
 350              		.cfi_def_cfa_offset 8
 351              		.cfi_offset 3, -8
 352              		.cfi_offset 14, -4
 168:Middlewares/Third_Party/LwIP/src/core/timeouts.c **** 
 353              		.loc 1 168 28 view .LVU92
 171:Middlewares/Third_Party/LwIP/src/core/timeouts.c ****     /* enable and start timer */
 354              		.loc 1 171 3 view .LVU93
 171:Middlewares/Third_Party/LwIP/src/core/timeouts.c ****     /* enable and start timer */
 355              		.loc 1 171 7 is_stmt 0 view .LVU94
 356 0002 0A4B     		ldr	r3, .L31
 357 0004 1B68     		ldr	r3, [r3]
 171:Middlewares/Third_Party/LwIP/src/core/timeouts.c ****     /* enable and start timer */
 358              		.loc 1 171 6 view .LVU95
 359 0006 53B9     		cbnz	r3, .L26
 171:Middlewares/Third_Party/LwIP/src/core/timeouts.c ****     /* enable and start timer */
 360              		.loc 1 171 35 discriminator 1 view .LVU96
 361 0008 094B     		ldr	r3, .L31+4
 362 000a 1B68     		ldr	r3, [r3]
 171:Middlewares/Third_Party/LwIP/src/core/timeouts.c ****     /* enable and start timer */
 363              		.loc 1 171 31 discriminator 1 view .LVU97
 364 000c 43B1     		cbz	r3, .L30
 365              	.L28:
 173:Middlewares/Third_Party/LwIP/src/core/timeouts.c ****     sys_timeout(TCP_TMR_INTERVAL, tcpip_tcp_timer, NULL);
 366              		.loc 1 173 5 is_stmt 1 view .LVU98
 173:Middlewares/Third_Party/LwIP/src/core/timeouts.c ****     sys_timeout(TCP_TMR_INTERVAL, tcpip_tcp_timer, NULL);
 367              		.loc 1 173 28 is_stmt 0 view .LVU99
 368 000e 074B     		ldr	r3, .L31
 369 0010 0122     		movs	r2, #1
 370 0012 1A60     		str	r2, [r3]
 174:Middlewares/Third_Party/LwIP/src/core/timeouts.c ****   }
 371              		.loc 1 174 5 is_stmt 1 view .LVU100
 372 0014 0022     		movs	r2, #0
 373 0016 0749     		ldr	r1, .L31+8
 374 0018 FA20     		movs	r0, #250
 375 001a FFF7FEFF 		bl	sys_timeout
 376              	.LVL32:
 377              	.L26:
 176:Middlewares/Third_Party/LwIP/src/core/timeouts.c **** #endif /* LWIP_TCP */
 378              		.loc 1 176 1 is_stmt 0 view .LVU101
 379 001e 08BD     		pop	{r3, pc}
 380              	.L30:
 171:Middlewares/Third_Party/LwIP/src/core/timeouts.c ****     /* enable and start timer */
 381              		.loc 1 171 51 discriminator 2 view .LVU102
 382 0020 054B     		ldr	r3, .L31+12
ARM GAS  /tmp/ccUA4cJJ.s 			page 14


 383 0022 1B68     		ldr	r3, [r3]
 384 0024 002B     		cmp	r3, #0
 385 0026 F2D1     		bne	.L28
 386 0028 F9E7     		b	.L26
 387              	.L32:
 388 002a 00BF     		.align	2
 389              	.L31:
 390 002c 00000000 		.word	tcpip_tcp_timer_active
 391 0030 00000000 		.word	tcp_active_pcbs
 392 0034 00000000 		.word	tcpip_tcp_timer
 393 0038 00000000 		.word	tcp_tw_pcbs
 394              		.cfi_endproc
 395              	.LFE157:
 397              		.section	.text.tcpip_tcp_timer,"ax",%progbits
 398              		.align	1
 399              		.syntax unified
 400              		.thumb
 401              		.thumb_func
 403              	tcpip_tcp_timer:
 404              	.LVL33:
 405              	.LFB156:
 145:Middlewares/Third_Party/LwIP/src/core/timeouts.c ****   LWIP_UNUSED_ARG(arg);
 406              		.loc 1 145 1 is_stmt 1 view -0
 407              		.cfi_startproc
 408              		@ args = 0, pretend = 0, frame = 0
 409              		@ frame_needed = 0, uses_anonymous_args = 0
 145:Middlewares/Third_Party/LwIP/src/core/timeouts.c ****   LWIP_UNUSED_ARG(arg);
 410              		.loc 1 145 1 is_stmt 0 view .LVU104
 411 0000 08B5     		push	{r3, lr}
 412              	.LCFI4:
 413              		.cfi_def_cfa_offset 8
 414              		.cfi_offset 3, -8
 415              		.cfi_offset 14, -4
 146:Middlewares/Third_Party/LwIP/src/core/timeouts.c **** 
 416              		.loc 1 146 3 is_stmt 1 view .LVU105
 149:Middlewares/Third_Party/LwIP/src/core/timeouts.c ****   /* timer still needed? */
 417              		.loc 1 149 3 view .LVU106
 418 0002 FFF7FEFF 		bl	tcp_tmr
 419              	.LVL34:
 151:Middlewares/Third_Party/LwIP/src/core/timeouts.c ****     /* restart timer */
 420              		.loc 1 151 3 view .LVU107
 151:Middlewares/Third_Party/LwIP/src/core/timeouts.c ****     /* restart timer */
 421              		.loc 1 151 7 is_stmt 0 view .LVU108
 422 0006 084B     		ldr	r3, .L39
 423 0008 1B68     		ldr	r3, [r3]
 151:Middlewares/Third_Party/LwIP/src/core/timeouts.c ****     /* restart timer */
 424              		.loc 1 151 6 view .LVU109
 425 000a 2BB1     		cbz	r3, .L38
 426              	.L34:
 153:Middlewares/Third_Party/LwIP/src/core/timeouts.c ****   } else {
 427              		.loc 1 153 5 is_stmt 1 view .LVU110
 428 000c 0022     		movs	r2, #0
 429 000e 0749     		ldr	r1, .L39+4
 430 0010 FA20     		movs	r0, #250
 431 0012 FFF7FEFF 		bl	sys_timeout
 432              	.LVL35:
 433              	.L33:
ARM GAS  /tmp/ccUA4cJJ.s 			page 15


 158:Middlewares/Third_Party/LwIP/src/core/timeouts.c **** 
 434              		.loc 1 158 1 is_stmt 0 view .LVU111
 435 0016 08BD     		pop	{r3, pc}
 436              	.L38:
 151:Middlewares/Third_Party/LwIP/src/core/timeouts.c ****     /* restart timer */
 437              		.loc 1 151 23 discriminator 1 view .LVU112
 438 0018 054B     		ldr	r3, .L39+8
 439 001a 1B68     		ldr	r3, [r3]
 440 001c 002B     		cmp	r3, #0
 441 001e F5D1     		bne	.L34
 156:Middlewares/Third_Party/LwIP/src/core/timeouts.c ****   }
 442              		.loc 1 156 5 is_stmt 1 view .LVU113
 156:Middlewares/Third_Party/LwIP/src/core/timeouts.c ****   }
 443              		.loc 1 156 28 is_stmt 0 view .LVU114
 444 0020 044B     		ldr	r3, .L39+12
 445 0022 0022     		movs	r2, #0
 446 0024 1A60     		str	r2, [r3]
 158:Middlewares/Third_Party/LwIP/src/core/timeouts.c **** 
 447              		.loc 1 158 1 view .LVU115
 448 0026 F6E7     		b	.L33
 449              	.L40:
 450              		.align	2
 451              	.L39:
 452 0028 00000000 		.word	tcp_active_pcbs
 453 002c 00000000 		.word	tcpip_tcp_timer
 454 0030 00000000 		.word	tcp_tw_pcbs
 455 0034 00000000 		.word	tcpip_tcp_timer_active
 456              		.cfi_endproc
 457              	.LFE156:
 459              		.section	.text.sys_timeouts_init,"ax",%progbits
 460              		.align	1
 461              		.global	sys_timeouts_init
 462              		.syntax unified
 463              		.thumb
 464              		.thumb_func
 466              	sys_timeouts_init:
 467              	.LFB160:
 265:Middlewares/Third_Party/LwIP/src/core/timeouts.c ****   size_t i;
 468              		.loc 1 265 1 is_stmt 1 view -0
 469              		.cfi_startproc
 470              		@ args = 0, pretend = 0, frame = 0
 471              		@ frame_needed = 0, uses_anonymous_args = 0
 472 0000 10B5     		push	{r4, lr}
 473              	.LCFI5:
 474              		.cfi_def_cfa_offset 8
 475              		.cfi_offset 4, -8
 476              		.cfi_offset 14, -4
 266:Middlewares/Third_Party/LwIP/src/core/timeouts.c ****   /* tcp_tmr() at index 0 is started on demand */
 477              		.loc 1 266 3 view .LVU117
 268:Middlewares/Third_Party/LwIP/src/core/timeouts.c ****     /* we have to cast via size_t to get rid of const warning
 478              		.loc 1 268 3 view .LVU118
 479              	.LVL36:
 268:Middlewares/Third_Party/LwIP/src/core/timeouts.c ****     /* we have to cast via size_t to get rid of const warning
 480              		.loc 1 268 10 is_stmt 0 view .LVU119
 481 0002 0124     		movs	r4, #1
 268:Middlewares/Third_Party/LwIP/src/core/timeouts.c ****     /* we have to cast via size_t to get rid of const warning
 482              		.loc 1 268 3 view .LVU120
ARM GAS  /tmp/ccUA4cJJ.s 			page 16


 483 0004 08E0     		b	.L42
 484              	.LVL37:
 485              	.L43:
 271:Middlewares/Third_Party/LwIP/src/core/timeouts.c ****   }
 486              		.loc 1 271 5 is_stmt 1 view .LVU121
 271:Middlewares/Third_Party/LwIP/src/core/timeouts.c ****   }
 487              		.loc 1 271 38 is_stmt 0 view .LVU122
 488 0006 064B     		ldr	r3, .L45
 271:Middlewares/Third_Party/LwIP/src/core/timeouts.c ****   }
 489              		.loc 1 271 5 view .LVU123
 490 0008 03EBC402 		add	r2, r3, r4, lsl #3
 491 000c 0549     		ldr	r1, .L45+4
 492 000e 53F83400 		ldr	r0, [r3, r4, lsl #3]
 493 0012 FFF7FEFF 		bl	sys_timeout
 494              	.LVL38:
 268:Middlewares/Third_Party/LwIP/src/core/timeouts.c ****     /* we have to cast via size_t to get rid of const warning
 495              		.loc 1 268 73 is_stmt 1 discriminator 3 view .LVU124
 496 0016 0134     		adds	r4, r4, #1
 497              	.LVL39:
 498              	.L42:
 268:Middlewares/Third_Party/LwIP/src/core/timeouts.c ****     /* we have to cast via size_t to get rid of const warning
 499              		.loc 1 268 34 discriminator 1 view .LVU125
 500 0018 052C     		cmp	r4, #5
 501 001a F4D9     		bls	.L43
 273:Middlewares/Third_Party/LwIP/src/core/timeouts.c **** 
 502              		.loc 1 273 1 is_stmt 0 view .LVU126
 503 001c 10BD     		pop	{r4, pc}
 504              	.LVL40:
 505              	.L46:
 273:Middlewares/Third_Party/LwIP/src/core/timeouts.c **** 
 506              		.loc 1 273 1 view .LVU127
 507 001e 00BF     		.align	2
 508              	.L45:
 509 0020 00000000 		.word	lwip_cyclic_timers
 510 0024 00000000 		.word	lwip_cyclic_timer
 511              		.cfi_endproc
 512              	.LFE160:
 514              		.section	.text.sys_untimeout,"ax",%progbits
 515              		.align	1
 516              		.global	sys_untimeout
 517              		.syntax unified
 518              		.thumb
 519              		.thumb_func
 521              	sys_untimeout:
 522              	.LVL41:
 523              	.LFB162:
 307:Middlewares/Third_Party/LwIP/src/core/timeouts.c **** 
 308:Middlewares/Third_Party/LwIP/src/core/timeouts.c **** /**
 309:Middlewares/Third_Party/LwIP/src/core/timeouts.c ****  * Go through timeout list (for this task only) and remove the first matching
 310:Middlewares/Third_Party/LwIP/src/core/timeouts.c ****  * entry (subsequent entries remain untouched), even though the timeout has not
 311:Middlewares/Third_Party/LwIP/src/core/timeouts.c ****  * triggered yet.
 312:Middlewares/Third_Party/LwIP/src/core/timeouts.c ****  *
 313:Middlewares/Third_Party/LwIP/src/core/timeouts.c ****  * @param handler callback function that would be called by the timeout
 314:Middlewares/Third_Party/LwIP/src/core/timeouts.c ****  * @param arg callback argument that would be passed to handler
 315:Middlewares/Third_Party/LwIP/src/core/timeouts.c **** */
 316:Middlewares/Third_Party/LwIP/src/core/timeouts.c **** void
 317:Middlewares/Third_Party/LwIP/src/core/timeouts.c **** sys_untimeout(sys_timeout_handler handler, void *arg)
ARM GAS  /tmp/ccUA4cJJ.s 			page 17


 318:Middlewares/Third_Party/LwIP/src/core/timeouts.c **** {
 524              		.loc 1 318 1 is_stmt 1 view -0
 525              		.cfi_startproc
 526              		@ args = 0, pretend = 0, frame = 0
 527              		@ frame_needed = 0, uses_anonymous_args = 0
 319:Middlewares/Third_Party/LwIP/src/core/timeouts.c ****   struct sys_timeo *prev_t, *t;
 528              		.loc 1 319 3 view .LVU129
 320:Middlewares/Third_Party/LwIP/src/core/timeouts.c **** 
 321:Middlewares/Third_Party/LwIP/src/core/timeouts.c ****   LWIP_ASSERT_CORE_LOCKED();
 529              		.loc 1 321 28 view .LVU130
 322:Middlewares/Third_Party/LwIP/src/core/timeouts.c **** 
 323:Middlewares/Third_Party/LwIP/src/core/timeouts.c ****   if (next_timeout == NULL) {
 530              		.loc 1 323 3 view .LVU131
 531              		.loc 1 323 20 is_stmt 0 view .LVU132
 532 0000 0E4B     		ldr	r3, .L59
 533 0002 1B68     		ldr	r3, [r3]
 534              		.loc 1 323 6 view .LVU133
 535 0004 C3B1     		cbz	r3, .L55
 318:Middlewares/Third_Party/LwIP/src/core/timeouts.c ****   struct sys_timeo *prev_t, *t;
 536              		.loc 1 318 1 view .LVU134
 537 0006 10B5     		push	{r4, lr}
 538              	.LCFI6:
 539              		.cfi_def_cfa_offset 8
 540              		.cfi_offset 4, -8
 541              		.cfi_offset 14, -4
 324:Middlewares/Third_Party/LwIP/src/core/timeouts.c ****     return;
 325:Middlewares/Third_Party/LwIP/src/core/timeouts.c ****   }
 326:Middlewares/Third_Party/LwIP/src/core/timeouts.c **** 
 327:Middlewares/Third_Party/LwIP/src/core/timeouts.c ****   for (t = next_timeout, prev_t = NULL; t != NULL; prev_t = t, t = t->next) {
 542              		.loc 1 327 33 view .LVU135
 543 0008 0024     		movs	r4, #0
 544 000a 05E0     		b	.L49
 545              	.LVL42:
 546              	.L58:
 328:Middlewares/Third_Party/LwIP/src/core/timeouts.c ****     if ((t->h == handler) && (t->arg == arg)) {
 329:Middlewares/Third_Party/LwIP/src/core/timeouts.c ****       /* We have a match */
 330:Middlewares/Third_Party/LwIP/src/core/timeouts.c ****       /* Unlink from previous in list */
 331:Middlewares/Third_Party/LwIP/src/core/timeouts.c ****       if (prev_t == NULL) {
 332:Middlewares/Third_Party/LwIP/src/core/timeouts.c ****         next_timeout = t->next;
 547              		.loc 1 332 9 is_stmt 1 view .LVU136
 548              		.loc 1 332 25 is_stmt 0 view .LVU137
 549 000c 1968     		ldr	r1, [r3]
 550              	.LVL43:
 551              		.loc 1 332 22 view .LVU138
 552 000e 0B4A     		ldr	r2, .L59
 553 0010 1160     		str	r1, [r2]
 554 0012 0CE0     		b	.L52
 555              	.LVL44:
 556              	.L50:
 327:Middlewares/Third_Party/LwIP/src/core/timeouts.c ****     if ((t->h == handler) && (t->arg == arg)) {
 557              		.loc 1 327 62 is_stmt 1 discriminator 2 view .LVU139
 327:Middlewares/Third_Party/LwIP/src/core/timeouts.c ****     if ((t->h == handler) && (t->arg == arg)) {
 558              		.loc 1 327 59 is_stmt 0 discriminator 2 view .LVU140
 559 0014 1C46     		mov	r4, r3
 327:Middlewares/Third_Party/LwIP/src/core/timeouts.c ****     if ((t->h == handler) && (t->arg == arg)) {
 560              		.loc 1 327 66 discriminator 2 view .LVU141
 561 0016 1B68     		ldr	r3, [r3]
ARM GAS  /tmp/ccUA4cJJ.s 			page 18


 562              	.LVL45:
 563              	.L49:
 327:Middlewares/Third_Party/LwIP/src/core/timeouts.c ****     if ((t->h == handler) && (t->arg == arg)) {
 564              		.loc 1 327 43 is_stmt 1 discriminator 1 view .LVU142
 565 0018 6BB1     		cbz	r3, .L47
 328:Middlewares/Third_Party/LwIP/src/core/timeouts.c ****     if ((t->h == handler) && (t->arg == arg)) {
 566              		.loc 1 328 5 view .LVU143
 328:Middlewares/Third_Party/LwIP/src/core/timeouts.c ****     if ((t->h == handler) && (t->arg == arg)) {
 567              		.loc 1 328 11 is_stmt 0 view .LVU144
 568 001a 9A68     		ldr	r2, [r3, #8]
 328:Middlewares/Third_Party/LwIP/src/core/timeouts.c ****     if ((t->h == handler) && (t->arg == arg)) {
 569              		.loc 1 328 8 view .LVU145
 570 001c 8242     		cmp	r2, r0
 571 001e F9D1     		bne	.L50
 328:Middlewares/Third_Party/LwIP/src/core/timeouts.c ****     if ((t->h == handler) && (t->arg == arg)) {
 572              		.loc 1 328 32 discriminator 1 view .LVU146
 573 0020 DA68     		ldr	r2, [r3, #12]
 328:Middlewares/Third_Party/LwIP/src/core/timeouts.c ****     if ((t->h == handler) && (t->arg == arg)) {
 574              		.loc 1 328 27 discriminator 1 view .LVU147
 575 0022 8A42     		cmp	r2, r1
 576 0024 F6D1     		bne	.L50
 331:Middlewares/Third_Party/LwIP/src/core/timeouts.c ****         next_timeout = t->next;
 577              		.loc 1 331 7 is_stmt 1 view .LVU148
 331:Middlewares/Third_Party/LwIP/src/core/timeouts.c ****         next_timeout = t->next;
 578              		.loc 1 331 10 is_stmt 0 view .LVU149
 579 0026 002C     		cmp	r4, #0
 580 0028 F0D0     		beq	.L58
 333:Middlewares/Third_Party/LwIP/src/core/timeouts.c ****       } else {
 334:Middlewares/Third_Party/LwIP/src/core/timeouts.c ****         prev_t->next = t->next;
 581              		.loc 1 334 9 is_stmt 1 view .LVU150
 582              		.loc 1 334 25 is_stmt 0 view .LVU151
 583 002a 1A68     		ldr	r2, [r3]
 584              		.loc 1 334 22 view .LVU152
 585 002c 2260     		str	r2, [r4]
 586              	.LVL46:
 587              	.L52:
 335:Middlewares/Third_Party/LwIP/src/core/timeouts.c ****       }
 336:Middlewares/Third_Party/LwIP/src/core/timeouts.c ****       memp_free(MEMP_SYS_TIMEOUT, t);
 588              		.loc 1 336 7 is_stmt 1 view .LVU153
 589 002e 1946     		mov	r1, r3
 590 0030 0620     		movs	r0, #6
 591              	.LVL47:
 592              		.loc 1 336 7 is_stmt 0 view .LVU154
 593 0032 FFF7FEFF 		bl	memp_free
 594              	.LVL48:
 337:Middlewares/Third_Party/LwIP/src/core/timeouts.c ****       return;
 595              		.loc 1 337 7 is_stmt 1 view .LVU155
 596              	.L47:
 338:Middlewares/Third_Party/LwIP/src/core/timeouts.c ****     }
 339:Middlewares/Third_Party/LwIP/src/core/timeouts.c ****   }
 340:Middlewares/Third_Party/LwIP/src/core/timeouts.c ****   return;
 341:Middlewares/Third_Party/LwIP/src/core/timeouts.c **** }
 597              		.loc 1 341 1 is_stmt 0 view .LVU156
 598 0036 10BD     		pop	{r4, pc}
 599              	.LVL49:
 600              	.L55:
 601              	.LCFI7:
ARM GAS  /tmp/ccUA4cJJ.s 			page 19


 602              		.cfi_def_cfa_offset 0
 603              		.cfi_restore 4
 604              		.cfi_restore 14
 605              		.loc 1 341 1 view .LVU157
 606 0038 7047     		bx	lr
 607              	.L60:
 608 003a 00BF     		.align	2
 609              	.L59:
 610 003c 00000000 		.word	next_timeout
 611              		.cfi_endproc
 612              	.LFE162:
 614              		.section	.text.sys_check_timeouts,"ax",%progbits
 615              		.align	1
 616              		.global	sys_check_timeouts
 617              		.syntax unified
 618              		.thumb
 619              		.thumb_func
 621              	sys_check_timeouts:
 622              	.LFB163:
 342:Middlewares/Third_Party/LwIP/src/core/timeouts.c **** 
 343:Middlewares/Third_Party/LwIP/src/core/timeouts.c **** /**
 344:Middlewares/Third_Party/LwIP/src/core/timeouts.c ****  * @ingroup lwip_nosys
 345:Middlewares/Third_Party/LwIP/src/core/timeouts.c ****  * Handle timeouts for NO_SYS==1 (i.e. without using
 346:Middlewares/Third_Party/LwIP/src/core/timeouts.c ****  * tcpip_thread/sys_timeouts_mbox_fetch(). Uses sys_now() to call timeout
 347:Middlewares/Third_Party/LwIP/src/core/timeouts.c ****  * handler functions when timeouts expire.
 348:Middlewares/Third_Party/LwIP/src/core/timeouts.c ****  *
 349:Middlewares/Third_Party/LwIP/src/core/timeouts.c ****  * Must be called periodically from your main loop.
 350:Middlewares/Third_Party/LwIP/src/core/timeouts.c ****  */
 351:Middlewares/Third_Party/LwIP/src/core/timeouts.c **** void
 352:Middlewares/Third_Party/LwIP/src/core/timeouts.c **** sys_check_timeouts(void)
 353:Middlewares/Third_Party/LwIP/src/core/timeouts.c **** {
 623              		.loc 1 353 1 is_stmt 1 view -0
 624              		.cfi_startproc
 625              		@ args = 0, pretend = 0, frame = 0
 626              		@ frame_needed = 0, uses_anonymous_args = 0
 627 0000 70B5     		push	{r4, r5, r6, lr}
 628              	.LCFI8:
 629              		.cfi_def_cfa_offset 16
 630              		.cfi_offset 4, -16
 631              		.cfi_offset 5, -12
 632              		.cfi_offset 6, -8
 633              		.cfi_offset 14, -4
 354:Middlewares/Third_Party/LwIP/src/core/timeouts.c ****   u32_t now;
 634              		.loc 1 354 3 view .LVU159
 355:Middlewares/Third_Party/LwIP/src/core/timeouts.c **** 
 356:Middlewares/Third_Party/LwIP/src/core/timeouts.c ****   LWIP_ASSERT_CORE_LOCKED();
 635              		.loc 1 356 28 view .LVU160
 357:Middlewares/Third_Party/LwIP/src/core/timeouts.c **** 
 358:Middlewares/Third_Party/LwIP/src/core/timeouts.c ****   /* Process only timers expired at the start of the function. */
 359:Middlewares/Third_Party/LwIP/src/core/timeouts.c ****   now = sys_now();
 636              		.loc 1 359 3 view .LVU161
 637              		.loc 1 359 9 is_stmt 0 view .LVU162
 638 0002 FFF7FEFF 		bl	sys_now
 639              	.LVL50:
 640 0006 0546     		mov	r5, r0
 641              	.LVL51:
 642              		.loc 1 359 9 view .LVU163
ARM GAS  /tmp/ccUA4cJJ.s 			page 20


 643 0008 11E0     		b	.L64
 644              	.LVL52:
 645              	.L62:
 646              	.LBB2:
 360:Middlewares/Third_Party/LwIP/src/core/timeouts.c **** 
 361:Middlewares/Third_Party/LwIP/src/core/timeouts.c ****   do {
 362:Middlewares/Third_Party/LwIP/src/core/timeouts.c ****     struct sys_timeo *tmptimeout;
 363:Middlewares/Third_Party/LwIP/src/core/timeouts.c ****     sys_timeout_handler handler;
 364:Middlewares/Third_Party/LwIP/src/core/timeouts.c ****     void *arg;
 365:Middlewares/Third_Party/LwIP/src/core/timeouts.c **** 
 366:Middlewares/Third_Party/LwIP/src/core/timeouts.c ****     PBUF_CHECK_FREE_OOSEQ();
 647              		.loc 1 366 5 is_stmt 1 discriminator 3 view .LVU164
 367:Middlewares/Third_Party/LwIP/src/core/timeouts.c **** 
 368:Middlewares/Third_Party/LwIP/src/core/timeouts.c ****     tmptimeout = next_timeout;
 648              		.loc 1 368 5 view .LVU165
 649              		.loc 1 368 16 is_stmt 0 view .LVU166
 650 000a 0E4B     		ldr	r3, .L68
 651 000c 1968     		ldr	r1, [r3]
 652              	.LVL53:
 369:Middlewares/Third_Party/LwIP/src/core/timeouts.c ****     if (tmptimeout == NULL) {
 653              		.loc 1 369 5 is_stmt 1 view .LVU167
 654              		.loc 1 369 8 is_stmt 0 view .LVU168
 655 000e C1B1     		cbz	r1, .L61
 370:Middlewares/Third_Party/LwIP/src/core/timeouts.c ****       return;
 371:Middlewares/Third_Party/LwIP/src/core/timeouts.c ****     }
 372:Middlewares/Third_Party/LwIP/src/core/timeouts.c **** 
 373:Middlewares/Third_Party/LwIP/src/core/timeouts.c ****     if (TIME_LESS_THAN(now, tmptimeout->time)) {
 656              		.loc 1 373 5 is_stmt 1 view .LVU169
 657              		.loc 1 373 9 is_stmt 0 view .LVU170
 658 0010 4B68     		ldr	r3, [r1, #4]
 659 0012 EA1A     		subs	r2, r5, r3
 660              		.loc 1 373 8 view .LVU171
 661 0014 002A     		cmp	r2, #0
 662 0016 14DB     		blt	.L61
 374:Middlewares/Third_Party/LwIP/src/core/timeouts.c ****       return;
 375:Middlewares/Third_Party/LwIP/src/core/timeouts.c ****     }
 376:Middlewares/Third_Party/LwIP/src/core/timeouts.c **** 
 377:Middlewares/Third_Party/LwIP/src/core/timeouts.c ****     /* Timeout has expired */
 378:Middlewares/Third_Party/LwIP/src/core/timeouts.c ****     next_timeout = tmptimeout->next;
 663              		.loc 1 378 5 is_stmt 1 view .LVU172
 664              		.loc 1 378 30 is_stmt 0 view .LVU173
 665 0018 0868     		ldr	r0, [r1]
 666              		.loc 1 378 18 view .LVU174
 667 001a 0A4A     		ldr	r2, .L68
 668 001c 1060     		str	r0, [r2]
 379:Middlewares/Third_Party/LwIP/src/core/timeouts.c ****     handler = tmptimeout->h;
 669              		.loc 1 379 5 is_stmt 1 view .LVU175
 670              		.loc 1 379 13 is_stmt 0 view .LVU176
 671 001e 8C68     		ldr	r4, [r1, #8]
 672              	.LVL54:
 380:Middlewares/Third_Party/LwIP/src/core/timeouts.c ****     arg = tmptimeout->arg;
 673              		.loc 1 380 5 is_stmt 1 view .LVU177
 674              		.loc 1 380 9 is_stmt 0 view .LVU178
 675 0020 CE68     		ldr	r6, [r1, #12]
 676              	.LVL55:
 381:Middlewares/Third_Party/LwIP/src/core/timeouts.c ****     current_timeout_due_time = tmptimeout->time;
 677              		.loc 1 381 5 is_stmt 1 view .LVU179
ARM GAS  /tmp/ccUA4cJJ.s 			page 21


 678              		.loc 1 381 30 is_stmt 0 view .LVU180
 679 0022 094A     		ldr	r2, .L68+4
 680 0024 1360     		str	r3, [r2]
 382:Middlewares/Third_Party/LwIP/src/core/timeouts.c **** #if LWIP_DEBUG_TIMERNAMES
 383:Middlewares/Third_Party/LwIP/src/core/timeouts.c ****     if (handler != NULL) {
 384:Middlewares/Third_Party/LwIP/src/core/timeouts.c ****       LWIP_DEBUGF(TIMERS_DEBUG, ("sct calling h=%s t=%"U32_F" arg=%p\n",
 385:Middlewares/Third_Party/LwIP/src/core/timeouts.c ****                                  tmptimeout->handler_name, sys_now() - tmptimeout->time, arg));
 386:Middlewares/Third_Party/LwIP/src/core/timeouts.c ****     }
 387:Middlewares/Third_Party/LwIP/src/core/timeouts.c **** #endif /* LWIP_DEBUG_TIMERNAMES */
 388:Middlewares/Third_Party/LwIP/src/core/timeouts.c ****     memp_free(MEMP_SYS_TIMEOUT, tmptimeout);
 681              		.loc 1 388 5 is_stmt 1 view .LVU181
 682 0026 0620     		movs	r0, #6
 683 0028 FFF7FEFF 		bl	memp_free
 684              	.LVL56:
 389:Middlewares/Third_Party/LwIP/src/core/timeouts.c ****     if (handler != NULL) {
 685              		.loc 1 389 5 view .LVU182
 686              		.loc 1 389 8 is_stmt 0 view .LVU183
 687 002c 34B9     		cbnz	r4, .L67
 688              	.LVL57:
 689              	.L64:
 690              		.loc 1 389 8 view .LVU184
 691              	.LBE2:
 361:Middlewares/Third_Party/LwIP/src/core/timeouts.c ****     struct sys_timeo *tmptimeout;
 692              		.loc 1 361 3 is_stmt 1 view .LVU185
 693              	.LBB3:
 362:Middlewares/Third_Party/LwIP/src/core/timeouts.c ****     sys_timeout_handler handler;
 694              		.loc 1 362 5 view .LVU186
 363:Middlewares/Third_Party/LwIP/src/core/timeouts.c ****     void *arg;
 695              		.loc 1 363 5 view .LVU187
 364:Middlewares/Third_Party/LwIP/src/core/timeouts.c **** 
 696              		.loc 1 364 5 view .LVU188
 366:Middlewares/Third_Party/LwIP/src/core/timeouts.c **** 
 697              		.loc 1 366 5 view .LVU189
 366:Middlewares/Third_Party/LwIP/src/core/timeouts.c **** 
 698              		.loc 1 366 5 view .LVU190
 699 002e 074B     		ldr	r3, .L68+8
 700 0030 1B78     		ldrb	r3, [r3]	@ zero_extendqisi2
 701 0032 002B     		cmp	r3, #0
 702 0034 E9D0     		beq	.L62
 366:Middlewares/Third_Party/LwIP/src/core/timeouts.c **** 
 703              		.loc 1 366 5 discriminator 1 view .LVU191
 704 0036 FFF7FEFF 		bl	pbuf_free_ooseq
 705              	.LVL58:
 706 003a E6E7     		b	.L62
 707              	.LVL59:
 708              	.L67:
 390:Middlewares/Third_Party/LwIP/src/core/timeouts.c ****       handler(arg);
 709              		.loc 1 390 7 view .LVU192
 710 003c 3046     		mov	r0, r6
 711 003e A047     		blx	r4
 712              	.LVL60:
 713 0040 F5E7     		b	.L64
 714              	.LVL61:
 715              	.L61:
 716              		.loc 1 390 7 is_stmt 0 view .LVU193
 717              	.LBE3:
 391:Middlewares/Third_Party/LwIP/src/core/timeouts.c ****     }
ARM GAS  /tmp/ccUA4cJJ.s 			page 22


 392:Middlewares/Third_Party/LwIP/src/core/timeouts.c ****     LWIP_TCPIP_THREAD_ALIVE();
 393:Middlewares/Third_Party/LwIP/src/core/timeouts.c **** 
 394:Middlewares/Third_Party/LwIP/src/core/timeouts.c ****     /* Repeat until all expired timers have been called */
 395:Middlewares/Third_Party/LwIP/src/core/timeouts.c ****   } while (1);
 396:Middlewares/Third_Party/LwIP/src/core/timeouts.c **** }
 718              		.loc 1 396 1 view .LVU194
 719 0042 70BD     		pop	{r4, r5, r6, pc}
 720              	.LVL62:
 721              	.L69:
 722              		.loc 1 396 1 view .LVU195
 723              		.align	2
 724              	.L68:
 725 0044 00000000 		.word	next_timeout
 726 0048 00000000 		.word	current_timeout_due_time
 727 004c 00000000 		.word	pbuf_free_ooseq_pending
 728              		.cfi_endproc
 729              	.LFE163:
 731              		.section	.text.sys_restart_timeouts,"ax",%progbits
 732              		.align	1
 733              		.global	sys_restart_timeouts
 734              		.syntax unified
 735              		.thumb
 736              		.thumb_func
 738              	sys_restart_timeouts:
 739              	.LFB164:
 397:Middlewares/Third_Party/LwIP/src/core/timeouts.c **** 
 398:Middlewares/Third_Party/LwIP/src/core/timeouts.c **** /** Rebase the timeout times to the current time.
 399:Middlewares/Third_Party/LwIP/src/core/timeouts.c ****  * This is necessary if sys_check_timeouts() hasn't been called for a long
 400:Middlewares/Third_Party/LwIP/src/core/timeouts.c ****  * time (e.g. while saving energy) to prevent all timer functions of that
 401:Middlewares/Third_Party/LwIP/src/core/timeouts.c ****  * period being called.
 402:Middlewares/Third_Party/LwIP/src/core/timeouts.c ****  */
 403:Middlewares/Third_Party/LwIP/src/core/timeouts.c **** void
 404:Middlewares/Third_Party/LwIP/src/core/timeouts.c **** sys_restart_timeouts(void)
 405:Middlewares/Third_Party/LwIP/src/core/timeouts.c **** {
 740              		.loc 1 405 1 is_stmt 1 view -0
 741              		.cfi_startproc
 742              		@ args = 0, pretend = 0, frame = 0
 743              		@ frame_needed = 0, uses_anonymous_args = 0
 744 0000 08B5     		push	{r3, lr}
 745              	.LCFI9:
 746              		.cfi_def_cfa_offset 8
 747              		.cfi_offset 3, -8
 748              		.cfi_offset 14, -4
 406:Middlewares/Third_Party/LwIP/src/core/timeouts.c ****   u32_t now;
 749              		.loc 1 406 3 view .LVU197
 407:Middlewares/Third_Party/LwIP/src/core/timeouts.c ****   u32_t base;
 750              		.loc 1 407 3 view .LVU198
 408:Middlewares/Third_Party/LwIP/src/core/timeouts.c ****   struct sys_timeo *t;
 751              		.loc 1 408 3 view .LVU199
 409:Middlewares/Third_Party/LwIP/src/core/timeouts.c **** 
 410:Middlewares/Third_Party/LwIP/src/core/timeouts.c ****   if (next_timeout == NULL) {
 752              		.loc 1 410 3 view .LVU200
 753              		.loc 1 410 20 is_stmt 0 view .LVU201
 754 0002 084B     		ldr	r3, .L75
 755 0004 1B68     		ldr	r3, [r3]
 756              		.loc 1 410 6 view .LVU202
 757 0006 63B1     		cbz	r3, .L70
ARM GAS  /tmp/ccUA4cJJ.s 			page 23


 411:Middlewares/Third_Party/LwIP/src/core/timeouts.c ****     return;
 412:Middlewares/Third_Party/LwIP/src/core/timeouts.c ****   }
 413:Middlewares/Third_Party/LwIP/src/core/timeouts.c **** 
 414:Middlewares/Third_Party/LwIP/src/core/timeouts.c ****   now = sys_now();
 758              		.loc 1 414 3 is_stmt 1 view .LVU203
 759              		.loc 1 414 9 is_stmt 0 view .LVU204
 760 0008 FFF7FEFF 		bl	sys_now
 761              	.LVL63:
 415:Middlewares/Third_Party/LwIP/src/core/timeouts.c ****   base = next_timeout->time;
 762              		.loc 1 415 3 is_stmt 1 view .LVU205
 763              		.loc 1 415 22 is_stmt 0 view .LVU206
 764 000c 054B     		ldr	r3, .L75
 765 000e 1A68     		ldr	r2, [r3]
 766              		.loc 1 415 8 view .LVU207
 767 0010 5168     		ldr	r1, [r2, #4]
 768              	.LVL64:
 416:Middlewares/Third_Party/LwIP/src/core/timeouts.c **** 
 417:Middlewares/Third_Party/LwIP/src/core/timeouts.c ****   for (t = next_timeout; t != NULL; t = t->next) {
 769              		.loc 1 417 3 is_stmt 1 view .LVU208
 770              		.loc 1 417 3 is_stmt 0 view .LVU209
 771 0012 04E0     		b	.L72
 772              	.L73:
 418:Middlewares/Third_Party/LwIP/src/core/timeouts.c ****     t->time = (t->time - base) + now;
 773              		.loc 1 418 5 is_stmt 1 view .LVU210
 774              		.loc 1 418 17 is_stmt 0 view .LVU211
 775 0014 5368     		ldr	r3, [r2, #4]
 776              		.loc 1 418 24 view .LVU212
 777 0016 5B1A     		subs	r3, r3, r1
 778              		.loc 1 418 32 view .LVU213
 779 0018 0344     		add	r3, r3, r0
 780              		.loc 1 418 13 view .LVU214
 781 001a 5360     		str	r3, [r2, #4]
 417:Middlewares/Third_Party/LwIP/src/core/timeouts.c ****     t->time = (t->time - base) + now;
 782              		.loc 1 417 39 is_stmt 1 discriminator 3 view .LVU215
 783 001c 1268     		ldr	r2, [r2]
 784              	.LVL65:
 785              	.L72:
 417:Middlewares/Third_Party/LwIP/src/core/timeouts.c ****     t->time = (t->time - base) + now;
 786              		.loc 1 417 28 discriminator 1 view .LVU216
 787 001e 002A     		cmp	r2, #0
 788 0020 F8D1     		bne	.L73
 789              	.LVL66:
 790              	.L70:
 419:Middlewares/Third_Party/LwIP/src/core/timeouts.c ****   }
 420:Middlewares/Third_Party/LwIP/src/core/timeouts.c **** }
 791              		.loc 1 420 1 is_stmt 0 view .LVU217
 792 0022 08BD     		pop	{r3, pc}
 793              	.L76:
 794              		.align	2
 795              	.L75:
 796 0024 00000000 		.word	next_timeout
 797              		.cfi_endproc
 798              	.LFE164:
 800              		.section	.rodata.sys_timeouts_sleeptime.str1.4,"aMS",%progbits,1
 801              		.align	2
 802              	.LC4:
 803 0000 696E7661 		.ascii	"invalid sleeptime\000"
ARM GAS  /tmp/ccUA4cJJ.s 			page 24


 803      6C696420 
 803      736C6565 
 803      7074696D 
 803      6500
 804              		.section	.text.sys_timeouts_sleeptime,"ax",%progbits
 805              		.align	1
 806              		.global	sys_timeouts_sleeptime
 807              		.syntax unified
 808              		.thumb
 809              		.thumb_func
 811              	sys_timeouts_sleeptime:
 812              	.LFB165:
 421:Middlewares/Third_Party/LwIP/src/core/timeouts.c **** 
 422:Middlewares/Third_Party/LwIP/src/core/timeouts.c **** /** Return the time left before the next timeout is due. If no timeouts are
 423:Middlewares/Third_Party/LwIP/src/core/timeouts.c ****  * enqueued, returns 0xffffffff
 424:Middlewares/Third_Party/LwIP/src/core/timeouts.c ****  */
 425:Middlewares/Third_Party/LwIP/src/core/timeouts.c **** u32_t
 426:Middlewares/Third_Party/LwIP/src/core/timeouts.c **** sys_timeouts_sleeptime(void)
 427:Middlewares/Third_Party/LwIP/src/core/timeouts.c **** {
 813              		.loc 1 427 1 is_stmt 1 view -0
 814              		.cfi_startproc
 815              		@ args = 0, pretend = 0, frame = 0
 816              		@ frame_needed = 0, uses_anonymous_args = 0
 817 0000 10B5     		push	{r4, lr}
 818              	.LCFI10:
 819              		.cfi_def_cfa_offset 8
 820              		.cfi_offset 4, -8
 821              		.cfi_offset 14, -4
 428:Middlewares/Third_Party/LwIP/src/core/timeouts.c ****   u32_t now;
 822              		.loc 1 428 3 view .LVU219
 429:Middlewares/Third_Party/LwIP/src/core/timeouts.c **** 
 430:Middlewares/Third_Party/LwIP/src/core/timeouts.c ****   LWIP_ASSERT_CORE_LOCKED();
 823              		.loc 1 430 28 view .LVU220
 431:Middlewares/Third_Party/LwIP/src/core/timeouts.c **** 
 432:Middlewares/Third_Party/LwIP/src/core/timeouts.c ****   if (next_timeout == NULL) {
 824              		.loc 1 432 3 view .LVU221
 825              		.loc 1 432 20 is_stmt 0 view .LVU222
 826 0002 0D4B     		ldr	r3, .L83
 827 0004 1B68     		ldr	r3, [r3]
 828              		.loc 1 432 6 view .LVU223
 829 0006 83B1     		cbz	r3, .L80
 433:Middlewares/Third_Party/LwIP/src/core/timeouts.c ****     return SYS_TIMEOUTS_SLEEPTIME_INFINITE;
 434:Middlewares/Third_Party/LwIP/src/core/timeouts.c ****   }
 435:Middlewares/Third_Party/LwIP/src/core/timeouts.c ****   now = sys_now();
 830              		.loc 1 435 3 is_stmt 1 view .LVU224
 831              		.loc 1 435 9 is_stmt 0 view .LVU225
 832 0008 FFF7FEFF 		bl	sys_now
 833              	.LVL67:
 436:Middlewares/Third_Party/LwIP/src/core/timeouts.c ****   if (TIME_LESS_THAN(next_timeout->time, now)) {
 834              		.loc 1 436 3 is_stmt 1 view .LVU226
 835              		.loc 1 436 7 is_stmt 0 view .LVU227
 836 000c 0A4B     		ldr	r3, .L83
 837 000e 1B68     		ldr	r3, [r3]
 838 0010 5C68     		ldr	r4, [r3, #4]
 839              		.loc 1 436 6 view .LVU228
 840 0012 241A     		subs	r4, r4, r0
 841 0014 0CD4     		bmi	.L81
ARM GAS  /tmp/ccUA4cJJ.s 			page 25


 842              	.LBB4:
 437:Middlewares/Third_Party/LwIP/src/core/timeouts.c ****     return 0;
 438:Middlewares/Third_Party/LwIP/src/core/timeouts.c ****   } else {
 439:Middlewares/Third_Party/LwIP/src/core/timeouts.c ****     u32_t ret = (u32_t)(next_timeout->time - now);
 843              		.loc 1 439 5 is_stmt 1 view .LVU229
 844              	.LVL68:
 440:Middlewares/Third_Party/LwIP/src/core/timeouts.c ****     LWIP_ASSERT("invalid sleeptime", ret <= LWIP_MAX_TIMEOUT);
 845              		.loc 1 440 5 view .LVU230
 846              		.loc 1 440 5 view .LVU231
 847 0016 002C     		cmp	r4, #0
 848 0018 0BDA     		bge	.L77
 849              		.loc 1 440 5 discriminator 1 view .LVU232
 850              		.loc 1 440 5 discriminator 1 view .LVU233
 851 001a 084B     		ldr	r3, .L83+4
 852 001c 4FF4DC72 		mov	r2, #440
 853 0020 0749     		ldr	r1, .L83+8
 854 0022 0848     		ldr	r0, .L83+12
 855              	.LVL69:
 856              		.loc 1 440 5 is_stmt 0 discriminator 1 view .LVU234
 857 0024 FFF7FEFF 		bl	printf
 858              	.LVL70:
 859              		.loc 1 440 5 is_stmt 1 discriminator 3 view .LVU235
 860              		.loc 1 440 5 discriminator 3 view .LVU236
 441:Middlewares/Third_Party/LwIP/src/core/timeouts.c ****     return ret;
 861              		.loc 1 441 5 view .LVU237
 862              		.loc 1 441 12 is_stmt 0 view .LVU238
 863 0028 03E0     		b	.L77
 864              	.LVL71:
 865              	.L80:
 866              		.loc 1 441 12 view .LVU239
 867              	.LBE4:
 433:Middlewares/Third_Party/LwIP/src/core/timeouts.c ****   }
 868              		.loc 1 433 12 view .LVU240
 869 002a 4FF0FF34 		mov	r4, #-1
 870 002e 00E0     		b	.L77
 871              	.LVL72:
 872              	.L81:
 437:Middlewares/Third_Party/LwIP/src/core/timeouts.c ****   } else {
 873              		.loc 1 437 12 view .LVU241
 874 0030 0024     		movs	r4, #0
 875              	.LVL73:
 876              	.L77:
 442:Middlewares/Third_Party/LwIP/src/core/timeouts.c ****   }
 443:Middlewares/Third_Party/LwIP/src/core/timeouts.c **** }
 877              		.loc 1 443 1 view .LVU242
 878 0032 2046     		mov	r0, r4
 879 0034 10BD     		pop	{r4, pc}
 880              	.L84:
 881 0036 00BF     		.align	2
 882              	.L83:
 883 0038 00000000 		.word	next_timeout
 884 003c 00000000 		.word	.LC0
 885 0040 00000000 		.word	.LC4
 886 0044 74000000 		.word	.LC2
 887              		.cfi_endproc
 888              	.LFE165:
 890              		.section	.bss.tcpip_tcp_timer_active,"aw",%nobits
ARM GAS  /tmp/ccUA4cJJ.s 			page 26


 891              		.align	2
 894              	tcpip_tcp_timer_active:
 895 0000 00000000 		.space	4
 896              		.section	.bss.current_timeout_due_time,"aw",%nobits
 897              		.align	2
 900              	current_timeout_due_time:
 901 0000 00000000 		.space	4
 902              		.section	.bss.next_timeout,"aw",%nobits
 903              		.align	2
 906              	next_timeout:
 907 0000 00000000 		.space	4
 908              		.global	lwip_num_cyclic_timers
 909              		.section	.rodata.lwip_num_cyclic_timers,"a"
 910              		.align	2
 913              	lwip_num_cyclic_timers:
 914 0000 06000000 		.word	6
 915              		.global	lwip_cyclic_timers
 916              		.section	.rodata.lwip_cyclic_timers,"a"
 917              		.align	2
 920              	lwip_cyclic_timers:
 921 0000 FA000000 		.word	250
 922 0004 00000000 		.word	tcp_tmr
 923 0008 E8030000 		.word	1000
 924 000c 00000000 		.word	ip_reass_tmr
 925 0010 E8030000 		.word	1000
 926 0014 00000000 		.word	etharp_tmr
 927 0018 60EA0000 		.word	60000
 928 001c 00000000 		.word	dhcp_coarse_tmr
 929 0020 F4010000 		.word	500
 930 0024 00000000 		.word	dhcp_fine_tmr
 931 0028 E8030000 		.word	1000
 932 002c 00000000 		.word	dns_tmr
 933              		.text
 934              	.Letext0:
 935              		.file 2 "/usr/lib/gcc/arm-none-eabi/14.2.1/include/stdint.h"
 936              		.file 3 "/usr/lib/gcc/arm-none-eabi/14.2.1/include/stddef.h"
 937              		.file 4 "Middlewares/Third_Party/LwIP/src/include/lwip/arch.h"
 938              		.file 5 "Middlewares/Third_Party/LwIP/src/include/lwip/err.h"
 939              		.file 6 "Middlewares/Third_Party/LwIP/src/include/lwip/timeouts.h"
 940              		.file 7 "Middlewares/Third_Party/LwIP/src/include/lwip/tcpbase.h"
 941              		.file 8 "Middlewares/Third_Party/LwIP/src/include/lwip/pbuf.h"
 942              		.file 9 "Middlewares/Third_Party/LwIP/src/include/lwip/ip4_addr.h"
 943              		.file 10 "Middlewares/Third_Party/LwIP/src/include/lwip/ip_addr.h"
 944              		.file 11 "Middlewares/Third_Party/LwIP/src/include/lwip/memp.h"
 945              		.file 12 "Middlewares/Third_Party/LwIP/src/include/lwip/netif.h"
 946              		.file 13 "Middlewares/Third_Party/LwIP/src/include/lwip/tcp.h"
 947              		.file 14 "Middlewares/Third_Party/LwIP/src/include/lwip/priv/tcp_priv.h"
 948              		.file 15 "Middlewares/Third_Party/LwIP/src/include/lwip/prot/tcp.h"
 949              		.file 16 "/usr/include/newlib/stdio.h"
 950              		.file 17 "Middlewares/Third_Party/LwIP/src/include/lwip/dns.h"
 951              		.file 18 "Middlewares/Third_Party/LwIP/src/include/lwip/dhcp.h"
 952              		.file 19 "Middlewares/Third_Party/LwIP/src/include/lwip/etharp.h"
 953              		.file 20 "Middlewares/Third_Party/LwIP/src/include/lwip/ip4_frag.h"
 954              		.file 21 "Middlewares/Third_Party/LwIP/src/include/lwip/sys.h"
ARM GAS  /tmp/ccUA4cJJ.s 			page 27


DEFINED SYMBOLS
                            *ABS*:00000000 timeouts.c
     /tmp/ccUA4cJJ.s:21     .rodata.sys_timeout_abs.str1.4:00000000 $d
     /tmp/ccUA4cJJ.s:32     .text.sys_timeout_abs:00000000 $t
     /tmp/ccUA4cJJ.s:37     .text.sys_timeout_abs:00000000 sys_timeout_abs
     /tmp/ccUA4cJJ.s:166    .text.sys_timeout_abs:00000060 $d
     /tmp/ccUA4cJJ.s:906    .bss.next_timeout:00000000 next_timeout
     /tmp/ccUA4cJJ.s:174    .text.lwip_cyclic_timer:00000000 $t
     /tmp/ccUA4cJJ.s:179    .text.lwip_cyclic_timer:00000000 lwip_cyclic_timer
     /tmp/ccUA4cJJ.s:250    .text.lwip_cyclic_timer:00000038 $d
     /tmp/ccUA4cJJ.s:900    .bss.current_timeout_due_time:00000000 current_timeout_due_time
     /tmp/ccUA4cJJ.s:256    .rodata.sys_timeout.str1.4:00000000 $d
     /tmp/ccUA4cJJ.s:261    .text.sys_timeout:00000000 $t
     /tmp/ccUA4cJJ.s:267    .text.sys_timeout:00000000 sys_timeout
     /tmp/ccUA4cJJ.s:329    .text.sys_timeout:00000030 $d
     /tmp/ccUA4cJJ.s:336    .text.tcp_timer_needed:00000000 $t
     /tmp/ccUA4cJJ.s:342    .text.tcp_timer_needed:00000000 tcp_timer_needed
     /tmp/ccUA4cJJ.s:390    .text.tcp_timer_needed:0000002c $d
     /tmp/ccUA4cJJ.s:894    .bss.tcpip_tcp_timer_active:00000000 tcpip_tcp_timer_active
     /tmp/ccUA4cJJ.s:403    .text.tcpip_tcp_timer:00000000 tcpip_tcp_timer
     /tmp/ccUA4cJJ.s:398    .text.tcpip_tcp_timer:00000000 $t
     /tmp/ccUA4cJJ.s:452    .text.tcpip_tcp_timer:00000028 $d
     /tmp/ccUA4cJJ.s:460    .text.sys_timeouts_init:00000000 $t
     /tmp/ccUA4cJJ.s:466    .text.sys_timeouts_init:00000000 sys_timeouts_init
     /tmp/ccUA4cJJ.s:509    .text.sys_timeouts_init:00000020 $d
     /tmp/ccUA4cJJ.s:920    .rodata.lwip_cyclic_timers:00000000 lwip_cyclic_timers
     /tmp/ccUA4cJJ.s:515    .text.sys_untimeout:00000000 $t
     /tmp/ccUA4cJJ.s:521    .text.sys_untimeout:00000000 sys_untimeout
     /tmp/ccUA4cJJ.s:610    .text.sys_untimeout:0000003c $d
     /tmp/ccUA4cJJ.s:615    .text.sys_check_timeouts:00000000 $t
     /tmp/ccUA4cJJ.s:621    .text.sys_check_timeouts:00000000 sys_check_timeouts
     /tmp/ccUA4cJJ.s:725    .text.sys_check_timeouts:00000044 $d
     /tmp/ccUA4cJJ.s:732    .text.sys_restart_timeouts:00000000 $t
     /tmp/ccUA4cJJ.s:738    .text.sys_restart_timeouts:00000000 sys_restart_timeouts
     /tmp/ccUA4cJJ.s:796    .text.sys_restart_timeouts:00000024 $d
     /tmp/ccUA4cJJ.s:801    .rodata.sys_timeouts_sleeptime.str1.4:00000000 $d
     /tmp/ccUA4cJJ.s:805    .text.sys_timeouts_sleeptime:00000000 $t
     /tmp/ccUA4cJJ.s:811    .text.sys_timeouts_sleeptime:00000000 sys_timeouts_sleeptime
     /tmp/ccUA4cJJ.s:883    .text.sys_timeouts_sleeptime:00000038 $d
     /tmp/ccUA4cJJ.s:891    .bss.tcpip_tcp_timer_active:00000000 $d
     /tmp/ccUA4cJJ.s:897    .bss.current_timeout_due_time:00000000 $d
     /tmp/ccUA4cJJ.s:903    .bss.next_timeout:00000000 $d
     /tmp/ccUA4cJJ.s:913    .rodata.lwip_num_cyclic_timers:00000000 lwip_num_cyclic_timers
     /tmp/ccUA4cJJ.s:910    .rodata.lwip_num_cyclic_timers:00000000 $d
     /tmp/ccUA4cJJ.s:917    .rodata.lwip_cyclic_timers:00000000 $d

UNDEFINED SYMBOLS
memp_malloc
printf
sys_now
tcp_active_pcbs
tcp_tw_pcbs
tcp_tmr
memp_free
pbuf_free_ooseq
pbuf_free_ooseq_pending
ip_reass_tmr
ARM GAS  /tmp/ccUA4cJJ.s 			page 28


etharp_tmr
dhcp_coarse_tmr
dhcp_fine_tmr
dns_tmr
