ARM GAS  /tmp/ccKxs7hu.s 			page 1


   1              		.cpu cortex-m4
   2              		.arch armv7e-m
   3              		.fpu fpv4-sp-d16
   4              		.eabi_attribute 27, 1
   5              		.eabi_attribute 28, 1
   6              		.eabi_attribute 20, 1
   7              		.eabi_attribute 21, 1
   8              		.eabi_attribute 23, 3
   9              		.eabi_attribute 24, 1
  10              		.eabi_attribute 25, 1
  11              		.eabi_attribute 26, 1
  12              		.eabi_attribute 30, 1
  13              		.eabi_attribute 34, 1
  14              		.eabi_attribute 18, 4
  15              		.file	"usart.c"
  16              		.text
  17              	.Ltext0:
  18              		.cfi_sections	.debug_frame
  19              		.file 1 "Core/Src/usart.c"
  20              		.section	.text.MX_USART1_UART_Init,"ax",%progbits
  21              		.align	1
  22              		.global	MX_USART1_UART_Init
  23              		.syntax unified
  24              		.thumb
  25              		.thumb_func
  27              	MX_USART1_UART_Init:
  28              	.LFB130:
   1:Core/Src/usart.c **** /* USER CODE BEGIN Header */
   2:Core/Src/usart.c **** /**
   3:Core/Src/usart.c ****   ******************************************************************************
   4:Core/Src/usart.c ****   * @file    usart.c
   5:Core/Src/usart.c ****   * @brief   This file provides code for the configuration
   6:Core/Src/usart.c ****   *          of the USART instances.
   7:Core/Src/usart.c ****   ******************************************************************************
   8:Core/Src/usart.c ****   * @attention
   9:Core/Src/usart.c ****   *
  10:Core/Src/usart.c ****   * Copyright (c) 2023 STMicroelectronics.
  11:Core/Src/usart.c ****   * All rights reserved.
  12:Core/Src/usart.c ****   *
  13:Core/Src/usart.c ****   * This software is licensed under terms that can be found in the LICENSE file
  14:Core/Src/usart.c ****   * in the root directory of this software component.
  15:Core/Src/usart.c ****   * If no LICENSE file comes with this software, it is provided AS-IS.
  16:Core/Src/usart.c ****   *
  17:Core/Src/usart.c ****   ******************************************************************************
  18:Core/Src/usart.c ****   */
  19:Core/Src/usart.c **** /* USER CODE END Header */
  20:Core/Src/usart.c **** /* Includes ------------------------------------------------------------------*/
  21:Core/Src/usart.c **** #include "usart.h"
  22:Core/Src/usart.c **** 
  23:Core/Src/usart.c **** /* USER CODE BEGIN 0 */
  24:Core/Src/usart.c **** 
  25:Core/Src/usart.c **** /* USER CODE END 0 */
  26:Core/Src/usart.c **** 
  27:Core/Src/usart.c **** UART_HandleTypeDef huart1;
  28:Core/Src/usart.c **** UART_HandleTypeDef huart2;
  29:Core/Src/usart.c **** 
  30:Core/Src/usart.c **** /* USART1 init function */
ARM GAS  /tmp/ccKxs7hu.s 			page 2


  31:Core/Src/usart.c **** 
  32:Core/Src/usart.c **** void MX_USART1_UART_Init(void)
  33:Core/Src/usart.c **** {
  29              		.loc 1 33 1 view -0
  30              		.cfi_startproc
  31              		@ args = 0, pretend = 0, frame = 0
  32              		@ frame_needed = 0, uses_anonymous_args = 0
  33 0000 08B5     		push	{r3, lr}
  34              	.LCFI0:
  35              		.cfi_def_cfa_offset 8
  36              		.cfi_offset 3, -8
  37              		.cfi_offset 14, -4
  34:Core/Src/usart.c **** 
  35:Core/Src/usart.c ****   /* USER CODE BEGIN USART1_Init 0 */
  36:Core/Src/usart.c **** 
  37:Core/Src/usart.c ****   /* USER CODE END USART1_Init 0 */
  38:Core/Src/usart.c **** 
  39:Core/Src/usart.c ****   /* USER CODE BEGIN USART1_Init 1 */
  40:Core/Src/usart.c **** 
  41:Core/Src/usart.c ****   /* USER CODE END USART1_Init 1 */
  42:Core/Src/usart.c ****   huart1.Instance = USART1;
  38              		.loc 1 42 3 view .LVU1
  39              		.loc 1 42 19 is_stmt 0 view .LVU2
  40 0002 0A48     		ldr	r0, .L5
  41 0004 0A4B     		ldr	r3, .L5+4
  42 0006 0360     		str	r3, [r0]
  43:Core/Src/usart.c ****   huart1.Init.BaudRate = 115200;
  43              		.loc 1 43 3 is_stmt 1 view .LVU3
  44              		.loc 1 43 24 is_stmt 0 view .LVU4
  45 0008 4FF4E133 		mov	r3, #115200
  46 000c 4360     		str	r3, [r0, #4]
  44:Core/Src/usart.c ****   huart1.Init.WordLength = UART_WORDLENGTH_8B;
  47              		.loc 1 44 3 is_stmt 1 view .LVU5
  48              		.loc 1 44 26 is_stmt 0 view .LVU6
  49 000e 0023     		movs	r3, #0
  50 0010 8360     		str	r3, [r0, #8]
  45:Core/Src/usart.c ****   huart1.Init.StopBits = UART_STOPBITS_1;
  51              		.loc 1 45 3 is_stmt 1 view .LVU7
  52              		.loc 1 45 24 is_stmt 0 view .LVU8
  53 0012 C360     		str	r3, [r0, #12]
  46:Core/Src/usart.c ****   huart1.Init.Parity = UART_PARITY_NONE;
  54              		.loc 1 46 3 is_stmt 1 view .LVU9
  55              		.loc 1 46 22 is_stmt 0 view .LVU10
  56 0014 0361     		str	r3, [r0, #16]
  47:Core/Src/usart.c ****   huart1.Init.Mode = UART_MODE_TX_RX;
  57              		.loc 1 47 3 is_stmt 1 view .LVU11
  58              		.loc 1 47 20 is_stmt 0 view .LVU12
  59 0016 0C22     		movs	r2, #12
  60 0018 4261     		str	r2, [r0, #20]
  48:Core/Src/usart.c ****   huart1.Init.HwFlowCtl = UART_HWCONTROL_NONE;
  61              		.loc 1 48 3 is_stmt 1 view .LVU13
  62              		.loc 1 48 25 is_stmt 0 view .LVU14
  63 001a 8361     		str	r3, [r0, #24]
  49:Core/Src/usart.c ****   huart1.Init.OverSampling = UART_OVERSAMPLING_16;
  64              		.loc 1 49 3 is_stmt 1 view .LVU15
  65              		.loc 1 49 28 is_stmt 0 view .LVU16
  66 001c C361     		str	r3, [r0, #28]
ARM GAS  /tmp/ccKxs7hu.s 			page 3


  50:Core/Src/usart.c ****   if (HAL_UART_Init(&huart1) != HAL_OK)
  67              		.loc 1 50 3 is_stmt 1 view .LVU17
  68              		.loc 1 50 7 is_stmt 0 view .LVU18
  69 001e FFF7FEFF 		bl	HAL_UART_Init
  70              	.LVL0:
  71              		.loc 1 50 6 discriminator 1 view .LVU19
  72 0022 00B9     		cbnz	r0, .L4
  73              	.L1:
  51:Core/Src/usart.c ****   {
  52:Core/Src/usart.c ****     Error_Handler();
  53:Core/Src/usart.c ****   }
  54:Core/Src/usart.c ****   /* USER CODE BEGIN USART1_Init 2 */
  55:Core/Src/usart.c **** 
  56:Core/Src/usart.c ****   /* USER CODE END USART1_Init 2 */
  57:Core/Src/usart.c **** 
  58:Core/Src/usart.c **** }
  74              		.loc 1 58 1 view .LVU20
  75 0024 08BD     		pop	{r3, pc}
  76              	.L4:
  52:Core/Src/usart.c ****   }
  77              		.loc 1 52 5 is_stmt 1 view .LVU21
  78 0026 FFF7FEFF 		bl	Error_Handler
  79              	.LVL1:
  80              		.loc 1 58 1 is_stmt 0 view .LVU22
  81 002a FBE7     		b	.L1
  82              	.L6:
  83              		.align	2
  84              	.L5:
  85 002c 00000000 		.word	huart1
  86 0030 00100140 		.word	1073811456
  87              		.cfi_endproc
  88              	.LFE130:
  90              		.section	.text.MX_USART2_UART_Init,"ax",%progbits
  91              		.align	1
  92              		.global	MX_USART2_UART_Init
  93              		.syntax unified
  94              		.thumb
  95              		.thumb_func
  97              	MX_USART2_UART_Init:
  98              	.LFB131:
  59:Core/Src/usart.c **** /* USART2 init function */
  60:Core/Src/usart.c **** 
  61:Core/Src/usart.c **** void MX_USART2_UART_Init(void)
  62:Core/Src/usart.c **** {
  99              		.loc 1 62 1 is_stmt 1 view -0
 100              		.cfi_startproc
 101              		@ args = 0, pretend = 0, frame = 0
 102              		@ frame_needed = 0, uses_anonymous_args = 0
 103 0000 08B5     		push	{r3, lr}
 104              	.LCFI1:
 105              		.cfi_def_cfa_offset 8
 106              		.cfi_offset 3, -8
 107              		.cfi_offset 14, -4
  63:Core/Src/usart.c **** 
  64:Core/Src/usart.c ****   /* USER CODE BEGIN USART2_Init 0 */
  65:Core/Src/usart.c **** 
  66:Core/Src/usart.c ****   /* USER CODE END USART2_Init 0 */
ARM GAS  /tmp/ccKxs7hu.s 			page 4


  67:Core/Src/usart.c **** 
  68:Core/Src/usart.c ****   /* USER CODE BEGIN USART2_Init 1 */
  69:Core/Src/usart.c **** 
  70:Core/Src/usart.c ****   /* USER CODE END USART2_Init 1 */
  71:Core/Src/usart.c ****   huart2.Instance = USART2;
 108              		.loc 1 71 3 view .LVU24
 109              		.loc 1 71 19 is_stmt 0 view .LVU25
 110 0002 0B48     		ldr	r0, .L11
 111 0004 0B4B     		ldr	r3, .L11+4
 112 0006 0360     		str	r3, [r0]
  72:Core/Src/usart.c ****   huart2.Init.BaudRate = 9600;
 113              		.loc 1 72 3 is_stmt 1 view .LVU26
 114              		.loc 1 72 24 is_stmt 0 view .LVU27
 115 0008 4FF41653 		mov	r3, #9600
 116 000c 4360     		str	r3, [r0, #4]
  73:Core/Src/usart.c ****   huart2.Init.WordLength = UART_WORDLENGTH_8B;
 117              		.loc 1 73 3 is_stmt 1 view .LVU28
 118              		.loc 1 73 26 is_stmt 0 view .LVU29
 119 000e 0023     		movs	r3, #0
 120 0010 8360     		str	r3, [r0, #8]
  74:Core/Src/usart.c ****   huart2.Init.StopBits = UART_STOPBITS_1;
 121              		.loc 1 74 3 is_stmt 1 view .LVU30
 122              		.loc 1 74 24 is_stmt 0 view .LVU31
 123 0012 C360     		str	r3, [r0, #12]
  75:Core/Src/usart.c ****   huart2.Init.Parity = UART_PARITY_ODD;
 124              		.loc 1 75 3 is_stmt 1 view .LVU32
 125              		.loc 1 75 22 is_stmt 0 view .LVU33
 126 0014 4FF4C062 		mov	r2, #1536
 127 0018 0261     		str	r2, [r0, #16]
  76:Core/Src/usart.c ****   huart2.Init.Mode = UART_MODE_TX_RX;
 128              		.loc 1 76 3 is_stmt 1 view .LVU34
 129              		.loc 1 76 20 is_stmt 0 view .LVU35
 130 001a 0C22     		movs	r2, #12
 131 001c 4261     		str	r2, [r0, #20]
  77:Core/Src/usart.c ****   huart2.Init.HwFlowCtl = UART_HWCONTROL_NONE;
 132              		.loc 1 77 3 is_stmt 1 view .LVU36
 133              		.loc 1 77 25 is_stmt 0 view .LVU37
 134 001e 8361     		str	r3, [r0, #24]
  78:Core/Src/usart.c ****   huart2.Init.OverSampling = UART_OVERSAMPLING_16;
 135              		.loc 1 78 3 is_stmt 1 view .LVU38
 136              		.loc 1 78 28 is_stmt 0 view .LVU39
 137 0020 C361     		str	r3, [r0, #28]
  79:Core/Src/usart.c ****   if (HAL_UART_Init(&huart2) != HAL_OK)
 138              		.loc 1 79 3 is_stmt 1 view .LVU40
 139              		.loc 1 79 7 is_stmt 0 view .LVU41
 140 0022 FFF7FEFF 		bl	HAL_UART_Init
 141              	.LVL2:
 142              		.loc 1 79 6 discriminator 1 view .LVU42
 143 0026 00B9     		cbnz	r0, .L10
 144              	.L7:
  80:Core/Src/usart.c ****   {
  81:Core/Src/usart.c ****     Error_Handler();
  82:Core/Src/usart.c ****   }
  83:Core/Src/usart.c ****   /* USER CODE BEGIN USART2_Init 2 */
  84:Core/Src/usart.c **** 
  85:Core/Src/usart.c ****   /* USER CODE END USART2_Init 2 */
  86:Core/Src/usart.c **** 
ARM GAS  /tmp/ccKxs7hu.s 			page 5


  87:Core/Src/usart.c **** }
 145              		.loc 1 87 1 view .LVU43
 146 0028 08BD     		pop	{r3, pc}
 147              	.L10:
  81:Core/Src/usart.c ****   }
 148              		.loc 1 81 5 is_stmt 1 view .LVU44
 149 002a FFF7FEFF 		bl	Error_Handler
 150              	.LVL3:
 151              		.loc 1 87 1 is_stmt 0 view .LVU45
 152 002e FBE7     		b	.L7
 153              	.L12:
 154              		.align	2
 155              	.L11:
 156 0030 00000000 		.word	huart2
 157 0034 00440040 		.word	1073759232
 158              		.cfi_endproc
 159              	.LFE131:
 161              		.section	.text.HAL_UART_MspInit,"ax",%progbits
 162              		.align	1
 163              		.global	HAL_UART_MspInit
 164              		.syntax unified
 165              		.thumb
 166              		.thumb_func
 168              	HAL_UART_MspInit:
 169              	.LVL4:
 170              	.LFB132:
  88:Core/Src/usart.c **** 
  89:Core/Src/usart.c **** void HAL_UART_MspInit(UART_HandleTypeDef* uartHandle)
  90:Core/Src/usart.c **** {
 171              		.loc 1 90 1 is_stmt 1 view -0
 172              		.cfi_startproc
 173              		@ args = 0, pretend = 0, frame = 40
 174              		@ frame_needed = 0, uses_anonymous_args = 0
 175              		.loc 1 90 1 is_stmt 0 view .LVU47
 176 0000 10B5     		push	{r4, lr}
 177              	.LCFI2:
 178              		.cfi_def_cfa_offset 8
 179              		.cfi_offset 4, -8
 180              		.cfi_offset 14, -4
 181 0002 8AB0     		sub	sp, sp, #40
 182              	.LCFI3:
 183              		.cfi_def_cfa_offset 48
  91:Core/Src/usart.c **** 
  92:Core/Src/usart.c ****   GPIO_InitTypeDef GPIO_InitStruct = {0};
 184              		.loc 1 92 3 is_stmt 1 view .LVU48
 185              		.loc 1 92 20 is_stmt 0 view .LVU49
 186 0004 0023     		movs	r3, #0
 187 0006 0593     		str	r3, [sp, #20]
 188 0008 0693     		str	r3, [sp, #24]
 189 000a 0793     		str	r3, [sp, #28]
 190 000c 0893     		str	r3, [sp, #32]
 191 000e 0993     		str	r3, [sp, #36]
  93:Core/Src/usart.c ****   if(uartHandle->Instance==USART1)
 192              		.loc 1 93 3 is_stmt 1 view .LVU50
 193              		.loc 1 93 16 is_stmt 0 view .LVU51
 194 0010 0368     		ldr	r3, [r0]
 195              		.loc 1 93 5 view .LVU52
ARM GAS  /tmp/ccKxs7hu.s 			page 6


 196 0012 2F4A     		ldr	r2, .L19
 197 0014 9342     		cmp	r3, r2
 198 0016 04D0     		beq	.L17
  94:Core/Src/usart.c ****   {
  95:Core/Src/usart.c ****   /* USER CODE BEGIN USART1_MspInit 0 */
  96:Core/Src/usart.c **** 
  97:Core/Src/usart.c ****   /* USER CODE END USART1_MspInit 0 */
  98:Core/Src/usart.c ****     /* USART1 clock enable */
  99:Core/Src/usart.c ****     __HAL_RCC_USART1_CLK_ENABLE();
 100:Core/Src/usart.c **** 
 101:Core/Src/usart.c ****     __HAL_RCC_GPIOA_CLK_ENABLE();
 102:Core/Src/usart.c ****     /**USART1 GPIO Configuration
 103:Core/Src/usart.c ****     PA9     ------> USART1_TX
 104:Core/Src/usart.c ****     PA10     ------> USART1_RX
 105:Core/Src/usart.c ****     */
 106:Core/Src/usart.c ****     GPIO_InitStruct.Pin = GPIO_PIN_9|GPIO_PIN_10;
 107:Core/Src/usart.c ****     GPIO_InitStruct.Mode = GPIO_MODE_AF_PP;
 108:Core/Src/usart.c ****     GPIO_InitStruct.Pull = GPIO_NOPULL;
 109:Core/Src/usart.c ****     GPIO_InitStruct.Speed = GPIO_SPEED_FREQ_VERY_HIGH;
 110:Core/Src/usart.c ****     GPIO_InitStruct.Alternate = GPIO_AF7_USART1;
 111:Core/Src/usart.c ****     HAL_GPIO_Init(GPIOA, &GPIO_InitStruct);
 112:Core/Src/usart.c **** 
 113:Core/Src/usart.c ****     /* USART1 interrupt Init */
 114:Core/Src/usart.c ****     HAL_NVIC_SetPriority(USART1_IRQn, 0, 0);
 115:Core/Src/usart.c ****     HAL_NVIC_EnableIRQ(USART1_IRQn);
 116:Core/Src/usart.c ****   /* USER CODE BEGIN USART1_MspInit 1 */
 117:Core/Src/usart.c **** 
 118:Core/Src/usart.c ****   /* USER CODE END USART1_MspInit 1 */
 119:Core/Src/usart.c ****   }
 120:Core/Src/usart.c ****   else if(uartHandle->Instance==USART2)
 199              		.loc 1 120 8 is_stmt 1 view .LVU53
 200              		.loc 1 120 10 is_stmt 0 view .LVU54
 201 0018 2E4A     		ldr	r2, .L19+4
 202 001a 9342     		cmp	r3, r2
 203 001c 2DD0     		beq	.L18
 204              	.LVL5:
 205              	.L13:
 121:Core/Src/usart.c ****   {
 122:Core/Src/usart.c ****   /* USER CODE BEGIN USART2_MspInit 0 */
 123:Core/Src/usart.c **** 
 124:Core/Src/usart.c ****   /* USER CODE END USART2_MspInit 0 */
 125:Core/Src/usart.c ****     /* USART2 clock enable */
 126:Core/Src/usart.c ****     __HAL_RCC_USART2_CLK_ENABLE();
 127:Core/Src/usart.c **** 
 128:Core/Src/usart.c ****     __HAL_RCC_GPIOD_CLK_ENABLE();
 129:Core/Src/usart.c ****     /**USART2 GPIO Configuration
 130:Core/Src/usart.c ****     PD5     ------> USART2_TX
 131:Core/Src/usart.c ****     PD6     ------> USART2_RX
 132:Core/Src/usart.c ****     */
 133:Core/Src/usart.c ****     GPIO_InitStruct.Pin = GPIO_PIN_5|GPIO_PIN_6;
 134:Core/Src/usart.c ****     GPIO_InitStruct.Mode = GPIO_MODE_AF_PP;
 135:Core/Src/usart.c ****     GPIO_InitStruct.Pull = GPIO_NOPULL;
 136:Core/Src/usart.c ****     GPIO_InitStruct.Speed = GPIO_SPEED_FREQ_VERY_HIGH;
 137:Core/Src/usart.c ****     GPIO_InitStruct.Alternate = GPIO_AF7_USART2;
 138:Core/Src/usart.c ****     HAL_GPIO_Init(GPIOD, &GPIO_InitStruct);
 139:Core/Src/usart.c **** 
 140:Core/Src/usart.c ****     /* USART2 interrupt Init */
ARM GAS  /tmp/ccKxs7hu.s 			page 7


 141:Core/Src/usart.c ****     HAL_NVIC_SetPriority(USART2_IRQn, 0, 0);
 142:Core/Src/usart.c ****     HAL_NVIC_EnableIRQ(USART2_IRQn);
 143:Core/Src/usart.c ****   /* USER CODE BEGIN USART2_MspInit 1 */
 144:Core/Src/usart.c **** 
 145:Core/Src/usart.c ****   /* USER CODE END USART2_MspInit 1 */
 146:Core/Src/usart.c ****   }
 147:Core/Src/usart.c **** }
 206              		.loc 1 147 1 view .LVU55
 207 001e 0AB0     		add	sp, sp, #40
 208              	.LCFI4:
 209              		.cfi_remember_state
 210              		.cfi_def_cfa_offset 8
 211              		@ sp needed
 212 0020 10BD     		pop	{r4, pc}
 213              	.LVL6:
 214              	.L17:
 215              	.LCFI5:
 216              		.cfi_restore_state
  99:Core/Src/usart.c **** 
 217              		.loc 1 99 5 is_stmt 1 view .LVU56
 218              	.LBB2:
  99:Core/Src/usart.c **** 
 219              		.loc 1 99 5 view .LVU57
 220 0022 0024     		movs	r4, #0
 221 0024 0194     		str	r4, [sp, #4]
  99:Core/Src/usart.c **** 
 222              		.loc 1 99 5 view .LVU58
 223 0026 2C4B     		ldr	r3, .L19+8
 224 0028 5A6C     		ldr	r2, [r3, #68]
 225 002a 42F01002 		orr	r2, r2, #16
 226 002e 5A64     		str	r2, [r3, #68]
  99:Core/Src/usart.c **** 
 227              		.loc 1 99 5 view .LVU59
 228 0030 5A6C     		ldr	r2, [r3, #68]
 229 0032 02F01002 		and	r2, r2, #16
 230 0036 0192     		str	r2, [sp, #4]
  99:Core/Src/usart.c **** 
 231              		.loc 1 99 5 view .LVU60
 232 0038 019A     		ldr	r2, [sp, #4]
 233              	.LBE2:
  99:Core/Src/usart.c **** 
 234              		.loc 1 99 5 view .LVU61
 101:Core/Src/usart.c ****     /**USART1 GPIO Configuration
 235              		.loc 1 101 5 view .LVU62
 236              	.LBB3:
 101:Core/Src/usart.c ****     /**USART1 GPIO Configuration
 237              		.loc 1 101 5 view .LVU63
 238 003a 0294     		str	r4, [sp, #8]
 101:Core/Src/usart.c ****     /**USART1 GPIO Configuration
 239              		.loc 1 101 5 view .LVU64
 240 003c 1A6B     		ldr	r2, [r3, #48]
 241 003e 42F00102 		orr	r2, r2, #1
 242 0042 1A63     		str	r2, [r3, #48]
 101:Core/Src/usart.c ****     /**USART1 GPIO Configuration
 243              		.loc 1 101 5 view .LVU65
 244 0044 1B6B     		ldr	r3, [r3, #48]
 245 0046 03F00103 		and	r3, r3, #1
ARM GAS  /tmp/ccKxs7hu.s 			page 8


 246 004a 0293     		str	r3, [sp, #8]
 101:Core/Src/usart.c ****     /**USART1 GPIO Configuration
 247              		.loc 1 101 5 view .LVU66
 248 004c 029B     		ldr	r3, [sp, #8]
 249              	.LBE3:
 101:Core/Src/usart.c ****     /**USART1 GPIO Configuration
 250              		.loc 1 101 5 view .LVU67
 106:Core/Src/usart.c ****     GPIO_InitStruct.Mode = GPIO_MODE_AF_PP;
 251              		.loc 1 106 5 view .LVU68
 106:Core/Src/usart.c ****     GPIO_InitStruct.Mode = GPIO_MODE_AF_PP;
 252              		.loc 1 106 25 is_stmt 0 view .LVU69
 253 004e 4FF4C063 		mov	r3, #1536
 254 0052 0593     		str	r3, [sp, #20]
 107:Core/Src/usart.c ****     GPIO_InitStruct.Pull = GPIO_NOPULL;
 255              		.loc 1 107 5 is_stmt 1 view .LVU70
 107:Core/Src/usart.c ****     GPIO_InitStruct.Pull = GPIO_NOPULL;
 256              		.loc 1 107 26 is_stmt 0 view .LVU71
 257 0054 0223     		movs	r3, #2
 258 0056 0693     		str	r3, [sp, #24]
 108:Core/Src/usart.c ****     GPIO_InitStruct.Speed = GPIO_SPEED_FREQ_VERY_HIGH;
 259              		.loc 1 108 5 is_stmt 1 view .LVU72
 109:Core/Src/usart.c ****     GPIO_InitStruct.Alternate = GPIO_AF7_USART1;
 260              		.loc 1 109 5 view .LVU73
 109:Core/Src/usart.c ****     GPIO_InitStruct.Alternate = GPIO_AF7_USART1;
 261              		.loc 1 109 27 is_stmt 0 view .LVU74
 262 0058 0323     		movs	r3, #3
 263 005a 0893     		str	r3, [sp, #32]
 110:Core/Src/usart.c ****     HAL_GPIO_Init(GPIOA, &GPIO_InitStruct);
 264              		.loc 1 110 5 is_stmt 1 view .LVU75
 110:Core/Src/usart.c ****     HAL_GPIO_Init(GPIOA, &GPIO_InitStruct);
 265              		.loc 1 110 31 is_stmt 0 view .LVU76
 266 005c 0723     		movs	r3, #7
 267 005e 0993     		str	r3, [sp, #36]
 111:Core/Src/usart.c **** 
 268              		.loc 1 111 5 is_stmt 1 view .LVU77
 269 0060 05A9     		add	r1, sp, #20
 270 0062 1E48     		ldr	r0, .L19+12
 271              	.LVL7:
 111:Core/Src/usart.c **** 
 272              		.loc 1 111 5 is_stmt 0 view .LVU78
 273 0064 FFF7FEFF 		bl	HAL_GPIO_Init
 274              	.LVL8:
 114:Core/Src/usart.c ****     HAL_NVIC_EnableIRQ(USART1_IRQn);
 275              		.loc 1 114 5 is_stmt 1 view .LVU79
 276 0068 2246     		mov	r2, r4
 277 006a 2146     		mov	r1, r4
 278 006c 2520     		movs	r0, #37
 279 006e FFF7FEFF 		bl	HAL_NVIC_SetPriority
 280              	.LVL9:
 115:Core/Src/usart.c ****   /* USER CODE BEGIN USART1_MspInit 1 */
 281              		.loc 1 115 5 view .LVU80
 282 0072 2520     		movs	r0, #37
 283 0074 FFF7FEFF 		bl	HAL_NVIC_EnableIRQ
 284              	.LVL10:
 285 0078 D1E7     		b	.L13
 286              	.LVL11:
 287              	.L18:
ARM GAS  /tmp/ccKxs7hu.s 			page 9


 126:Core/Src/usart.c **** 
 288              		.loc 1 126 5 view .LVU81
 289              	.LBB4:
 126:Core/Src/usart.c **** 
 290              		.loc 1 126 5 view .LVU82
 291 007a 0024     		movs	r4, #0
 292 007c 0394     		str	r4, [sp, #12]
 126:Core/Src/usart.c **** 
 293              		.loc 1 126 5 view .LVU83
 294 007e 164B     		ldr	r3, .L19+8
 295 0080 1A6C     		ldr	r2, [r3, #64]
 296 0082 42F40032 		orr	r2, r2, #131072
 297 0086 1A64     		str	r2, [r3, #64]
 126:Core/Src/usart.c **** 
 298              		.loc 1 126 5 view .LVU84
 299 0088 1A6C     		ldr	r2, [r3, #64]
 300 008a 02F40032 		and	r2, r2, #131072
 301 008e 0392     		str	r2, [sp, #12]
 126:Core/Src/usart.c **** 
 302              		.loc 1 126 5 view .LVU85
 303 0090 039A     		ldr	r2, [sp, #12]
 304              	.LBE4:
 126:Core/Src/usart.c **** 
 305              		.loc 1 126 5 view .LVU86
 128:Core/Src/usart.c ****     /**USART2 GPIO Configuration
 306              		.loc 1 128 5 view .LVU87
 307              	.LBB5:
 128:Core/Src/usart.c ****     /**USART2 GPIO Configuration
 308              		.loc 1 128 5 view .LVU88
 309 0092 0494     		str	r4, [sp, #16]
 128:Core/Src/usart.c ****     /**USART2 GPIO Configuration
 310              		.loc 1 128 5 view .LVU89
 311 0094 1A6B     		ldr	r2, [r3, #48]
 312 0096 42F00802 		orr	r2, r2, #8
 313 009a 1A63     		str	r2, [r3, #48]
 128:Core/Src/usart.c ****     /**USART2 GPIO Configuration
 314              		.loc 1 128 5 view .LVU90
 315 009c 1B6B     		ldr	r3, [r3, #48]
 316 009e 03F00803 		and	r3, r3, #8
 317 00a2 0493     		str	r3, [sp, #16]
 128:Core/Src/usart.c ****     /**USART2 GPIO Configuration
 318              		.loc 1 128 5 view .LVU91
 319 00a4 049B     		ldr	r3, [sp, #16]
 320              	.LBE5:
 128:Core/Src/usart.c ****     /**USART2 GPIO Configuration
 321              		.loc 1 128 5 view .LVU92
 133:Core/Src/usart.c ****     GPIO_InitStruct.Mode = GPIO_MODE_AF_PP;
 322              		.loc 1 133 5 view .LVU93
 133:Core/Src/usart.c ****     GPIO_InitStruct.Mode = GPIO_MODE_AF_PP;
 323              		.loc 1 133 25 is_stmt 0 view .LVU94
 324 00a6 6023     		movs	r3, #96
 325 00a8 0593     		str	r3, [sp, #20]
 134:Core/Src/usart.c ****     GPIO_InitStruct.Pull = GPIO_NOPULL;
 326              		.loc 1 134 5 is_stmt 1 view .LVU95
 134:Core/Src/usart.c ****     GPIO_InitStruct.Pull = GPIO_NOPULL;
 327              		.loc 1 134 26 is_stmt 0 view .LVU96
 328 00aa 0223     		movs	r3, #2
ARM GAS  /tmp/ccKxs7hu.s 			page 10


 329 00ac 0693     		str	r3, [sp, #24]
 135:Core/Src/usart.c ****     GPIO_InitStruct.Speed = GPIO_SPEED_FREQ_VERY_HIGH;
 330              		.loc 1 135 5 is_stmt 1 view .LVU97
 136:Core/Src/usart.c ****     GPIO_InitStruct.Alternate = GPIO_AF7_USART2;
 331              		.loc 1 136 5 view .LVU98
 136:Core/Src/usart.c ****     GPIO_InitStruct.Alternate = GPIO_AF7_USART2;
 332              		.loc 1 136 27 is_stmt 0 view .LVU99
 333 00ae 0323     		movs	r3, #3
 334 00b0 0893     		str	r3, [sp, #32]
 137:Core/Src/usart.c ****     HAL_GPIO_Init(GPIOD, &GPIO_InitStruct);
 335              		.loc 1 137 5 is_stmt 1 view .LVU100
 137:Core/Src/usart.c ****     HAL_GPIO_Init(GPIOD, &GPIO_InitStruct);
 336              		.loc 1 137 31 is_stmt 0 view .LVU101
 337 00b2 0723     		movs	r3, #7
 338 00b4 0993     		str	r3, [sp, #36]
 138:Core/Src/usart.c **** 
 339              		.loc 1 138 5 is_stmt 1 view .LVU102
 340 00b6 05A9     		add	r1, sp, #20
 341 00b8 0948     		ldr	r0, .L19+16
 342              	.LVL12:
 138:Core/Src/usart.c **** 
 343              		.loc 1 138 5 is_stmt 0 view .LVU103
 344 00ba FFF7FEFF 		bl	HAL_GPIO_Init
 345              	.LVL13:
 141:Core/Src/usart.c ****     HAL_NVIC_EnableIRQ(USART2_IRQn);
 346              		.loc 1 141 5 is_stmt 1 view .LVU104
 347 00be 2246     		mov	r2, r4
 348 00c0 2146     		mov	r1, r4
 349 00c2 2620     		movs	r0, #38
 350 00c4 FFF7FEFF 		bl	HAL_NVIC_SetPriority
 351              	.LVL14:
 142:Core/Src/usart.c ****   /* USER CODE BEGIN USART2_MspInit 1 */
 352              		.loc 1 142 5 view .LVU105
 353 00c8 2620     		movs	r0, #38
 354 00ca FFF7FEFF 		bl	HAL_NVIC_EnableIRQ
 355              	.LVL15:
 356              		.loc 1 147 1 is_stmt 0 view .LVU106
 357 00ce A6E7     		b	.L13
 358              	.L20:
 359              		.align	2
 360              	.L19:
 361 00d0 00100140 		.word	1073811456
 362 00d4 00440040 		.word	1073759232
 363 00d8 00380240 		.word	1073887232
 364 00dc 00000240 		.word	1073872896
 365 00e0 000C0240 		.word	1073875968
 366              		.cfi_endproc
 367              	.LFE132:
 369              		.section	.text.HAL_UART_MspDeInit,"ax",%progbits
 370              		.align	1
 371              		.global	HAL_UART_MspDeInit
 372              		.syntax unified
 373              		.thumb
 374              		.thumb_func
 376              	HAL_UART_MspDeInit:
 377              	.LVL16:
 378              	.LFB133:
ARM GAS  /tmp/ccKxs7hu.s 			page 11


 148:Core/Src/usart.c **** 
 149:Core/Src/usart.c **** void HAL_UART_MspDeInit(UART_HandleTypeDef* uartHandle)
 150:Core/Src/usart.c **** {
 379              		.loc 1 150 1 is_stmt 1 view -0
 380              		.cfi_startproc
 381              		@ args = 0, pretend = 0, frame = 0
 382              		@ frame_needed = 0, uses_anonymous_args = 0
 383              		.loc 1 150 1 is_stmt 0 view .LVU108
 384 0000 08B5     		push	{r3, lr}
 385              	.LCFI6:
 386              		.cfi_def_cfa_offset 8
 387              		.cfi_offset 3, -8
 388              		.cfi_offset 14, -4
 151:Core/Src/usart.c **** 
 152:Core/Src/usart.c ****   if(uartHandle->Instance==USART1)
 389              		.loc 1 152 3 is_stmt 1 view .LVU109
 390              		.loc 1 152 16 is_stmt 0 view .LVU110
 391 0002 0368     		ldr	r3, [r0]
 392              		.loc 1 152 5 view .LVU111
 393 0004 114A     		ldr	r2, .L27
 394 0006 9342     		cmp	r3, r2
 395 0008 03D0     		beq	.L25
 153:Core/Src/usart.c ****   {
 154:Core/Src/usart.c ****   /* USER CODE BEGIN USART1_MspDeInit 0 */
 155:Core/Src/usart.c **** 
 156:Core/Src/usart.c ****   /* USER CODE END USART1_MspDeInit 0 */
 157:Core/Src/usart.c ****     /* Peripheral clock disable */
 158:Core/Src/usart.c ****     __HAL_RCC_USART1_CLK_DISABLE();
 159:Core/Src/usart.c **** 
 160:Core/Src/usart.c ****     /**USART1 GPIO Configuration
 161:Core/Src/usart.c ****     PA9     ------> USART1_TX
 162:Core/Src/usart.c ****     PA10     ------> USART1_RX
 163:Core/Src/usart.c ****     */
 164:Core/Src/usart.c ****     HAL_GPIO_DeInit(GPIOA, GPIO_PIN_9|GPIO_PIN_10);
 165:Core/Src/usart.c **** 
 166:Core/Src/usart.c ****     /* USART1 interrupt Deinit */
 167:Core/Src/usart.c ****     HAL_NVIC_DisableIRQ(USART1_IRQn);
 168:Core/Src/usart.c ****   /* USER CODE BEGIN USART1_MspDeInit 1 */
 169:Core/Src/usart.c **** 
 170:Core/Src/usart.c ****   /* USER CODE END USART1_MspDeInit 1 */
 171:Core/Src/usart.c ****   }
 172:Core/Src/usart.c ****   else if(uartHandle->Instance==USART2)
 396              		.loc 1 172 8 is_stmt 1 view .LVU112
 397              		.loc 1 172 10 is_stmt 0 view .LVU113
 398 000a 114A     		ldr	r2, .L27+4
 399 000c 9342     		cmp	r3, r2
 400 000e 0FD0     		beq	.L26
 401              	.LVL17:
 402              	.L21:
 173:Core/Src/usart.c ****   {
 174:Core/Src/usart.c ****   /* USER CODE BEGIN USART2_MspDeInit 0 */
 175:Core/Src/usart.c **** 
 176:Core/Src/usart.c ****   /* USER CODE END USART2_MspDeInit 0 */
 177:Core/Src/usart.c ****     /* Peripheral clock disable */
 178:Core/Src/usart.c ****     __HAL_RCC_USART2_CLK_DISABLE();
 179:Core/Src/usart.c **** 
 180:Core/Src/usart.c ****     /**USART2 GPIO Configuration
ARM GAS  /tmp/ccKxs7hu.s 			page 12


 181:Core/Src/usart.c ****     PD5     ------> USART2_TX
 182:Core/Src/usart.c ****     PD6     ------> USART2_RX
 183:Core/Src/usart.c ****     */
 184:Core/Src/usart.c ****     HAL_GPIO_DeInit(GPIOD, GPIO_PIN_5|GPIO_PIN_6);
 185:Core/Src/usart.c **** 
 186:Core/Src/usart.c ****     /* USART2 interrupt Deinit */
 187:Core/Src/usart.c ****     HAL_NVIC_DisableIRQ(USART2_IRQn);
 188:Core/Src/usart.c ****   /* USER CODE BEGIN USART2_MspDeInit 1 */
 189:Core/Src/usart.c **** 
 190:Core/Src/usart.c ****   /* USER CODE END USART2_MspDeInit 1 */
 191:Core/Src/usart.c ****   }
 192:Core/Src/usart.c **** }
 403              		.loc 1 192 1 view .LVU114
 404 0010 08BD     		pop	{r3, pc}
 405              	.LVL18:
 406              	.L25:
 158:Core/Src/usart.c **** 
 407              		.loc 1 158 5 is_stmt 1 view .LVU115
 408 0012 02F59432 		add	r2, r2, #75776
 409 0016 536C     		ldr	r3, [r2, #68]
 410 0018 23F01003 		bic	r3, r3, #16
 411 001c 5364     		str	r3, [r2, #68]
 164:Core/Src/usart.c **** 
 412              		.loc 1 164 5 view .LVU116
 413 001e 4FF4C061 		mov	r1, #1536
 414 0022 0C48     		ldr	r0, .L27+8
 415              	.LVL19:
 164:Core/Src/usart.c **** 
 416              		.loc 1 164 5 is_stmt 0 view .LVU117
 417 0024 FFF7FEFF 		bl	HAL_GPIO_DeInit
 418              	.LVL20:
 167:Core/Src/usart.c ****   /* USER CODE BEGIN USART1_MspDeInit 1 */
 419              		.loc 1 167 5 is_stmt 1 view .LVU118
 420 0028 2520     		movs	r0, #37
 421 002a FFF7FEFF 		bl	HAL_NVIC_DisableIRQ
 422              	.LVL21:
 423 002e EFE7     		b	.L21
 424              	.LVL22:
 425              	.L26:
 178:Core/Src/usart.c **** 
 426              		.loc 1 178 5 view .LVU119
 427 0030 02F5FA32 		add	r2, r2, #128000
 428 0034 136C     		ldr	r3, [r2, #64]
 429 0036 23F40033 		bic	r3, r3, #131072
 430 003a 1364     		str	r3, [r2, #64]
 184:Core/Src/usart.c **** 
 431              		.loc 1 184 5 view .LVU120
 432 003c 6021     		movs	r1, #96
 433 003e 0648     		ldr	r0, .L27+12
 434              	.LVL23:
 184:Core/Src/usart.c **** 
 435              		.loc 1 184 5 is_stmt 0 view .LVU121
 436 0040 FFF7FEFF 		bl	HAL_GPIO_DeInit
 437              	.LVL24:
 187:Core/Src/usart.c ****   /* USER CODE BEGIN USART2_MspDeInit 1 */
 438              		.loc 1 187 5 is_stmt 1 view .LVU122
 439 0044 2620     		movs	r0, #38
ARM GAS  /tmp/ccKxs7hu.s 			page 13


 440 0046 FFF7FEFF 		bl	HAL_NVIC_DisableIRQ
 441              	.LVL25:
 442              		.loc 1 192 1 is_stmt 0 view .LVU123
 443 004a E1E7     		b	.L21
 444              	.L28:
 445              		.align	2
 446              	.L27:
 447 004c 00100140 		.word	1073811456
 448 0050 00440040 		.word	1073759232
 449 0054 00000240 		.word	1073872896
 450 0058 000C0240 		.word	1073875968
 451              		.cfi_endproc
 452              	.LFE133:
 454              		.global	huart2
 455              		.section	.bss.huart2,"aw",%nobits
 456              		.align	2
 459              	huart2:
 460 0000 00000000 		.space	68
 460      00000000 
 460      00000000 
 460      00000000 
 460      00000000 
 461              		.global	huart1
 462              		.section	.bss.huart1,"aw",%nobits
 463              		.align	2
 466              	huart1:
 467 0000 00000000 		.space	68
 467      00000000 
 467      00000000 
 467      00000000 
 467      00000000 
 468              		.text
 469              	.Letext0:
 470              		.file 2 "Drivers/CMSIS/Device/ST/STM32F4xx/Include/stm32f407xx.h"
 471              		.file 3 "/usr/lib/gcc/arm-none-eabi/14.2.1/include/stdint.h"
 472              		.file 4 "Drivers/STM32F4xx_HAL_Driver/Inc/stm32f4xx_hal_def.h"
 473              		.file 5 "Drivers/STM32F4xx_HAL_Driver/Inc/stm32f4xx_hal_gpio.h"
 474              		.file 6 "Drivers/STM32F4xx_HAL_Driver/Inc/stm32f4xx_hal_dma.h"
 475              		.file 7 "Drivers/STM32F4xx_HAL_Driver/Inc/stm32f4xx_hal_uart.h"
 476              		.file 8 "Core/Inc/usart.h"
 477              		.file 9 "Drivers/STM32F4xx_HAL_Driver/Inc/stm32f4xx_hal_cortex.h"
 478              		.file 10 "Core/Inc/main.h"
ARM GAS  /tmp/ccKxs7hu.s 			page 14


DEFINED SYMBOLS
                            *ABS*:00000000 usart.c
     /tmp/ccKxs7hu.s:21     .text.MX_USART1_UART_Init:00000000 $t
     /tmp/ccKxs7hu.s:27     .text.MX_USART1_UART_Init:00000000 MX_USART1_UART_Init
     /tmp/ccKxs7hu.s:85     .text.MX_USART1_UART_Init:0000002c $d
     /tmp/ccKxs7hu.s:466    .bss.huart1:00000000 huart1
     /tmp/ccKxs7hu.s:91     .text.MX_USART2_UART_Init:00000000 $t
     /tmp/ccKxs7hu.s:97     .text.MX_USART2_UART_Init:00000000 MX_USART2_UART_Init
     /tmp/ccKxs7hu.s:156    .text.MX_USART2_UART_Init:00000030 $d
     /tmp/ccKxs7hu.s:459    .bss.huart2:00000000 huart2
     /tmp/ccKxs7hu.s:162    .text.HAL_UART_MspInit:00000000 $t
     /tmp/ccKxs7hu.s:168    .text.HAL_UART_MspInit:00000000 HAL_UART_MspInit
     /tmp/ccKxs7hu.s:361    .text.HAL_UART_MspInit:000000d0 $d
     /tmp/ccKxs7hu.s:370    .text.HAL_UART_MspDeInit:00000000 $t
     /tmp/ccKxs7hu.s:376    .text.HAL_UART_MspDeInit:00000000 HAL_UART_MspDeInit
     /tmp/ccKxs7hu.s:447    .text.HAL_UART_MspDeInit:0000004c $d
     /tmp/ccKxs7hu.s:456    .bss.huart2:00000000 $d
     /tmp/ccKxs7hu.s:463    .bss.huart1:00000000 $d

UNDEFINED SYMBOLS
HAL_UART_Init
Error_Handler
HAL_GPIO_Init
HAL_NVIC_SetPriority
HAL_NVIC_EnableIRQ
HAL_GPIO_DeInit
HAL_NVIC_DisableIRQ
