ARM GAS  /tmp/ccubDNjV.s 			page 1


   1              		.cpu cortex-m4
   2              		.arch armv7e-m
   3              		.fpu fpv4-sp-d16
   4              		.eabi_attribute 27, 1
   5              		.eabi_attribute 28, 1
   6              		.eabi_attribute 20, 1
   7              		.eabi_attribute 21, 1
   8              		.eabi_attribute 23, 3
   9              		.eabi_attribute 24, 1
  10              		.eabi_attribute 25, 1
  11              		.eabi_attribute 26, 1
  12              		.eabi_attribute 30, 1
  13              		.eabi_attribute 34, 1
  14              		.eabi_attribute 18, 4
  15              		.file	"usb_host.c"
  16              		.text
  17              	.Ltext0:
  18              		.cfi_sections	.debug_frame
  19              		.file 1 "USB_HOST/App/usb_host.c"
  20              		.section	.text.USBH_UserProcess,"ax",%progbits
  21              		.align	1
  22              		.syntax unified
  23              		.thumb
  24              		.thumb_func
  26              	USBH_UserProcess:
  27              	.LVL0:
  28              	.LFB135:
   1:USB_HOST/App/usb_host.c **** /* USER CODE BEGIN Header */
   2:USB_HOST/App/usb_host.c **** /**
   3:USB_HOST/App/usb_host.c ****   ******************************************************************************
   4:USB_HOST/App/usb_host.c ****   * @file            : usb_host.c
   5:USB_HOST/App/usb_host.c ****   * @version         : v1.0_Cube
   6:USB_HOST/App/usb_host.c ****   * @brief           : This file implements the USB Host
   7:USB_HOST/App/usb_host.c ****   ******************************************************************************
   8:USB_HOST/App/usb_host.c ****   * @attention
   9:USB_HOST/App/usb_host.c ****   *
  10:USB_HOST/App/usb_host.c ****   * Copyright (c) 2023 STMicroelectronics.
  11:USB_HOST/App/usb_host.c ****   * All rights reserved.
  12:USB_HOST/App/usb_host.c ****   *
  13:USB_HOST/App/usb_host.c ****   * This software is licensed under terms that can be found in the LICENSE file
  14:USB_HOST/App/usb_host.c ****   * in the root directory of this software component.
  15:USB_HOST/App/usb_host.c ****   * If no LICENSE file comes with this software, it is provided AS-IS.
  16:USB_HOST/App/usb_host.c ****   *
  17:USB_HOST/App/usb_host.c ****   ******************************************************************************
  18:USB_HOST/App/usb_host.c ****   */
  19:USB_HOST/App/usb_host.c **** /* USER CODE END Header */
  20:USB_HOST/App/usb_host.c **** 
  21:USB_HOST/App/usb_host.c **** /* Includes ------------------------------------------------------------------*/
  22:USB_HOST/App/usb_host.c **** 
  23:USB_HOST/App/usb_host.c **** #include "usb_host.h"
  24:USB_HOST/App/usb_host.c **** #include "usbh_core.h"
  25:USB_HOST/App/usb_host.c **** #include "usbh_msc.h"
  26:USB_HOST/App/usb_host.c **** 
  27:USB_HOST/App/usb_host.c **** /* USER CODE BEGIN Includes */
  28:USB_HOST/App/usb_host.c **** 
  29:USB_HOST/App/usb_host.c **** #include "fatfs.h"
  30:USB_HOST/App/usb_host.c **** 
ARM GAS  /tmp/ccubDNjV.s 			page 2


  31:USB_HOST/App/usb_host.c **** /* USER CODE END Includes */
  32:USB_HOST/App/usb_host.c **** 
  33:USB_HOST/App/usb_host.c **** /* USER CODE BEGIN PV */
  34:USB_HOST/App/usb_host.c **** /* Private variables ---------------------------------------------------------*/
  35:USB_HOST/App/usb_host.c **** 
  36:USB_HOST/App/usb_host.c **** /* USER CODE END PV */
  37:USB_HOST/App/usb_host.c **** 
  38:USB_HOST/App/usb_host.c **** /* USER CODE BEGIN PFP */
  39:USB_HOST/App/usb_host.c **** /* Private function prototypes -----------------------------------------------*/
  40:USB_HOST/App/usb_host.c **** 
  41:USB_HOST/App/usb_host.c **** /* USER CODE END PFP */
  42:USB_HOST/App/usb_host.c **** 
  43:USB_HOST/App/usb_host.c **** /* USB Host core handle declaration */
  44:USB_HOST/App/usb_host.c **** USBH_HandleTypeDef hUsbHostHS;
  45:USB_HOST/App/usb_host.c **** ApplicationTypeDef Appli_state = APPLICATION_IDLE;
  46:USB_HOST/App/usb_host.c **** 
  47:USB_HOST/App/usb_host.c **** /*
  48:USB_HOST/App/usb_host.c ****  * -- Insert your variables declaration here --
  49:USB_HOST/App/usb_host.c ****  */
  50:USB_HOST/App/usb_host.c **** /* USER CODE BEGIN 0 */
  51:USB_HOST/App/usb_host.c **** 
  52:USB_HOST/App/usb_host.c **** /* USER CODE END 0 */
  53:USB_HOST/App/usb_host.c **** 
  54:USB_HOST/App/usb_host.c **** /*
  55:USB_HOST/App/usb_host.c ****  * user callback declaration
  56:USB_HOST/App/usb_host.c ****  */
  57:USB_HOST/App/usb_host.c **** static void USBH_UserProcess(USBH_HandleTypeDef *phost, uint8_t id);
  58:USB_HOST/App/usb_host.c **** 
  59:USB_HOST/App/usb_host.c **** /*
  60:USB_HOST/App/usb_host.c ****  * -- Insert your external function declaration here --
  61:USB_HOST/App/usb_host.c ****  */
  62:USB_HOST/App/usb_host.c **** /* USER CODE BEGIN 1 */
  63:USB_HOST/App/usb_host.c **** 
  64:USB_HOST/App/usb_host.c **** /* USER CODE END 1 */
  65:USB_HOST/App/usb_host.c **** 
  66:USB_HOST/App/usb_host.c **** /**
  67:USB_HOST/App/usb_host.c ****   * Init USB host library, add supported class and start the library
  68:USB_HOST/App/usb_host.c ****   * @retval None
  69:USB_HOST/App/usb_host.c ****   */
  70:USB_HOST/App/usb_host.c **** void MX_USB_HOST_Init(void)
  71:USB_HOST/App/usb_host.c **** {
  72:USB_HOST/App/usb_host.c ****   /* USER CODE BEGIN USB_HOST_Init_PreTreatment */
  73:USB_HOST/App/usb_host.c **** 
  74:USB_HOST/App/usb_host.c ****   /* USER CODE END USB_HOST_Init_PreTreatment */
  75:USB_HOST/App/usb_host.c **** 
  76:USB_HOST/App/usb_host.c ****   /* Init host Library, add supported class and start the library. */
  77:USB_HOST/App/usb_host.c ****   if (USBH_Init(&hUsbHostHS, USBH_UserProcess, HOST_HS) != USBH_OK)
  78:USB_HOST/App/usb_host.c ****   {
  79:USB_HOST/App/usb_host.c ****     Error_Handler();
  80:USB_HOST/App/usb_host.c ****   }
  81:USB_HOST/App/usb_host.c ****   if (USBH_RegisterClass(&hUsbHostHS, USBH_MSC_CLASS) != USBH_OK)
  82:USB_HOST/App/usb_host.c ****   {
  83:USB_HOST/App/usb_host.c ****     Error_Handler();
  84:USB_HOST/App/usb_host.c ****   }
  85:USB_HOST/App/usb_host.c ****   if (USBH_Start(&hUsbHostHS) != USBH_OK)
  86:USB_HOST/App/usb_host.c ****   {
  87:USB_HOST/App/usb_host.c ****     Error_Handler();
ARM GAS  /tmp/ccubDNjV.s 			page 3


  88:USB_HOST/App/usb_host.c ****   }
  89:USB_HOST/App/usb_host.c ****   /* USER CODE BEGIN USB_HOST_Init_PostTreatment */
  90:USB_HOST/App/usb_host.c **** 
  91:USB_HOST/App/usb_host.c ****   /* USER CODE END USB_HOST_Init_PostTreatment */
  92:USB_HOST/App/usb_host.c **** }
  93:USB_HOST/App/usb_host.c **** 
  94:USB_HOST/App/usb_host.c **** /*
  95:USB_HOST/App/usb_host.c ****  * Background task
  96:USB_HOST/App/usb_host.c ****  */
  97:USB_HOST/App/usb_host.c **** void MX_USB_HOST_Process(void)
  98:USB_HOST/App/usb_host.c **** {
  99:USB_HOST/App/usb_host.c ****   /* USB Host Background task */
 100:USB_HOST/App/usb_host.c ****   USBH_Process(&hUsbHostHS);
 101:USB_HOST/App/usb_host.c **** }
 102:USB_HOST/App/usb_host.c **** /*
 103:USB_HOST/App/usb_host.c ****  * user callback definition
 104:USB_HOST/App/usb_host.c ****  */
 105:USB_HOST/App/usb_host.c **** static void USBH_UserProcess  (USBH_HandleTypeDef *phost, uint8_t id)
 106:USB_HOST/App/usb_host.c **** {
  29              		.loc 1 106 1 view -0
  30              		.cfi_startproc
  31              		@ args = 0, pretend = 0, frame = 0
  32              		@ frame_needed = 0, uses_anonymous_args = 0
  33              		.loc 1 106 1 is_stmt 0 view .LVU1
  34 0000 08B5     		push	{r3, lr}
  35              	.LCFI0:
  36              		.cfi_def_cfa_offset 8
  37              		.cfi_offset 3, -8
  38              		.cfi_offset 14, -4
 107:USB_HOST/App/usb_host.c ****   /* USER CODE BEGIN CALL_BACK_1 */
 108:USB_HOST/App/usb_host.c ****   switch(id)
  39              		.loc 1 108 3 is_stmt 1 view .LVU2
  40 0002 0429     		cmp	r1, #4
  41 0004 0BD0     		beq	.L2
  42 0006 0529     		cmp	r1, #5
  43 0008 05D0     		beq	.L3
  44 000a 0229     		cmp	r1, #2
  45 000c 06D1     		bne	.L1
 109:USB_HOST/App/usb_host.c ****   {
 110:USB_HOST/App/usb_host.c ****   case HOST_USER_SELECT_CONFIGURATION:
 111:USB_HOST/App/usb_host.c ****   break;
 112:USB_HOST/App/usb_host.c **** 
 113:USB_HOST/App/usb_host.c ****   case HOST_USER_DISCONNECTION:
 114:USB_HOST/App/usb_host.c ****   Appli_state = APPLICATION_DISCONNECT;
 115:USB_HOST/App/usb_host.c ****   break;
 116:USB_HOST/App/usb_host.c **** 
 117:USB_HOST/App/usb_host.c ****   case HOST_USER_CLASS_ACTIVE:
 118:USB_HOST/App/usb_host.c ****   Appli_state = APPLICATION_READY;
  46              		.loc 1 118 3 view .LVU3
  47              		.loc 1 118 15 is_stmt 0 view .LVU4
  48 000e 074B     		ldr	r3, .L7
  49 0010 0222     		movs	r2, #2
  50 0012 1A70     		strb	r2, [r3]
 119:USB_HOST/App/usb_host.c ****   break;
  51              		.loc 1 119 3 is_stmt 1 view .LVU5
  52 0014 02E0     		b	.L1
  53              	.L3:
ARM GAS  /tmp/ccubDNjV.s 			page 4


 114:USB_HOST/App/usb_host.c ****   break;
  54              		.loc 1 114 3 view .LVU6
 114:USB_HOST/App/usb_host.c ****   break;
  55              		.loc 1 114 15 is_stmt 0 view .LVU7
  56 0016 054B     		ldr	r3, .L7
  57 0018 0322     		movs	r2, #3
  58 001a 1A70     		strb	r2, [r3]
 115:USB_HOST/App/usb_host.c **** 
  59              		.loc 1 115 3 is_stmt 1 view .LVU8
  60              	.LVL1:
  61              	.L1:
 120:USB_HOST/App/usb_host.c **** 
 121:USB_HOST/App/usb_host.c ****   case HOST_USER_CONNECTION:
 122:USB_HOST/App/usb_host.c ****   Appli_state = APPLICATION_START;
 123:USB_HOST/App/usb_host.c ****   MX_FATFS_USB_Drive_Connected();
 124:USB_HOST/App/usb_host.c ****   break;
 125:USB_HOST/App/usb_host.c **** 
 126:USB_HOST/App/usb_host.c ****   default:
 127:USB_HOST/App/usb_host.c ****   break;
 128:USB_HOST/App/usb_host.c ****   }
 129:USB_HOST/App/usb_host.c ****   /* USER CODE END CALL_BACK_1 */
 130:USB_HOST/App/usb_host.c **** }
  62              		.loc 1 130 1 is_stmt 0 view .LVU9
  63 001c 08BD     		pop	{r3, pc}
  64              	.LVL2:
  65              	.L2:
 122:USB_HOST/App/usb_host.c ****   MX_FATFS_USB_Drive_Connected();
  66              		.loc 1 122 3 is_stmt 1 view .LVU10
 122:USB_HOST/App/usb_host.c ****   MX_FATFS_USB_Drive_Connected();
  67              		.loc 1 122 15 is_stmt 0 view .LVU11
  68 001e 034B     		ldr	r3, .L7
  69 0020 0122     		movs	r2, #1
  70 0022 1A70     		strb	r2, [r3]
 123:USB_HOST/App/usb_host.c ****   break;
  71              		.loc 1 123 3 is_stmt 1 view .LVU12
  72 0024 FFF7FEFF 		bl	MX_FATFS_USB_Drive_Connected
  73              	.LVL3:
 124:USB_HOST/App/usb_host.c **** 
  74              		.loc 1 124 3 view .LVU13
  75              		.loc 1 130 1 is_stmt 0 view .LVU14
  76 0028 F8E7     		b	.L1
  77              	.L8:
  78 002a 00BF     		.align	2
  79              	.L7:
  80 002c 00000000 		.word	Appli_state
  81              		.cfi_endproc
  82              	.LFE135:
  84              		.section	.text.MX_USB_HOST_Init,"ax",%progbits
  85              		.align	1
  86              		.global	MX_USB_HOST_Init
  87              		.syntax unified
  88              		.thumb
  89              		.thumb_func
  91              	MX_USB_HOST_Init:
  92              	.LFB133:
  71:USB_HOST/App/usb_host.c ****   /* USER CODE BEGIN USB_HOST_Init_PreTreatment */
  93              		.loc 1 71 1 is_stmt 1 view -0
ARM GAS  /tmp/ccubDNjV.s 			page 5


  94              		.cfi_startproc
  95              		@ args = 0, pretend = 0, frame = 0
  96              		@ frame_needed = 0, uses_anonymous_args = 0
  97 0000 08B5     		push	{r3, lr}
  98              	.LCFI1:
  99              		.cfi_def_cfa_offset 8
 100              		.cfi_offset 3, -8
 101              		.cfi_offset 14, -4
  77:USB_HOST/App/usb_host.c ****   {
 102              		.loc 1 77 3 view .LVU16
  77:USB_HOST/App/usb_host.c ****   {
 103              		.loc 1 77 7 is_stmt 0 view .LVU17
 104 0002 0022     		movs	r2, #0
 105 0004 0B49     		ldr	r1, .L17
 106 0006 0C48     		ldr	r0, .L17+4
 107 0008 FFF7FEFF 		bl	USBH_Init
 108              	.LVL4:
  77:USB_HOST/App/usb_host.c ****   {
 109              		.loc 1 77 6 discriminator 1 view .LVU18
 110 000c 48B9     		cbnz	r0, .L14
 111              	.L10:
  81:USB_HOST/App/usb_host.c ****   {
 112              		.loc 1 81 3 is_stmt 1 view .LVU19
  81:USB_HOST/App/usb_host.c ****   {
 113              		.loc 1 81 7 is_stmt 0 view .LVU20
 114 000e 0B49     		ldr	r1, .L17+8
 115 0010 0948     		ldr	r0, .L17+4
 116 0012 FFF7FEFF 		bl	USBH_RegisterClass
 117              	.LVL5:
  81:USB_HOST/App/usb_host.c ****   {
 118              		.loc 1 81 6 discriminator 1 view .LVU21
 119 0016 38B9     		cbnz	r0, .L15
 120              	.L11:
  85:USB_HOST/App/usb_host.c ****   {
 121              		.loc 1 85 3 is_stmt 1 view .LVU22
  85:USB_HOST/App/usb_host.c ****   {
 122              		.loc 1 85 7 is_stmt 0 view .LVU23
 123 0018 0748     		ldr	r0, .L17+4
 124 001a FFF7FEFF 		bl	USBH_Start
 125              	.LVL6:
  85:USB_HOST/App/usb_host.c ****   {
 126              		.loc 1 85 6 discriminator 1 view .LVU24
 127 001e 30B9     		cbnz	r0, .L16
 128              	.L9:
  92:USB_HOST/App/usb_host.c **** 
 129              		.loc 1 92 1 view .LVU25
 130 0020 08BD     		pop	{r3, pc}
 131              	.L14:
  79:USB_HOST/App/usb_host.c ****   }
 132              		.loc 1 79 5 is_stmt 1 view .LVU26
 133 0022 FFF7FEFF 		bl	Error_Handler
 134              	.LVL7:
 135 0026 F2E7     		b	.L10
 136              	.L15:
  83:USB_HOST/App/usb_host.c ****   }
 137              		.loc 1 83 5 view .LVU27
 138 0028 FFF7FEFF 		bl	Error_Handler
ARM GAS  /tmp/ccubDNjV.s 			page 6


 139              	.LVL8:
 140 002c F4E7     		b	.L11
 141              	.L16:
  87:USB_HOST/App/usb_host.c ****   }
 142              		.loc 1 87 5 view .LVU28
 143 002e FFF7FEFF 		bl	Error_Handler
 144              	.LVL9:
  92:USB_HOST/App/usb_host.c **** 
 145              		.loc 1 92 1 is_stmt 0 view .LVU29
 146 0032 F5E7     		b	.L9
 147              	.L18:
 148              		.align	2
 149              	.L17:
 150 0034 00000000 		.word	USBH_UserProcess
 151 0038 00000000 		.word	hUsbHostHS
 152 003c 00000000 		.word	USBH_msc
 153              		.cfi_endproc
 154              	.LFE133:
 156              		.section	.text.MX_USB_HOST_Process,"ax",%progbits
 157              		.align	1
 158              		.global	MX_USB_HOST_Process
 159              		.syntax unified
 160              		.thumb
 161              		.thumb_func
 163              	MX_USB_HOST_Process:
 164              	.LFB134:
  98:USB_HOST/App/usb_host.c ****   /* USB Host Background task */
 165              		.loc 1 98 1 is_stmt 1 view -0
 166              		.cfi_startproc
 167              		@ args = 0, pretend = 0, frame = 0
 168              		@ frame_needed = 0, uses_anonymous_args = 0
 169 0000 08B5     		push	{r3, lr}
 170              	.LCFI2:
 171              		.cfi_def_cfa_offset 8
 172              		.cfi_offset 3, -8
 173              		.cfi_offset 14, -4
 100:USB_HOST/App/usb_host.c **** }
 174              		.loc 1 100 3 view .LVU31
 175 0002 0248     		ldr	r0, .L21
 176 0004 FFF7FEFF 		bl	USBH_Process
 177              	.LVL10:
 101:USB_HOST/App/usb_host.c **** /*
 178              		.loc 1 101 1 is_stmt 0 view .LVU32
 179 0008 08BD     		pop	{r3, pc}
 180              	.L22:
 181 000a 00BF     		.align	2
 182              	.L21:
 183 000c 00000000 		.word	hUsbHostHS
 184              		.cfi_endproc
 185              	.LFE134:
 187              		.global	Appli_state
 188              		.section	.bss.Appli_state,"aw",%nobits
 191              	Appli_state:
 192 0000 00       		.space	1
 193              		.global	hUsbHostHS
 194              		.section	.bss.hUsbHostHS,"aw",%nobits
 195              		.align	2
ARM GAS  /tmp/ccubDNjV.s 			page 7


 198              	hUsbHostHS:
 199 0000 00000000 		.space	984
 199      00000000 
 199      00000000 
 199      00000000 
 199      00000000 
 200              		.text
 201              	.Letext0:
 202              		.file 2 "/usr/lib/gcc/arm-none-eabi/14.2.1/include/stdint.h"
 203              		.file 3 "USB_HOST/App/usb_host.h"
 204              		.file 4 "Middlewares/ST/STM32_USB_Host_Library/Core/Inc/usbh_def.h"
 205              		.file 5 "Middlewares/ST/STM32_USB_Host_Library/Class/MSC/Inc/usbh_msc.h"
 206              		.file 6 "Middlewares/ST/STM32_USB_Host_Library/Core/Inc/usbh_core.h"
 207              		.file 7 "FATFS/App/fatfs.h"
 208              		.file 8 "Core/Inc/main.h"
ARM GAS  /tmp/ccubDNjV.s 			page 8


DEFINED SYMBOLS
                            *ABS*:00000000 usb_host.c
     /tmp/ccubDNjV.s:21     .text.USBH_UserProcess:00000000 $t
     /tmp/ccubDNjV.s:26     .text.USBH_UserProcess:00000000 USBH_UserProcess
     /tmp/ccubDNjV.s:80     .text.USBH_UserProcess:0000002c $d
     /tmp/ccubDNjV.s:191    .bss.Appli_state:00000000 Appli_state
     /tmp/ccubDNjV.s:85     .text.MX_USB_HOST_Init:00000000 $t
     /tmp/ccubDNjV.s:91     .text.MX_USB_HOST_Init:00000000 MX_USB_HOST_Init
     /tmp/ccubDNjV.s:150    .text.MX_USB_HOST_Init:00000034 $d
     /tmp/ccubDNjV.s:198    .bss.hUsbHostHS:00000000 hUsbHostHS
     /tmp/ccubDNjV.s:157    .text.MX_USB_HOST_Process:00000000 $t
     /tmp/ccubDNjV.s:163    .text.MX_USB_HOST_Process:00000000 MX_USB_HOST_Process
     /tmp/ccubDNjV.s:183    .text.MX_USB_HOST_Process:0000000c $d
     /tmp/ccubDNjV.s:192    .bss.Appli_state:00000000 $d
     /tmp/ccubDNjV.s:195    .bss.hUsbHostHS:00000000 $d

UNDEFINED SYMBOLS
MX_FATFS_USB_Drive_Connected
USBH_Init
USBH_RegisterClass
USBH_Start
Error_Handler
USBH_msc
USBH_Process
