ARM GAS  /tmp/ccqEEOwe.s 			page 1


   1              		.cpu cortex-m4
   2              		.arch armv7e-m
   3              		.fpu fpv4-sp-d16
   4              		.eabi_attribute 27, 1
   5              		.eabi_attribute 28, 1
   6              		.eabi_attribute 20, 1
   7              		.eabi_attribute 21, 1
   8              		.eabi_attribute 23, 3
   9              		.eabi_attribute 24, 1
  10              		.eabi_attribute 25, 1
  11              		.eabi_attribute 26, 1
  12              		.eabi_attribute 30, 1
  13              		.eabi_attribute 34, 1
  14              		.eabi_attribute 18, 4
  15              		.file	"usbh_conf.c"
  16              		.text
  17              	.Ltext0:
  18              		.cfi_sections	.debug_frame
  19              		.file 1 "USB_HOST/Target/usbh_conf.c"
  20              		.section	.text.HAL_HCD_MspInit,"ax",%progbits
  21              		.align	1
  22              		.global	HAL_HCD_MspInit
  23              		.syntax unified
  24              		.thumb
  25              		.thumb_func
  27              	HAL_HCD_MspInit:
  28              	.LVL0:
  29              	.LFB133:
   1:USB_HOST/Target/usbh_conf.c **** /* USER CODE BEGIN Header */
   2:USB_HOST/Target/usbh_conf.c **** /**
   3:USB_HOST/Target/usbh_conf.c ****   ******************************************************************************
   4:USB_HOST/Target/usbh_conf.c ****   * @file           : Target/usbh_conf.c
   5:USB_HOST/Target/usbh_conf.c ****   * @version        : v1.0_Cube
   6:USB_HOST/Target/usbh_conf.c ****   * @brief          : This file implements the board support package for the USB host library
   7:USB_HOST/Target/usbh_conf.c ****   ******************************************************************************
   8:USB_HOST/Target/usbh_conf.c ****   * @attention
   9:USB_HOST/Target/usbh_conf.c ****   *
  10:USB_HOST/Target/usbh_conf.c ****   * Copyright (c) 2023 STMicroelectronics.
  11:USB_HOST/Target/usbh_conf.c ****   * All rights reserved.
  12:USB_HOST/Target/usbh_conf.c ****   *
  13:USB_HOST/Target/usbh_conf.c ****   * This software is licensed under terms that can be found in the LICENSE file
  14:USB_HOST/Target/usbh_conf.c ****   * in the root directory of this software component.
  15:USB_HOST/Target/usbh_conf.c ****   * If no LICENSE file comes with this software, it is provided AS-IS.
  16:USB_HOST/Target/usbh_conf.c ****   *
  17:USB_HOST/Target/usbh_conf.c ****   ******************************************************************************
  18:USB_HOST/Target/usbh_conf.c ****   */
  19:USB_HOST/Target/usbh_conf.c **** /* USER CODE END Header */
  20:USB_HOST/Target/usbh_conf.c **** 
  21:USB_HOST/Target/usbh_conf.c **** /* Includes ------------------------------------------------------------------*/
  22:USB_HOST/Target/usbh_conf.c **** #include "usbh_core.h"
  23:USB_HOST/Target/usbh_conf.c **** 
  24:USB_HOST/Target/usbh_conf.c **** /* USER CODE BEGIN Includes */
  25:USB_HOST/Target/usbh_conf.c **** 
  26:USB_HOST/Target/usbh_conf.c **** /* USER CODE END Includes */
  27:USB_HOST/Target/usbh_conf.c **** 
  28:USB_HOST/Target/usbh_conf.c **** /* Private typedef -----------------------------------------------------------*/
  29:USB_HOST/Target/usbh_conf.c **** /* Private define ------------------------------------------------------------*/
ARM GAS  /tmp/ccqEEOwe.s 			page 2


  30:USB_HOST/Target/usbh_conf.c **** /* Private macro -------------------------------------------------------------*/
  31:USB_HOST/Target/usbh_conf.c **** 
  32:USB_HOST/Target/usbh_conf.c **** /* USER CODE BEGIN PV */
  33:USB_HOST/Target/usbh_conf.c **** /* Private variables ---------------------------------------------------------*/
  34:USB_HOST/Target/usbh_conf.c **** 
  35:USB_HOST/Target/usbh_conf.c **** /* USER CODE END PV */
  36:USB_HOST/Target/usbh_conf.c **** 
  37:USB_HOST/Target/usbh_conf.c **** HCD_HandleTypeDef hhcd_USB_OTG_HS;
  38:USB_HOST/Target/usbh_conf.c **** void Error_Handler(void);
  39:USB_HOST/Target/usbh_conf.c **** 
  40:USB_HOST/Target/usbh_conf.c **** /* USER CODE BEGIN 0 */
  41:USB_HOST/Target/usbh_conf.c **** 
  42:USB_HOST/Target/usbh_conf.c **** /* USER CODE END 0 */
  43:USB_HOST/Target/usbh_conf.c **** 
  44:USB_HOST/Target/usbh_conf.c **** /* USER CODE BEGIN PFP */
  45:USB_HOST/Target/usbh_conf.c **** /* Private function prototypes -----------------------------------------------*/
  46:USB_HOST/Target/usbh_conf.c **** USBH_StatusTypeDef USBH_Get_USB_Status(HAL_StatusTypeDef hal_status);
  47:USB_HOST/Target/usbh_conf.c **** 
  48:USB_HOST/Target/usbh_conf.c **** /* USER CODE END PFP */
  49:USB_HOST/Target/usbh_conf.c **** 
  50:USB_HOST/Target/usbh_conf.c **** /* Private functions ---------------------------------------------------------*/
  51:USB_HOST/Target/usbh_conf.c **** 
  52:USB_HOST/Target/usbh_conf.c **** /* USER CODE BEGIN 1 */
  53:USB_HOST/Target/usbh_conf.c **** 
  54:USB_HOST/Target/usbh_conf.c **** /* USER CODE END 1 */
  55:USB_HOST/Target/usbh_conf.c **** 
  56:USB_HOST/Target/usbh_conf.c **** /*******************************************************************************
  57:USB_HOST/Target/usbh_conf.c ****                        LL Driver Callbacks (HCD -> USB Host Library)
  58:USB_HOST/Target/usbh_conf.c **** *******************************************************************************/
  59:USB_HOST/Target/usbh_conf.c **** /* MSP Init */
  60:USB_HOST/Target/usbh_conf.c **** 
  61:USB_HOST/Target/usbh_conf.c **** void HAL_HCD_MspInit(HCD_HandleTypeDef* hcdHandle)
  62:USB_HOST/Target/usbh_conf.c **** {
  30              		.loc 1 62 1 view -0
  31              		.cfi_startproc
  32              		@ args = 0, pretend = 0, frame = 32
  33              		@ frame_needed = 0, uses_anonymous_args = 0
  34              		.loc 1 62 1 is_stmt 0 view .LVU1
  35 0000 30B5     		push	{r4, r5, lr}
  36              	.LCFI0:
  37              		.cfi_def_cfa_offset 12
  38              		.cfi_offset 4, -12
  39              		.cfi_offset 5, -8
  40              		.cfi_offset 14, -4
  41 0002 89B0     		sub	sp, sp, #36
  42              	.LCFI1:
  43              		.cfi_def_cfa_offset 48
  63:USB_HOST/Target/usbh_conf.c ****   GPIO_InitTypeDef GPIO_InitStruct = {0};
  44              		.loc 1 63 3 is_stmt 1 view .LVU2
  45              		.loc 1 63 20 is_stmt 0 view .LVU3
  46 0004 0023     		movs	r3, #0
  47 0006 0393     		str	r3, [sp, #12]
  48 0008 0493     		str	r3, [sp, #16]
  49 000a 0593     		str	r3, [sp, #20]
  50 000c 0693     		str	r3, [sp, #24]
  51 000e 0793     		str	r3, [sp, #28]
  64:USB_HOST/Target/usbh_conf.c ****   if(hcdHandle->Instance==USB_OTG_HS)
ARM GAS  /tmp/ccqEEOwe.s 			page 3


  52              		.loc 1 64 3 is_stmt 1 view .LVU4
  53              		.loc 1 64 15 is_stmt 0 view .LVU5
  54 0010 0268     		ldr	r2, [r0]
  55              		.loc 1 64 5 view .LVU6
  56 0012 214B     		ldr	r3, .L5
  57 0014 9A42     		cmp	r2, r3
  58 0016 01D0     		beq	.L4
  59              	.LVL1:
  60              	.L1:
  65:USB_HOST/Target/usbh_conf.c ****   {
  66:USB_HOST/Target/usbh_conf.c ****   /* USER CODE BEGIN USB_OTG_HS_MspInit 0 */
  67:USB_HOST/Target/usbh_conf.c **** 
  68:USB_HOST/Target/usbh_conf.c ****   /* USER CODE END USB_OTG_HS_MspInit 0 */
  69:USB_HOST/Target/usbh_conf.c **** 
  70:USB_HOST/Target/usbh_conf.c ****     __HAL_RCC_GPIOB_CLK_ENABLE();
  71:USB_HOST/Target/usbh_conf.c ****     /**USB_OTG_HS GPIO Configuration
  72:USB_HOST/Target/usbh_conf.c ****     PB14     ------> USB_OTG_HS_DM
  73:USB_HOST/Target/usbh_conf.c ****     PB15     ------> USB_OTG_HS_DP
  74:USB_HOST/Target/usbh_conf.c ****     */
  75:USB_HOST/Target/usbh_conf.c ****     GPIO_InitStruct.Pin = GPIO_PIN_14|GPIO_PIN_15;
  76:USB_HOST/Target/usbh_conf.c ****     GPIO_InitStruct.Mode = GPIO_MODE_AF_PP;
  77:USB_HOST/Target/usbh_conf.c ****     GPIO_InitStruct.Pull = GPIO_NOPULL;
  78:USB_HOST/Target/usbh_conf.c ****     GPIO_InitStruct.Speed = GPIO_SPEED_FREQ_VERY_HIGH;
  79:USB_HOST/Target/usbh_conf.c ****     GPIO_InitStruct.Alternate = GPIO_AF12_OTG_HS_FS;
  80:USB_HOST/Target/usbh_conf.c ****     HAL_GPIO_Init(GPIOB, &GPIO_InitStruct);
  81:USB_HOST/Target/usbh_conf.c **** 
  82:USB_HOST/Target/usbh_conf.c ****     /* Peripheral clock enable */
  83:USB_HOST/Target/usbh_conf.c ****     __HAL_RCC_USB_OTG_HS_CLK_ENABLE();
  84:USB_HOST/Target/usbh_conf.c **** 
  85:USB_HOST/Target/usbh_conf.c ****     /* Peripheral interrupt init */
  86:USB_HOST/Target/usbh_conf.c ****     HAL_NVIC_SetPriority(OTG_HS_EP1_OUT_IRQn, 0, 0);
  87:USB_HOST/Target/usbh_conf.c ****     HAL_NVIC_EnableIRQ(OTG_HS_EP1_OUT_IRQn);
  88:USB_HOST/Target/usbh_conf.c ****     HAL_NVIC_SetPriority(OTG_HS_EP1_IN_IRQn, 0, 0);
  89:USB_HOST/Target/usbh_conf.c ****     HAL_NVIC_EnableIRQ(OTG_HS_EP1_IN_IRQn);
  90:USB_HOST/Target/usbh_conf.c ****     HAL_NVIC_SetPriority(OTG_HS_IRQn, 0, 0);
  91:USB_HOST/Target/usbh_conf.c ****     HAL_NVIC_EnableIRQ(OTG_HS_IRQn);
  92:USB_HOST/Target/usbh_conf.c ****   /* USER CODE BEGIN USB_OTG_HS_MspInit 1 */
  93:USB_HOST/Target/usbh_conf.c **** 
  94:USB_HOST/Target/usbh_conf.c ****   /* USER CODE END USB_OTG_HS_MspInit 1 */
  95:USB_HOST/Target/usbh_conf.c ****   }
  96:USB_HOST/Target/usbh_conf.c **** }
  61              		.loc 1 96 1 view .LVU7
  62 0018 09B0     		add	sp, sp, #36
  63              	.LCFI2:
  64              		.cfi_remember_state
  65              		.cfi_def_cfa_offset 12
  66              		@ sp needed
  67 001a 30BD     		pop	{r4, r5, pc}
  68              	.LVL2:
  69              	.L4:
  70              	.LCFI3:
  71              		.cfi_restore_state
  70:USB_HOST/Target/usbh_conf.c ****     /**USB_OTG_HS GPIO Configuration
  72              		.loc 1 70 5 is_stmt 1 view .LVU8
  73              	.LBB2:
  70:USB_HOST/Target/usbh_conf.c ****     /**USB_OTG_HS GPIO Configuration
  74              		.loc 1 70 5 view .LVU9
ARM GAS  /tmp/ccqEEOwe.s 			page 4


  75 001c 0024     		movs	r4, #0
  76 001e 0194     		str	r4, [sp, #4]
  70:USB_HOST/Target/usbh_conf.c ****     /**USB_OTG_HS GPIO Configuration
  77              		.loc 1 70 5 view .LVU10
  78 0020 1E4D     		ldr	r5, .L5+4
  79 0022 2B6B     		ldr	r3, [r5, #48]
  80 0024 43F00203 		orr	r3, r3, #2
  81 0028 2B63     		str	r3, [r5, #48]
  70:USB_HOST/Target/usbh_conf.c ****     /**USB_OTG_HS GPIO Configuration
  82              		.loc 1 70 5 view .LVU11
  83 002a 2B6B     		ldr	r3, [r5, #48]
  84 002c 03F00203 		and	r3, r3, #2
  85 0030 0193     		str	r3, [sp, #4]
  70:USB_HOST/Target/usbh_conf.c ****     /**USB_OTG_HS GPIO Configuration
  86              		.loc 1 70 5 view .LVU12
  87 0032 019B     		ldr	r3, [sp, #4]
  88              	.LBE2:
  70:USB_HOST/Target/usbh_conf.c ****     /**USB_OTG_HS GPIO Configuration
  89              		.loc 1 70 5 view .LVU13
  75:USB_HOST/Target/usbh_conf.c ****     GPIO_InitStruct.Mode = GPIO_MODE_AF_PP;
  90              		.loc 1 75 5 view .LVU14
  75:USB_HOST/Target/usbh_conf.c ****     GPIO_InitStruct.Mode = GPIO_MODE_AF_PP;
  91              		.loc 1 75 25 is_stmt 0 view .LVU15
  92 0034 4FF44043 		mov	r3, #49152
  93 0038 0393     		str	r3, [sp, #12]
  76:USB_HOST/Target/usbh_conf.c ****     GPIO_InitStruct.Pull = GPIO_NOPULL;
  94              		.loc 1 76 5 is_stmt 1 view .LVU16
  76:USB_HOST/Target/usbh_conf.c ****     GPIO_InitStruct.Pull = GPIO_NOPULL;
  95              		.loc 1 76 26 is_stmt 0 view .LVU17
  96 003a 0223     		movs	r3, #2
  97 003c 0493     		str	r3, [sp, #16]
  77:USB_HOST/Target/usbh_conf.c ****     GPIO_InitStruct.Speed = GPIO_SPEED_FREQ_VERY_HIGH;
  98              		.loc 1 77 5 is_stmt 1 view .LVU18
  78:USB_HOST/Target/usbh_conf.c ****     GPIO_InitStruct.Alternate = GPIO_AF12_OTG_HS_FS;
  99              		.loc 1 78 5 view .LVU19
  78:USB_HOST/Target/usbh_conf.c ****     GPIO_InitStruct.Alternate = GPIO_AF12_OTG_HS_FS;
 100              		.loc 1 78 27 is_stmt 0 view .LVU20
 101 003e 0323     		movs	r3, #3
 102 0040 0693     		str	r3, [sp, #24]
  79:USB_HOST/Target/usbh_conf.c ****     HAL_GPIO_Init(GPIOB, &GPIO_InitStruct);
 103              		.loc 1 79 5 is_stmt 1 view .LVU21
  79:USB_HOST/Target/usbh_conf.c ****     HAL_GPIO_Init(GPIOB, &GPIO_InitStruct);
 104              		.loc 1 79 31 is_stmt 0 view .LVU22
 105 0042 0C23     		movs	r3, #12
 106 0044 0793     		str	r3, [sp, #28]
  80:USB_HOST/Target/usbh_conf.c **** 
 107              		.loc 1 80 5 is_stmt 1 view .LVU23
 108 0046 0DEB0301 		add	r1, sp, r3
 109 004a 1548     		ldr	r0, .L5+8
 110              	.LVL3:
  80:USB_HOST/Target/usbh_conf.c **** 
 111              		.loc 1 80 5 is_stmt 0 view .LVU24
 112 004c FFF7FEFF 		bl	HAL_GPIO_Init
 113              	.LVL4:
  83:USB_HOST/Target/usbh_conf.c **** 
 114              		.loc 1 83 5 is_stmt 1 view .LVU25
 115              	.LBB3:
ARM GAS  /tmp/ccqEEOwe.s 			page 5


  83:USB_HOST/Target/usbh_conf.c **** 
 116              		.loc 1 83 5 view .LVU26
 117 0050 0294     		str	r4, [sp, #8]
  83:USB_HOST/Target/usbh_conf.c **** 
 118              		.loc 1 83 5 view .LVU27
 119 0052 2B6B     		ldr	r3, [r5, #48]
 120 0054 43F00053 		orr	r3, r3, #536870912
 121 0058 2B63     		str	r3, [r5, #48]
  83:USB_HOST/Target/usbh_conf.c **** 
 122              		.loc 1 83 5 view .LVU28
 123 005a 2B6B     		ldr	r3, [r5, #48]
 124 005c 03F00053 		and	r3, r3, #536870912
 125 0060 0293     		str	r3, [sp, #8]
  83:USB_HOST/Target/usbh_conf.c **** 
 126              		.loc 1 83 5 view .LVU29
 127 0062 029B     		ldr	r3, [sp, #8]
 128              	.LBE3:
  83:USB_HOST/Target/usbh_conf.c **** 
 129              		.loc 1 83 5 view .LVU30
  86:USB_HOST/Target/usbh_conf.c ****     HAL_NVIC_EnableIRQ(OTG_HS_EP1_OUT_IRQn);
 130              		.loc 1 86 5 view .LVU31
 131 0064 2246     		mov	r2, r4
 132 0066 2146     		mov	r1, r4
 133 0068 4A20     		movs	r0, #74
 134 006a FFF7FEFF 		bl	HAL_NVIC_SetPriority
 135              	.LVL5:
  87:USB_HOST/Target/usbh_conf.c ****     HAL_NVIC_SetPriority(OTG_HS_EP1_IN_IRQn, 0, 0);
 136              		.loc 1 87 5 view .LVU32
 137 006e 4A20     		movs	r0, #74
 138 0070 FFF7FEFF 		bl	HAL_NVIC_EnableIRQ
 139              	.LVL6:
  88:USB_HOST/Target/usbh_conf.c ****     HAL_NVIC_EnableIRQ(OTG_HS_EP1_IN_IRQn);
 140              		.loc 1 88 5 view .LVU33
 141 0074 2246     		mov	r2, r4
 142 0076 2146     		mov	r1, r4
 143 0078 4B20     		movs	r0, #75
 144 007a FFF7FEFF 		bl	HAL_NVIC_SetPriority
 145              	.LVL7:
  89:USB_HOST/Target/usbh_conf.c ****     HAL_NVIC_SetPriority(OTG_HS_IRQn, 0, 0);
 146              		.loc 1 89 5 view .LVU34
 147 007e 4B20     		movs	r0, #75
 148 0080 FFF7FEFF 		bl	HAL_NVIC_EnableIRQ
 149              	.LVL8:
  90:USB_HOST/Target/usbh_conf.c ****     HAL_NVIC_EnableIRQ(OTG_HS_IRQn);
 150              		.loc 1 90 5 view .LVU35
 151 0084 2246     		mov	r2, r4
 152 0086 2146     		mov	r1, r4
 153 0088 4D20     		movs	r0, #77
 154 008a FFF7FEFF 		bl	HAL_NVIC_SetPriority
 155              	.LVL9:
  91:USB_HOST/Target/usbh_conf.c ****   /* USER CODE BEGIN USB_OTG_HS_MspInit 1 */
 156              		.loc 1 91 5 view .LVU36
 157 008e 4D20     		movs	r0, #77
 158 0090 FFF7FEFF 		bl	HAL_NVIC_EnableIRQ
 159              	.LVL10:
 160              		.loc 1 96 1 is_stmt 0 view .LVU37
 161 0094 C0E7     		b	.L1
ARM GAS  /tmp/ccqEEOwe.s 			page 6


 162              	.L6:
 163 0096 00BF     		.align	2
 164              	.L5:
 165 0098 00000440 		.word	1074003968
 166 009c 00380240 		.word	1073887232
 167 00a0 00040240 		.word	1073873920
 168              		.cfi_endproc
 169              	.LFE133:
 171              		.section	.text.HAL_HCD_MspDeInit,"ax",%progbits
 172              		.align	1
 173              		.global	HAL_HCD_MspDeInit
 174              		.syntax unified
 175              		.thumb
 176              		.thumb_func
 178              	HAL_HCD_MspDeInit:
 179              	.LVL11:
 180              	.LFB134:
  97:USB_HOST/Target/usbh_conf.c **** 
  98:USB_HOST/Target/usbh_conf.c **** void HAL_HCD_MspDeInit(HCD_HandleTypeDef* hcdHandle)
  99:USB_HOST/Target/usbh_conf.c **** {
 181              		.loc 1 99 1 is_stmt 1 view -0
 182              		.cfi_startproc
 183              		@ args = 0, pretend = 0, frame = 0
 184              		@ frame_needed = 0, uses_anonymous_args = 0
 185              		.loc 1 99 1 is_stmt 0 view .LVU39
 186 0000 08B5     		push	{r3, lr}
 187              	.LCFI4:
 188              		.cfi_def_cfa_offset 8
 189              		.cfi_offset 3, -8
 190              		.cfi_offset 14, -4
 100:USB_HOST/Target/usbh_conf.c ****   if(hcdHandle->Instance==USB_OTG_HS)
 191              		.loc 1 100 3 is_stmt 1 view .LVU40
 192              		.loc 1 100 15 is_stmt 0 view .LVU41
 193 0002 0268     		ldr	r2, [r0]
 194              		.loc 1 100 5 view .LVU42
 195 0004 0B4B     		ldr	r3, .L11
 196 0006 9A42     		cmp	r2, r3
 197 0008 00D0     		beq	.L10
 198              	.LVL12:
 199              	.L7:
 101:USB_HOST/Target/usbh_conf.c ****   {
 102:USB_HOST/Target/usbh_conf.c ****   /* USER CODE BEGIN USB_OTG_HS_MspDeInit 0 */
 103:USB_HOST/Target/usbh_conf.c **** 
 104:USB_HOST/Target/usbh_conf.c ****   /* USER CODE END USB_OTG_HS_MspDeInit 0 */
 105:USB_HOST/Target/usbh_conf.c ****     /* Peripheral clock disable */
 106:USB_HOST/Target/usbh_conf.c ****     __HAL_RCC_USB_OTG_HS_CLK_DISABLE();
 107:USB_HOST/Target/usbh_conf.c **** 
 108:USB_HOST/Target/usbh_conf.c ****     /**USB_OTG_HS GPIO Configuration
 109:USB_HOST/Target/usbh_conf.c ****     PB14     ------> USB_OTG_HS_DM
 110:USB_HOST/Target/usbh_conf.c ****     PB15     ------> USB_OTG_HS_DP
 111:USB_HOST/Target/usbh_conf.c ****     */
 112:USB_HOST/Target/usbh_conf.c ****     HAL_GPIO_DeInit(GPIOB, GPIO_PIN_14|GPIO_PIN_15);
 113:USB_HOST/Target/usbh_conf.c **** 
 114:USB_HOST/Target/usbh_conf.c ****     /* Peripheral interrupt Deinit*/
 115:USB_HOST/Target/usbh_conf.c ****     HAL_NVIC_DisableIRQ(OTG_HS_EP1_OUT_IRQn);
 116:USB_HOST/Target/usbh_conf.c **** 
 117:USB_HOST/Target/usbh_conf.c ****     HAL_NVIC_DisableIRQ(OTG_HS_EP1_IN_IRQn);
ARM GAS  /tmp/ccqEEOwe.s 			page 7


 118:USB_HOST/Target/usbh_conf.c **** 
 119:USB_HOST/Target/usbh_conf.c ****     HAL_NVIC_DisableIRQ(OTG_HS_IRQn);
 120:USB_HOST/Target/usbh_conf.c **** 
 121:USB_HOST/Target/usbh_conf.c ****   /* USER CODE BEGIN USB_OTG_HS_MspDeInit 1 */
 122:USB_HOST/Target/usbh_conf.c **** 
 123:USB_HOST/Target/usbh_conf.c ****   /* USER CODE END USB_OTG_HS_MspDeInit 1 */
 124:USB_HOST/Target/usbh_conf.c ****   }
 125:USB_HOST/Target/usbh_conf.c **** }
 200              		.loc 1 125 1 view .LVU43
 201 000a 08BD     		pop	{r3, pc}
 202              	.LVL13:
 203              	.L10:
 106:USB_HOST/Target/usbh_conf.c **** 
 204              		.loc 1 106 5 is_stmt 1 view .LVU44
 205 000c 0A4A     		ldr	r2, .L11+4
 206 000e 136B     		ldr	r3, [r2, #48]
 207 0010 23F00053 		bic	r3, r3, #536870912
 208 0014 1363     		str	r3, [r2, #48]
 112:USB_HOST/Target/usbh_conf.c **** 
 209              		.loc 1 112 5 view .LVU45
 210 0016 4FF44041 		mov	r1, #49152
 211 001a 0848     		ldr	r0, .L11+8
 212              	.LVL14:
 112:USB_HOST/Target/usbh_conf.c **** 
 213              		.loc 1 112 5 is_stmt 0 view .LVU46
 214 001c FFF7FEFF 		bl	HAL_GPIO_DeInit
 215              	.LVL15:
 115:USB_HOST/Target/usbh_conf.c **** 
 216              		.loc 1 115 5 is_stmt 1 view .LVU47
 217 0020 4A20     		movs	r0, #74
 218 0022 FFF7FEFF 		bl	HAL_NVIC_DisableIRQ
 219              	.LVL16:
 117:USB_HOST/Target/usbh_conf.c **** 
 220              		.loc 1 117 5 view .LVU48
 221 0026 4B20     		movs	r0, #75
 222 0028 FFF7FEFF 		bl	HAL_NVIC_DisableIRQ
 223              	.LVL17:
 119:USB_HOST/Target/usbh_conf.c **** 
 224              		.loc 1 119 5 view .LVU49
 225 002c 4D20     		movs	r0, #77
 226 002e FFF7FEFF 		bl	HAL_NVIC_DisableIRQ
 227              	.LVL18:
 228              		.loc 1 125 1 is_stmt 0 view .LVU50
 229 0032 EAE7     		b	.L7
 230              	.L12:
 231              		.align	2
 232              	.L11:
 233 0034 00000440 		.word	1074003968
 234 0038 00380240 		.word	1073887232
 235 003c 00040240 		.word	1073873920
 236              		.cfi_endproc
 237              	.LFE134:
 239              		.section	.text.HAL_HCD_SOF_Callback,"ax",%progbits
 240              		.align	1
 241              		.global	HAL_HCD_SOF_Callback
 242              		.syntax unified
 243              		.thumb
ARM GAS  /tmp/ccqEEOwe.s 			page 8


 244              		.thumb_func
 246              	HAL_HCD_SOF_Callback:
 247              	.LVL19:
 248              	.LFB135:
 126:USB_HOST/Target/usbh_conf.c **** 
 127:USB_HOST/Target/usbh_conf.c **** /**
 128:USB_HOST/Target/usbh_conf.c ****   * @brief  SOF callback.
 129:USB_HOST/Target/usbh_conf.c ****   * @param  hhcd: HCD handle
 130:USB_HOST/Target/usbh_conf.c ****   * @retval None
 131:USB_HOST/Target/usbh_conf.c ****   */
 132:USB_HOST/Target/usbh_conf.c **** void HAL_HCD_SOF_Callback(HCD_HandleTypeDef *hhcd)
 133:USB_HOST/Target/usbh_conf.c **** {
 249              		.loc 1 133 1 is_stmt 1 view -0
 250              		.cfi_startproc
 251              		@ args = 0, pretend = 0, frame = 0
 252              		@ frame_needed = 0, uses_anonymous_args = 0
 253              		.loc 1 133 1 is_stmt 0 view .LVU52
 254 0000 08B5     		push	{r3, lr}
 255              	.LCFI5:
 256              		.cfi_def_cfa_offset 8
 257              		.cfi_offset 3, -8
 258              		.cfi_offset 14, -4
 134:USB_HOST/Target/usbh_conf.c ****   USBH_LL_IncTimer(hhcd->pData);
 259              		.loc 1 134 3 is_stmt 1 view .LVU53
 260 0002 D0F80003 		ldr	r0, [r0, #768]
 261              	.LVL20:
 262              		.loc 1 134 3 is_stmt 0 view .LVU54
 263 0006 FFF7FEFF 		bl	USBH_LL_IncTimer
 264              	.LVL21:
 135:USB_HOST/Target/usbh_conf.c **** }
 265              		.loc 1 135 1 view .LVU55
 266 000a 08BD     		pop	{r3, pc}
 267              		.cfi_endproc
 268              	.LFE135:
 270              		.section	.text.HAL_HCD_Connect_Callback,"ax",%progbits
 271              		.align	1
 272              		.global	HAL_HCD_Connect_Callback
 273              		.syntax unified
 274              		.thumb
 275              		.thumb_func
 277              	HAL_HCD_Connect_Callback:
 278              	.LVL22:
 279              	.LFB136:
 136:USB_HOST/Target/usbh_conf.c **** 
 137:USB_HOST/Target/usbh_conf.c **** /**
 138:USB_HOST/Target/usbh_conf.c ****   * @brief  SOF callback.
 139:USB_HOST/Target/usbh_conf.c ****   * @param  hhcd: HCD handle
 140:USB_HOST/Target/usbh_conf.c ****   * @retval None
 141:USB_HOST/Target/usbh_conf.c ****   */
 142:USB_HOST/Target/usbh_conf.c **** void HAL_HCD_Connect_Callback(HCD_HandleTypeDef *hhcd)
 143:USB_HOST/Target/usbh_conf.c **** {
 280              		.loc 1 143 1 is_stmt 1 view -0
 281              		.cfi_startproc
 282              		@ args = 0, pretend = 0, frame = 0
 283              		@ frame_needed = 0, uses_anonymous_args = 0
 284              		.loc 1 143 1 is_stmt 0 view .LVU57
 285 0000 08B5     		push	{r3, lr}
ARM GAS  /tmp/ccqEEOwe.s 			page 9


 286              	.LCFI6:
 287              		.cfi_def_cfa_offset 8
 288              		.cfi_offset 3, -8
 289              		.cfi_offset 14, -4
 144:USB_HOST/Target/usbh_conf.c ****   USBH_LL_Connect(hhcd->pData);
 290              		.loc 1 144 3 is_stmt 1 view .LVU58
 291 0002 D0F80003 		ldr	r0, [r0, #768]
 292              	.LVL23:
 293              		.loc 1 144 3 is_stmt 0 view .LVU59
 294 0006 FFF7FEFF 		bl	USBH_LL_Connect
 295              	.LVL24:
 145:USB_HOST/Target/usbh_conf.c **** }
 296              		.loc 1 145 1 view .LVU60
 297 000a 08BD     		pop	{r3, pc}
 298              		.cfi_endproc
 299              	.LFE136:
 301              		.section	.text.HAL_HCD_Disconnect_Callback,"ax",%progbits
 302              		.align	1
 303              		.global	HAL_HCD_Disconnect_Callback
 304              		.syntax unified
 305              		.thumb
 306              		.thumb_func
 308              	HAL_HCD_Disconnect_Callback:
 309              	.LVL25:
 310              	.LFB137:
 146:USB_HOST/Target/usbh_conf.c **** 
 147:USB_HOST/Target/usbh_conf.c **** /**
 148:USB_HOST/Target/usbh_conf.c ****   * @brief  SOF callback.
 149:USB_HOST/Target/usbh_conf.c ****   * @param  hhcd: HCD handle
 150:USB_HOST/Target/usbh_conf.c ****   * @retval None
 151:USB_HOST/Target/usbh_conf.c ****   */
 152:USB_HOST/Target/usbh_conf.c **** void HAL_HCD_Disconnect_Callback(HCD_HandleTypeDef *hhcd)
 153:USB_HOST/Target/usbh_conf.c **** {
 311              		.loc 1 153 1 is_stmt 1 view -0
 312              		.cfi_startproc
 313              		@ args = 0, pretend = 0, frame = 0
 314              		@ frame_needed = 0, uses_anonymous_args = 0
 315              		.loc 1 153 1 is_stmt 0 view .LVU62
 316 0000 08B5     		push	{r3, lr}
 317              	.LCFI7:
 318              		.cfi_def_cfa_offset 8
 319              		.cfi_offset 3, -8
 320              		.cfi_offset 14, -4
 154:USB_HOST/Target/usbh_conf.c ****   USBH_LL_Disconnect(hhcd->pData);
 321              		.loc 1 154 3 is_stmt 1 view .LVU63
 322 0002 D0F80003 		ldr	r0, [r0, #768]
 323              	.LVL26:
 324              		.loc 1 154 3 is_stmt 0 view .LVU64
 325 0006 FFF7FEFF 		bl	USBH_LL_Disconnect
 326              	.LVL27:
 155:USB_HOST/Target/usbh_conf.c **** }
 327              		.loc 1 155 1 view .LVU65
 328 000a 08BD     		pop	{r3, pc}
 329              		.cfi_endproc
 330              	.LFE137:
 332              		.section	.text.HAL_HCD_HC_NotifyURBChange_Callback,"ax",%progbits
 333              		.align	1
ARM GAS  /tmp/ccqEEOwe.s 			page 10


 334              		.global	HAL_HCD_HC_NotifyURBChange_Callback
 335              		.syntax unified
 336              		.thumb
 337              		.thumb_func
 339              	HAL_HCD_HC_NotifyURBChange_Callback:
 340              	.LVL28:
 341              	.LFB138:
 156:USB_HOST/Target/usbh_conf.c **** 
 157:USB_HOST/Target/usbh_conf.c **** /**
 158:USB_HOST/Target/usbh_conf.c ****   * @brief  Notify URB state change callback.
 159:USB_HOST/Target/usbh_conf.c ****   * @param  hhcd: HCD handle
 160:USB_HOST/Target/usbh_conf.c ****   * @param  chnum: channel number
 161:USB_HOST/Target/usbh_conf.c ****   * @param  urb_state: state
 162:USB_HOST/Target/usbh_conf.c ****   * @retval None
 163:USB_HOST/Target/usbh_conf.c ****   */
 164:USB_HOST/Target/usbh_conf.c **** void HAL_HCD_HC_NotifyURBChange_Callback(HCD_HandleTypeDef *hhcd, uint8_t chnum, HCD_URBStateTypeDe
 165:USB_HOST/Target/usbh_conf.c **** {
 342              		.loc 1 165 1 is_stmt 1 view -0
 343              		.cfi_startproc
 344              		@ args = 0, pretend = 0, frame = 0
 345              		@ frame_needed = 0, uses_anonymous_args = 0
 346              		@ link register save eliminated.
 166:USB_HOST/Target/usbh_conf.c ****   /* To be used with OS to sync URB state with the global state machine */
 167:USB_HOST/Target/usbh_conf.c **** #if (USBH_USE_OS == 1)
 168:USB_HOST/Target/usbh_conf.c ****   USBH_LL_NotifyURBChange(hhcd->pData);
 169:USB_HOST/Target/usbh_conf.c **** #endif
 170:USB_HOST/Target/usbh_conf.c **** }
 347              		.loc 1 170 1 view .LVU67
 348 0000 7047     		bx	lr
 349              		.cfi_endproc
 350              	.LFE138:
 352              		.section	.text.HAL_HCD_PortEnabled_Callback,"ax",%progbits
 353              		.align	1
 354              		.global	HAL_HCD_PortEnabled_Callback
 355              		.syntax unified
 356              		.thumb
 357              		.thumb_func
 359              	HAL_HCD_PortEnabled_Callback:
 360              	.LVL29:
 361              	.LFB139:
 171:USB_HOST/Target/usbh_conf.c **** /**
 172:USB_HOST/Target/usbh_conf.c **** * @brief  Port Port Enabled callback.
 173:USB_HOST/Target/usbh_conf.c ****   * @param  hhcd: HCD handle
 174:USB_HOST/Target/usbh_conf.c ****   * @retval None
 175:USB_HOST/Target/usbh_conf.c ****   */
 176:USB_HOST/Target/usbh_conf.c **** void HAL_HCD_PortEnabled_Callback(HCD_HandleTypeDef *hhcd)
 177:USB_HOST/Target/usbh_conf.c **** {
 362              		.loc 1 177 1 view -0
 363              		.cfi_startproc
 364              		@ args = 0, pretend = 0, frame = 0
 365              		@ frame_needed = 0, uses_anonymous_args = 0
 366              		.loc 1 177 1 is_stmt 0 view .LVU69
 367 0000 08B5     		push	{r3, lr}
 368              	.LCFI8:
 369              		.cfi_def_cfa_offset 8
 370              		.cfi_offset 3, -8
 371              		.cfi_offset 14, -4
ARM GAS  /tmp/ccqEEOwe.s 			page 11


 178:USB_HOST/Target/usbh_conf.c ****   USBH_LL_PortEnabled(hhcd->pData);
 372              		.loc 1 178 3 is_stmt 1 view .LVU70
 373 0002 D0F80003 		ldr	r0, [r0, #768]
 374              	.LVL30:
 375              		.loc 1 178 3 is_stmt 0 view .LVU71
 376 0006 FFF7FEFF 		bl	USBH_LL_PortEnabled
 377              	.LVL31:
 179:USB_HOST/Target/usbh_conf.c **** }
 378              		.loc 1 179 1 view .LVU72
 379 000a 08BD     		pop	{r3, pc}
 380              		.cfi_endproc
 381              	.LFE139:
 383              		.section	.text.HAL_HCD_PortDisabled_Callback,"ax",%progbits
 384              		.align	1
 385              		.global	HAL_HCD_PortDisabled_Callback
 386              		.syntax unified
 387              		.thumb
 388              		.thumb_func
 390              	HAL_HCD_PortDisabled_Callback:
 391              	.LVL32:
 392              	.LFB140:
 180:USB_HOST/Target/usbh_conf.c **** 
 181:USB_HOST/Target/usbh_conf.c **** /**
 182:USB_HOST/Target/usbh_conf.c ****   * @brief  Port Port Disabled callback.
 183:USB_HOST/Target/usbh_conf.c ****   * @param  hhcd: HCD handle
 184:USB_HOST/Target/usbh_conf.c ****   * @retval None
 185:USB_HOST/Target/usbh_conf.c ****   */
 186:USB_HOST/Target/usbh_conf.c **** void HAL_HCD_PortDisabled_Callback(HCD_HandleTypeDef *hhcd)
 187:USB_HOST/Target/usbh_conf.c **** {
 393              		.loc 1 187 1 is_stmt 1 view -0
 394              		.cfi_startproc
 395              		@ args = 0, pretend = 0, frame = 0
 396              		@ frame_needed = 0, uses_anonymous_args = 0
 397              		.loc 1 187 1 is_stmt 0 view .LVU74
 398 0000 08B5     		push	{r3, lr}
 399              	.LCFI9:
 400              		.cfi_def_cfa_offset 8
 401              		.cfi_offset 3, -8
 402              		.cfi_offset 14, -4
 188:USB_HOST/Target/usbh_conf.c ****   USBH_LL_PortDisabled(hhcd->pData);
 403              		.loc 1 188 3 is_stmt 1 view .LVU75
 404 0002 D0F80003 		ldr	r0, [r0, #768]
 405              	.LVL33:
 406              		.loc 1 188 3 is_stmt 0 view .LVU76
 407 0006 FFF7FEFF 		bl	USBH_LL_PortDisabled
 408              	.LVL34:
 189:USB_HOST/Target/usbh_conf.c **** }
 409              		.loc 1 189 1 view .LVU77
 410 000a 08BD     		pop	{r3, pc}
 411              		.cfi_endproc
 412              	.LFE140:
 414              		.section	.text.USBH_LL_Init,"ax",%progbits
 415              		.align	1
 416              		.global	USBH_LL_Init
 417              		.syntax unified
 418              		.thumb
 419              		.thumb_func
ARM GAS  /tmp/ccqEEOwe.s 			page 12


 421              	USBH_LL_Init:
 422              	.LVL35:
 423              	.LFB141:
 190:USB_HOST/Target/usbh_conf.c **** 
 191:USB_HOST/Target/usbh_conf.c **** /*******************************************************************************
 192:USB_HOST/Target/usbh_conf.c ****                        LL Driver Interface (USB Host Library --> HCD)
 193:USB_HOST/Target/usbh_conf.c **** *******************************************************************************/
 194:USB_HOST/Target/usbh_conf.c **** 
 195:USB_HOST/Target/usbh_conf.c **** /**
 196:USB_HOST/Target/usbh_conf.c ****   * @brief  Initialize the low level portion of the host driver.
 197:USB_HOST/Target/usbh_conf.c ****   * @param  phost: Host handle
 198:USB_HOST/Target/usbh_conf.c ****   * @retval USBH status
 199:USB_HOST/Target/usbh_conf.c ****   */
 200:USB_HOST/Target/usbh_conf.c **** USBH_StatusTypeDef USBH_LL_Init(USBH_HandleTypeDef *phost)
 201:USB_HOST/Target/usbh_conf.c **** {
 424              		.loc 1 201 1 is_stmt 1 view -0
 425              		.cfi_startproc
 426              		@ args = 0, pretend = 0, frame = 0
 427              		@ frame_needed = 0, uses_anonymous_args = 0
 202:USB_HOST/Target/usbh_conf.c ****   /* Init USB_IP */
 203:USB_HOST/Target/usbh_conf.c ****   if (phost->id == HOST_HS) {
 428              		.loc 1 203 3 view .LVU79
 429              		.loc 1 203 12 is_stmt 0 view .LVU80
 430 0000 90F8CC33 		ldrb	r3, [r0, #972]	@ zero_extendqisi2
 431              		.loc 1 203 6 view .LVU81
 432 0004 0BB1     		cbz	r3, .L31
 204:USB_HOST/Target/usbh_conf.c ****   /* Link the driver to the stack. */
 205:USB_HOST/Target/usbh_conf.c ****   hhcd_USB_OTG_HS.pData = phost;
 206:USB_HOST/Target/usbh_conf.c ****   phost->pData = &hhcd_USB_OTG_HS;
 207:USB_HOST/Target/usbh_conf.c **** 
 208:USB_HOST/Target/usbh_conf.c ****   hhcd_USB_OTG_HS.Instance = USB_OTG_HS;
 209:USB_HOST/Target/usbh_conf.c ****   hhcd_USB_OTG_HS.Init.Host_channels = 12;
 210:USB_HOST/Target/usbh_conf.c ****   hhcd_USB_OTG_HS.Init.speed = HCD_SPEED_FULL;
 211:USB_HOST/Target/usbh_conf.c ****   hhcd_USB_OTG_HS.Init.dma_enable = ENABLE;
 212:USB_HOST/Target/usbh_conf.c ****   hhcd_USB_OTG_HS.Init.phy_itface = USB_OTG_EMBEDDED_PHY;
 213:USB_HOST/Target/usbh_conf.c ****   hhcd_USB_OTG_HS.Init.Sof_enable = ENABLE;
 214:USB_HOST/Target/usbh_conf.c ****   hhcd_USB_OTG_HS.Init.low_power_enable = DISABLE;
 215:USB_HOST/Target/usbh_conf.c ****   hhcd_USB_OTG_HS.Init.vbus_sensing_enable = DISABLE;
 216:USB_HOST/Target/usbh_conf.c ****   hhcd_USB_OTG_HS.Init.use_external_vbus = DISABLE;
 217:USB_HOST/Target/usbh_conf.c ****   if (HAL_HCD_Init(&hhcd_USB_OTG_HS) != HAL_OK)
 218:USB_HOST/Target/usbh_conf.c ****   {
 219:USB_HOST/Target/usbh_conf.c ****     Error_Handler( );
 220:USB_HOST/Target/usbh_conf.c ****   }
 221:USB_HOST/Target/usbh_conf.c **** 
 222:USB_HOST/Target/usbh_conf.c ****   USBH_LL_SetTimer(phost, HAL_HCD_GetCurrentFrame(&hhcd_USB_OTG_HS));
 223:USB_HOST/Target/usbh_conf.c ****   }
 224:USB_HOST/Target/usbh_conf.c ****   return USBH_OK;
 433              		.loc 1 224 3 is_stmt 1 view .LVU82
 225:USB_HOST/Target/usbh_conf.c **** }
 434              		.loc 1 225 1 is_stmt 0 view .LVU83
 435 0006 0020     		movs	r0, #0
 436              	.LVL36:
 437              		.loc 1 225 1 view .LVU84
 438 0008 7047     		bx	lr
 439              	.LVL37:
 440              	.L31:
 201:USB_HOST/Target/usbh_conf.c ****   /* Init USB_IP */
ARM GAS  /tmp/ccqEEOwe.s 			page 13


 441              		.loc 1 201 1 view .LVU85
 442 000a 10B5     		push	{r4, lr}
 443              	.LCFI10:
 444              		.cfi_def_cfa_offset 8
 445              		.cfi_offset 4, -8
 446              		.cfi_offset 14, -4
 447 000c 0446     		mov	r4, r0
 205:USB_HOST/Target/usbh_conf.c ****   phost->pData = &hhcd_USB_OTG_HS;
 448              		.loc 1 205 3 is_stmt 1 view .LVU86
 205:USB_HOST/Target/usbh_conf.c ****   phost->pData = &hhcd_USB_OTG_HS;
 449              		.loc 1 205 25 is_stmt 0 view .LVU87
 450 000e 1148     		ldr	r0, .L33
 451              	.LVL38:
 205:USB_HOST/Target/usbh_conf.c ****   phost->pData = &hhcd_USB_OTG_HS;
 452              		.loc 1 205 25 view .LVU88
 453 0010 C0F80043 		str	r4, [r0, #768]
 206:USB_HOST/Target/usbh_conf.c **** 
 454              		.loc 1 206 3 is_stmt 1 view .LVU89
 206:USB_HOST/Target/usbh_conf.c **** 
 455              		.loc 1 206 16 is_stmt 0 view .LVU90
 456 0014 C4F8D003 		str	r0, [r4, #976]
 208:USB_HOST/Target/usbh_conf.c ****   hhcd_USB_OTG_HS.Init.Host_channels = 12;
 457              		.loc 1 208 3 is_stmt 1 view .LVU91
 208:USB_HOST/Target/usbh_conf.c ****   hhcd_USB_OTG_HS.Init.Host_channels = 12;
 458              		.loc 1 208 28 is_stmt 0 view .LVU92
 459 0018 0F4B     		ldr	r3, .L33+4
 460 001a 0360     		str	r3, [r0]
 209:USB_HOST/Target/usbh_conf.c ****   hhcd_USB_OTG_HS.Init.speed = HCD_SPEED_FULL;
 461              		.loc 1 209 3 is_stmt 1 view .LVU93
 209:USB_HOST/Target/usbh_conf.c ****   hhcd_USB_OTG_HS.Init.speed = HCD_SPEED_FULL;
 462              		.loc 1 209 38 is_stmt 0 view .LVU94
 463 001c 0C23     		movs	r3, #12
 464 001e 8360     		str	r3, [r0, #8]
 210:USB_HOST/Target/usbh_conf.c ****   hhcd_USB_OTG_HS.Init.dma_enable = ENABLE;
 465              		.loc 1 210 3 is_stmt 1 view .LVU95
 210:USB_HOST/Target/usbh_conf.c ****   hhcd_USB_OTG_HS.Init.dma_enable = ENABLE;
 466              		.loc 1 210 30 is_stmt 0 view .LVU96
 467 0020 0123     		movs	r3, #1
 468 0022 C360     		str	r3, [r0, #12]
 211:USB_HOST/Target/usbh_conf.c ****   hhcd_USB_OTG_HS.Init.phy_itface = USB_OTG_EMBEDDED_PHY;
 469              		.loc 1 211 3 is_stmt 1 view .LVU97
 211:USB_HOST/Target/usbh_conf.c ****   hhcd_USB_OTG_HS.Init.phy_itface = USB_OTG_EMBEDDED_PHY;
 470              		.loc 1 211 35 is_stmt 0 view .LVU98
 471 0024 0361     		str	r3, [r0, #16]
 212:USB_HOST/Target/usbh_conf.c ****   hhcd_USB_OTG_HS.Init.Sof_enable = ENABLE;
 472              		.loc 1 212 3 is_stmt 1 view .LVU99
 212:USB_HOST/Target/usbh_conf.c ****   hhcd_USB_OTG_HS.Init.Sof_enable = ENABLE;
 473              		.loc 1 212 35 is_stmt 0 view .LVU100
 474 0026 0222     		movs	r2, #2
 475 0028 8261     		str	r2, [r0, #24]
 213:USB_HOST/Target/usbh_conf.c ****   hhcd_USB_OTG_HS.Init.low_power_enable = DISABLE;
 476              		.loc 1 213 3 is_stmt 1 view .LVU101
 213:USB_HOST/Target/usbh_conf.c ****   hhcd_USB_OTG_HS.Init.low_power_enable = DISABLE;
 477              		.loc 1 213 35 is_stmt 0 view .LVU102
 478 002a C361     		str	r3, [r0, #28]
 214:USB_HOST/Target/usbh_conf.c ****   hhcd_USB_OTG_HS.Init.vbus_sensing_enable = DISABLE;
 479              		.loc 1 214 3 is_stmt 1 view .LVU103
ARM GAS  /tmp/ccqEEOwe.s 			page 14


 214:USB_HOST/Target/usbh_conf.c ****   hhcd_USB_OTG_HS.Init.vbus_sensing_enable = DISABLE;
 480              		.loc 1 214 41 is_stmt 0 view .LVU104
 481 002c 0023     		movs	r3, #0
 482 002e 0362     		str	r3, [r0, #32]
 215:USB_HOST/Target/usbh_conf.c ****   hhcd_USB_OTG_HS.Init.use_external_vbus = DISABLE;
 483              		.loc 1 215 3 is_stmt 1 view .LVU105
 215:USB_HOST/Target/usbh_conf.c ****   hhcd_USB_OTG_HS.Init.use_external_vbus = DISABLE;
 484              		.loc 1 215 44 is_stmt 0 view .LVU106
 485 0030 C362     		str	r3, [r0, #44]
 216:USB_HOST/Target/usbh_conf.c ****   if (HAL_HCD_Init(&hhcd_USB_OTG_HS) != HAL_OK)
 486              		.loc 1 216 3 is_stmt 1 view .LVU107
 216:USB_HOST/Target/usbh_conf.c ****   if (HAL_HCD_Init(&hhcd_USB_OTG_HS) != HAL_OK)
 487              		.loc 1 216 42 is_stmt 0 view .LVU108
 488 0032 4363     		str	r3, [r0, #52]
 217:USB_HOST/Target/usbh_conf.c ****   {
 489              		.loc 1 217 3 is_stmt 1 view .LVU109
 217:USB_HOST/Target/usbh_conf.c ****   {
 490              		.loc 1 217 7 is_stmt 0 view .LVU110
 491 0034 FFF7FEFF 		bl	HAL_HCD_Init
 492              	.LVL39:
 217:USB_HOST/Target/usbh_conf.c ****   {
 493              		.loc 1 217 6 discriminator 1 view .LVU111
 494 0038 40B9     		cbnz	r0, .L32
 495              	.L26:
 222:USB_HOST/Target/usbh_conf.c ****   }
 496              		.loc 1 222 3 is_stmt 1 view .LVU112
 497 003a 0648     		ldr	r0, .L33
 498 003c FFF7FEFF 		bl	HAL_HCD_GetCurrentFrame
 499              	.LVL40:
 500 0040 0146     		mov	r1, r0
 222:USB_HOST/Target/usbh_conf.c ****   }
 501              		.loc 1 222 3 is_stmt 0 discriminator 1 view .LVU113
 502 0042 2046     		mov	r0, r4
 503 0044 FFF7FEFF 		bl	USBH_LL_SetTimer
 504              	.LVL41:
 224:USB_HOST/Target/usbh_conf.c **** }
 505              		.loc 1 224 3 is_stmt 1 view .LVU114
 506              		.loc 1 225 1 is_stmt 0 view .LVU115
 507 0048 0020     		movs	r0, #0
 508 004a 10BD     		pop	{r4, pc}
 509              	.LVL42:
 510              	.L32:
 219:USB_HOST/Target/usbh_conf.c ****   }
 511              		.loc 1 219 5 is_stmt 1 view .LVU116
 512 004c FFF7FEFF 		bl	Error_Handler
 513              	.LVL43:
 514 0050 F3E7     		b	.L26
 515              	.L34:
 516 0052 00BF     		.align	2
 517              	.L33:
 518 0054 00000000 		.word	hhcd_USB_OTG_HS
 519 0058 00000440 		.word	1074003968
 520              		.cfi_endproc
 521              	.LFE141:
 523              		.section	.text.USBH_LL_GetSpeed,"ax",%progbits
 524              		.align	1
 525              		.global	USBH_LL_GetSpeed
ARM GAS  /tmp/ccqEEOwe.s 			page 15


 526              		.syntax unified
 527              		.thumb
 528              		.thumb_func
 530              	USBH_LL_GetSpeed:
 531              	.LVL44:
 532              	.LFB145:
 226:USB_HOST/Target/usbh_conf.c **** 
 227:USB_HOST/Target/usbh_conf.c **** /**
 228:USB_HOST/Target/usbh_conf.c ****   * @brief  De-Initialize the low level portion of the host driver.
 229:USB_HOST/Target/usbh_conf.c ****   * @param  phost: Host handle
 230:USB_HOST/Target/usbh_conf.c ****   * @retval USBH status
 231:USB_HOST/Target/usbh_conf.c ****   */
 232:USB_HOST/Target/usbh_conf.c **** USBH_StatusTypeDef USBH_LL_DeInit(USBH_HandleTypeDef *phost)
 233:USB_HOST/Target/usbh_conf.c **** {
 234:USB_HOST/Target/usbh_conf.c ****   HAL_StatusTypeDef hal_status = HAL_OK;
 235:USB_HOST/Target/usbh_conf.c ****   USBH_StatusTypeDef usb_status = USBH_OK;
 236:USB_HOST/Target/usbh_conf.c **** 
 237:USB_HOST/Target/usbh_conf.c ****   hal_status = HAL_HCD_DeInit(phost->pData);
 238:USB_HOST/Target/usbh_conf.c **** 
 239:USB_HOST/Target/usbh_conf.c ****   usb_status = USBH_Get_USB_Status(hal_status);
 240:USB_HOST/Target/usbh_conf.c **** 
 241:USB_HOST/Target/usbh_conf.c ****   return usb_status;
 242:USB_HOST/Target/usbh_conf.c **** }
 243:USB_HOST/Target/usbh_conf.c **** 
 244:USB_HOST/Target/usbh_conf.c **** /**
 245:USB_HOST/Target/usbh_conf.c ****   * @brief  Start the low level portion of the host driver.
 246:USB_HOST/Target/usbh_conf.c ****   * @param  phost: Host handle
 247:USB_HOST/Target/usbh_conf.c ****   * @retval USBH status
 248:USB_HOST/Target/usbh_conf.c ****   */
 249:USB_HOST/Target/usbh_conf.c **** USBH_StatusTypeDef USBH_LL_Start(USBH_HandleTypeDef *phost)
 250:USB_HOST/Target/usbh_conf.c **** {
 251:USB_HOST/Target/usbh_conf.c ****   HAL_StatusTypeDef hal_status = HAL_OK;
 252:USB_HOST/Target/usbh_conf.c ****   USBH_StatusTypeDef usb_status = USBH_OK;
 253:USB_HOST/Target/usbh_conf.c **** 
 254:USB_HOST/Target/usbh_conf.c ****   hal_status = HAL_HCD_Start(phost->pData);
 255:USB_HOST/Target/usbh_conf.c **** 
 256:USB_HOST/Target/usbh_conf.c ****   usb_status = USBH_Get_USB_Status(hal_status);
 257:USB_HOST/Target/usbh_conf.c **** 
 258:USB_HOST/Target/usbh_conf.c ****   return usb_status;
 259:USB_HOST/Target/usbh_conf.c **** }
 260:USB_HOST/Target/usbh_conf.c **** 
 261:USB_HOST/Target/usbh_conf.c **** /**
 262:USB_HOST/Target/usbh_conf.c ****   * @brief  Stop the low level portion of the host driver.
 263:USB_HOST/Target/usbh_conf.c ****   * @param  phost: Host handle
 264:USB_HOST/Target/usbh_conf.c ****   * @retval USBH status
 265:USB_HOST/Target/usbh_conf.c ****   */
 266:USB_HOST/Target/usbh_conf.c **** USBH_StatusTypeDef USBH_LL_Stop(USBH_HandleTypeDef *phost)
 267:USB_HOST/Target/usbh_conf.c **** {
 268:USB_HOST/Target/usbh_conf.c ****   HAL_StatusTypeDef hal_status = HAL_OK;
 269:USB_HOST/Target/usbh_conf.c ****   USBH_StatusTypeDef usb_status = USBH_OK;
 270:USB_HOST/Target/usbh_conf.c **** 
 271:USB_HOST/Target/usbh_conf.c ****   hal_status = HAL_HCD_Stop(phost->pData);
 272:USB_HOST/Target/usbh_conf.c **** 
 273:USB_HOST/Target/usbh_conf.c ****   usb_status = USBH_Get_USB_Status(hal_status);
 274:USB_HOST/Target/usbh_conf.c **** 
 275:USB_HOST/Target/usbh_conf.c ****   return usb_status;
 276:USB_HOST/Target/usbh_conf.c **** }
ARM GAS  /tmp/ccqEEOwe.s 			page 16


 277:USB_HOST/Target/usbh_conf.c **** 
 278:USB_HOST/Target/usbh_conf.c **** /**
 279:USB_HOST/Target/usbh_conf.c ****   * @brief  Return the USB host speed from the low level driver.
 280:USB_HOST/Target/usbh_conf.c ****   * @param  phost: Host handle
 281:USB_HOST/Target/usbh_conf.c ****   * @retval USBH speeds
 282:USB_HOST/Target/usbh_conf.c ****   */
 283:USB_HOST/Target/usbh_conf.c **** USBH_SpeedTypeDef USBH_LL_GetSpeed(USBH_HandleTypeDef *phost)
 284:USB_HOST/Target/usbh_conf.c **** {
 533              		.loc 1 284 1 view -0
 534              		.cfi_startproc
 535              		@ args = 0, pretend = 0, frame = 0
 536              		@ frame_needed = 0, uses_anonymous_args = 0
 537              		.loc 1 284 1 is_stmt 0 view .LVU118
 538 0000 08B5     		push	{r3, lr}
 539              	.LCFI11:
 540              		.cfi_def_cfa_offset 8
 541              		.cfi_offset 3, -8
 542              		.cfi_offset 14, -4
 285:USB_HOST/Target/usbh_conf.c ****   USBH_SpeedTypeDef speed = USBH_SPEED_FULL;
 543              		.loc 1 285 3 is_stmt 1 view .LVU119
 544              	.LVL45:
 286:USB_HOST/Target/usbh_conf.c **** 
 287:USB_HOST/Target/usbh_conf.c ****   switch (HAL_HCD_GetCurrentSpeed(phost->pData))
 545              		.loc 1 287 3 view .LVU120
 546              		.loc 1 287 11 is_stmt 0 view .LVU121
 547 0002 D0F8D003 		ldr	r0, [r0, #976]
 548              	.LVL46:
 549              		.loc 1 287 11 view .LVU122
 550 0006 FFF7FEFF 		bl	HAL_HCD_GetCurrentSpeed
 551              	.LVL47:
 552              		.loc 1 287 3 discriminator 1 view .LVU123
 553 000a 0128     		cmp	r0, #1
 554 000c 04D0     		beq	.L37
 555 000e 0228     		cmp	r0, #2
 556 0010 04D0     		beq	.L38
 557 0012 20B1     		cbz	r0, .L36
 288:USB_HOST/Target/usbh_conf.c ****   {
 289:USB_HOST/Target/usbh_conf.c ****   case 0 :
 290:USB_HOST/Target/usbh_conf.c ****     speed = USBH_SPEED_HIGH;
 291:USB_HOST/Target/usbh_conf.c ****     break;
 292:USB_HOST/Target/usbh_conf.c **** 
 293:USB_HOST/Target/usbh_conf.c ****   case 1 :
 294:USB_HOST/Target/usbh_conf.c ****     speed = USBH_SPEED_FULL;
 295:USB_HOST/Target/usbh_conf.c ****     break;
 296:USB_HOST/Target/usbh_conf.c **** 
 297:USB_HOST/Target/usbh_conf.c ****   case 2 :
 298:USB_HOST/Target/usbh_conf.c ****     speed = USBH_SPEED_LOW;
 299:USB_HOST/Target/usbh_conf.c ****     break;
 300:USB_HOST/Target/usbh_conf.c **** 
 301:USB_HOST/Target/usbh_conf.c ****   default:
 302:USB_HOST/Target/usbh_conf.c ****    speed = USBH_SPEED_FULL;
 558              		.loc 1 302 10 view .LVU124
 559 0014 0120     		movs	r0, #1
 560 0016 02E0     		b	.L36
 561              	.L37:
 294:USB_HOST/Target/usbh_conf.c ****     break;
 562              		.loc 1 294 11 view .LVU125
ARM GAS  /tmp/ccqEEOwe.s 			page 17


 563 0018 0120     		movs	r0, #1
 564 001a 00E0     		b	.L36
 565              	.L38:
 298:USB_HOST/Target/usbh_conf.c ****     break;
 566              		.loc 1 298 11 view .LVU126
 567 001c 0220     		movs	r0, #2
 568              	.L36:
 569              	.LVL48:
 303:USB_HOST/Target/usbh_conf.c ****     break;
 304:USB_HOST/Target/usbh_conf.c ****   }
 305:USB_HOST/Target/usbh_conf.c ****   return  speed;
 570              		.loc 1 305 3 is_stmt 1 view .LVU127
 306:USB_HOST/Target/usbh_conf.c **** }
 571              		.loc 1 306 1 is_stmt 0 view .LVU128
 572 001e 08BD     		pop	{r3, pc}
 573              		.cfi_endproc
 574              	.LFE145:
 576              		.section	.text.USBH_LL_GetLastXferSize,"ax",%progbits
 577              		.align	1
 578              		.global	USBH_LL_GetLastXferSize
 579              		.syntax unified
 580              		.thumb
 581              		.thumb_func
 583              	USBH_LL_GetLastXferSize:
 584              	.LVL49:
 585              	.LFB147:
 307:USB_HOST/Target/usbh_conf.c **** 
 308:USB_HOST/Target/usbh_conf.c **** /**
 309:USB_HOST/Target/usbh_conf.c ****   * @brief  Reset the Host port of the low level driver.
 310:USB_HOST/Target/usbh_conf.c ****   * @param  phost: Host handle
 311:USB_HOST/Target/usbh_conf.c ****   * @retval USBH status
 312:USB_HOST/Target/usbh_conf.c ****   */
 313:USB_HOST/Target/usbh_conf.c **** USBH_StatusTypeDef USBH_LL_ResetPort(USBH_HandleTypeDef *phost)
 314:USB_HOST/Target/usbh_conf.c **** {
 315:USB_HOST/Target/usbh_conf.c ****   HAL_StatusTypeDef hal_status = HAL_OK;
 316:USB_HOST/Target/usbh_conf.c ****   USBH_StatusTypeDef usb_status = USBH_OK;
 317:USB_HOST/Target/usbh_conf.c **** 
 318:USB_HOST/Target/usbh_conf.c ****   hal_status = HAL_HCD_ResetPort(phost->pData);
 319:USB_HOST/Target/usbh_conf.c **** 
 320:USB_HOST/Target/usbh_conf.c ****   usb_status = USBH_Get_USB_Status(hal_status);
 321:USB_HOST/Target/usbh_conf.c **** 
 322:USB_HOST/Target/usbh_conf.c ****   return usb_status;
 323:USB_HOST/Target/usbh_conf.c **** }
 324:USB_HOST/Target/usbh_conf.c **** 
 325:USB_HOST/Target/usbh_conf.c **** /**
 326:USB_HOST/Target/usbh_conf.c ****   * @brief  Return the last transferred packet size.
 327:USB_HOST/Target/usbh_conf.c ****   * @param  phost: Host handle
 328:USB_HOST/Target/usbh_conf.c ****   * @param  pipe: Pipe index
 329:USB_HOST/Target/usbh_conf.c ****   * @retval Packet size
 330:USB_HOST/Target/usbh_conf.c ****   */
 331:USB_HOST/Target/usbh_conf.c **** uint32_t USBH_LL_GetLastXferSize(USBH_HandleTypeDef *phost, uint8_t pipe)
 332:USB_HOST/Target/usbh_conf.c **** {
 586              		.loc 1 332 1 is_stmt 1 view -0
 587              		.cfi_startproc
 588              		@ args = 0, pretend = 0, frame = 0
 589              		@ frame_needed = 0, uses_anonymous_args = 0
 590              		.loc 1 332 1 is_stmt 0 view .LVU130
ARM GAS  /tmp/ccqEEOwe.s 			page 18


 591 0000 08B5     		push	{r3, lr}
 592              	.LCFI12:
 593              		.cfi_def_cfa_offset 8
 594              		.cfi_offset 3, -8
 595              		.cfi_offset 14, -4
 333:USB_HOST/Target/usbh_conf.c ****   return HAL_HCD_HC_GetXferCount(phost->pData, pipe);
 596              		.loc 1 333 3 is_stmt 1 view .LVU131
 597              		.loc 1 333 10 is_stmt 0 view .LVU132
 598 0002 D0F8D003 		ldr	r0, [r0, #976]
 599              	.LVL50:
 600              		.loc 1 333 10 view .LVU133
 601 0006 FFF7FEFF 		bl	HAL_HCD_HC_GetXferCount
 602              	.LVL51:
 334:USB_HOST/Target/usbh_conf.c **** }
 603              		.loc 1 334 1 view .LVU134
 604 000a 08BD     		pop	{r3, pc}
 605              		.cfi_endproc
 606              	.LFE147:
 608              		.section	.text.USBH_LL_GetURBState,"ax",%progbits
 609              		.align	1
 610              		.global	USBH_LL_GetURBState
 611              		.syntax unified
 612              		.thumb
 613              		.thumb_func
 615              	USBH_LL_GetURBState:
 616              	.LVL52:
 617              	.LFB151:
 335:USB_HOST/Target/usbh_conf.c **** 
 336:USB_HOST/Target/usbh_conf.c **** /**
 337:USB_HOST/Target/usbh_conf.c ****   * @brief  Open a pipe of the low level driver.
 338:USB_HOST/Target/usbh_conf.c ****   * @param  phost: Host handle
 339:USB_HOST/Target/usbh_conf.c ****   * @param  pipe_num: Pipe index
 340:USB_HOST/Target/usbh_conf.c ****   * @param  epnum: Endpoint number
 341:USB_HOST/Target/usbh_conf.c ****   * @param  dev_address: Device USB address
 342:USB_HOST/Target/usbh_conf.c ****   * @param  speed: Device Speed
 343:USB_HOST/Target/usbh_conf.c ****   * @param  ep_type: Endpoint type
 344:USB_HOST/Target/usbh_conf.c ****   * @param  mps: Endpoint max packet size
 345:USB_HOST/Target/usbh_conf.c ****   * @retval USBH status
 346:USB_HOST/Target/usbh_conf.c ****   */
 347:USB_HOST/Target/usbh_conf.c **** USBH_StatusTypeDef USBH_LL_OpenPipe(USBH_HandleTypeDef *phost, uint8_t pipe_num, uint8_t epnum,
 348:USB_HOST/Target/usbh_conf.c ****                                     uint8_t dev_address, uint8_t speed, uint8_t ep_type, uint16_t m
 349:USB_HOST/Target/usbh_conf.c **** {
 350:USB_HOST/Target/usbh_conf.c ****   HAL_StatusTypeDef hal_status = HAL_OK;
 351:USB_HOST/Target/usbh_conf.c ****   USBH_StatusTypeDef usb_status = USBH_OK;
 352:USB_HOST/Target/usbh_conf.c **** 
 353:USB_HOST/Target/usbh_conf.c ****   hal_status = HAL_HCD_HC_Init(phost->pData, pipe_num, epnum,
 354:USB_HOST/Target/usbh_conf.c ****                                dev_address, speed, ep_type, mps);
 355:USB_HOST/Target/usbh_conf.c **** 
 356:USB_HOST/Target/usbh_conf.c ****   usb_status = USBH_Get_USB_Status(hal_status);
 357:USB_HOST/Target/usbh_conf.c **** 
 358:USB_HOST/Target/usbh_conf.c ****   return usb_status;
 359:USB_HOST/Target/usbh_conf.c **** }
 360:USB_HOST/Target/usbh_conf.c **** 
 361:USB_HOST/Target/usbh_conf.c **** /**
 362:USB_HOST/Target/usbh_conf.c ****   * @brief  Close a pipe of the low level driver.
 363:USB_HOST/Target/usbh_conf.c ****   * @param  phost: Host handle
 364:USB_HOST/Target/usbh_conf.c ****   * @param  pipe: Pipe index
ARM GAS  /tmp/ccqEEOwe.s 			page 19


 365:USB_HOST/Target/usbh_conf.c ****   * @retval USBH status
 366:USB_HOST/Target/usbh_conf.c ****   */
 367:USB_HOST/Target/usbh_conf.c **** USBH_StatusTypeDef USBH_LL_ClosePipe(USBH_HandleTypeDef *phost, uint8_t pipe)
 368:USB_HOST/Target/usbh_conf.c **** {
 369:USB_HOST/Target/usbh_conf.c ****   HAL_StatusTypeDef hal_status = HAL_OK;
 370:USB_HOST/Target/usbh_conf.c ****   USBH_StatusTypeDef usb_status = USBH_OK;
 371:USB_HOST/Target/usbh_conf.c **** 
 372:USB_HOST/Target/usbh_conf.c ****   hal_status = HAL_HCD_HC_Halt(phost->pData, pipe);
 373:USB_HOST/Target/usbh_conf.c **** 
 374:USB_HOST/Target/usbh_conf.c ****   usb_status = USBH_Get_USB_Status(hal_status);
 375:USB_HOST/Target/usbh_conf.c **** 
 376:USB_HOST/Target/usbh_conf.c ****   return usb_status;
 377:USB_HOST/Target/usbh_conf.c **** }
 378:USB_HOST/Target/usbh_conf.c **** 
 379:USB_HOST/Target/usbh_conf.c **** /**
 380:USB_HOST/Target/usbh_conf.c ****   * @brief  Submit a new URB to the low level driver.
 381:USB_HOST/Target/usbh_conf.c ****   * @param  phost: Host handle
 382:USB_HOST/Target/usbh_conf.c ****   * @param  pipe: Pipe index
 383:USB_HOST/Target/usbh_conf.c ****   *         This parameter can be a value from 1 to 15
 384:USB_HOST/Target/usbh_conf.c ****   * @param  direction : Channel number
 385:USB_HOST/Target/usbh_conf.c ****   *          This parameter can be one of the these values:
 386:USB_HOST/Target/usbh_conf.c ****   *           0 : Output
 387:USB_HOST/Target/usbh_conf.c ****   *           1 : Input
 388:USB_HOST/Target/usbh_conf.c ****   * @param  ep_type : Endpoint Type
 389:USB_HOST/Target/usbh_conf.c ****   *          This parameter can be one of the these values:
 390:USB_HOST/Target/usbh_conf.c ****   *            @arg EP_TYPE_CTRL: Control type
 391:USB_HOST/Target/usbh_conf.c ****   *            @arg EP_TYPE_ISOC: Isochrounous type
 392:USB_HOST/Target/usbh_conf.c ****   *            @arg EP_TYPE_BULK: Bulk type
 393:USB_HOST/Target/usbh_conf.c ****   *            @arg EP_TYPE_INTR: Interrupt type
 394:USB_HOST/Target/usbh_conf.c ****   * @param  token : Endpoint Type
 395:USB_HOST/Target/usbh_conf.c ****   *          This parameter can be one of the these values:
 396:USB_HOST/Target/usbh_conf.c ****   *            @arg 0: PID_SETUP
 397:USB_HOST/Target/usbh_conf.c ****   *            @arg 1: PID_DATA
 398:USB_HOST/Target/usbh_conf.c ****   * @param  pbuff : pointer to URB data
 399:USB_HOST/Target/usbh_conf.c ****   * @param  length : Length of URB data
 400:USB_HOST/Target/usbh_conf.c ****   * @param  do_ping : activate do ping protocol (for high speed only)
 401:USB_HOST/Target/usbh_conf.c ****   *          This parameter can be one of the these values:
 402:USB_HOST/Target/usbh_conf.c ****   *           0 : do ping inactive
 403:USB_HOST/Target/usbh_conf.c ****   *           1 : do ping active
 404:USB_HOST/Target/usbh_conf.c ****   * @retval Status
 405:USB_HOST/Target/usbh_conf.c ****   */
 406:USB_HOST/Target/usbh_conf.c **** USBH_StatusTypeDef USBH_LL_SubmitURB(USBH_HandleTypeDef *phost, uint8_t pipe, uint8_t direction,
 407:USB_HOST/Target/usbh_conf.c ****                                      uint8_t ep_type, uint8_t token, uint8_t *pbuff, uint16_t lengt
 408:USB_HOST/Target/usbh_conf.c ****                                      uint8_t do_ping)
 409:USB_HOST/Target/usbh_conf.c **** {
 410:USB_HOST/Target/usbh_conf.c ****   HAL_StatusTypeDef hal_status = HAL_OK;
 411:USB_HOST/Target/usbh_conf.c ****   USBH_StatusTypeDef usb_status = USBH_OK;
 412:USB_HOST/Target/usbh_conf.c **** 
 413:USB_HOST/Target/usbh_conf.c ****   hal_status = HAL_HCD_HC_SubmitRequest(phost->pData, pipe, direction ,
 414:USB_HOST/Target/usbh_conf.c ****                                         ep_type, token, pbuff, length,
 415:USB_HOST/Target/usbh_conf.c ****                                         do_ping);
 416:USB_HOST/Target/usbh_conf.c ****   usb_status =  USBH_Get_USB_Status(hal_status);
 417:USB_HOST/Target/usbh_conf.c **** 
 418:USB_HOST/Target/usbh_conf.c ****   return usb_status;
 419:USB_HOST/Target/usbh_conf.c **** }
 420:USB_HOST/Target/usbh_conf.c **** 
 421:USB_HOST/Target/usbh_conf.c **** /**
ARM GAS  /tmp/ccqEEOwe.s 			page 20


 422:USB_HOST/Target/usbh_conf.c ****   * @brief  Get a URB state from the low level driver.
 423:USB_HOST/Target/usbh_conf.c ****   * @param  phost: Host handle
 424:USB_HOST/Target/usbh_conf.c ****   * @param  pipe: Pipe index
 425:USB_HOST/Target/usbh_conf.c ****   *         This parameter can be a value from 1 to 15
 426:USB_HOST/Target/usbh_conf.c ****   * @retval URB state
 427:USB_HOST/Target/usbh_conf.c ****   *          This parameter can be one of the these values:
 428:USB_HOST/Target/usbh_conf.c ****   *            @arg URB_IDLE
 429:USB_HOST/Target/usbh_conf.c ****   *            @arg URB_DONE
 430:USB_HOST/Target/usbh_conf.c ****   *            @arg URB_NOTREADY
 431:USB_HOST/Target/usbh_conf.c ****   *            @arg URB_NYET
 432:USB_HOST/Target/usbh_conf.c ****   *            @arg URB_ERROR
 433:USB_HOST/Target/usbh_conf.c ****   *            @arg URB_STALL
 434:USB_HOST/Target/usbh_conf.c ****   */
 435:USB_HOST/Target/usbh_conf.c **** USBH_URBStateTypeDef USBH_LL_GetURBState(USBH_HandleTypeDef *phost, uint8_t pipe)
 436:USB_HOST/Target/usbh_conf.c **** {
 618              		.loc 1 436 1 is_stmt 1 view -0
 619              		.cfi_startproc
 620              		@ args = 0, pretend = 0, frame = 0
 621              		@ frame_needed = 0, uses_anonymous_args = 0
 622              		.loc 1 436 1 is_stmt 0 view .LVU136
 623 0000 08B5     		push	{r3, lr}
 624              	.LCFI13:
 625              		.cfi_def_cfa_offset 8
 626              		.cfi_offset 3, -8
 627              		.cfi_offset 14, -4
 437:USB_HOST/Target/usbh_conf.c ****   return (USBH_URBStateTypeDef)HAL_HCD_HC_GetURBState (phost->pData, pipe);
 628              		.loc 1 437 3 is_stmt 1 view .LVU137
 629              		.loc 1 437 32 is_stmt 0 view .LVU138
 630 0002 D0F8D003 		ldr	r0, [r0, #976]
 631              	.LVL53:
 632              		.loc 1 437 32 view .LVU139
 633 0006 FFF7FEFF 		bl	HAL_HCD_HC_GetURBState
 634              	.LVL54:
 438:USB_HOST/Target/usbh_conf.c **** }
 635              		.loc 1 438 1 view .LVU140
 636 000a 08BD     		pop	{r3, pc}
 637              		.cfi_endproc
 638              	.LFE151:
 640              		.section	.text.USBH_LL_DriverVBUS,"ax",%progbits
 641              		.align	1
 642              		.global	USBH_LL_DriverVBUS
 643              		.syntax unified
 644              		.thumb
 645              		.thumb_func
 647              	USBH_LL_DriverVBUS:
 648              	.LVL55:
 649              	.LFB152:
 439:USB_HOST/Target/usbh_conf.c **** 
 440:USB_HOST/Target/usbh_conf.c **** /**
 441:USB_HOST/Target/usbh_conf.c ****   * @brief  Drive VBUS.
 442:USB_HOST/Target/usbh_conf.c ****   * @param  phost: Host handle
 443:USB_HOST/Target/usbh_conf.c ****   * @param  state : VBUS state
 444:USB_HOST/Target/usbh_conf.c ****   *          This parameter can be one of the these values:
 445:USB_HOST/Target/usbh_conf.c ****   *           0 : VBUS Inactive
 446:USB_HOST/Target/usbh_conf.c ****   *           1 : VBUS Active
 447:USB_HOST/Target/usbh_conf.c ****   * @retval Status
 448:USB_HOST/Target/usbh_conf.c ****   */
ARM GAS  /tmp/ccqEEOwe.s 			page 21


 449:USB_HOST/Target/usbh_conf.c **** USBH_StatusTypeDef USBH_LL_DriverVBUS(USBH_HandleTypeDef *phost, uint8_t state)
 450:USB_HOST/Target/usbh_conf.c **** {
 650              		.loc 1 450 1 is_stmt 1 view -0
 651              		.cfi_startproc
 652              		@ args = 0, pretend = 0, frame = 0
 653              		@ frame_needed = 0, uses_anonymous_args = 0
 654              		.loc 1 450 1 is_stmt 0 view .LVU142
 655 0000 08B5     		push	{r3, lr}
 656              	.LCFI14:
 657              		.cfi_def_cfa_offset 8
 658              		.cfi_offset 3, -8
 659              		.cfi_offset 14, -4
 451:USB_HOST/Target/usbh_conf.c **** 
 452:USB_HOST/Target/usbh_conf.c ****   /* USER CODE BEGIN 0 */
 453:USB_HOST/Target/usbh_conf.c **** 
 454:USB_HOST/Target/usbh_conf.c ****   /* USER CODE END 0*/
 455:USB_HOST/Target/usbh_conf.c **** 
 456:USB_HOST/Target/usbh_conf.c ****   if (phost->id == HOST_HS)
 660              		.loc 1 456 3 is_stmt 1 view .LVU143
 457:USB_HOST/Target/usbh_conf.c ****   {
 458:USB_HOST/Target/usbh_conf.c ****     if (state == 0)
 661              		.loc 1 458 5 view .LVU144
 459:USB_HOST/Target/usbh_conf.c ****     {
 460:USB_HOST/Target/usbh_conf.c ****       /* Drive high Charge pump */
 461:USB_HOST/Target/usbh_conf.c ****       /* ToDo: Add IOE driver control */
 462:USB_HOST/Target/usbh_conf.c ****       /* USER CODE BEGIN DRIVE_HIGH_CHARGE_FOR_HS */
 463:USB_HOST/Target/usbh_conf.c **** 
 464:USB_HOST/Target/usbh_conf.c ****       /* USER CODE END DRIVE_HIGH_CHARGE_FOR_HS */
 465:USB_HOST/Target/usbh_conf.c ****     }
 662              		.loc 1 465 5 view .LVU145
 466:USB_HOST/Target/usbh_conf.c ****     else
 467:USB_HOST/Target/usbh_conf.c ****     {
 468:USB_HOST/Target/usbh_conf.c ****       /* Drive low Charge pump */
 469:USB_HOST/Target/usbh_conf.c ****       /* ToDo: Add IOE driver control */
 470:USB_HOST/Target/usbh_conf.c ****       /* USER CODE BEGIN DRIVE_LOW_CHARGE_FOR_HS */
 471:USB_HOST/Target/usbh_conf.c **** 
 472:USB_HOST/Target/usbh_conf.c ****       /* USER CODE END DRIVE_LOW_CHARGE_FOR_HS */
 473:USB_HOST/Target/usbh_conf.c ****     }
 663              		.loc 1 473 5 view .LVU146
 474:USB_HOST/Target/usbh_conf.c ****   }
 475:USB_HOST/Target/usbh_conf.c ****   HAL_Delay(200);
 664              		.loc 1 475 3 view .LVU147
 665 0002 C820     		movs	r0, #200
 666              	.LVL56:
 667              		.loc 1 475 3 is_stmt 0 view .LVU148
 668 0004 FFF7FEFF 		bl	HAL_Delay
 669              	.LVL57:
 476:USB_HOST/Target/usbh_conf.c ****   return USBH_OK;
 670              		.loc 1 476 3 is_stmt 1 view .LVU149
 477:USB_HOST/Target/usbh_conf.c **** }
 671              		.loc 1 477 1 is_stmt 0 view .LVU150
 672 0008 0020     		movs	r0, #0
 673 000a 08BD     		pop	{r3, pc}
 674              		.cfi_endproc
 675              	.LFE152:
 677              		.section	.text.USBH_LL_SetToggle,"ax",%progbits
 678              		.align	1
ARM GAS  /tmp/ccqEEOwe.s 			page 22


 679              		.global	USBH_LL_SetToggle
 680              		.syntax unified
 681              		.thumb
 682              		.thumb_func
 684              	USBH_LL_SetToggle:
 685              	.LVL58:
 686              	.LFB153:
 478:USB_HOST/Target/usbh_conf.c **** 
 479:USB_HOST/Target/usbh_conf.c **** /**
 480:USB_HOST/Target/usbh_conf.c ****   * @brief  Set toggle for a pipe.
 481:USB_HOST/Target/usbh_conf.c ****   * @param  phost: Host handle
 482:USB_HOST/Target/usbh_conf.c ****   * @param  pipe: Pipe index
 483:USB_HOST/Target/usbh_conf.c ****   * @param  toggle: toggle (0/1)
 484:USB_HOST/Target/usbh_conf.c ****   * @retval Status
 485:USB_HOST/Target/usbh_conf.c ****   */
 486:USB_HOST/Target/usbh_conf.c **** USBH_StatusTypeDef USBH_LL_SetToggle(USBH_HandleTypeDef *phost, uint8_t pipe, uint8_t toggle)
 487:USB_HOST/Target/usbh_conf.c **** {
 687              		.loc 1 487 1 is_stmt 1 view -0
 688              		.cfi_startproc
 689              		@ args = 0, pretend = 0, frame = 0
 690              		@ frame_needed = 0, uses_anonymous_args = 0
 691              		@ link register save eliminated.
 488:USB_HOST/Target/usbh_conf.c ****   HCD_HandleTypeDef *pHandle;
 692              		.loc 1 488 3 view .LVU152
 489:USB_HOST/Target/usbh_conf.c ****   pHandle = phost->pData;
 693              		.loc 1 489 3 view .LVU153
 694              		.loc 1 489 11 is_stmt 0 view .LVU154
 695 0000 D0F8D033 		ldr	r3, [r0, #976]
 696              	.LVL59:
 490:USB_HOST/Target/usbh_conf.c **** 
 491:USB_HOST/Target/usbh_conf.c ****   if(pHandle->hc[pipe].ep_is_in)
 697              		.loc 1 491 3 is_stmt 1 view .LVU155
 698              		.loc 1 491 23 is_stmt 0 view .LVU156
 699 0004 2C20     		movs	r0, #44
 700              	.LVL60:
 701              		.loc 1 491 23 view .LVU157
 702 0006 00FB0130 		mla	r0, r0, r1, r3
 703 000a 90F83B00 		ldrb	r0, [r0, #59]	@ zero_extendqisi2
 704              		.loc 1 491 5 view .LVU158
 705 000e 30B1     		cbz	r0, .L48
 492:USB_HOST/Target/usbh_conf.c ****   {
 493:USB_HOST/Target/usbh_conf.c ****     pHandle->hc[pipe].toggle_in = toggle;
 706              		.loc 1 493 5 is_stmt 1 view .LVU159
 707              		.loc 1 493 33 is_stmt 0 view .LVU160
 708 0010 2C20     		movs	r0, #44
 709 0012 00FB0131 		mla	r1, r0, r1, r3
 710              	.LVL61:
 711              		.loc 1 493 33 view .LVU161
 712 0016 81F85420 		strb	r2, [r1, #84]
 713              	.L49:
 494:USB_HOST/Target/usbh_conf.c ****   }
 495:USB_HOST/Target/usbh_conf.c ****   else
 496:USB_HOST/Target/usbh_conf.c ****   {
 497:USB_HOST/Target/usbh_conf.c ****     pHandle->hc[pipe].toggle_out = toggle;
 498:USB_HOST/Target/usbh_conf.c ****   }
 499:USB_HOST/Target/usbh_conf.c **** 
 500:USB_HOST/Target/usbh_conf.c ****   return USBH_OK;
ARM GAS  /tmp/ccqEEOwe.s 			page 23


 714              		.loc 1 500 3 is_stmt 1 view .LVU162
 501:USB_HOST/Target/usbh_conf.c **** }
 715              		.loc 1 501 1 is_stmt 0 view .LVU163
 716 001a 0020     		movs	r0, #0
 717 001c 7047     		bx	lr
 718              	.LVL62:
 719              	.L48:
 497:USB_HOST/Target/usbh_conf.c ****   }
 720              		.loc 1 497 5 is_stmt 1 view .LVU164
 497:USB_HOST/Target/usbh_conf.c ****   }
 721              		.loc 1 497 34 is_stmt 0 view .LVU165
 722 001e 2C20     		movs	r0, #44
 723 0020 00FB0131 		mla	r1, r0, r1, r3
 724              	.LVL63:
 497:USB_HOST/Target/usbh_conf.c ****   }
 725              		.loc 1 497 34 view .LVU166
 726 0024 81F85520 		strb	r2, [r1, #85]
 727 0028 F7E7     		b	.L49
 728              		.cfi_endproc
 729              	.LFE153:
 731              		.section	.text.USBH_LL_GetToggle,"ax",%progbits
 732              		.align	1
 733              		.global	USBH_LL_GetToggle
 734              		.syntax unified
 735              		.thumb
 736              		.thumb_func
 738              	USBH_LL_GetToggle:
 739              	.LVL64:
 740              	.LFB154:
 502:USB_HOST/Target/usbh_conf.c **** 
 503:USB_HOST/Target/usbh_conf.c **** /**
 504:USB_HOST/Target/usbh_conf.c ****   * @brief  Return the current toggle of a pipe.
 505:USB_HOST/Target/usbh_conf.c ****   * @param  phost: Host handle
 506:USB_HOST/Target/usbh_conf.c ****   * @param  pipe: Pipe index
 507:USB_HOST/Target/usbh_conf.c ****   * @retval toggle (0/1)
 508:USB_HOST/Target/usbh_conf.c ****   */
 509:USB_HOST/Target/usbh_conf.c **** uint8_t USBH_LL_GetToggle(USBH_HandleTypeDef *phost, uint8_t pipe)
 510:USB_HOST/Target/usbh_conf.c **** {
 741              		.loc 1 510 1 is_stmt 1 view -0
 742              		.cfi_startproc
 743              		@ args = 0, pretend = 0, frame = 0
 744              		@ frame_needed = 0, uses_anonymous_args = 0
 745              		@ link register save eliminated.
 511:USB_HOST/Target/usbh_conf.c ****   uint8_t toggle = 0;
 746              		.loc 1 511 3 view .LVU168
 512:USB_HOST/Target/usbh_conf.c ****   HCD_HandleTypeDef *pHandle;
 747              		.loc 1 512 3 view .LVU169
 513:USB_HOST/Target/usbh_conf.c ****   pHandle = phost->pData;
 748              		.loc 1 513 3 view .LVU170
 749              		.loc 1 513 11 is_stmt 0 view .LVU171
 750 0000 D0F8D033 		ldr	r3, [r0, #976]
 751              	.LVL65:
 514:USB_HOST/Target/usbh_conf.c **** 
 515:USB_HOST/Target/usbh_conf.c ****   if(pHandle->hc[pipe].ep_is_in)
 752              		.loc 1 515 3 is_stmt 1 view .LVU172
 753              		.loc 1 515 23 is_stmt 0 view .LVU173
 754 0004 2C22     		movs	r2, #44
ARM GAS  /tmp/ccqEEOwe.s 			page 24


 755 0006 02FB0132 		mla	r2, r2, r1, r3
 756 000a 92F83B20 		ldrb	r2, [r2, #59]	@ zero_extendqisi2
 757              		.loc 1 515 5 view .LVU174
 758 000e 2AB1     		cbz	r2, .L51
 516:USB_HOST/Target/usbh_conf.c ****   {
 517:USB_HOST/Target/usbh_conf.c ****     toggle = pHandle->hc[pipe].toggle_in;
 759              		.loc 1 517 5 is_stmt 1 view .LVU175
 760              		.loc 1 517 12 is_stmt 0 view .LVU176
 761 0010 2C22     		movs	r2, #44
 762 0012 02FB0131 		mla	r1, r2, r1, r3
 763              	.LVL66:
 764              		.loc 1 517 12 view .LVU177
 765 0016 91F85400 		ldrb	r0, [r1, #84]	@ zero_extendqisi2
 766              	.LVL67:
 767              		.loc 1 517 12 view .LVU178
 768 001a 7047     		bx	lr
 769              	.LVL68:
 770              	.L51:
 518:USB_HOST/Target/usbh_conf.c ****   }
 519:USB_HOST/Target/usbh_conf.c ****   else
 520:USB_HOST/Target/usbh_conf.c ****   {
 521:USB_HOST/Target/usbh_conf.c ****     toggle = pHandle->hc[pipe].toggle_out;
 771              		.loc 1 521 5 is_stmt 1 view .LVU179
 772              		.loc 1 521 12 is_stmt 0 view .LVU180
 773 001c 2C22     		movs	r2, #44
 774 001e 02FB0131 		mla	r1, r2, r1, r3
 775              	.LVL69:
 776              		.loc 1 521 12 view .LVU181
 777 0022 91F85500 		ldrb	r0, [r1, #85]	@ zero_extendqisi2
 778              	.LVL70:
 522:USB_HOST/Target/usbh_conf.c ****   }
 523:USB_HOST/Target/usbh_conf.c ****   return toggle;
 779              		.loc 1 523 3 is_stmt 1 view .LVU182
 524:USB_HOST/Target/usbh_conf.c **** }
 780              		.loc 1 524 1 is_stmt 0 view .LVU183
 781 0026 7047     		bx	lr
 782              		.cfi_endproc
 783              	.LFE154:
 785              		.section	.text.USBH_Delay,"ax",%progbits
 786              		.align	1
 787              		.global	USBH_Delay
 788              		.syntax unified
 789              		.thumb
 790              		.thumb_func
 792              	USBH_Delay:
 793              	.LVL71:
 794              	.LFB155:
 525:USB_HOST/Target/usbh_conf.c **** 
 526:USB_HOST/Target/usbh_conf.c **** /**
 527:USB_HOST/Target/usbh_conf.c ****   * @brief  Delay routine for the USB Host Library
 528:USB_HOST/Target/usbh_conf.c ****   * @param  Delay: Delay in ms
 529:USB_HOST/Target/usbh_conf.c ****   * @retval None
 530:USB_HOST/Target/usbh_conf.c ****   */
 531:USB_HOST/Target/usbh_conf.c **** void USBH_Delay(uint32_t Delay)
 532:USB_HOST/Target/usbh_conf.c **** {
 795              		.loc 1 532 1 is_stmt 1 view -0
 796              		.cfi_startproc
ARM GAS  /tmp/ccqEEOwe.s 			page 25


 797              		@ args = 0, pretend = 0, frame = 0
 798              		@ frame_needed = 0, uses_anonymous_args = 0
 799              		.loc 1 532 1 is_stmt 0 view .LVU185
 800 0000 08B5     		push	{r3, lr}
 801              	.LCFI15:
 802              		.cfi_def_cfa_offset 8
 803              		.cfi_offset 3, -8
 804              		.cfi_offset 14, -4
 533:USB_HOST/Target/usbh_conf.c ****   HAL_Delay(Delay);
 805              		.loc 1 533 3 is_stmt 1 view .LVU186
 806 0002 FFF7FEFF 		bl	HAL_Delay
 807              	.LVL72:
 534:USB_HOST/Target/usbh_conf.c **** }
 808              		.loc 1 534 1 is_stmt 0 view .LVU187
 809 0006 08BD     		pop	{r3, pc}
 810              		.cfi_endproc
 811              	.LFE155:
 813              		.section	.text.USBH_Get_USB_Status,"ax",%progbits
 814              		.align	1
 815              		.global	USBH_Get_USB_Status
 816              		.syntax unified
 817              		.thumb
 818              		.thumb_func
 820              	USBH_Get_USB_Status:
 821              	.LVL73:
 822              	.LFB156:
 535:USB_HOST/Target/usbh_conf.c **** 
 536:USB_HOST/Target/usbh_conf.c **** /**
 537:USB_HOST/Target/usbh_conf.c ****   * @brief  Returns the USB status depending on the HAL status:
 538:USB_HOST/Target/usbh_conf.c ****   * @param  hal_status: HAL status
 539:USB_HOST/Target/usbh_conf.c ****   * @retval USB status
 540:USB_HOST/Target/usbh_conf.c ****   */
 541:USB_HOST/Target/usbh_conf.c **** USBH_StatusTypeDef USBH_Get_USB_Status(HAL_StatusTypeDef hal_status)
 542:USB_HOST/Target/usbh_conf.c **** {
 823              		.loc 1 542 1 is_stmt 1 view -0
 824              		.cfi_startproc
 825              		@ args = 0, pretend = 0, frame = 0
 826              		@ frame_needed = 0, uses_anonymous_args = 0
 827              		@ link register save eliminated.
 543:USB_HOST/Target/usbh_conf.c ****   USBH_StatusTypeDef usb_status = USBH_OK;
 828              		.loc 1 543 3 view .LVU189
 544:USB_HOST/Target/usbh_conf.c **** 
 545:USB_HOST/Target/usbh_conf.c ****   switch (hal_status)
 829              		.loc 1 545 3 view .LVU190
 830 0000 0228     		cmp	r0, #2
 831 0002 05D8     		bhi	.L60
 832 0004 DFE800F0 		tbb	[pc, r0]
 833              	.L58:
 834 0008 05       		.byte	(.L56-.L58)/2
 835 0009 04       		.byte	(.L60-.L58)/2
 836 000a 02       		.byte	(.L57-.L58)/2
 837 000b 00       		.p2align 1
 838              	.L57:
 546:USB_HOST/Target/usbh_conf.c ****   {
 547:USB_HOST/Target/usbh_conf.c ****     case HAL_OK :
 548:USB_HOST/Target/usbh_conf.c ****       usb_status = USBH_OK;
 549:USB_HOST/Target/usbh_conf.c ****     break;
ARM GAS  /tmp/ccqEEOwe.s 			page 26


 550:USB_HOST/Target/usbh_conf.c ****     case HAL_ERROR :
 551:USB_HOST/Target/usbh_conf.c ****       usb_status = USBH_FAIL;
 552:USB_HOST/Target/usbh_conf.c ****     break;
 553:USB_HOST/Target/usbh_conf.c ****     case HAL_BUSY :
 554:USB_HOST/Target/usbh_conf.c ****       usb_status = USBH_BUSY;
 839              		.loc 1 554 7 view .LVU191
 840              	.LVL74:
 555:USB_HOST/Target/usbh_conf.c ****     break;
 841              		.loc 1 555 5 view .LVU192
 554:USB_HOST/Target/usbh_conf.c ****     break;
 842              		.loc 1 554 18 is_stmt 0 view .LVU193
 843 000c 0120     		movs	r0, #1
 844              	.LVL75:
 845              		.loc 1 555 5 view .LVU194
 846 000e 7047     		bx	lr
 847              	.LVL76:
 848              	.L60:
 551:USB_HOST/Target/usbh_conf.c ****     break;
 849              		.loc 1 551 18 view .LVU195
 850 0010 0220     		movs	r0, #2
 851              	.LVL77:
 852              	.L56:
 556:USB_HOST/Target/usbh_conf.c ****     case HAL_TIMEOUT :
 557:USB_HOST/Target/usbh_conf.c ****       usb_status = USBH_FAIL;
 558:USB_HOST/Target/usbh_conf.c ****     break;
 559:USB_HOST/Target/usbh_conf.c ****     default :
 560:USB_HOST/Target/usbh_conf.c ****       usb_status = USBH_FAIL;
 561:USB_HOST/Target/usbh_conf.c ****     break;
 562:USB_HOST/Target/usbh_conf.c ****   }
 563:USB_HOST/Target/usbh_conf.c ****   return usb_status;
 853              		.loc 1 563 3 is_stmt 1 view .LVU196
 564:USB_HOST/Target/usbh_conf.c **** }
 854              		.loc 1 564 1 is_stmt 0 view .LVU197
 855 0012 7047     		bx	lr
 856              		.cfi_endproc
 857              	.LFE156:
 859              		.section	.text.USBH_LL_DeInit,"ax",%progbits
 860              		.align	1
 861              		.global	USBH_LL_DeInit
 862              		.syntax unified
 863              		.thumb
 864              		.thumb_func
 866              	USBH_LL_DeInit:
 867              	.LVL78:
 868              	.LFB142:
 233:USB_HOST/Target/usbh_conf.c ****   HAL_StatusTypeDef hal_status = HAL_OK;
 869              		.loc 1 233 1 is_stmt 1 view -0
 870              		.cfi_startproc
 871              		@ args = 0, pretend = 0, frame = 0
 872              		@ frame_needed = 0, uses_anonymous_args = 0
 233:USB_HOST/Target/usbh_conf.c ****   HAL_StatusTypeDef hal_status = HAL_OK;
 873              		.loc 1 233 1 is_stmt 0 view .LVU199
 874 0000 08B5     		push	{r3, lr}
 875              	.LCFI16:
 876              		.cfi_def_cfa_offset 8
 877              		.cfi_offset 3, -8
 878              		.cfi_offset 14, -4
ARM GAS  /tmp/ccqEEOwe.s 			page 27


 234:USB_HOST/Target/usbh_conf.c ****   USBH_StatusTypeDef usb_status = USBH_OK;
 879              		.loc 1 234 3 is_stmt 1 view .LVU200
 880              	.LVL79:
 235:USB_HOST/Target/usbh_conf.c **** 
 881              		.loc 1 235 3 view .LVU201
 237:USB_HOST/Target/usbh_conf.c **** 
 882              		.loc 1 237 3 view .LVU202
 237:USB_HOST/Target/usbh_conf.c **** 
 883              		.loc 1 237 16 is_stmt 0 view .LVU203
 884 0002 D0F8D003 		ldr	r0, [r0, #976]
 885              	.LVL80:
 237:USB_HOST/Target/usbh_conf.c **** 
 886              		.loc 1 237 16 view .LVU204
 887 0006 FFF7FEFF 		bl	HAL_HCD_DeInit
 888              	.LVL81:
 239:USB_HOST/Target/usbh_conf.c **** 
 889              		.loc 1 239 3 is_stmt 1 view .LVU205
 239:USB_HOST/Target/usbh_conf.c **** 
 890              		.loc 1 239 16 is_stmt 0 view .LVU206
 891 000a FFF7FEFF 		bl	USBH_Get_USB_Status
 892              	.LVL82:
 241:USB_HOST/Target/usbh_conf.c **** }
 893              		.loc 1 241 3 is_stmt 1 view .LVU207
 242:USB_HOST/Target/usbh_conf.c **** 
 894              		.loc 1 242 1 is_stmt 0 view .LVU208
 895 000e 08BD     		pop	{r3, pc}
 896              		.cfi_endproc
 897              	.LFE142:
 899              		.section	.text.USBH_LL_Start,"ax",%progbits
 900              		.align	1
 901              		.global	USBH_LL_Start
 902              		.syntax unified
 903              		.thumb
 904              		.thumb_func
 906              	USBH_LL_Start:
 907              	.LVL83:
 908              	.LFB143:
 250:USB_HOST/Target/usbh_conf.c ****   HAL_StatusTypeDef hal_status = HAL_OK;
 909              		.loc 1 250 1 is_stmt 1 view -0
 910              		.cfi_startproc
 911              		@ args = 0, pretend = 0, frame = 0
 912              		@ frame_needed = 0, uses_anonymous_args = 0
 250:USB_HOST/Target/usbh_conf.c ****   HAL_StatusTypeDef hal_status = HAL_OK;
 913              		.loc 1 250 1 is_stmt 0 view .LVU210
 914 0000 08B5     		push	{r3, lr}
 915              	.LCFI17:
 916              		.cfi_def_cfa_offset 8
 917              		.cfi_offset 3, -8
 918              		.cfi_offset 14, -4
 251:USB_HOST/Target/usbh_conf.c ****   USBH_StatusTypeDef usb_status = USBH_OK;
 919              		.loc 1 251 3 is_stmt 1 view .LVU211
 920              	.LVL84:
 252:USB_HOST/Target/usbh_conf.c **** 
 921              		.loc 1 252 3 view .LVU212
 254:USB_HOST/Target/usbh_conf.c **** 
 922              		.loc 1 254 3 view .LVU213
 254:USB_HOST/Target/usbh_conf.c **** 
ARM GAS  /tmp/ccqEEOwe.s 			page 28


 923              		.loc 1 254 16 is_stmt 0 view .LVU214
 924 0002 D0F8D003 		ldr	r0, [r0, #976]
 925              	.LVL85:
 254:USB_HOST/Target/usbh_conf.c **** 
 926              		.loc 1 254 16 view .LVU215
 927 0006 FFF7FEFF 		bl	HAL_HCD_Start
 928              	.LVL86:
 256:USB_HOST/Target/usbh_conf.c **** 
 929              		.loc 1 256 3 is_stmt 1 view .LVU216
 256:USB_HOST/Target/usbh_conf.c **** 
 930              		.loc 1 256 16 is_stmt 0 view .LVU217
 931 000a FFF7FEFF 		bl	USBH_Get_USB_Status
 932              	.LVL87:
 258:USB_HOST/Target/usbh_conf.c **** }
 933              		.loc 1 258 3 is_stmt 1 view .LVU218
 259:USB_HOST/Target/usbh_conf.c **** 
 934              		.loc 1 259 1 is_stmt 0 view .LVU219
 935 000e 08BD     		pop	{r3, pc}
 936              		.cfi_endproc
 937              	.LFE143:
 939              		.section	.text.USBH_LL_Stop,"ax",%progbits
 940              		.align	1
 941              		.global	USBH_LL_Stop
 942              		.syntax unified
 943              		.thumb
 944              		.thumb_func
 946              	USBH_LL_Stop:
 947              	.LVL88:
 948              	.LFB144:
 267:USB_HOST/Target/usbh_conf.c ****   HAL_StatusTypeDef hal_status = HAL_OK;
 949              		.loc 1 267 1 is_stmt 1 view -0
 950              		.cfi_startproc
 951              		@ args = 0, pretend = 0, frame = 0
 952              		@ frame_needed = 0, uses_anonymous_args = 0
 267:USB_HOST/Target/usbh_conf.c ****   HAL_StatusTypeDef hal_status = HAL_OK;
 953              		.loc 1 267 1 is_stmt 0 view .LVU221
 954 0000 08B5     		push	{r3, lr}
 955              	.LCFI18:
 956              		.cfi_def_cfa_offset 8
 957              		.cfi_offset 3, -8
 958              		.cfi_offset 14, -4
 268:USB_HOST/Target/usbh_conf.c ****   USBH_StatusTypeDef usb_status = USBH_OK;
 959              		.loc 1 268 3 is_stmt 1 view .LVU222
 960              	.LVL89:
 269:USB_HOST/Target/usbh_conf.c **** 
 961              		.loc 1 269 3 view .LVU223
 271:USB_HOST/Target/usbh_conf.c **** 
 962              		.loc 1 271 3 view .LVU224
 271:USB_HOST/Target/usbh_conf.c **** 
 963              		.loc 1 271 16 is_stmt 0 view .LVU225
 964 0002 D0F8D003 		ldr	r0, [r0, #976]
 965              	.LVL90:
 271:USB_HOST/Target/usbh_conf.c **** 
 966              		.loc 1 271 16 view .LVU226
 967 0006 FFF7FEFF 		bl	HAL_HCD_Stop
 968              	.LVL91:
 273:USB_HOST/Target/usbh_conf.c **** 
ARM GAS  /tmp/ccqEEOwe.s 			page 29


 969              		.loc 1 273 3 is_stmt 1 view .LVU227
 273:USB_HOST/Target/usbh_conf.c **** 
 970              		.loc 1 273 16 is_stmt 0 view .LVU228
 971 000a FFF7FEFF 		bl	USBH_Get_USB_Status
 972              	.LVL92:
 275:USB_HOST/Target/usbh_conf.c **** }
 973              		.loc 1 275 3 is_stmt 1 view .LVU229
 276:USB_HOST/Target/usbh_conf.c **** 
 974              		.loc 1 276 1 is_stmt 0 view .LVU230
 975 000e 08BD     		pop	{r3, pc}
 976              		.cfi_endproc
 977              	.LFE144:
 979              		.section	.text.USBH_LL_ResetPort,"ax",%progbits
 980              		.align	1
 981              		.global	USBH_LL_ResetPort
 982              		.syntax unified
 983              		.thumb
 984              		.thumb_func
 986              	USBH_LL_ResetPort:
 987              	.LVL93:
 988              	.LFB146:
 314:USB_HOST/Target/usbh_conf.c ****   HAL_StatusTypeDef hal_status = HAL_OK;
 989              		.loc 1 314 1 is_stmt 1 view -0
 990              		.cfi_startproc
 991              		@ args = 0, pretend = 0, frame = 0
 992              		@ frame_needed = 0, uses_anonymous_args = 0
 314:USB_HOST/Target/usbh_conf.c ****   HAL_StatusTypeDef hal_status = HAL_OK;
 993              		.loc 1 314 1 is_stmt 0 view .LVU232
 994 0000 08B5     		push	{r3, lr}
 995              	.LCFI19:
 996              		.cfi_def_cfa_offset 8
 997              		.cfi_offset 3, -8
 998              		.cfi_offset 14, -4
 315:USB_HOST/Target/usbh_conf.c ****   USBH_StatusTypeDef usb_status = USBH_OK;
 999              		.loc 1 315 3 is_stmt 1 view .LVU233
 1000              	.LVL94:
 316:USB_HOST/Target/usbh_conf.c **** 
 1001              		.loc 1 316 3 view .LVU234
 318:USB_HOST/Target/usbh_conf.c **** 
 1002              		.loc 1 318 3 view .LVU235
 318:USB_HOST/Target/usbh_conf.c **** 
 1003              		.loc 1 318 16 is_stmt 0 view .LVU236
 1004 0002 D0F8D003 		ldr	r0, [r0, #976]
 1005              	.LVL95:
 318:USB_HOST/Target/usbh_conf.c **** 
 1006              		.loc 1 318 16 view .LVU237
 1007 0006 FFF7FEFF 		bl	HAL_HCD_ResetPort
 1008              	.LVL96:
 320:USB_HOST/Target/usbh_conf.c **** 
 1009              		.loc 1 320 3 is_stmt 1 view .LVU238
 320:USB_HOST/Target/usbh_conf.c **** 
 1010              		.loc 1 320 16 is_stmt 0 view .LVU239
 1011 000a FFF7FEFF 		bl	USBH_Get_USB_Status
 1012              	.LVL97:
 322:USB_HOST/Target/usbh_conf.c **** }
 1013              		.loc 1 322 3 is_stmt 1 view .LVU240
 323:USB_HOST/Target/usbh_conf.c **** 
ARM GAS  /tmp/ccqEEOwe.s 			page 30


 1014              		.loc 1 323 1 is_stmt 0 view .LVU241
 1015 000e 08BD     		pop	{r3, pc}
 1016              		.cfi_endproc
 1017              	.LFE146:
 1019              		.section	.text.USBH_LL_OpenPipe,"ax",%progbits
 1020              		.align	1
 1021              		.global	USBH_LL_OpenPipe
 1022              		.syntax unified
 1023              		.thumb
 1024              		.thumb_func
 1026              	USBH_LL_OpenPipe:
 1027              	.LVL98:
 1028              	.LFB148:
 349:USB_HOST/Target/usbh_conf.c ****   HAL_StatusTypeDef hal_status = HAL_OK;
 1029              		.loc 1 349 1 is_stmt 1 view -0
 1030              		.cfi_startproc
 1031              		@ args = 12, pretend = 0, frame = 0
 1032              		@ frame_needed = 0, uses_anonymous_args = 0
 349:USB_HOST/Target/usbh_conf.c ****   HAL_StatusTypeDef hal_status = HAL_OK;
 1033              		.loc 1 349 1 is_stmt 0 view .LVU243
 1034 0000 10B5     		push	{r4, lr}
 1035              	.LCFI20:
 1036              		.cfi_def_cfa_offset 8
 1037              		.cfi_offset 4, -8
 1038              		.cfi_offset 14, -4
 1039 0002 84B0     		sub	sp, sp, #16
 1040              	.LCFI21:
 1041              		.cfi_def_cfa_offset 24
 350:USB_HOST/Target/usbh_conf.c ****   USBH_StatusTypeDef usb_status = USBH_OK;
 1042              		.loc 1 350 3 is_stmt 1 view .LVU244
 1043              	.LVL99:
 351:USB_HOST/Target/usbh_conf.c **** 
 1044              		.loc 1 351 3 view .LVU245
 353:USB_HOST/Target/usbh_conf.c ****                                dev_address, speed, ep_type, mps);
 1045              		.loc 1 353 3 view .LVU246
 353:USB_HOST/Target/usbh_conf.c ****                                dev_address, speed, ep_type, mps);
 1046              		.loc 1 353 37 is_stmt 0 view .LVU247
 1047 0004 D0F8D003 		ldr	r0, [r0, #976]
 1048              	.LVL100:
 353:USB_HOST/Target/usbh_conf.c ****                                dev_address, speed, ep_type, mps);
 1049              		.loc 1 353 16 view .LVU248
 1050 0008 BDF82040 		ldrh	r4, [sp, #32]
 1051 000c 0294     		str	r4, [sp, #8]
 1052 000e 9DF81C40 		ldrb	r4, [sp, #28]	@ zero_extendqisi2
 1053 0012 0194     		str	r4, [sp, #4]
 1054 0014 9DF81840 		ldrb	r4, [sp, #24]	@ zero_extendqisi2
 1055 0018 0094     		str	r4, [sp]
 1056 001a FFF7FEFF 		bl	HAL_HCD_HC_Init
 1057              	.LVL101:
 356:USB_HOST/Target/usbh_conf.c **** 
 1058              		.loc 1 356 3 is_stmt 1 view .LVU249
 356:USB_HOST/Target/usbh_conf.c **** 
 1059              		.loc 1 356 16 is_stmt 0 view .LVU250
 1060 001e FFF7FEFF 		bl	USBH_Get_USB_Status
 1061              	.LVL102:
 358:USB_HOST/Target/usbh_conf.c **** }
 1062              		.loc 1 358 3 is_stmt 1 view .LVU251
ARM GAS  /tmp/ccqEEOwe.s 			page 31


 359:USB_HOST/Target/usbh_conf.c **** 
 1063              		.loc 1 359 1 is_stmt 0 view .LVU252
 1064 0022 04B0     		add	sp, sp, #16
 1065              	.LCFI22:
 1066              		.cfi_def_cfa_offset 8
 1067              		@ sp needed
 1068 0024 10BD     		pop	{r4, pc}
 359:USB_HOST/Target/usbh_conf.c **** 
 1069              		.loc 1 359 1 view .LVU253
 1070              		.cfi_endproc
 1071              	.LFE148:
 1073              		.section	.text.USBH_LL_ClosePipe,"ax",%progbits
 1074              		.align	1
 1075              		.global	USBH_LL_ClosePipe
 1076              		.syntax unified
 1077              		.thumb
 1078              		.thumb_func
 1080              	USBH_LL_ClosePipe:
 1081              	.LVL103:
 1082              	.LFB149:
 368:USB_HOST/Target/usbh_conf.c ****   HAL_StatusTypeDef hal_status = HAL_OK;
 1083              		.loc 1 368 1 is_stmt 1 view -0
 1084              		.cfi_startproc
 1085              		@ args = 0, pretend = 0, frame = 0
 1086              		@ frame_needed = 0, uses_anonymous_args = 0
 368:USB_HOST/Target/usbh_conf.c ****   HAL_StatusTypeDef hal_status = HAL_OK;
 1087              		.loc 1 368 1 is_stmt 0 view .LVU255
 1088 0000 08B5     		push	{r3, lr}
 1089              	.LCFI23:
 1090              		.cfi_def_cfa_offset 8
 1091              		.cfi_offset 3, -8
 1092              		.cfi_offset 14, -4
 369:USB_HOST/Target/usbh_conf.c ****   USBH_StatusTypeDef usb_status = USBH_OK;
 1093              		.loc 1 369 3 is_stmt 1 view .LVU256
 1094              	.LVL104:
 370:USB_HOST/Target/usbh_conf.c **** 
 1095              		.loc 1 370 3 view .LVU257
 372:USB_HOST/Target/usbh_conf.c **** 
 1096              		.loc 1 372 3 view .LVU258
 372:USB_HOST/Target/usbh_conf.c **** 
 1097              		.loc 1 372 16 is_stmt 0 view .LVU259
 1098 0002 D0F8D003 		ldr	r0, [r0, #976]
 1099              	.LVL105:
 372:USB_HOST/Target/usbh_conf.c **** 
 1100              		.loc 1 372 16 view .LVU260
 1101 0006 FFF7FEFF 		bl	HAL_HCD_HC_Halt
 1102              	.LVL106:
 374:USB_HOST/Target/usbh_conf.c **** 
 1103              		.loc 1 374 3 is_stmt 1 view .LVU261
 374:USB_HOST/Target/usbh_conf.c **** 
 1104              		.loc 1 374 16 is_stmt 0 view .LVU262
 1105 000a FFF7FEFF 		bl	USBH_Get_USB_Status
 1106              	.LVL107:
 376:USB_HOST/Target/usbh_conf.c **** }
 1107              		.loc 1 376 3 is_stmt 1 view .LVU263
 377:USB_HOST/Target/usbh_conf.c **** 
 1108              		.loc 1 377 1 is_stmt 0 view .LVU264
ARM GAS  /tmp/ccqEEOwe.s 			page 32


 1109 000e 08BD     		pop	{r3, pc}
 1110              		.cfi_endproc
 1111              	.LFE149:
 1113              		.section	.text.USBH_LL_SubmitURB,"ax",%progbits
 1114              		.align	1
 1115              		.global	USBH_LL_SubmitURB
 1116              		.syntax unified
 1117              		.thumb
 1118              		.thumb_func
 1120              	USBH_LL_SubmitURB:
 1121              	.LVL108:
 1122              	.LFB150:
 409:USB_HOST/Target/usbh_conf.c ****   HAL_StatusTypeDef hal_status = HAL_OK;
 1123              		.loc 1 409 1 is_stmt 1 view -0
 1124              		.cfi_startproc
 1125              		@ args = 16, pretend = 0, frame = 0
 1126              		@ frame_needed = 0, uses_anonymous_args = 0
 409:USB_HOST/Target/usbh_conf.c ****   HAL_StatusTypeDef hal_status = HAL_OK;
 1127              		.loc 1 409 1 is_stmt 0 view .LVU266
 1128 0000 10B5     		push	{r4, lr}
 1129              	.LCFI24:
 1130              		.cfi_def_cfa_offset 8
 1131              		.cfi_offset 4, -8
 1132              		.cfi_offset 14, -4
 1133 0002 84B0     		sub	sp, sp, #16
 1134              	.LCFI25:
 1135              		.cfi_def_cfa_offset 24
 410:USB_HOST/Target/usbh_conf.c ****   USBH_StatusTypeDef usb_status = USBH_OK;
 1136              		.loc 1 410 3 is_stmt 1 view .LVU267
 1137              	.LVL109:
 411:USB_HOST/Target/usbh_conf.c **** 
 1138              		.loc 1 411 3 view .LVU268
 413:USB_HOST/Target/usbh_conf.c ****                                         ep_type, token, pbuff, length,
 1139              		.loc 1 413 3 view .LVU269
 413:USB_HOST/Target/usbh_conf.c ****                                         ep_type, token, pbuff, length,
 1140              		.loc 1 413 46 is_stmt 0 view .LVU270
 1141 0004 D0F8D003 		ldr	r0, [r0, #976]
 1142              	.LVL110:
 413:USB_HOST/Target/usbh_conf.c ****                                         ep_type, token, pbuff, length,
 1143              		.loc 1 413 16 view .LVU271
 1144 0008 9DF82440 		ldrb	r4, [sp, #36]	@ zero_extendqisi2
 1145 000c 0394     		str	r4, [sp, #12]
 1146 000e BDF82040 		ldrh	r4, [sp, #32]
 1147 0012 0294     		str	r4, [sp, #8]
 1148 0014 079C     		ldr	r4, [sp, #28]
 1149 0016 0194     		str	r4, [sp, #4]
 1150 0018 9DF81840 		ldrb	r4, [sp, #24]	@ zero_extendqisi2
 1151 001c 0094     		str	r4, [sp]
 1152 001e FFF7FEFF 		bl	HAL_HCD_HC_SubmitRequest
 1153              	.LVL111:
 416:USB_HOST/Target/usbh_conf.c **** 
 1154              		.loc 1 416 3 is_stmt 1 view .LVU272
 416:USB_HOST/Target/usbh_conf.c **** 
 1155              		.loc 1 416 17 is_stmt 0 view .LVU273
 1156 0022 FFF7FEFF 		bl	USBH_Get_USB_Status
 1157              	.LVL112:
 418:USB_HOST/Target/usbh_conf.c **** }
ARM GAS  /tmp/ccqEEOwe.s 			page 33


 1158              		.loc 1 418 3 is_stmt 1 view .LVU274
 419:USB_HOST/Target/usbh_conf.c **** 
 1159              		.loc 1 419 1 is_stmt 0 view .LVU275
 1160 0026 04B0     		add	sp, sp, #16
 1161              	.LCFI26:
 1162              		.cfi_def_cfa_offset 8
 1163              		@ sp needed
 1164 0028 10BD     		pop	{r4, pc}
 419:USB_HOST/Target/usbh_conf.c **** 
 1165              		.loc 1 419 1 view .LVU276
 1166              		.cfi_endproc
 1167              	.LFE150:
 1169              		.global	hhcd_USB_OTG_HS
 1170              		.section	.bss.hhcd_USB_OTG_HS,"aw",%nobits
 1171              		.align	2
 1174              	hhcd_USB_OTG_HS:
 1175 0000 00000000 		.space	772
 1175      00000000 
 1175      00000000 
 1175      00000000 
 1175      00000000 
 1176              		.text
 1177              	.Letext0:
 1178              		.file 2 "Drivers/CMSIS/Device/ST/STM32F4xx/Include/stm32f407xx.h"
 1179              		.file 3 "/usr/lib/gcc/arm-none-eabi/14.2.1/include/stdint.h"
 1180              		.file 4 "Drivers/CMSIS/Device/ST/STM32F4xx/Include/stm32f4xx.h"
 1181              		.file 5 "Drivers/STM32F4xx_HAL_Driver/Inc/stm32f4xx_hal_def.h"
 1182              		.file 6 "Drivers/STM32F4xx_HAL_Driver/Inc/stm32f4xx_hal_gpio.h"
 1183              		.file 7 "Drivers/STM32F4xx_HAL_Driver/Inc/stm32f4xx_ll_usb.h"
 1184              		.file 8 "Drivers/STM32F4xx_HAL_Driver/Inc/stm32f4xx_hal_hcd.h"
 1185              		.file 9 "Middlewares/ST/STM32_USB_Host_Library/Core/Inc/usbh_def.h"
 1186              		.file 10 "Drivers/STM32F4xx_HAL_Driver/Inc/stm32f4xx_hal.h"
 1187              		.file 11 "Middlewares/ST/STM32_USB_Host_Library/Core/Inc/usbh_core.h"
 1188              		.file 12 "Drivers/STM32F4xx_HAL_Driver/Inc/stm32f4xx_hal_cortex.h"
ARM GAS  /tmp/ccqEEOwe.s 			page 34


DEFINED SYMBOLS
                            *ABS*:00000000 usbh_conf.c
     /tmp/ccqEEOwe.s:21     .text.HAL_HCD_MspInit:00000000 $t
     /tmp/ccqEEOwe.s:27     .text.HAL_HCD_MspInit:00000000 HAL_HCD_MspInit
     /tmp/ccqEEOwe.s:165    .text.HAL_HCD_MspInit:00000098 $d
     /tmp/ccqEEOwe.s:172    .text.HAL_HCD_MspDeInit:00000000 $t
     /tmp/ccqEEOwe.s:178    .text.HAL_HCD_MspDeInit:00000000 HAL_HCD_MspDeInit
     /tmp/ccqEEOwe.s:233    .text.HAL_HCD_MspDeInit:00000034 $d
     /tmp/ccqEEOwe.s:240    .text.HAL_HCD_SOF_Callback:00000000 $t
     /tmp/ccqEEOwe.s:246    .text.HAL_HCD_SOF_Callback:00000000 HAL_HCD_SOF_Callback
     /tmp/ccqEEOwe.s:271    .text.HAL_HCD_Connect_Callback:00000000 $t
     /tmp/ccqEEOwe.s:277    .text.HAL_HCD_Connect_Callback:00000000 HAL_HCD_Connect_Callback
     /tmp/ccqEEOwe.s:302    .text.HAL_HCD_Disconnect_Callback:00000000 $t
     /tmp/ccqEEOwe.s:308    .text.HAL_HCD_Disconnect_Callback:00000000 HAL_HCD_Disconnect_Callback
     /tmp/ccqEEOwe.s:333    .text.HAL_HCD_HC_NotifyURBChange_Callback:00000000 $t
     /tmp/ccqEEOwe.s:339    .text.HAL_HCD_HC_NotifyURBChange_Callback:00000000 HAL_HCD_HC_NotifyURBChange_Callback
     /tmp/ccqEEOwe.s:353    .text.HAL_HCD_PortEnabled_Callback:00000000 $t
     /tmp/ccqEEOwe.s:359    .text.HAL_HCD_PortEnabled_Callback:00000000 HAL_HCD_PortEnabled_Callback
     /tmp/ccqEEOwe.s:384    .text.HAL_HCD_PortDisabled_Callback:00000000 $t
     /tmp/ccqEEOwe.s:390    .text.HAL_HCD_PortDisabled_Callback:00000000 HAL_HCD_PortDisabled_Callback
     /tmp/ccqEEOwe.s:415    .text.USBH_LL_Init:00000000 $t
     /tmp/ccqEEOwe.s:421    .text.USBH_LL_Init:00000000 USBH_LL_Init
     /tmp/ccqEEOwe.s:518    .text.USBH_LL_Init:00000054 $d
     /tmp/ccqEEOwe.s:1174   .bss.hhcd_USB_OTG_HS:00000000 hhcd_USB_OTG_HS
     /tmp/ccqEEOwe.s:524    .text.USBH_LL_GetSpeed:00000000 $t
     /tmp/ccqEEOwe.s:530    .text.USBH_LL_GetSpeed:00000000 USBH_LL_GetSpeed
     /tmp/ccqEEOwe.s:577    .text.USBH_LL_GetLastXferSize:00000000 $t
     /tmp/ccqEEOwe.s:583    .text.USBH_LL_GetLastXferSize:00000000 USBH_LL_GetLastXferSize
     /tmp/ccqEEOwe.s:609    .text.USBH_LL_GetURBState:00000000 $t
     /tmp/ccqEEOwe.s:615    .text.USBH_LL_GetURBState:00000000 USBH_LL_GetURBState
     /tmp/ccqEEOwe.s:641    .text.USBH_LL_DriverVBUS:00000000 $t
     /tmp/ccqEEOwe.s:647    .text.USBH_LL_DriverVBUS:00000000 USBH_LL_DriverVBUS
     /tmp/ccqEEOwe.s:678    .text.USBH_LL_SetToggle:00000000 $t
     /tmp/ccqEEOwe.s:684    .text.USBH_LL_SetToggle:00000000 USBH_LL_SetToggle
     /tmp/ccqEEOwe.s:732    .text.USBH_LL_GetToggle:00000000 $t
     /tmp/ccqEEOwe.s:738    .text.USBH_LL_GetToggle:00000000 USBH_LL_GetToggle
     /tmp/ccqEEOwe.s:786    .text.USBH_Delay:00000000 $t
     /tmp/ccqEEOwe.s:792    .text.USBH_Delay:00000000 USBH_Delay
     /tmp/ccqEEOwe.s:814    .text.USBH_Get_USB_Status:00000000 $t
     /tmp/ccqEEOwe.s:820    .text.USBH_Get_USB_Status:00000000 USBH_Get_USB_Status
     /tmp/ccqEEOwe.s:834    .text.USBH_Get_USB_Status:00000008 $d
     /tmp/ccqEEOwe.s:860    .text.USBH_LL_DeInit:00000000 $t
     /tmp/ccqEEOwe.s:866    .text.USBH_LL_DeInit:00000000 USBH_LL_DeInit
     /tmp/ccqEEOwe.s:900    .text.USBH_LL_Start:00000000 $t
     /tmp/ccqEEOwe.s:906    .text.USBH_LL_Start:00000000 USBH_LL_Start
     /tmp/ccqEEOwe.s:940    .text.USBH_LL_Stop:00000000 $t
     /tmp/ccqEEOwe.s:946    .text.USBH_LL_Stop:00000000 USBH_LL_Stop
     /tmp/ccqEEOwe.s:980    .text.USBH_LL_ResetPort:00000000 $t
     /tmp/ccqEEOwe.s:986    .text.USBH_LL_ResetPort:00000000 USBH_LL_ResetPort
     /tmp/ccqEEOwe.s:1020   .text.USBH_LL_OpenPipe:00000000 $t
     /tmp/ccqEEOwe.s:1026   .text.USBH_LL_OpenPipe:00000000 USBH_LL_OpenPipe
     /tmp/ccqEEOwe.s:1074   .text.USBH_LL_ClosePipe:00000000 $t
     /tmp/ccqEEOwe.s:1080   .text.USBH_LL_ClosePipe:00000000 USBH_LL_ClosePipe
     /tmp/ccqEEOwe.s:1114   .text.USBH_LL_SubmitURB:00000000 $t
     /tmp/ccqEEOwe.s:1120   .text.USBH_LL_SubmitURB:00000000 USBH_LL_SubmitURB
     /tmp/ccqEEOwe.s:1171   .bss.hhcd_USB_OTG_HS:00000000 $d
     /tmp/ccqEEOwe.s:837    .text.USBH_Get_USB_Status:0000000b $d
ARM GAS  /tmp/ccqEEOwe.s 			page 35


     /tmp/ccqEEOwe.s:837    .text.USBH_Get_USB_Status:0000000c $t

UNDEFINED SYMBOLS
HAL_GPIO_Init
HAL_NVIC_SetPriority
HAL_NVIC_EnableIRQ
HAL_GPIO_DeInit
HAL_NVIC_DisableIRQ
USBH_LL_IncTimer
USBH_LL_Connect
USBH_LL_Disconnect
USBH_LL_PortEnabled
USBH_LL_PortDisabled
HAL_HCD_Init
HAL_HCD_GetCurrentFrame
USBH_LL_SetTimer
Error_Handler
HAL_HCD_GetCurrentSpeed
HAL_HCD_HC_GetXferCount
HAL_HCD_HC_GetURBState
HAL_Delay
HAL_HCD_DeInit
HAL_HCD_Start
HAL_HCD_Stop
HAL_HCD_ResetPort
HAL_HCD_HC_Init
HAL_HCD_HC_Halt
HAL_HCD_HC_SubmitRequest
