ARM GAS  /tmp/ccmD1Npv.s 			page 1


   1              		.cpu cortex-m4
   2              		.arch armv7e-m
   3              		.fpu fpv4-sp-d16
   4              		.eabi_attribute 27, 1
   5              		.eabi_attribute 28, 1
   6              		.eabi_attribute 20, 1
   7              		.eabi_attribute 21, 1
   8              		.eabi_attribute 23, 3
   9              		.eabi_attribute 24, 1
  10              		.eabi_attribute 25, 1
  11              		.eabi_attribute 26, 1
  12              		.eabi_attribute 30, 1
  13              		.eabi_attribute 34, 1
  14              		.eabi_attribute 18, 4
  15              		.file	"usbh_msc_scsi.c"
  16              		.text
  17              	.Ltext0:
  18              		.cfi_sections	.debug_frame
  19              		.file 1 "Middlewares/ST/STM32_USB_Host_Library/Class/MSC/Src/usbh_msc_scsi.c"
  20              		.section	.text.USBH_MSC_SCSI_TestUnitReady,"ax",%progbits
  21              		.align	1
  22              		.global	USBH_MSC_SCSI_TestUnitReady
  23              		.syntax unified
  24              		.thumb
  25              		.thumb_func
  27              	USBH_MSC_SCSI_TestUnitReady:
  28              	.LVL0:
  29              	.LFB133:
   1:Middlewares/ST/STM32_USB_Host_Library/Class/MSC/Src/usbh_msc_scsi.c **** /**
   2:Middlewares/ST/STM32_USB_Host_Library/Class/MSC/Src/usbh_msc_scsi.c ****   ******************************************************************************
   3:Middlewares/ST/STM32_USB_Host_Library/Class/MSC/Src/usbh_msc_scsi.c ****   * @file    usbh_msc_scsi.c
   4:Middlewares/ST/STM32_USB_Host_Library/Class/MSC/Src/usbh_msc_scsi.c ****   * @author  MCD Application Team
   5:Middlewares/ST/STM32_USB_Host_Library/Class/MSC/Src/usbh_msc_scsi.c ****   * @brief   This file implements the SCSI commands
   6:Middlewares/ST/STM32_USB_Host_Library/Class/MSC/Src/usbh_msc_scsi.c ****   ******************************************************************************
   7:Middlewares/ST/STM32_USB_Host_Library/Class/MSC/Src/usbh_msc_scsi.c ****   * @attention
   8:Middlewares/ST/STM32_USB_Host_Library/Class/MSC/Src/usbh_msc_scsi.c ****   *
   9:Middlewares/ST/STM32_USB_Host_Library/Class/MSC/Src/usbh_msc_scsi.c ****   * <h2><center>&copy; Copyright (c) 2015 STMicroelectronics.
  10:Middlewares/ST/STM32_USB_Host_Library/Class/MSC/Src/usbh_msc_scsi.c ****   * All rights reserved.</center></h2>
  11:Middlewares/ST/STM32_USB_Host_Library/Class/MSC/Src/usbh_msc_scsi.c ****   *
  12:Middlewares/ST/STM32_USB_Host_Library/Class/MSC/Src/usbh_msc_scsi.c ****   * This software component is licensed by ST under Ultimate Liberty license
  13:Middlewares/ST/STM32_USB_Host_Library/Class/MSC/Src/usbh_msc_scsi.c ****   * SLA0044, the "License"; You may not use this file except in compliance with
  14:Middlewares/ST/STM32_USB_Host_Library/Class/MSC/Src/usbh_msc_scsi.c ****   * the License. You may obtain a copy of the License at:
  15:Middlewares/ST/STM32_USB_Host_Library/Class/MSC/Src/usbh_msc_scsi.c ****   *                      www.st.com/SLA0044
  16:Middlewares/ST/STM32_USB_Host_Library/Class/MSC/Src/usbh_msc_scsi.c ****   *
  17:Middlewares/ST/STM32_USB_Host_Library/Class/MSC/Src/usbh_msc_scsi.c ****   ******************************************************************************
  18:Middlewares/ST/STM32_USB_Host_Library/Class/MSC/Src/usbh_msc_scsi.c ****   */
  19:Middlewares/ST/STM32_USB_Host_Library/Class/MSC/Src/usbh_msc_scsi.c **** 
  20:Middlewares/ST/STM32_USB_Host_Library/Class/MSC/Src/usbh_msc_scsi.c **** /* BSPDependencies
  21:Middlewares/ST/STM32_USB_Host_Library/Class/MSC/Src/usbh_msc_scsi.c **** - "stm32xxxxx_{eval}{discovery}{nucleo_144}.c"
  22:Middlewares/ST/STM32_USB_Host_Library/Class/MSC/Src/usbh_msc_scsi.c **** - "stm32xxxxx_{eval}{discovery}_io.c"
  23:Middlewares/ST/STM32_USB_Host_Library/Class/MSC/Src/usbh_msc_scsi.c **** - "stm32xxxxx_{eval}{discovery}{adafruit}_lcd.c"
  24:Middlewares/ST/STM32_USB_Host_Library/Class/MSC/Src/usbh_msc_scsi.c **** - "stm32xxxxx_{eval}{discovery}_sdram.c"
  25:Middlewares/ST/STM32_USB_Host_Library/Class/MSC/Src/usbh_msc_scsi.c **** EndBSPDependencies */
  26:Middlewares/ST/STM32_USB_Host_Library/Class/MSC/Src/usbh_msc_scsi.c **** 
  27:Middlewares/ST/STM32_USB_Host_Library/Class/MSC/Src/usbh_msc_scsi.c **** /* Includes ------------------------------------------------------------------*/
  28:Middlewares/ST/STM32_USB_Host_Library/Class/MSC/Src/usbh_msc_scsi.c **** #include "usbh_msc.h"
  29:Middlewares/ST/STM32_USB_Host_Library/Class/MSC/Src/usbh_msc_scsi.c **** #include "usbh_msc_scsi.h"
ARM GAS  /tmp/ccmD1Npv.s 			page 2


  30:Middlewares/ST/STM32_USB_Host_Library/Class/MSC/Src/usbh_msc_scsi.c **** #include "usbh_msc_bot.h"
  31:Middlewares/ST/STM32_USB_Host_Library/Class/MSC/Src/usbh_msc_scsi.c **** 
  32:Middlewares/ST/STM32_USB_Host_Library/Class/MSC/Src/usbh_msc_scsi.c **** 
  33:Middlewares/ST/STM32_USB_Host_Library/Class/MSC/Src/usbh_msc_scsi.c **** /** @addtogroup USBH_LIB
  34:Middlewares/ST/STM32_USB_Host_Library/Class/MSC/Src/usbh_msc_scsi.c ****   * @{
  35:Middlewares/ST/STM32_USB_Host_Library/Class/MSC/Src/usbh_msc_scsi.c ****   */
  36:Middlewares/ST/STM32_USB_Host_Library/Class/MSC/Src/usbh_msc_scsi.c **** 
  37:Middlewares/ST/STM32_USB_Host_Library/Class/MSC/Src/usbh_msc_scsi.c **** /** @addtogroup USBH_CLASS
  38:Middlewares/ST/STM32_USB_Host_Library/Class/MSC/Src/usbh_msc_scsi.c ****   * @{
  39:Middlewares/ST/STM32_USB_Host_Library/Class/MSC/Src/usbh_msc_scsi.c ****   */
  40:Middlewares/ST/STM32_USB_Host_Library/Class/MSC/Src/usbh_msc_scsi.c **** 
  41:Middlewares/ST/STM32_USB_Host_Library/Class/MSC/Src/usbh_msc_scsi.c **** /** @addtogroup USBH_MSC_CLASS
  42:Middlewares/ST/STM32_USB_Host_Library/Class/MSC/Src/usbh_msc_scsi.c ****   * @{
  43:Middlewares/ST/STM32_USB_Host_Library/Class/MSC/Src/usbh_msc_scsi.c ****   */
  44:Middlewares/ST/STM32_USB_Host_Library/Class/MSC/Src/usbh_msc_scsi.c **** 
  45:Middlewares/ST/STM32_USB_Host_Library/Class/MSC/Src/usbh_msc_scsi.c **** /** @defgroup USBH_MSC_SCSI
  46:Middlewares/ST/STM32_USB_Host_Library/Class/MSC/Src/usbh_msc_scsi.c ****   * @brief    This file includes the mass storage related functions
  47:Middlewares/ST/STM32_USB_Host_Library/Class/MSC/Src/usbh_msc_scsi.c ****   * @{
  48:Middlewares/ST/STM32_USB_Host_Library/Class/MSC/Src/usbh_msc_scsi.c ****   */
  49:Middlewares/ST/STM32_USB_Host_Library/Class/MSC/Src/usbh_msc_scsi.c **** 
  50:Middlewares/ST/STM32_USB_Host_Library/Class/MSC/Src/usbh_msc_scsi.c **** 
  51:Middlewares/ST/STM32_USB_Host_Library/Class/MSC/Src/usbh_msc_scsi.c **** /** @defgroup USBH_MSC_SCSI_Private_TypesDefinitions
  52:Middlewares/ST/STM32_USB_Host_Library/Class/MSC/Src/usbh_msc_scsi.c ****   * @{
  53:Middlewares/ST/STM32_USB_Host_Library/Class/MSC/Src/usbh_msc_scsi.c ****   */
  54:Middlewares/ST/STM32_USB_Host_Library/Class/MSC/Src/usbh_msc_scsi.c **** 
  55:Middlewares/ST/STM32_USB_Host_Library/Class/MSC/Src/usbh_msc_scsi.c **** /**
  56:Middlewares/ST/STM32_USB_Host_Library/Class/MSC/Src/usbh_msc_scsi.c ****   * @}
  57:Middlewares/ST/STM32_USB_Host_Library/Class/MSC/Src/usbh_msc_scsi.c ****   */
  58:Middlewares/ST/STM32_USB_Host_Library/Class/MSC/Src/usbh_msc_scsi.c **** 
  59:Middlewares/ST/STM32_USB_Host_Library/Class/MSC/Src/usbh_msc_scsi.c **** /** @defgroup USBH_MSC_SCSI_Private_Defines
  60:Middlewares/ST/STM32_USB_Host_Library/Class/MSC/Src/usbh_msc_scsi.c ****   * @{
  61:Middlewares/ST/STM32_USB_Host_Library/Class/MSC/Src/usbh_msc_scsi.c ****   */
  62:Middlewares/ST/STM32_USB_Host_Library/Class/MSC/Src/usbh_msc_scsi.c **** /**
  63:Middlewares/ST/STM32_USB_Host_Library/Class/MSC/Src/usbh_msc_scsi.c ****   * @}
  64:Middlewares/ST/STM32_USB_Host_Library/Class/MSC/Src/usbh_msc_scsi.c ****   */
  65:Middlewares/ST/STM32_USB_Host_Library/Class/MSC/Src/usbh_msc_scsi.c **** 
  66:Middlewares/ST/STM32_USB_Host_Library/Class/MSC/Src/usbh_msc_scsi.c **** /** @defgroup USBH_MSC_SCSI_Private_Macros
  67:Middlewares/ST/STM32_USB_Host_Library/Class/MSC/Src/usbh_msc_scsi.c ****   * @{
  68:Middlewares/ST/STM32_USB_Host_Library/Class/MSC/Src/usbh_msc_scsi.c ****   */
  69:Middlewares/ST/STM32_USB_Host_Library/Class/MSC/Src/usbh_msc_scsi.c **** /**
  70:Middlewares/ST/STM32_USB_Host_Library/Class/MSC/Src/usbh_msc_scsi.c ****   * @}
  71:Middlewares/ST/STM32_USB_Host_Library/Class/MSC/Src/usbh_msc_scsi.c ****   */
  72:Middlewares/ST/STM32_USB_Host_Library/Class/MSC/Src/usbh_msc_scsi.c **** 
  73:Middlewares/ST/STM32_USB_Host_Library/Class/MSC/Src/usbh_msc_scsi.c **** 
  74:Middlewares/ST/STM32_USB_Host_Library/Class/MSC/Src/usbh_msc_scsi.c **** /** @defgroup USBH_MSC_SCSI_Private_FunctionPrototypes
  75:Middlewares/ST/STM32_USB_Host_Library/Class/MSC/Src/usbh_msc_scsi.c ****   * @{
  76:Middlewares/ST/STM32_USB_Host_Library/Class/MSC/Src/usbh_msc_scsi.c ****   */
  77:Middlewares/ST/STM32_USB_Host_Library/Class/MSC/Src/usbh_msc_scsi.c **** /**
  78:Middlewares/ST/STM32_USB_Host_Library/Class/MSC/Src/usbh_msc_scsi.c ****   * @}
  79:Middlewares/ST/STM32_USB_Host_Library/Class/MSC/Src/usbh_msc_scsi.c ****   */
  80:Middlewares/ST/STM32_USB_Host_Library/Class/MSC/Src/usbh_msc_scsi.c **** 
  81:Middlewares/ST/STM32_USB_Host_Library/Class/MSC/Src/usbh_msc_scsi.c **** 
  82:Middlewares/ST/STM32_USB_Host_Library/Class/MSC/Src/usbh_msc_scsi.c **** /** @defgroup USBH_MSC_SCSI_Exported_Variables
  83:Middlewares/ST/STM32_USB_Host_Library/Class/MSC/Src/usbh_msc_scsi.c ****   * @{
  84:Middlewares/ST/STM32_USB_Host_Library/Class/MSC/Src/usbh_msc_scsi.c ****   */
  85:Middlewares/ST/STM32_USB_Host_Library/Class/MSC/Src/usbh_msc_scsi.c **** 
  86:Middlewares/ST/STM32_USB_Host_Library/Class/MSC/Src/usbh_msc_scsi.c **** /**
ARM GAS  /tmp/ccmD1Npv.s 			page 3


  87:Middlewares/ST/STM32_USB_Host_Library/Class/MSC/Src/usbh_msc_scsi.c ****   * @}
  88:Middlewares/ST/STM32_USB_Host_Library/Class/MSC/Src/usbh_msc_scsi.c ****   */
  89:Middlewares/ST/STM32_USB_Host_Library/Class/MSC/Src/usbh_msc_scsi.c **** 
  90:Middlewares/ST/STM32_USB_Host_Library/Class/MSC/Src/usbh_msc_scsi.c **** 
  91:Middlewares/ST/STM32_USB_Host_Library/Class/MSC/Src/usbh_msc_scsi.c **** /** @defgroup USBH_MSC_SCSI_Private_Functions
  92:Middlewares/ST/STM32_USB_Host_Library/Class/MSC/Src/usbh_msc_scsi.c ****   * @{
  93:Middlewares/ST/STM32_USB_Host_Library/Class/MSC/Src/usbh_msc_scsi.c ****   */
  94:Middlewares/ST/STM32_USB_Host_Library/Class/MSC/Src/usbh_msc_scsi.c **** 
  95:Middlewares/ST/STM32_USB_Host_Library/Class/MSC/Src/usbh_msc_scsi.c **** 
  96:Middlewares/ST/STM32_USB_Host_Library/Class/MSC/Src/usbh_msc_scsi.c **** /**
  97:Middlewares/ST/STM32_USB_Host_Library/Class/MSC/Src/usbh_msc_scsi.c ****   * @brief  USBH_MSC_SCSI_TestUnitReady
  98:Middlewares/ST/STM32_USB_Host_Library/Class/MSC/Src/usbh_msc_scsi.c ****   *         Issue TestUnitReady command.
  99:Middlewares/ST/STM32_USB_Host_Library/Class/MSC/Src/usbh_msc_scsi.c ****   * @param  phost: Host handle
 100:Middlewares/ST/STM32_USB_Host_Library/Class/MSC/Src/usbh_msc_scsi.c ****   * @param  lun: Logical Unit Number
 101:Middlewares/ST/STM32_USB_Host_Library/Class/MSC/Src/usbh_msc_scsi.c ****   * @retval USBH Status
 102:Middlewares/ST/STM32_USB_Host_Library/Class/MSC/Src/usbh_msc_scsi.c ****   */
 103:Middlewares/ST/STM32_USB_Host_Library/Class/MSC/Src/usbh_msc_scsi.c **** USBH_StatusTypeDef USBH_MSC_SCSI_TestUnitReady(USBH_HandleTypeDef *phost,
 104:Middlewares/ST/STM32_USB_Host_Library/Class/MSC/Src/usbh_msc_scsi.c ****                                                uint8_t lun)
 105:Middlewares/ST/STM32_USB_Host_Library/Class/MSC/Src/usbh_msc_scsi.c **** {
  30              		.loc 1 105 1 view -0
  31              		.cfi_startproc
  32              		@ args = 0, pretend = 0, frame = 0
  33              		@ frame_needed = 0, uses_anonymous_args = 0
  34              		.loc 1 105 1 is_stmt 0 view .LVU1
  35 0000 08B5     		push	{r3, lr}
  36              	.LCFI0:
  37              		.cfi_def_cfa_offset 8
  38              		.cfi_offset 3, -8
  39              		.cfi_offset 14, -4
  40 0002 0246     		mov	r2, r0
 106:Middlewares/ST/STM32_USB_Host_Library/Class/MSC/Src/usbh_msc_scsi.c ****   USBH_StatusTypeDef    error = USBH_FAIL ;
  41              		.loc 1 106 3 is_stmt 1 view .LVU2
  42              	.LVL1:
 107:Middlewares/ST/STM32_USB_Host_Library/Class/MSC/Src/usbh_msc_scsi.c ****   MSC_HandleTypeDef *MSC_Handle = (MSC_HandleTypeDef *) phost->pActiveClass->pData;
  43              		.loc 1 107 3 view .LVU3
  44              		.loc 1 107 62 is_stmt 0 view .LVU4
  45 0004 D0F87C33 		ldr	r3, [r0, #892]
  46              		.loc 1 107 22 view .LVU5
  47 0008 DB69     		ldr	r3, [r3, #28]
  48              	.LVL2:
 108:Middlewares/ST/STM32_USB_Host_Library/Class/MSC/Src/usbh_msc_scsi.c **** 
 109:Middlewares/ST/STM32_USB_Host_Library/Class/MSC/Src/usbh_msc_scsi.c ****   switch (MSC_Handle->hbot.cmd_state)
  49              		.loc 1 109 3 is_stmt 1 view .LVU6
  50              		.loc 1 109 27 is_stmt 0 view .LVU7
  51 000a 93F85200 		ldrb	r0, [r3, #82]	@ zero_extendqisi2
  52              	.LVL3:
  53              		.loc 1 109 3 view .LVU8
  54 000e 0128     		cmp	r0, #1
  55 0010 03D0     		beq	.L2
  56 0012 0228     		cmp	r0, #2
  57 0014 17D0     		beq	.L3
  58 0016 0220     		movs	r0, #2
  59 0018 14E0     		b	.L4
  60              	.L2:
 110:Middlewares/ST/STM32_USB_Host_Library/Class/MSC/Src/usbh_msc_scsi.c ****   {
 111:Middlewares/ST/STM32_USB_Host_Library/Class/MSC/Src/usbh_msc_scsi.c ****     case BOT_CMD_SEND:
 112:Middlewares/ST/STM32_USB_Host_Library/Class/MSC/Src/usbh_msc_scsi.c **** 
ARM GAS  /tmp/ccmD1Npv.s 			page 4


 113:Middlewares/ST/STM32_USB_Host_Library/Class/MSC/Src/usbh_msc_scsi.c ****       /*Prepare the CBW and relevant field*/
 114:Middlewares/ST/STM32_USB_Host_Library/Class/MSC/Src/usbh_msc_scsi.c ****       MSC_Handle->hbot.cbw.field.DataTransferLength = DATA_LEN_MODE_TEST_UNIT_READY;
  61              		.loc 1 114 7 is_stmt 1 view .LVU9
  62              		.loc 1 114 53 is_stmt 0 view .LVU10
  63 001a 0022     		movs	r2, #0
  64              	.LVL4:
  65              		.loc 1 114 53 view .LVU11
  66 001c DA65     		str	r2, [r3, #92]
 115:Middlewares/ST/STM32_USB_Host_Library/Class/MSC/Src/usbh_msc_scsi.c ****       MSC_Handle->hbot.cbw.field.Flags = USB_EP_DIR_OUT;
  67              		.loc 1 115 7 is_stmt 1 view .LVU12
  68              		.loc 1 115 40 is_stmt 0 view .LVU13
  69 001e 83F86020 		strb	r2, [r3, #96]
 116:Middlewares/ST/STM32_USB_Host_Library/Class/MSC/Src/usbh_msc_scsi.c ****       MSC_Handle->hbot.cbw.field.CBLength = CBW_LENGTH;
  70              		.loc 1 116 7 is_stmt 1 view .LVU14
  71              		.loc 1 116 43 is_stmt 0 view .LVU15
  72 0022 0A21     		movs	r1, #10
  73              	.LVL5:
  74              		.loc 1 116 43 view .LVU16
  75 0024 83F86210 		strb	r1, [r3, #98]
 117:Middlewares/ST/STM32_USB_Host_Library/Class/MSC/Src/usbh_msc_scsi.c **** 
 118:Middlewares/ST/STM32_USB_Host_Library/Class/MSC/Src/usbh_msc_scsi.c ****       (void)USBH_memset(MSC_Handle->hbot.cbw.field.CB, 0, CBW_CB_LENGTH);
  76              		.loc 1 118 7 is_stmt 1 view .LVU17
  77              		.loc 1 118 13 is_stmt 0 view .LVU18
  78 0028 C3F86320 		str	r2, [r3, #99]	@ unaligned
  79 002c C3F86720 		str	r2, [r3, #103]	@ unaligned
  80 0030 C3F86B20 		str	r2, [r3, #107]	@ unaligned
  81 0034 C3F86F20 		str	r2, [r3, #111]	@ unaligned
 119:Middlewares/ST/STM32_USB_Host_Library/Class/MSC/Src/usbh_msc_scsi.c ****       MSC_Handle->hbot.cbw.field.CB[0]  = OPCODE_TEST_UNIT_READY;
  82              		.loc 1 119 7 is_stmt 1 view .LVU19
 120:Middlewares/ST/STM32_USB_Host_Library/Class/MSC/Src/usbh_msc_scsi.c **** 
 121:Middlewares/ST/STM32_USB_Host_Library/Class/MSC/Src/usbh_msc_scsi.c ****       MSC_Handle->hbot.state = BOT_SEND_CBW;
  83              		.loc 1 121 7 view .LVU20
  84              		.loc 1 121 30 is_stmt 0 view .LVU21
  85 0038 0122     		movs	r2, #1
  86 003a 83F85020 		strb	r2, [r3, #80]
 122:Middlewares/ST/STM32_USB_Host_Library/Class/MSC/Src/usbh_msc_scsi.c ****       MSC_Handle->hbot.cmd_state = BOT_CMD_WAIT;
  87              		.loc 1 122 7 is_stmt 1 view .LVU22
  88              		.loc 1 122 34 is_stmt 0 view .LVU23
  89 003e 0222     		movs	r2, #2
  90 0040 83F85220 		strb	r2, [r3, #82]
 123:Middlewares/ST/STM32_USB_Host_Library/Class/MSC/Src/usbh_msc_scsi.c ****       error = USBH_BUSY;
  91              		.loc 1 123 7 is_stmt 1 view .LVU24
  92              	.LVL6:
 124:Middlewares/ST/STM32_USB_Host_Library/Class/MSC/Src/usbh_msc_scsi.c ****       break;
  93              		.loc 1 124 7 view .LVU25
  94              	.L4:
 125:Middlewares/ST/STM32_USB_Host_Library/Class/MSC/Src/usbh_msc_scsi.c **** 
 126:Middlewares/ST/STM32_USB_Host_Library/Class/MSC/Src/usbh_msc_scsi.c ****     case BOT_CMD_WAIT:
 127:Middlewares/ST/STM32_USB_Host_Library/Class/MSC/Src/usbh_msc_scsi.c ****       error = USBH_MSC_BOT_Process(phost, lun);
 128:Middlewares/ST/STM32_USB_Host_Library/Class/MSC/Src/usbh_msc_scsi.c ****       break;
 129:Middlewares/ST/STM32_USB_Host_Library/Class/MSC/Src/usbh_msc_scsi.c **** 
 130:Middlewares/ST/STM32_USB_Host_Library/Class/MSC/Src/usbh_msc_scsi.c ****     default:
 131:Middlewares/ST/STM32_USB_Host_Library/Class/MSC/Src/usbh_msc_scsi.c ****       break;
 132:Middlewares/ST/STM32_USB_Host_Library/Class/MSC/Src/usbh_msc_scsi.c ****   }
 133:Middlewares/ST/STM32_USB_Host_Library/Class/MSC/Src/usbh_msc_scsi.c **** 
 134:Middlewares/ST/STM32_USB_Host_Library/Class/MSC/Src/usbh_msc_scsi.c ****   return error;
  95              		.loc 1 134 3 view .LVU26
ARM GAS  /tmp/ccmD1Npv.s 			page 5


 135:Middlewares/ST/STM32_USB_Host_Library/Class/MSC/Src/usbh_msc_scsi.c **** }
  96              		.loc 1 135 1 is_stmt 0 view .LVU27
  97 0044 08BD     		pop	{r3, pc}
  98              	.LVL7:
  99              	.L3:
 127:Middlewares/ST/STM32_USB_Host_Library/Class/MSC/Src/usbh_msc_scsi.c ****       break;
 100              		.loc 1 127 7 is_stmt 1 view .LVU28
 127:Middlewares/ST/STM32_USB_Host_Library/Class/MSC/Src/usbh_msc_scsi.c ****       break;
 101              		.loc 1 127 15 is_stmt 0 view .LVU29
 102 0046 1046     		mov	r0, r2
 103 0048 FFF7FEFF 		bl	USBH_MSC_BOT_Process
 104              	.LVL8:
 128:Middlewares/ST/STM32_USB_Host_Library/Class/MSC/Src/usbh_msc_scsi.c **** 
 105              		.loc 1 128 7 is_stmt 1 view .LVU30
 106 004c FAE7     		b	.L4
 107              		.cfi_endproc
 108              	.LFE133:
 110              		.section	.text.USBH_MSC_SCSI_ReadCapacity,"ax",%progbits
 111              		.align	1
 112              		.global	USBH_MSC_SCSI_ReadCapacity
 113              		.syntax unified
 114              		.thumb
 115              		.thumb_func
 117              	USBH_MSC_SCSI_ReadCapacity:
 118              	.LVL9:
 119              	.LFB134:
 136:Middlewares/ST/STM32_USB_Host_Library/Class/MSC/Src/usbh_msc_scsi.c **** 
 137:Middlewares/ST/STM32_USB_Host_Library/Class/MSC/Src/usbh_msc_scsi.c **** /**
 138:Middlewares/ST/STM32_USB_Host_Library/Class/MSC/Src/usbh_msc_scsi.c ****   * @brief  USBH_MSC_SCSI_ReadCapacity
 139:Middlewares/ST/STM32_USB_Host_Library/Class/MSC/Src/usbh_msc_scsi.c ****   *         Issue Read Capacity command.
 140:Middlewares/ST/STM32_USB_Host_Library/Class/MSC/Src/usbh_msc_scsi.c ****   * @param  phost: Host handle
 141:Middlewares/ST/STM32_USB_Host_Library/Class/MSC/Src/usbh_msc_scsi.c ****   * @param  lun: Logical Unit Number
 142:Middlewares/ST/STM32_USB_Host_Library/Class/MSC/Src/usbh_msc_scsi.c ****   * @param  capacity: pointer to the capacity structure
 143:Middlewares/ST/STM32_USB_Host_Library/Class/MSC/Src/usbh_msc_scsi.c ****   * @retval USBH Status
 144:Middlewares/ST/STM32_USB_Host_Library/Class/MSC/Src/usbh_msc_scsi.c ****   */
 145:Middlewares/ST/STM32_USB_Host_Library/Class/MSC/Src/usbh_msc_scsi.c **** USBH_StatusTypeDef USBH_MSC_SCSI_ReadCapacity(USBH_HandleTypeDef *phost,
 146:Middlewares/ST/STM32_USB_Host_Library/Class/MSC/Src/usbh_msc_scsi.c ****                                               uint8_t lun,
 147:Middlewares/ST/STM32_USB_Host_Library/Class/MSC/Src/usbh_msc_scsi.c ****                                               SCSI_CapacityTypeDef *capacity)
 148:Middlewares/ST/STM32_USB_Host_Library/Class/MSC/Src/usbh_msc_scsi.c **** {
 120              		.loc 1 148 1 view -0
 121              		.cfi_startproc
 122              		@ args = 0, pretend = 0, frame = 0
 123              		@ frame_needed = 0, uses_anonymous_args = 0
 124              		.loc 1 148 1 is_stmt 0 view .LVU32
 125 0000 38B5     		push	{r3, r4, r5, lr}
 126              	.LCFI1:
 127              		.cfi_def_cfa_offset 16
 128              		.cfi_offset 3, -16
 129              		.cfi_offset 4, -12
 130              		.cfi_offset 5, -8
 131              		.cfi_offset 14, -4
 132 0002 0346     		mov	r3, r0
 149:Middlewares/ST/STM32_USB_Host_Library/Class/MSC/Src/usbh_msc_scsi.c ****   USBH_StatusTypeDef    error = USBH_BUSY ;
 133              		.loc 1 149 3 is_stmt 1 view .LVU33
 134              	.LVL10:
 150:Middlewares/ST/STM32_USB_Host_Library/Class/MSC/Src/usbh_msc_scsi.c ****   MSC_HandleTypeDef *MSC_Handle = (MSC_HandleTypeDef *) phost->pActiveClass->pData;
 135              		.loc 1 150 3 view .LVU34
ARM GAS  /tmp/ccmD1Npv.s 			page 6


 136              		.loc 1 150 62 is_stmt 0 view .LVU35
 137 0004 D0F87C03 		ldr	r0, [r0, #892]
 138              	.LVL11:
 139              		.loc 1 150 22 view .LVU36
 140 0008 C469     		ldr	r4, [r0, #28]
 141              	.LVL12:
 151:Middlewares/ST/STM32_USB_Host_Library/Class/MSC/Src/usbh_msc_scsi.c **** 
 152:Middlewares/ST/STM32_USB_Host_Library/Class/MSC/Src/usbh_msc_scsi.c ****   switch (MSC_Handle->hbot.cmd_state)
 142              		.loc 1 152 3 is_stmt 1 view .LVU37
 143              		.loc 1 152 27 is_stmt 0 view .LVU38
 144 000a 94F85200 		ldrb	r0, [r4, #82]	@ zero_extendqisi2
 145              		.loc 1 152 3 view .LVU39
 146 000e 0128     		cmp	r0, #1
 147 0010 04D0     		beq	.L7
 148 0012 1546     		mov	r5, r2
 149 0014 0228     		cmp	r0, #2
 150 0016 20D0     		beq	.L8
 151 0018 0120     		movs	r0, #1
 152 001a 1DE0     		b	.L9
 153              	.L7:
 153:Middlewares/ST/STM32_USB_Host_Library/Class/MSC/Src/usbh_msc_scsi.c ****   {
 154:Middlewares/ST/STM32_USB_Host_Library/Class/MSC/Src/usbh_msc_scsi.c ****     case BOT_CMD_SEND:
 155:Middlewares/ST/STM32_USB_Host_Library/Class/MSC/Src/usbh_msc_scsi.c **** 
 156:Middlewares/ST/STM32_USB_Host_Library/Class/MSC/Src/usbh_msc_scsi.c ****       /*Prepare the CBW and relevant field*/
 157:Middlewares/ST/STM32_USB_Host_Library/Class/MSC/Src/usbh_msc_scsi.c ****       MSC_Handle->hbot.cbw.field.DataTransferLength = DATA_LEN_READ_CAPACITY10;
 154              		.loc 1 157 7 is_stmt 1 view .LVU40
 155              		.loc 1 157 53 is_stmt 0 view .LVU41
 156 001c 0823     		movs	r3, #8
 157              	.LVL13:
 158              		.loc 1 157 53 view .LVU42
 159 001e E365     		str	r3, [r4, #92]
 158:Middlewares/ST/STM32_USB_Host_Library/Class/MSC/Src/usbh_msc_scsi.c ****       MSC_Handle->hbot.cbw.field.Flags = USB_EP_DIR_IN;
 160              		.loc 1 158 7 is_stmt 1 view .LVU43
 161              		.loc 1 158 40 is_stmt 0 view .LVU44
 162 0020 8023     		movs	r3, #128
 163 0022 84F86030 		strb	r3, [r4, #96]
 159:Middlewares/ST/STM32_USB_Host_Library/Class/MSC/Src/usbh_msc_scsi.c ****       MSC_Handle->hbot.cbw.field.CBLength = CBW_LENGTH;
 164              		.loc 1 159 7 is_stmt 1 view .LVU45
 165              		.loc 1 159 43 is_stmt 0 view .LVU46
 166 0026 0A23     		movs	r3, #10
 167 0028 84F86230 		strb	r3, [r4, #98]
 160:Middlewares/ST/STM32_USB_Host_Library/Class/MSC/Src/usbh_msc_scsi.c **** 
 161:Middlewares/ST/STM32_USB_Host_Library/Class/MSC/Src/usbh_msc_scsi.c ****       (void)USBH_memset(MSC_Handle->hbot.cbw.field.CB, 0, CBW_CB_LENGTH);
 168              		.loc 1 161 7 is_stmt 1 view .LVU47
 169              		.loc 1 161 13 is_stmt 0 view .LVU48
 170 002c 0023     		movs	r3, #0
 171 002e C4F86330 		str	r3, [r4, #99]	@ unaligned
 172 0032 C4F86730 		str	r3, [r4, #103]	@ unaligned
 173 0036 C4F86B30 		str	r3, [r4, #107]	@ unaligned
 174 003a C4F86F30 		str	r3, [r4, #111]	@ unaligned
 162:Middlewares/ST/STM32_USB_Host_Library/Class/MSC/Src/usbh_msc_scsi.c ****       MSC_Handle->hbot.cbw.field.CB[0]  = OPCODE_READ_CAPACITY10;
 175              		.loc 1 162 7 is_stmt 1 view .LVU49
 176              		.loc 1 162 41 is_stmt 0 view .LVU50
 177 003e 2523     		movs	r3, #37
 178 0040 84F86330 		strb	r3, [r4, #99]
 163:Middlewares/ST/STM32_USB_Host_Library/Class/MSC/Src/usbh_msc_scsi.c **** 
 164:Middlewares/ST/STM32_USB_Host_Library/Class/MSC/Src/usbh_msc_scsi.c ****       MSC_Handle->hbot.state = BOT_SEND_CBW;
ARM GAS  /tmp/ccmD1Npv.s 			page 7


 179              		.loc 1 164 7 is_stmt 1 view .LVU51
 180              		.loc 1 164 30 is_stmt 0 view .LVU52
 181 0044 0123     		movs	r3, #1
 182 0046 84F85030 		strb	r3, [r4, #80]
 165:Middlewares/ST/STM32_USB_Host_Library/Class/MSC/Src/usbh_msc_scsi.c **** 
 166:Middlewares/ST/STM32_USB_Host_Library/Class/MSC/Src/usbh_msc_scsi.c ****       MSC_Handle->hbot.cmd_state = BOT_CMD_WAIT;
 183              		.loc 1 166 7 is_stmt 1 view .LVU53
 184              		.loc 1 166 34 is_stmt 0 view .LVU54
 185 004a 0223     		movs	r3, #2
 186 004c 84F85230 		strb	r3, [r4, #82]
 167:Middlewares/ST/STM32_USB_Host_Library/Class/MSC/Src/usbh_msc_scsi.c ****       MSC_Handle->hbot.pbuf = (uint8_t *)(void *)MSC_Handle->hbot.data;
 187              		.loc 1 167 7 is_stmt 1 view .LVU55
 188              		.loc 1 167 50 is_stmt 0 view .LVU56
 189 0050 04F11003 		add	r3, r4, #16
 190              		.loc 1 167 29 view .LVU57
 191 0054 C4F88C30 		str	r3, [r4, #140]
 168:Middlewares/ST/STM32_USB_Host_Library/Class/MSC/Src/usbh_msc_scsi.c ****       error = USBH_BUSY;
 192              		.loc 1 168 7 is_stmt 1 view .LVU58
 169:Middlewares/ST/STM32_USB_Host_Library/Class/MSC/Src/usbh_msc_scsi.c ****       break;
 193              		.loc 1 169 7 view .LVU59
 194              	.LVL14:
 195              	.L9:
 170:Middlewares/ST/STM32_USB_Host_Library/Class/MSC/Src/usbh_msc_scsi.c **** 
 171:Middlewares/ST/STM32_USB_Host_Library/Class/MSC/Src/usbh_msc_scsi.c ****     case BOT_CMD_WAIT:
 172:Middlewares/ST/STM32_USB_Host_Library/Class/MSC/Src/usbh_msc_scsi.c **** 
 173:Middlewares/ST/STM32_USB_Host_Library/Class/MSC/Src/usbh_msc_scsi.c ****       error = USBH_MSC_BOT_Process(phost, lun);
 174:Middlewares/ST/STM32_USB_Host_Library/Class/MSC/Src/usbh_msc_scsi.c **** 
 175:Middlewares/ST/STM32_USB_Host_Library/Class/MSC/Src/usbh_msc_scsi.c ****       if (error == USBH_OK)
 176:Middlewares/ST/STM32_USB_Host_Library/Class/MSC/Src/usbh_msc_scsi.c ****       {
 177:Middlewares/ST/STM32_USB_Host_Library/Class/MSC/Src/usbh_msc_scsi.c ****         /*assign the capacity*/
 178:Middlewares/ST/STM32_USB_Host_Library/Class/MSC/Src/usbh_msc_scsi.c ****         capacity->block_nbr = MSC_Handle->hbot.pbuf[3] | ((uint32_t)MSC_Handle->hbot.pbuf[2] << 8U)
 179:Middlewares/ST/STM32_USB_Host_Library/Class/MSC/Src/usbh_msc_scsi.c ****                               ((uint32_t)MSC_Handle->hbot.pbuf[1] << 16U) | ((uint32_t)MSC_Handle->
 180:Middlewares/ST/STM32_USB_Host_Library/Class/MSC/Src/usbh_msc_scsi.c **** 
 181:Middlewares/ST/STM32_USB_Host_Library/Class/MSC/Src/usbh_msc_scsi.c ****         /*assign the page length*/
 182:Middlewares/ST/STM32_USB_Host_Library/Class/MSC/Src/usbh_msc_scsi.c ****         capacity->block_size = (uint16_t)(MSC_Handle->hbot.pbuf[7] | ((uint32_t)MSC_Handle->hbot.pb
 183:Middlewares/ST/STM32_USB_Host_Library/Class/MSC/Src/usbh_msc_scsi.c ****       }
 184:Middlewares/ST/STM32_USB_Host_Library/Class/MSC/Src/usbh_msc_scsi.c ****       break;
 185:Middlewares/ST/STM32_USB_Host_Library/Class/MSC/Src/usbh_msc_scsi.c **** 
 186:Middlewares/ST/STM32_USB_Host_Library/Class/MSC/Src/usbh_msc_scsi.c ****     default:
 187:Middlewares/ST/STM32_USB_Host_Library/Class/MSC/Src/usbh_msc_scsi.c ****       break;
 188:Middlewares/ST/STM32_USB_Host_Library/Class/MSC/Src/usbh_msc_scsi.c ****   }
 189:Middlewares/ST/STM32_USB_Host_Library/Class/MSC/Src/usbh_msc_scsi.c **** 
 190:Middlewares/ST/STM32_USB_Host_Library/Class/MSC/Src/usbh_msc_scsi.c ****   return error;
 196              		.loc 1 190 3 view .LVU60
 191:Middlewares/ST/STM32_USB_Host_Library/Class/MSC/Src/usbh_msc_scsi.c **** }
 197              		.loc 1 191 1 is_stmt 0 view .LVU61
 198 0058 38BD     		pop	{r3, r4, r5, pc}
 199              	.LVL15:
 200              	.L8:
 173:Middlewares/ST/STM32_USB_Host_Library/Class/MSC/Src/usbh_msc_scsi.c **** 
 201              		.loc 1 173 7 is_stmt 1 view .LVU62
 173:Middlewares/ST/STM32_USB_Host_Library/Class/MSC/Src/usbh_msc_scsi.c **** 
 202              		.loc 1 173 15 is_stmt 0 view .LVU63
 203 005a 1846     		mov	r0, r3
 204 005c FFF7FEFF 		bl	USBH_MSC_BOT_Process
 205              	.LVL16:
 175:Middlewares/ST/STM32_USB_Host_Library/Class/MSC/Src/usbh_msc_scsi.c ****       {
ARM GAS  /tmp/ccmD1Npv.s 			page 8


 206              		.loc 1 175 7 is_stmt 1 view .LVU64
 175:Middlewares/ST/STM32_USB_Host_Library/Class/MSC/Src/usbh_msc_scsi.c ****       {
 207              		.loc 1 175 10 is_stmt 0 view .LVU65
 208 0060 0028     		cmp	r0, #0
 209 0062 F9D1     		bne	.L9
 178:Middlewares/ST/STM32_USB_Host_Library/Class/MSC/Src/usbh_msc_scsi.c ****                               ((uint32_t)MSC_Handle->hbot.pbuf[1] << 16U) | ((uint32_t)MSC_Handle->
 210              		.loc 1 178 9 is_stmt 1 view .LVU66
 178:Middlewares/ST/STM32_USB_Host_Library/Class/MSC/Src/usbh_msc_scsi.c ****                               ((uint32_t)MSC_Handle->hbot.pbuf[1] << 16U) | ((uint32_t)MSC_Handle->
 211              		.loc 1 178 47 is_stmt 0 view .LVU67
 212 0064 D4F88C20 		ldr	r2, [r4, #140]
 178:Middlewares/ST/STM32_USB_Host_Library/Class/MSC/Src/usbh_msc_scsi.c ****                               ((uint32_t)MSC_Handle->hbot.pbuf[1] << 16U) | ((uint32_t)MSC_Handle->
 213              		.loc 1 178 52 view .LVU68
 214 0068 D378     		ldrb	r3, [r2, #3]	@ zero_extendqisi2
 178:Middlewares/ST/STM32_USB_Host_Library/Class/MSC/Src/usbh_msc_scsi.c ****                               ((uint32_t)MSC_Handle->hbot.pbuf[1] << 16U) | ((uint32_t)MSC_Handle->
 215              		.loc 1 178 90 view .LVU69
 216 006a 9178     		ldrb	r1, [r2, #2]	@ zero_extendqisi2
 178:Middlewares/ST/STM32_USB_Host_Library/Class/MSC/Src/usbh_msc_scsi.c ****                               ((uint32_t)MSC_Handle->hbot.pbuf[1] << 16U) | ((uint32_t)MSC_Handle->
 217              		.loc 1 178 56 view .LVU70
 218 006c 43EA0123 		orr	r3, r3, r1, lsl #8
 179:Middlewares/ST/STM32_USB_Host_Library/Class/MSC/Src/usbh_msc_scsi.c **** 
 219              		.loc 1 179 63 view .LVU71
 220 0070 5178     		ldrb	r1, [r2, #1]	@ zero_extendqisi2
 178:Middlewares/ST/STM32_USB_Host_Library/Class/MSC/Src/usbh_msc_scsi.c ****                               ((uint32_t)MSC_Handle->hbot.pbuf[1] << 16U) | ((uint32_t)MSC_Handle->
 221              		.loc 1 178 101 view .LVU72
 222 0072 43EA0143 		orr	r3, r3, r1, lsl #16
 179:Middlewares/ST/STM32_USB_Host_Library/Class/MSC/Src/usbh_msc_scsi.c **** 
 223              		.loc 1 179 109 view .LVU73
 224 0076 1278     		ldrb	r2, [r2]	@ zero_extendqisi2
 179:Middlewares/ST/STM32_USB_Host_Library/Class/MSC/Src/usbh_msc_scsi.c **** 
 225              		.loc 1 179 75 view .LVU74
 226 0078 43EA0263 		orr	r3, r3, r2, lsl #24
 178:Middlewares/ST/STM32_USB_Host_Library/Class/MSC/Src/usbh_msc_scsi.c ****                               ((uint32_t)MSC_Handle->hbot.pbuf[1] << 16U) | ((uint32_t)MSC_Handle->
 227              		.loc 1 178 29 view .LVU75
 228 007c 2B60     		str	r3, [r5]
 182:Middlewares/ST/STM32_USB_Host_Library/Class/MSC/Src/usbh_msc_scsi.c ****       }
 229              		.loc 1 182 9 is_stmt 1 view .LVU76
 182:Middlewares/ST/STM32_USB_Host_Library/Class/MSC/Src/usbh_msc_scsi.c ****       }
 230              		.loc 1 182 59 is_stmt 0 view .LVU77
 231 007e D4F88C20 		ldr	r2, [r4, #140]
 182:Middlewares/ST/STM32_USB_Host_Library/Class/MSC/Src/usbh_msc_scsi.c ****       }
 232              		.loc 1 182 64 view .LVU78
 233 0082 D379     		ldrb	r3, [r2, #7]	@ zero_extendqisi2
 182:Middlewares/ST/STM32_USB_Host_Library/Class/MSC/Src/usbh_msc_scsi.c ****       }
 234              		.loc 1 182 102 view .LVU79
 235 0084 9279     		ldrb	r2, [r2, #6]	@ zero_extendqisi2
 182:Middlewares/ST/STM32_USB_Host_Library/Class/MSC/Src/usbh_msc_scsi.c ****       }
 236              		.loc 1 182 32 view .LVU80
 237 0086 43EA0223 		orr	r3, r3, r2, lsl #8
 182:Middlewares/ST/STM32_USB_Host_Library/Class/MSC/Src/usbh_msc_scsi.c ****       }
 238              		.loc 1 182 30 view .LVU81
 239 008a AB80     		strh	r3, [r5, #4]	@ movhi
 240 008c E4E7     		b	.L9
 241              		.cfi_endproc
 242              	.LFE134:
 244              		.section	.text.USBH_MSC_SCSI_Inquiry,"ax",%progbits
 245              		.align	1
 246              		.global	USBH_MSC_SCSI_Inquiry
ARM GAS  /tmp/ccmD1Npv.s 			page 9


 247              		.syntax unified
 248              		.thumb
 249              		.thumb_func
 251              	USBH_MSC_SCSI_Inquiry:
 252              	.LVL17:
 253              	.LFB135:
 192:Middlewares/ST/STM32_USB_Host_Library/Class/MSC/Src/usbh_msc_scsi.c **** 
 193:Middlewares/ST/STM32_USB_Host_Library/Class/MSC/Src/usbh_msc_scsi.c **** /**
 194:Middlewares/ST/STM32_USB_Host_Library/Class/MSC/Src/usbh_msc_scsi.c ****   * @brief  USBH_MSC_SCSI_Inquiry
 195:Middlewares/ST/STM32_USB_Host_Library/Class/MSC/Src/usbh_msc_scsi.c ****   *         Issue Inquiry command.
 196:Middlewares/ST/STM32_USB_Host_Library/Class/MSC/Src/usbh_msc_scsi.c ****   * @param  phost: Host handle
 197:Middlewares/ST/STM32_USB_Host_Library/Class/MSC/Src/usbh_msc_scsi.c ****   * @param  lun: Logical Unit Number
 198:Middlewares/ST/STM32_USB_Host_Library/Class/MSC/Src/usbh_msc_scsi.c ****   * @param  capacity: pointer to the inquiry structure
 199:Middlewares/ST/STM32_USB_Host_Library/Class/MSC/Src/usbh_msc_scsi.c ****   * @retval USBH Status
 200:Middlewares/ST/STM32_USB_Host_Library/Class/MSC/Src/usbh_msc_scsi.c ****   */
 201:Middlewares/ST/STM32_USB_Host_Library/Class/MSC/Src/usbh_msc_scsi.c **** USBH_StatusTypeDef USBH_MSC_SCSI_Inquiry(USBH_HandleTypeDef *phost, uint8_t lun,
 202:Middlewares/ST/STM32_USB_Host_Library/Class/MSC/Src/usbh_msc_scsi.c ****                                          SCSI_StdInquiryDataTypeDef *inquiry)
 203:Middlewares/ST/STM32_USB_Host_Library/Class/MSC/Src/usbh_msc_scsi.c **** {
 254              		.loc 1 203 1 is_stmt 1 view -0
 255              		.cfi_startproc
 256              		@ args = 0, pretend = 0, frame = 0
 257              		@ frame_needed = 0, uses_anonymous_args = 0
 258              		.loc 1 203 1 is_stmt 0 view .LVU83
 259 0000 70B5     		push	{r4, r5, r6, lr}
 260              	.LCFI2:
 261              		.cfi_def_cfa_offset 16
 262              		.cfi_offset 4, -16
 263              		.cfi_offset 5, -12
 264              		.cfi_offset 6, -8
 265              		.cfi_offset 14, -4
 204:Middlewares/ST/STM32_USB_Host_Library/Class/MSC/Src/usbh_msc_scsi.c ****   USBH_StatusTypeDef error = USBH_FAIL;
 266              		.loc 1 204 3 is_stmt 1 view .LVU84
 267              	.LVL18:
 205:Middlewares/ST/STM32_USB_Host_Library/Class/MSC/Src/usbh_msc_scsi.c ****   MSC_HandleTypeDef *MSC_Handle = (MSC_HandleTypeDef *) phost->pActiveClass->pData;
 268              		.loc 1 205 3 view .LVU85
 269              		.loc 1 205 62 is_stmt 0 view .LVU86
 270 0002 D0F87C33 		ldr	r3, [r0, #892]
 271              		.loc 1 205 22 view .LVU87
 272 0006 DC69     		ldr	r4, [r3, #28]
 273              	.LVL19:
 206:Middlewares/ST/STM32_USB_Host_Library/Class/MSC/Src/usbh_msc_scsi.c **** 
 207:Middlewares/ST/STM32_USB_Host_Library/Class/MSC/Src/usbh_msc_scsi.c ****   switch (MSC_Handle->hbot.cmd_state)
 274              		.loc 1 207 3 is_stmt 1 view .LVU88
 275              		.loc 1 207 27 is_stmt 0 view .LVU89
 276 0008 94F85250 		ldrb	r5, [r4, #82]	@ zero_extendqisi2
 277              		.loc 1 207 3 view .LVU90
 278 000c 012D     		cmp	r5, #1
 279 000e 04D0     		beq	.L12
 280 0010 1646     		mov	r6, r2
 281 0012 022D     		cmp	r5, #2
 282 0014 24D0     		beq	.L13
 283 0016 0225     		movs	r5, #2
 284 0018 20E0     		b	.L14
 285              	.L12:
 208:Middlewares/ST/STM32_USB_Host_Library/Class/MSC/Src/usbh_msc_scsi.c ****   {
 209:Middlewares/ST/STM32_USB_Host_Library/Class/MSC/Src/usbh_msc_scsi.c ****     case BOT_CMD_SEND:
 210:Middlewares/ST/STM32_USB_Host_Library/Class/MSC/Src/usbh_msc_scsi.c **** 
ARM GAS  /tmp/ccmD1Npv.s 			page 10


 211:Middlewares/ST/STM32_USB_Host_Library/Class/MSC/Src/usbh_msc_scsi.c ****       /*Prepare the CBW and relevant field*/
 212:Middlewares/ST/STM32_USB_Host_Library/Class/MSC/Src/usbh_msc_scsi.c ****       MSC_Handle->hbot.cbw.field.DataTransferLength = DATA_LEN_INQUIRY;
 286              		.loc 1 212 7 is_stmt 1 view .LVU91
 287              		.loc 1 212 53 is_stmt 0 view .LVU92
 288 001a 2422     		movs	r2, #36
 289              	.LVL20:
 290              		.loc 1 212 53 view .LVU93
 291 001c E265     		str	r2, [r4, #92]
 213:Middlewares/ST/STM32_USB_Host_Library/Class/MSC/Src/usbh_msc_scsi.c ****       MSC_Handle->hbot.cbw.field.Flags = USB_EP_DIR_IN;
 292              		.loc 1 213 7 is_stmt 1 view .LVU94
 293              		.loc 1 213 40 is_stmt 0 view .LVU95
 294 001e 8023     		movs	r3, #128
 295 0020 84F86030 		strb	r3, [r4, #96]
 214:Middlewares/ST/STM32_USB_Host_Library/Class/MSC/Src/usbh_msc_scsi.c ****       MSC_Handle->hbot.cbw.field.CBLength = CBW_LENGTH;
 296              		.loc 1 214 7 is_stmt 1 view .LVU96
 297              		.loc 1 214 43 is_stmt 0 view .LVU97
 298 0024 0A23     		movs	r3, #10
 299 0026 84F86230 		strb	r3, [r4, #98]
 215:Middlewares/ST/STM32_USB_Host_Library/Class/MSC/Src/usbh_msc_scsi.c **** 
 216:Middlewares/ST/STM32_USB_Host_Library/Class/MSC/Src/usbh_msc_scsi.c ****       (void)USBH_memset(MSC_Handle->hbot.cbw.field.CB, 0, CBW_LENGTH);
 300              		.loc 1 216 7 is_stmt 1 view .LVU98
 301              		.loc 1 216 13 is_stmt 0 view .LVU99
 302 002a 0023     		movs	r3, #0
 303 002c C4F86330 		str	r3, [r4, #99]	@ unaligned
 304 0030 C4F86730 		str	r3, [r4, #103]	@ unaligned
 305 0034 A4F86B30 		strh	r3, [r4, #107]	@ unaligned
 217:Middlewares/ST/STM32_USB_Host_Library/Class/MSC/Src/usbh_msc_scsi.c ****       MSC_Handle->hbot.cbw.field.CB[0]  = OPCODE_INQUIRY;
 306              		.loc 1 217 7 is_stmt 1 view .LVU100
 307              		.loc 1 217 41 is_stmt 0 view .LVU101
 308 0038 1223     		movs	r3, #18
 309 003a 84F86330 		strb	r3, [r4, #99]
 218:Middlewares/ST/STM32_USB_Host_Library/Class/MSC/Src/usbh_msc_scsi.c ****       MSC_Handle->hbot.cbw.field.CB[1]  = (lun << 5);
 310              		.loc 1 218 7 is_stmt 1 view .LVU102
 311              		.loc 1 218 48 is_stmt 0 view .LVU103
 312 003e 4901     		lsls	r1, r1, #5
 313              	.LVL21:
 314              		.loc 1 218 41 view .LVU104
 315 0040 84F86410 		strb	r1, [r4, #100]
 219:Middlewares/ST/STM32_USB_Host_Library/Class/MSC/Src/usbh_msc_scsi.c ****       MSC_Handle->hbot.cbw.field.CB[2]  = 0U;
 316              		.loc 1 219 7 is_stmt 1 view .LVU105
 220:Middlewares/ST/STM32_USB_Host_Library/Class/MSC/Src/usbh_msc_scsi.c ****       MSC_Handle->hbot.cbw.field.CB[3]  = 0U;
 317              		.loc 1 220 7 view .LVU106
 221:Middlewares/ST/STM32_USB_Host_Library/Class/MSC/Src/usbh_msc_scsi.c ****       MSC_Handle->hbot.cbw.field.CB[4]  = 0x24U;
 318              		.loc 1 221 7 view .LVU107
 319              		.loc 1 221 41 is_stmt 0 view .LVU108
 320 0044 84F86720 		strb	r2, [r4, #103]
 222:Middlewares/ST/STM32_USB_Host_Library/Class/MSC/Src/usbh_msc_scsi.c ****       MSC_Handle->hbot.cbw.field.CB[5]  = 0U;
 321              		.loc 1 222 7 is_stmt 1 view .LVU109
 223:Middlewares/ST/STM32_USB_Host_Library/Class/MSC/Src/usbh_msc_scsi.c **** 
 224:Middlewares/ST/STM32_USB_Host_Library/Class/MSC/Src/usbh_msc_scsi.c ****       MSC_Handle->hbot.state = BOT_SEND_CBW;
 322              		.loc 1 224 7 view .LVU110
 323              		.loc 1 224 30 is_stmt 0 view .LVU111
 324 0048 0123     		movs	r3, #1
 325 004a 84F85030 		strb	r3, [r4, #80]
 225:Middlewares/ST/STM32_USB_Host_Library/Class/MSC/Src/usbh_msc_scsi.c **** 
 226:Middlewares/ST/STM32_USB_Host_Library/Class/MSC/Src/usbh_msc_scsi.c ****       MSC_Handle->hbot.cmd_state = BOT_CMD_WAIT;
 326              		.loc 1 226 7 is_stmt 1 view .LVU112
ARM GAS  /tmp/ccmD1Npv.s 			page 11


 327              		.loc 1 226 34 is_stmt 0 view .LVU113
 328 004e 0223     		movs	r3, #2
 329 0050 84F85230 		strb	r3, [r4, #82]
 227:Middlewares/ST/STM32_USB_Host_Library/Class/MSC/Src/usbh_msc_scsi.c ****       MSC_Handle->hbot.pbuf = (uint8_t *)(void *)MSC_Handle->hbot.data;
 330              		.loc 1 227 7 is_stmt 1 view .LVU114
 331              		.loc 1 227 50 is_stmt 0 view .LVU115
 332 0054 04F11003 		add	r3, r4, #16
 333              		.loc 1 227 29 view .LVU116
 334 0058 C4F88C30 		str	r3, [r4, #140]
 228:Middlewares/ST/STM32_USB_Host_Library/Class/MSC/Src/usbh_msc_scsi.c ****       error = USBH_BUSY;
 335              		.loc 1 228 7 is_stmt 1 view .LVU117
 336              	.LVL22:
 229:Middlewares/ST/STM32_USB_Host_Library/Class/MSC/Src/usbh_msc_scsi.c ****       break;
 337              		.loc 1 229 7 view .LVU118
 338              	.L14:
 230:Middlewares/ST/STM32_USB_Host_Library/Class/MSC/Src/usbh_msc_scsi.c **** 
 231:Middlewares/ST/STM32_USB_Host_Library/Class/MSC/Src/usbh_msc_scsi.c ****     case BOT_CMD_WAIT:
 232:Middlewares/ST/STM32_USB_Host_Library/Class/MSC/Src/usbh_msc_scsi.c **** 
 233:Middlewares/ST/STM32_USB_Host_Library/Class/MSC/Src/usbh_msc_scsi.c ****       error = USBH_MSC_BOT_Process(phost, lun);
 234:Middlewares/ST/STM32_USB_Host_Library/Class/MSC/Src/usbh_msc_scsi.c **** 
 235:Middlewares/ST/STM32_USB_Host_Library/Class/MSC/Src/usbh_msc_scsi.c ****       if (error == USBH_OK)
 236:Middlewares/ST/STM32_USB_Host_Library/Class/MSC/Src/usbh_msc_scsi.c ****       {
 237:Middlewares/ST/STM32_USB_Host_Library/Class/MSC/Src/usbh_msc_scsi.c ****         (void)USBH_memset(inquiry, 0, sizeof(SCSI_StdInquiryDataTypeDef));
 238:Middlewares/ST/STM32_USB_Host_Library/Class/MSC/Src/usbh_msc_scsi.c ****         /*assign Inquiry Data */
 239:Middlewares/ST/STM32_USB_Host_Library/Class/MSC/Src/usbh_msc_scsi.c ****         inquiry->DeviceType = MSC_Handle->hbot.pbuf[0] & 0x1FU;
 240:Middlewares/ST/STM32_USB_Host_Library/Class/MSC/Src/usbh_msc_scsi.c ****         inquiry->PeripheralQualifier = MSC_Handle->hbot.pbuf[0] >> 5U;
 241:Middlewares/ST/STM32_USB_Host_Library/Class/MSC/Src/usbh_msc_scsi.c **** 
 242:Middlewares/ST/STM32_USB_Host_Library/Class/MSC/Src/usbh_msc_scsi.c ****         if (((uint32_t)MSC_Handle->hbot.pbuf[1] & 0x80U) == 0x80U)
 243:Middlewares/ST/STM32_USB_Host_Library/Class/MSC/Src/usbh_msc_scsi.c ****         {
 244:Middlewares/ST/STM32_USB_Host_Library/Class/MSC/Src/usbh_msc_scsi.c ****           inquiry->RemovableMedia = 1U;
 245:Middlewares/ST/STM32_USB_Host_Library/Class/MSC/Src/usbh_msc_scsi.c ****         }
 246:Middlewares/ST/STM32_USB_Host_Library/Class/MSC/Src/usbh_msc_scsi.c ****         else
 247:Middlewares/ST/STM32_USB_Host_Library/Class/MSC/Src/usbh_msc_scsi.c ****         {
 248:Middlewares/ST/STM32_USB_Host_Library/Class/MSC/Src/usbh_msc_scsi.c ****           inquiry->RemovableMedia = 0U;
 249:Middlewares/ST/STM32_USB_Host_Library/Class/MSC/Src/usbh_msc_scsi.c ****         }
 250:Middlewares/ST/STM32_USB_Host_Library/Class/MSC/Src/usbh_msc_scsi.c **** 
 251:Middlewares/ST/STM32_USB_Host_Library/Class/MSC/Src/usbh_msc_scsi.c ****         (void)USBH_memcpy(inquiry->vendor_id, &MSC_Handle->hbot.pbuf[8], 8U);
 252:Middlewares/ST/STM32_USB_Host_Library/Class/MSC/Src/usbh_msc_scsi.c ****         (void)USBH_memcpy(inquiry->product_id, &MSC_Handle->hbot.pbuf[16], 16U);
 253:Middlewares/ST/STM32_USB_Host_Library/Class/MSC/Src/usbh_msc_scsi.c ****         (void)USBH_memcpy(inquiry->revision_id, &MSC_Handle->hbot.pbuf[32], 4U);
 254:Middlewares/ST/STM32_USB_Host_Library/Class/MSC/Src/usbh_msc_scsi.c ****       }
 255:Middlewares/ST/STM32_USB_Host_Library/Class/MSC/Src/usbh_msc_scsi.c ****       break;
 256:Middlewares/ST/STM32_USB_Host_Library/Class/MSC/Src/usbh_msc_scsi.c **** 
 257:Middlewares/ST/STM32_USB_Host_Library/Class/MSC/Src/usbh_msc_scsi.c ****     default:
 258:Middlewares/ST/STM32_USB_Host_Library/Class/MSC/Src/usbh_msc_scsi.c ****       break;
 259:Middlewares/ST/STM32_USB_Host_Library/Class/MSC/Src/usbh_msc_scsi.c ****   }
 260:Middlewares/ST/STM32_USB_Host_Library/Class/MSC/Src/usbh_msc_scsi.c **** 
 261:Middlewares/ST/STM32_USB_Host_Library/Class/MSC/Src/usbh_msc_scsi.c ****   return error;
 339              		.loc 1 261 3 view .LVU119
 262:Middlewares/ST/STM32_USB_Host_Library/Class/MSC/Src/usbh_msc_scsi.c **** }
 340              		.loc 1 262 1 is_stmt 0 view .LVU120
 341 005c 2846     		mov	r0, r5
 342 005e 70BD     		pop	{r4, r5, r6, pc}
 343              	.LVL23:
 344              	.L13:
 233:Middlewares/ST/STM32_USB_Host_Library/Class/MSC/Src/usbh_msc_scsi.c **** 
 345              		.loc 1 233 7 is_stmt 1 view .LVU121
 233:Middlewares/ST/STM32_USB_Host_Library/Class/MSC/Src/usbh_msc_scsi.c **** 
ARM GAS  /tmp/ccmD1Npv.s 			page 12


 346              		.loc 1 233 15 is_stmt 0 view .LVU122
 347 0060 FFF7FEFF 		bl	USBH_MSC_BOT_Process
 348              	.LVL24:
 235:Middlewares/ST/STM32_USB_Host_Library/Class/MSC/Src/usbh_msc_scsi.c ****       {
 349              		.loc 1 235 7 is_stmt 1 view .LVU123
 235:Middlewares/ST/STM32_USB_Host_Library/Class/MSC/Src/usbh_msc_scsi.c ****       {
 350              		.loc 1 235 10 is_stmt 0 view .LVU124
 351 0064 0546     		mov	r5, r0
 352 0066 0028     		cmp	r0, #0
 353 0068 F8D1     		bne	.L14
 237:Middlewares/ST/STM32_USB_Host_Library/Class/MSC/Src/usbh_msc_scsi.c ****         /*assign Inquiry Data */
 354              		.loc 1 237 9 is_stmt 1 view .LVU125
 237:Middlewares/ST/STM32_USB_Host_Library/Class/MSC/Src/usbh_msc_scsi.c ****         /*assign Inquiry Data */
 355              		.loc 1 237 15 is_stmt 0 view .LVU126
 356 006a 2222     		movs	r2, #34
 357 006c 0021     		movs	r1, #0
 358 006e 3046     		mov	r0, r6
 359              	.LVL25:
 237:Middlewares/ST/STM32_USB_Host_Library/Class/MSC/Src/usbh_msc_scsi.c ****         /*assign Inquiry Data */
 360              		.loc 1 237 15 view .LVU127
 361 0070 FFF7FEFF 		bl	memset
 362              	.LVL26:
 239:Middlewares/ST/STM32_USB_Host_Library/Class/MSC/Src/usbh_msc_scsi.c ****         inquiry->PeripheralQualifier = MSC_Handle->hbot.pbuf[0] >> 5U;
 363              		.loc 1 239 9 is_stmt 1 view .LVU128
 239:Middlewares/ST/STM32_USB_Host_Library/Class/MSC/Src/usbh_msc_scsi.c ****         inquiry->PeripheralQualifier = MSC_Handle->hbot.pbuf[0] >> 5U;
 364              		.loc 1 239 47 is_stmt 0 view .LVU129
 365 0074 D4F88C30 		ldr	r3, [r4, #140]
 239:Middlewares/ST/STM32_USB_Host_Library/Class/MSC/Src/usbh_msc_scsi.c ****         inquiry->PeripheralQualifier = MSC_Handle->hbot.pbuf[0] >> 5U;
 366              		.loc 1 239 52 view .LVU130
 367 0078 1B78     		ldrb	r3, [r3]	@ zero_extendqisi2
 239:Middlewares/ST/STM32_USB_Host_Library/Class/MSC/Src/usbh_msc_scsi.c ****         inquiry->PeripheralQualifier = MSC_Handle->hbot.pbuf[0] >> 5U;
 368              		.loc 1 239 56 view .LVU131
 369 007a 03F01F03 		and	r3, r3, #31
 239:Middlewares/ST/STM32_USB_Host_Library/Class/MSC/Src/usbh_msc_scsi.c ****         inquiry->PeripheralQualifier = MSC_Handle->hbot.pbuf[0] >> 5U;
 370              		.loc 1 239 29 view .LVU132
 371 007e 7370     		strb	r3, [r6, #1]
 240:Middlewares/ST/STM32_USB_Host_Library/Class/MSC/Src/usbh_msc_scsi.c **** 
 372              		.loc 1 240 9 is_stmt 1 view .LVU133
 240:Middlewares/ST/STM32_USB_Host_Library/Class/MSC/Src/usbh_msc_scsi.c **** 
 373              		.loc 1 240 56 is_stmt 0 view .LVU134
 374 0080 D4F88C30 		ldr	r3, [r4, #140]
 240:Middlewares/ST/STM32_USB_Host_Library/Class/MSC/Src/usbh_msc_scsi.c **** 
 375              		.loc 1 240 61 view .LVU135
 376 0084 1B78     		ldrb	r3, [r3]	@ zero_extendqisi2
 240:Middlewares/ST/STM32_USB_Host_Library/Class/MSC/Src/usbh_msc_scsi.c **** 
 377              		.loc 1 240 38 view .LVU136
 378 0086 5B09     		lsrs	r3, r3, #5
 379 0088 3370     		strb	r3, [r6]
 242:Middlewares/ST/STM32_USB_Host_Library/Class/MSC/Src/usbh_msc_scsi.c ****         {
 380              		.loc 1 242 9 is_stmt 1 view .LVU137
 242:Middlewares/ST/STM32_USB_Host_Library/Class/MSC/Src/usbh_msc_scsi.c ****         {
 381              		.loc 1 242 40 is_stmt 0 view .LVU138
 382 008a D4F88C30 		ldr	r3, [r4, #140]
 242:Middlewares/ST/STM32_USB_Host_Library/Class/MSC/Src/usbh_msc_scsi.c ****         {
 383              		.loc 1 242 58 view .LVU139
 384 008e 93F90130 		ldrsb	r3, [r3, #1]
 242:Middlewares/ST/STM32_USB_Host_Library/Class/MSC/Src/usbh_msc_scsi.c ****         {
ARM GAS  /tmp/ccmD1Npv.s 			page 13


 385              		.loc 1 242 12 view .LVU140
 386 0092 002B     		cmp	r3, #0
 387 0094 17DB     		blt	.L17
 388              	.L15:
 251:Middlewares/ST/STM32_USB_Host_Library/Class/MSC/Src/usbh_msc_scsi.c ****         (void)USBH_memcpy(inquiry->product_id, &MSC_Handle->hbot.pbuf[16], 16U);
 389              		.loc 1 251 9 is_stmt 1 view .LVU141
 251:Middlewares/ST/STM32_USB_Host_Library/Class/MSC/Src/usbh_msc_scsi.c ****         (void)USBH_memcpy(inquiry->product_id, &MSC_Handle->hbot.pbuf[16], 16U);
 390              		.loc 1 251 64 is_stmt 0 view .LVU142
 391 0096 D4F88C30 		ldr	r3, [r4, #140]
 251:Middlewares/ST/STM32_USB_Host_Library/Class/MSC/Src/usbh_msc_scsi.c ****         (void)USBH_memcpy(inquiry->product_id, &MSC_Handle->hbot.pbuf[16], 16U);
 392              		.loc 1 251 15 view .LVU143
 393 009a 9A68     		ldr	r2, [r3, #8]	@ unaligned
 394 009c DB68     		ldr	r3, [r3, #12]	@ unaligned
 395 009e C6F80320 		str	r2, [r6, #3]	@ unaligned
 396 00a2 C6F80730 		str	r3, [r6, #7]	@ unaligned
 252:Middlewares/ST/STM32_USB_Host_Library/Class/MSC/Src/usbh_msc_scsi.c ****         (void)USBH_memcpy(inquiry->revision_id, &MSC_Handle->hbot.pbuf[32], 4U);
 397              		.loc 1 252 9 is_stmt 1 view .LVU144
 252:Middlewares/ST/STM32_USB_Host_Library/Class/MSC/Src/usbh_msc_scsi.c ****         (void)USBH_memcpy(inquiry->revision_id, &MSC_Handle->hbot.pbuf[32], 4U);
 398              		.loc 1 252 65 is_stmt 0 view .LVU145
 399 00a6 D4F88C30 		ldr	r3, [r4, #140]
 252:Middlewares/ST/STM32_USB_Host_Library/Class/MSC/Src/usbh_msc_scsi.c ****         (void)USBH_memcpy(inquiry->revision_id, &MSC_Handle->hbot.pbuf[32], 4U);
 400              		.loc 1 252 15 view .LVU146
 401 00aa 1869     		ldr	r0, [r3, #16]	@ unaligned
 402 00ac 5969     		ldr	r1, [r3, #20]	@ unaligned
 403 00ae 9A69     		ldr	r2, [r3, #24]	@ unaligned
 404 00b0 DB69     		ldr	r3, [r3, #28]	@ unaligned
 405 00b2 F060     		str	r0, [r6, #12]	@ unaligned
 406 00b4 3161     		str	r1, [r6, #16]	@ unaligned
 407 00b6 7261     		str	r2, [r6, #20]	@ unaligned
 408 00b8 B361     		str	r3, [r6, #24]	@ unaligned
 253:Middlewares/ST/STM32_USB_Host_Library/Class/MSC/Src/usbh_msc_scsi.c ****       }
 409              		.loc 1 253 9 is_stmt 1 view .LVU147
 253:Middlewares/ST/STM32_USB_Host_Library/Class/MSC/Src/usbh_msc_scsi.c ****       }
 410              		.loc 1 253 66 is_stmt 0 view .LVU148
 411 00ba D4F88C30 		ldr	r3, [r4, #140]
 253:Middlewares/ST/STM32_USB_Host_Library/Class/MSC/Src/usbh_msc_scsi.c ****       }
 412              		.loc 1 253 15 view .LVU149
 413 00be 1B6A     		ldr	r3, [r3, #32]	@ unaligned
 414 00c0 C6F81D30 		str	r3, [r6, #29]	@ unaligned
 415 00c4 CAE7     		b	.L14
 416              	.L17:
 244:Middlewares/ST/STM32_USB_Host_Library/Class/MSC/Src/usbh_msc_scsi.c ****         }
 417              		.loc 1 244 11 is_stmt 1 view .LVU150
 244:Middlewares/ST/STM32_USB_Host_Library/Class/MSC/Src/usbh_msc_scsi.c ****         }
 418              		.loc 1 244 35 is_stmt 0 view .LVU151
 419 00c6 0123     		movs	r3, #1
 420 00c8 B370     		strb	r3, [r6, #2]
 421 00ca E4E7     		b	.L15
 422              		.cfi_endproc
 423              	.LFE135:
 425              		.section	.text.USBH_MSC_SCSI_RequestSense,"ax",%progbits
 426              		.align	1
 427              		.global	USBH_MSC_SCSI_RequestSense
 428              		.syntax unified
 429              		.thumb
 430              		.thumb_func
 432              	USBH_MSC_SCSI_RequestSense:
ARM GAS  /tmp/ccmD1Npv.s 			page 14


 433              	.LVL27:
 434              	.LFB136:
 263:Middlewares/ST/STM32_USB_Host_Library/Class/MSC/Src/usbh_msc_scsi.c **** 
 264:Middlewares/ST/STM32_USB_Host_Library/Class/MSC/Src/usbh_msc_scsi.c **** /**
 265:Middlewares/ST/STM32_USB_Host_Library/Class/MSC/Src/usbh_msc_scsi.c ****   * @brief  USBH_MSC_SCSI_RequestSense
 266:Middlewares/ST/STM32_USB_Host_Library/Class/MSC/Src/usbh_msc_scsi.c ****   *         Issue RequestSense command.
 267:Middlewares/ST/STM32_USB_Host_Library/Class/MSC/Src/usbh_msc_scsi.c ****   * @param  phost: Host handle
 268:Middlewares/ST/STM32_USB_Host_Library/Class/MSC/Src/usbh_msc_scsi.c ****   * @param  lun: Logical Unit Number
 269:Middlewares/ST/STM32_USB_Host_Library/Class/MSC/Src/usbh_msc_scsi.c ****   * @param  capacity: pointer to the sense data structure
 270:Middlewares/ST/STM32_USB_Host_Library/Class/MSC/Src/usbh_msc_scsi.c ****   * @retval USBH Status
 271:Middlewares/ST/STM32_USB_Host_Library/Class/MSC/Src/usbh_msc_scsi.c ****   */
 272:Middlewares/ST/STM32_USB_Host_Library/Class/MSC/Src/usbh_msc_scsi.c **** USBH_StatusTypeDef USBH_MSC_SCSI_RequestSense(USBH_HandleTypeDef *phost,
 273:Middlewares/ST/STM32_USB_Host_Library/Class/MSC/Src/usbh_msc_scsi.c ****                                               uint8_t lun,
 274:Middlewares/ST/STM32_USB_Host_Library/Class/MSC/Src/usbh_msc_scsi.c ****                                               SCSI_SenseTypeDef *sense_data)
 275:Middlewares/ST/STM32_USB_Host_Library/Class/MSC/Src/usbh_msc_scsi.c **** {
 435              		.loc 1 275 1 is_stmt 1 view -0
 436              		.cfi_startproc
 437              		@ args = 0, pretend = 0, frame = 0
 438              		@ frame_needed = 0, uses_anonymous_args = 0
 439              		.loc 1 275 1 is_stmt 0 view .LVU153
 440 0000 38B5     		push	{r3, r4, r5, lr}
 441              	.LCFI3:
 442              		.cfi_def_cfa_offset 16
 443              		.cfi_offset 3, -16
 444              		.cfi_offset 4, -12
 445              		.cfi_offset 5, -8
 446              		.cfi_offset 14, -4
 447 0002 0346     		mov	r3, r0
 276:Middlewares/ST/STM32_USB_Host_Library/Class/MSC/Src/usbh_msc_scsi.c ****   USBH_StatusTypeDef    error = USBH_FAIL ;
 448              		.loc 1 276 3 is_stmt 1 view .LVU154
 449              	.LVL28:
 277:Middlewares/ST/STM32_USB_Host_Library/Class/MSC/Src/usbh_msc_scsi.c ****   MSC_HandleTypeDef *MSC_Handle = (MSC_HandleTypeDef *) phost->pActiveClass->pData;
 450              		.loc 1 277 3 view .LVU155
 451              		.loc 1 277 62 is_stmt 0 view .LVU156
 452 0004 D0F87C03 		ldr	r0, [r0, #892]
 453              	.LVL29:
 454              		.loc 1 277 22 view .LVU157
 455 0008 C469     		ldr	r4, [r0, #28]
 456              	.LVL30:
 278:Middlewares/ST/STM32_USB_Host_Library/Class/MSC/Src/usbh_msc_scsi.c **** 
 279:Middlewares/ST/STM32_USB_Host_Library/Class/MSC/Src/usbh_msc_scsi.c ****   switch (MSC_Handle->hbot.cmd_state)
 457              		.loc 1 279 3 is_stmt 1 view .LVU158
 458              		.loc 1 279 27 is_stmt 0 view .LVU159
 459 000a 94F85200 		ldrb	r0, [r4, #82]	@ zero_extendqisi2
 460              		.loc 1 279 3 view .LVU160
 461 000e 0128     		cmp	r0, #1
 462 0010 04D0     		beq	.L19
 463 0012 1546     		mov	r5, r2
 464 0014 0228     		cmp	r0, #2
 465 0016 25D0     		beq	.L20
 466 0018 0220     		movs	r0, #2
 467 001a 22E0     		b	.L21
 468              	.L19:
 280:Middlewares/ST/STM32_USB_Host_Library/Class/MSC/Src/usbh_msc_scsi.c ****   {
 281:Middlewares/ST/STM32_USB_Host_Library/Class/MSC/Src/usbh_msc_scsi.c ****     case BOT_CMD_SEND:
 282:Middlewares/ST/STM32_USB_Host_Library/Class/MSC/Src/usbh_msc_scsi.c **** 
 283:Middlewares/ST/STM32_USB_Host_Library/Class/MSC/Src/usbh_msc_scsi.c ****       /*Prepare the CBW and relevant field*/
ARM GAS  /tmp/ccmD1Npv.s 			page 15


 284:Middlewares/ST/STM32_USB_Host_Library/Class/MSC/Src/usbh_msc_scsi.c ****       MSC_Handle->hbot.cbw.field.DataTransferLength = DATA_LEN_REQUEST_SENSE;
 469              		.loc 1 284 7 is_stmt 1 view .LVU161
 470              		.loc 1 284 53 is_stmt 0 view .LVU162
 471 001c 0E22     		movs	r2, #14
 472              	.LVL31:
 473              		.loc 1 284 53 view .LVU163
 474 001e E265     		str	r2, [r4, #92]
 285:Middlewares/ST/STM32_USB_Host_Library/Class/MSC/Src/usbh_msc_scsi.c ****       MSC_Handle->hbot.cbw.field.Flags = USB_EP_DIR_IN;
 475              		.loc 1 285 7 is_stmt 1 view .LVU164
 476              		.loc 1 285 40 is_stmt 0 view .LVU165
 477 0020 8023     		movs	r3, #128
 478              	.LVL32:
 479              		.loc 1 285 40 view .LVU166
 480 0022 84F86030 		strb	r3, [r4, #96]
 286:Middlewares/ST/STM32_USB_Host_Library/Class/MSC/Src/usbh_msc_scsi.c ****       MSC_Handle->hbot.cbw.field.CBLength = CBW_LENGTH;
 481              		.loc 1 286 7 is_stmt 1 view .LVU167
 482              		.loc 1 286 43 is_stmt 0 view .LVU168
 483 0026 0A23     		movs	r3, #10
 484 0028 84F86230 		strb	r3, [r4, #98]
 287:Middlewares/ST/STM32_USB_Host_Library/Class/MSC/Src/usbh_msc_scsi.c **** 
 288:Middlewares/ST/STM32_USB_Host_Library/Class/MSC/Src/usbh_msc_scsi.c ****       (void)USBH_memset(MSC_Handle->hbot.cbw.field.CB, 0, CBW_CB_LENGTH);
 485              		.loc 1 288 7 is_stmt 1 view .LVU169
 486              		.loc 1 288 13 is_stmt 0 view .LVU170
 487 002c 0023     		movs	r3, #0
 488 002e C4F86330 		str	r3, [r4, #99]	@ unaligned
 489 0032 C4F86730 		str	r3, [r4, #103]	@ unaligned
 490 0036 C4F86B30 		str	r3, [r4, #107]	@ unaligned
 491 003a C4F86F30 		str	r3, [r4, #111]	@ unaligned
 289:Middlewares/ST/STM32_USB_Host_Library/Class/MSC/Src/usbh_msc_scsi.c ****       MSC_Handle->hbot.cbw.field.CB[0]  = OPCODE_REQUEST_SENSE;
 492              		.loc 1 289 7 is_stmt 1 view .LVU171
 493              		.loc 1 289 41 is_stmt 0 view .LVU172
 494 003e 0323     		movs	r3, #3
 495 0040 84F86330 		strb	r3, [r4, #99]
 290:Middlewares/ST/STM32_USB_Host_Library/Class/MSC/Src/usbh_msc_scsi.c ****       MSC_Handle->hbot.cbw.field.CB[1]  = (lun << 5);
 496              		.loc 1 290 7 is_stmt 1 view .LVU173
 497              		.loc 1 290 48 is_stmt 0 view .LVU174
 498 0044 4901     		lsls	r1, r1, #5
 499              	.LVL33:
 500              		.loc 1 290 41 view .LVU175
 501 0046 84F86410 		strb	r1, [r4, #100]
 291:Middlewares/ST/STM32_USB_Host_Library/Class/MSC/Src/usbh_msc_scsi.c ****       MSC_Handle->hbot.cbw.field.CB[2]  = 0U;
 502              		.loc 1 291 7 is_stmt 1 view .LVU176
 292:Middlewares/ST/STM32_USB_Host_Library/Class/MSC/Src/usbh_msc_scsi.c ****       MSC_Handle->hbot.cbw.field.CB[3]  = 0U;
 503              		.loc 1 292 7 view .LVU177
 293:Middlewares/ST/STM32_USB_Host_Library/Class/MSC/Src/usbh_msc_scsi.c ****       MSC_Handle->hbot.cbw.field.CB[4]  = DATA_LEN_REQUEST_SENSE;
 504              		.loc 1 293 7 view .LVU178
 505              		.loc 1 293 41 is_stmt 0 view .LVU179
 506 004a 84F86720 		strb	r2, [r4, #103]
 294:Middlewares/ST/STM32_USB_Host_Library/Class/MSC/Src/usbh_msc_scsi.c ****       MSC_Handle->hbot.cbw.field.CB[5]  = 0U;
 507              		.loc 1 294 7 is_stmt 1 view .LVU180
 295:Middlewares/ST/STM32_USB_Host_Library/Class/MSC/Src/usbh_msc_scsi.c **** 
 296:Middlewares/ST/STM32_USB_Host_Library/Class/MSC/Src/usbh_msc_scsi.c ****       MSC_Handle->hbot.state = BOT_SEND_CBW;
 508              		.loc 1 296 7 view .LVU181
 509              		.loc 1 296 30 is_stmt 0 view .LVU182
 510 004e 0123     		movs	r3, #1
 511 0050 84F85030 		strb	r3, [r4, #80]
 297:Middlewares/ST/STM32_USB_Host_Library/Class/MSC/Src/usbh_msc_scsi.c ****       MSC_Handle->hbot.cmd_state = BOT_CMD_WAIT;
ARM GAS  /tmp/ccmD1Npv.s 			page 16


 512              		.loc 1 297 7 is_stmt 1 view .LVU183
 513              		.loc 1 297 34 is_stmt 0 view .LVU184
 514 0054 0223     		movs	r3, #2
 515 0056 84F85230 		strb	r3, [r4, #82]
 298:Middlewares/ST/STM32_USB_Host_Library/Class/MSC/Src/usbh_msc_scsi.c ****       MSC_Handle->hbot.pbuf = (uint8_t *)(void *)MSC_Handle->hbot.data;
 516              		.loc 1 298 7 is_stmt 1 view .LVU185
 517              		.loc 1 298 50 is_stmt 0 view .LVU186
 518 005a 04F11003 		add	r3, r4, #16
 519              		.loc 1 298 29 view .LVU187
 520 005e C4F88C30 		str	r3, [r4, #140]
 299:Middlewares/ST/STM32_USB_Host_Library/Class/MSC/Src/usbh_msc_scsi.c ****       error = USBH_BUSY;
 521              		.loc 1 299 7 is_stmt 1 view .LVU188
 522              	.LVL34:
 300:Middlewares/ST/STM32_USB_Host_Library/Class/MSC/Src/usbh_msc_scsi.c ****       break;
 523              		.loc 1 300 7 view .LVU189
 524              	.L21:
 301:Middlewares/ST/STM32_USB_Host_Library/Class/MSC/Src/usbh_msc_scsi.c **** 
 302:Middlewares/ST/STM32_USB_Host_Library/Class/MSC/Src/usbh_msc_scsi.c ****     case BOT_CMD_WAIT:
 303:Middlewares/ST/STM32_USB_Host_Library/Class/MSC/Src/usbh_msc_scsi.c **** 
 304:Middlewares/ST/STM32_USB_Host_Library/Class/MSC/Src/usbh_msc_scsi.c ****       error = USBH_MSC_BOT_Process(phost, lun);
 305:Middlewares/ST/STM32_USB_Host_Library/Class/MSC/Src/usbh_msc_scsi.c **** 
 306:Middlewares/ST/STM32_USB_Host_Library/Class/MSC/Src/usbh_msc_scsi.c ****       if (error == USBH_OK)
 307:Middlewares/ST/STM32_USB_Host_Library/Class/MSC/Src/usbh_msc_scsi.c ****       {
 308:Middlewares/ST/STM32_USB_Host_Library/Class/MSC/Src/usbh_msc_scsi.c ****         sense_data->key  = MSC_Handle->hbot.pbuf[2] & 0x0FU;
 309:Middlewares/ST/STM32_USB_Host_Library/Class/MSC/Src/usbh_msc_scsi.c ****         sense_data->asc  = MSC_Handle->hbot.pbuf[12];
 310:Middlewares/ST/STM32_USB_Host_Library/Class/MSC/Src/usbh_msc_scsi.c ****         sense_data->ascq = MSC_Handle->hbot.pbuf[13];
 311:Middlewares/ST/STM32_USB_Host_Library/Class/MSC/Src/usbh_msc_scsi.c ****       }
 312:Middlewares/ST/STM32_USB_Host_Library/Class/MSC/Src/usbh_msc_scsi.c ****       break;
 313:Middlewares/ST/STM32_USB_Host_Library/Class/MSC/Src/usbh_msc_scsi.c **** 
 314:Middlewares/ST/STM32_USB_Host_Library/Class/MSC/Src/usbh_msc_scsi.c ****     default:
 315:Middlewares/ST/STM32_USB_Host_Library/Class/MSC/Src/usbh_msc_scsi.c ****       break;
 316:Middlewares/ST/STM32_USB_Host_Library/Class/MSC/Src/usbh_msc_scsi.c ****   }
 317:Middlewares/ST/STM32_USB_Host_Library/Class/MSC/Src/usbh_msc_scsi.c **** 
 318:Middlewares/ST/STM32_USB_Host_Library/Class/MSC/Src/usbh_msc_scsi.c ****   return error;
 525              		.loc 1 318 3 view .LVU190
 319:Middlewares/ST/STM32_USB_Host_Library/Class/MSC/Src/usbh_msc_scsi.c **** }
 526              		.loc 1 319 1 is_stmt 0 view .LVU191
 527 0062 38BD     		pop	{r3, r4, r5, pc}
 528              	.LVL35:
 529              	.L20:
 304:Middlewares/ST/STM32_USB_Host_Library/Class/MSC/Src/usbh_msc_scsi.c **** 
 530              		.loc 1 304 7 is_stmt 1 view .LVU192
 304:Middlewares/ST/STM32_USB_Host_Library/Class/MSC/Src/usbh_msc_scsi.c **** 
 531              		.loc 1 304 15 is_stmt 0 view .LVU193
 532 0064 1846     		mov	r0, r3
 533 0066 FFF7FEFF 		bl	USBH_MSC_BOT_Process
 534              	.LVL36:
 306:Middlewares/ST/STM32_USB_Host_Library/Class/MSC/Src/usbh_msc_scsi.c ****       {
 535              		.loc 1 306 7 is_stmt 1 view .LVU194
 306:Middlewares/ST/STM32_USB_Host_Library/Class/MSC/Src/usbh_msc_scsi.c ****       {
 536              		.loc 1 306 10 is_stmt 0 view .LVU195
 537 006a 0028     		cmp	r0, #0
 538 006c F9D1     		bne	.L21
 308:Middlewares/ST/STM32_USB_Host_Library/Class/MSC/Src/usbh_msc_scsi.c ****         sense_data->asc  = MSC_Handle->hbot.pbuf[12];
 539              		.loc 1 308 9 is_stmt 1 view .LVU196
 308:Middlewares/ST/STM32_USB_Host_Library/Class/MSC/Src/usbh_msc_scsi.c ****         sense_data->asc  = MSC_Handle->hbot.pbuf[12];
 540              		.loc 1 308 44 is_stmt 0 view .LVU197
ARM GAS  /tmp/ccmD1Npv.s 			page 17


 541 006e D4F88C30 		ldr	r3, [r4, #140]
 308:Middlewares/ST/STM32_USB_Host_Library/Class/MSC/Src/usbh_msc_scsi.c ****         sense_data->asc  = MSC_Handle->hbot.pbuf[12];
 542              		.loc 1 308 49 view .LVU198
 543 0072 9B78     		ldrb	r3, [r3, #2]	@ zero_extendqisi2
 308:Middlewares/ST/STM32_USB_Host_Library/Class/MSC/Src/usbh_msc_scsi.c ****         sense_data->asc  = MSC_Handle->hbot.pbuf[12];
 544              		.loc 1 308 53 view .LVU199
 545 0074 03F00F03 		and	r3, r3, #15
 308:Middlewares/ST/STM32_USB_Host_Library/Class/MSC/Src/usbh_msc_scsi.c ****         sense_data->asc  = MSC_Handle->hbot.pbuf[12];
 546              		.loc 1 308 26 view .LVU200
 547 0078 2B70     		strb	r3, [r5]
 309:Middlewares/ST/STM32_USB_Host_Library/Class/MSC/Src/usbh_msc_scsi.c ****         sense_data->ascq = MSC_Handle->hbot.pbuf[13];
 548              		.loc 1 309 9 is_stmt 1 view .LVU201
 309:Middlewares/ST/STM32_USB_Host_Library/Class/MSC/Src/usbh_msc_scsi.c ****         sense_data->ascq = MSC_Handle->hbot.pbuf[13];
 549              		.loc 1 309 44 is_stmt 0 view .LVU202
 550 007a D4F88C30 		ldr	r3, [r4, #140]
 309:Middlewares/ST/STM32_USB_Host_Library/Class/MSC/Src/usbh_msc_scsi.c ****         sense_data->ascq = MSC_Handle->hbot.pbuf[13];
 551              		.loc 1 309 26 view .LVU203
 552 007e 1B7B     		ldrb	r3, [r3, #12]	@ zero_extendqisi2
 553 0080 6B70     		strb	r3, [r5, #1]
 310:Middlewares/ST/STM32_USB_Host_Library/Class/MSC/Src/usbh_msc_scsi.c ****       }
 554              		.loc 1 310 9 is_stmt 1 view .LVU204
 310:Middlewares/ST/STM32_USB_Host_Library/Class/MSC/Src/usbh_msc_scsi.c ****       }
 555              		.loc 1 310 44 is_stmt 0 view .LVU205
 556 0082 D4F88C30 		ldr	r3, [r4, #140]
 310:Middlewares/ST/STM32_USB_Host_Library/Class/MSC/Src/usbh_msc_scsi.c ****       }
 557              		.loc 1 310 26 view .LVU206
 558 0086 5B7B     		ldrb	r3, [r3, #13]	@ zero_extendqisi2
 559 0088 AB70     		strb	r3, [r5, #2]
 560 008a EAE7     		b	.L21
 561              		.cfi_endproc
 562              	.LFE136:
 564              		.section	.text.USBH_MSC_SCSI_Write,"ax",%progbits
 565              		.align	1
 566              		.global	USBH_MSC_SCSI_Write
 567              		.syntax unified
 568              		.thumb
 569              		.thumb_func
 571              	USBH_MSC_SCSI_Write:
 572              	.LVL37:
 573              	.LFB137:
 320:Middlewares/ST/STM32_USB_Host_Library/Class/MSC/Src/usbh_msc_scsi.c **** 
 321:Middlewares/ST/STM32_USB_Host_Library/Class/MSC/Src/usbh_msc_scsi.c **** /**
 322:Middlewares/ST/STM32_USB_Host_Library/Class/MSC/Src/usbh_msc_scsi.c ****   * @brief  USBH_MSC_SCSI_Write
 323:Middlewares/ST/STM32_USB_Host_Library/Class/MSC/Src/usbh_msc_scsi.c ****   *         Issue write10 command.
 324:Middlewares/ST/STM32_USB_Host_Library/Class/MSC/Src/usbh_msc_scsi.c ****   * @param  phost: Host handle
 325:Middlewares/ST/STM32_USB_Host_Library/Class/MSC/Src/usbh_msc_scsi.c ****   * @param  lun: Logical Unit Number
 326:Middlewares/ST/STM32_USB_Host_Library/Class/MSC/Src/usbh_msc_scsi.c ****   * @param  address: sector address
 327:Middlewares/ST/STM32_USB_Host_Library/Class/MSC/Src/usbh_msc_scsi.c ****   * @param  pbuf: pointer to data
 328:Middlewares/ST/STM32_USB_Host_Library/Class/MSC/Src/usbh_msc_scsi.c ****   * @param  length: number of sector to write
 329:Middlewares/ST/STM32_USB_Host_Library/Class/MSC/Src/usbh_msc_scsi.c ****   * @retval USBH Status
 330:Middlewares/ST/STM32_USB_Host_Library/Class/MSC/Src/usbh_msc_scsi.c ****   */
 331:Middlewares/ST/STM32_USB_Host_Library/Class/MSC/Src/usbh_msc_scsi.c **** USBH_StatusTypeDef USBH_MSC_SCSI_Write(USBH_HandleTypeDef *phost,
 332:Middlewares/ST/STM32_USB_Host_Library/Class/MSC/Src/usbh_msc_scsi.c ****                                        uint8_t lun,
 333:Middlewares/ST/STM32_USB_Host_Library/Class/MSC/Src/usbh_msc_scsi.c ****                                        uint32_t address,
 334:Middlewares/ST/STM32_USB_Host_Library/Class/MSC/Src/usbh_msc_scsi.c ****                                        uint8_t *pbuf,
 335:Middlewares/ST/STM32_USB_Host_Library/Class/MSC/Src/usbh_msc_scsi.c ****                                        uint32_t length)
 336:Middlewares/ST/STM32_USB_Host_Library/Class/MSC/Src/usbh_msc_scsi.c **** {
ARM GAS  /tmp/ccmD1Npv.s 			page 18


 574              		.loc 1 336 1 is_stmt 1 view -0
 575              		.cfi_startproc
 576              		@ args = 4, pretend = 0, frame = 0
 577              		@ frame_needed = 0, uses_anonymous_args = 0
 578              		.loc 1 336 1 is_stmt 0 view .LVU208
 579 0000 38B5     		push	{r3, r4, r5, lr}
 580              	.LCFI4:
 581              		.cfi_def_cfa_offset 16
 582              		.cfi_offset 3, -16
 583              		.cfi_offset 4, -12
 584              		.cfi_offset 5, -8
 585              		.cfi_offset 14, -4
 586 0002 8446     		mov	ip, r0
 337:Middlewares/ST/STM32_USB_Host_Library/Class/MSC/Src/usbh_msc_scsi.c ****   USBH_StatusTypeDef    error = USBH_FAIL ;
 587              		.loc 1 337 3 is_stmt 1 view .LVU209
 588              	.LVL38:
 338:Middlewares/ST/STM32_USB_Host_Library/Class/MSC/Src/usbh_msc_scsi.c **** 
 339:Middlewares/ST/STM32_USB_Host_Library/Class/MSC/Src/usbh_msc_scsi.c ****   MSC_HandleTypeDef *MSC_Handle = (MSC_HandleTypeDef *) phost->pActiveClass->pData;
 589              		.loc 1 339 3 view .LVU210
 590              		.loc 1 339 62 is_stmt 0 view .LVU211
 591 0004 D0F87C03 		ldr	r0, [r0, #892]
 592              	.LVL39:
 593              		.loc 1 339 22 view .LVU212
 594 0008 C469     		ldr	r4, [r0, #28]
 595              	.LVL40:
 340:Middlewares/ST/STM32_USB_Host_Library/Class/MSC/Src/usbh_msc_scsi.c **** 
 341:Middlewares/ST/STM32_USB_Host_Library/Class/MSC/Src/usbh_msc_scsi.c ****   switch (MSC_Handle->hbot.cmd_state)
 596              		.loc 1 341 3 is_stmt 1 view .LVU213
 597              		.loc 1 341 27 is_stmt 0 view .LVU214
 598 000a 94F85200 		ldrb	r0, [r4, #82]	@ zero_extendqisi2
 599              		.loc 1 341 3 view .LVU215
 600 000e 0128     		cmp	r0, #1
 601 0010 03D0     		beq	.L24
 602 0012 0228     		cmp	r0, #2
 603 0014 36D0     		beq	.L25
 604 0016 0220     		movs	r0, #2
 605 0018 33E0     		b	.L26
 606              	.L24:
 342:Middlewares/ST/STM32_USB_Host_Library/Class/MSC/Src/usbh_msc_scsi.c ****   {
 343:Middlewares/ST/STM32_USB_Host_Library/Class/MSC/Src/usbh_msc_scsi.c ****     case BOT_CMD_SEND:
 344:Middlewares/ST/STM32_USB_Host_Library/Class/MSC/Src/usbh_msc_scsi.c **** 
 345:Middlewares/ST/STM32_USB_Host_Library/Class/MSC/Src/usbh_msc_scsi.c ****       /*Prepare the CBW and relevant field*/
 346:Middlewares/ST/STM32_USB_Host_Library/Class/MSC/Src/usbh_msc_scsi.c ****       MSC_Handle->hbot.cbw.field.DataTransferLength = length * MSC_Handle->unit[0].capacity.block_s
 607              		.loc 1 346 7 is_stmt 1 view .LVU216
 608              		.loc 1 346 92 is_stmt 0 view .LVU217
 609 001a B4F89810 		ldrh	r1, [r4, #152]
 610              	.LVL41:
 611              		.loc 1 346 62 view .LVU218
 612 001e 049D     		ldr	r5, [sp, #16]
 613 0020 05FB01F1 		mul	r1, r5, r1
 614              		.loc 1 346 53 view .LVU219
 615 0024 E165     		str	r1, [r4, #92]
 347:Middlewares/ST/STM32_USB_Host_Library/Class/MSC/Src/usbh_msc_scsi.c ****       MSC_Handle->hbot.cbw.field.Flags = USB_EP_DIR_OUT;
 616              		.loc 1 347 7 is_stmt 1 view .LVU220
 617              		.loc 1 347 40 is_stmt 0 view .LVU221
 618 0026 0021     		movs	r1, #0
 619 0028 84F86010 		strb	r1, [r4, #96]
ARM GAS  /tmp/ccmD1Npv.s 			page 19


 348:Middlewares/ST/STM32_USB_Host_Library/Class/MSC/Src/usbh_msc_scsi.c ****       MSC_Handle->hbot.cbw.field.CBLength = CBW_LENGTH;
 620              		.loc 1 348 7 is_stmt 1 view .LVU222
 621              		.loc 1 348 43 is_stmt 0 view .LVU223
 622 002c 4FF00A0C 		mov	ip, #10
 623              	.LVL42:
 624              		.loc 1 348 43 view .LVU224
 625 0030 84F862C0 		strb	ip, [r4, #98]
 349:Middlewares/ST/STM32_USB_Host_Library/Class/MSC/Src/usbh_msc_scsi.c **** 
 350:Middlewares/ST/STM32_USB_Host_Library/Class/MSC/Src/usbh_msc_scsi.c ****       (void)USBH_memset(MSC_Handle->hbot.cbw.field.CB, 0, CBW_CB_LENGTH);
 626              		.loc 1 350 7 is_stmt 1 view .LVU225
 627              		.loc 1 350 13 is_stmt 0 view .LVU226
 628 0034 C4F86310 		str	r1, [r4, #99]	@ unaligned
 629 0038 C4F86710 		str	r1, [r4, #103]	@ unaligned
 630 003c C4F86B10 		str	r1, [r4, #107]	@ unaligned
 631 0040 C4F86F10 		str	r1, [r4, #111]	@ unaligned
 351:Middlewares/ST/STM32_USB_Host_Library/Class/MSC/Src/usbh_msc_scsi.c ****       MSC_Handle->hbot.cbw.field.CB[0]  = OPCODE_WRITE10;
 632              		.loc 1 351 7 is_stmt 1 view .LVU227
 633              		.loc 1 351 41 is_stmt 0 view .LVU228
 634 0044 2A21     		movs	r1, #42
 635 0046 84F86310 		strb	r1, [r4, #99]
 352:Middlewares/ST/STM32_USB_Host_Library/Class/MSC/Src/usbh_msc_scsi.c **** 
 353:Middlewares/ST/STM32_USB_Host_Library/Class/MSC/Src/usbh_msc_scsi.c ****       /*logical block address*/
 354:Middlewares/ST/STM32_USB_Host_Library/Class/MSC/Src/usbh_msc_scsi.c ****       MSC_Handle->hbot.cbw.field.CB[2]  = (((uint8_t *)(void *)&address)[3]);
 636              		.loc 1 354 7 is_stmt 1 view .LVU229
 637              		.loc 1 354 41 is_stmt 0 view .LVU230
 638 004a C2F30761 		ubfx	r1, r2, #24, #8
 639 004e 84F86510 		strb	r1, [r4, #101]
 355:Middlewares/ST/STM32_USB_Host_Library/Class/MSC/Src/usbh_msc_scsi.c ****       MSC_Handle->hbot.cbw.field.CB[3]  = (((uint8_t *)(void *)&address)[2]);
 640              		.loc 1 355 7 is_stmt 1 view .LVU231
 641              		.loc 1 355 41 is_stmt 0 view .LVU232
 642 0052 C2F30741 		ubfx	r1, r2, #16, #8
 643 0056 84F86610 		strb	r1, [r4, #102]
 356:Middlewares/ST/STM32_USB_Host_Library/Class/MSC/Src/usbh_msc_scsi.c ****       MSC_Handle->hbot.cbw.field.CB[4]  = (((uint8_t *)(void *)&address)[1]);
 644              		.loc 1 356 7 is_stmt 1 view .LVU233
 645              		.loc 1 356 41 is_stmt 0 view .LVU234
 646 005a C2F30721 		ubfx	r1, r2, #8, #8
 647 005e 84F86710 		strb	r1, [r4, #103]
 357:Middlewares/ST/STM32_USB_Host_Library/Class/MSC/Src/usbh_msc_scsi.c ****       MSC_Handle->hbot.cbw.field.CB[5]  = (((uint8_t *)(void *)&address)[0]);
 648              		.loc 1 357 7 is_stmt 1 view .LVU235
 649              		.loc 1 357 41 is_stmt 0 view .LVU236
 650 0062 84F86820 		strb	r2, [r4, #104]
 358:Middlewares/ST/STM32_USB_Host_Library/Class/MSC/Src/usbh_msc_scsi.c **** 
 359:Middlewares/ST/STM32_USB_Host_Library/Class/MSC/Src/usbh_msc_scsi.c **** 
 360:Middlewares/ST/STM32_USB_Host_Library/Class/MSC/Src/usbh_msc_scsi.c ****       /*Transfer length */
 361:Middlewares/ST/STM32_USB_Host_Library/Class/MSC/Src/usbh_msc_scsi.c ****       MSC_Handle->hbot.cbw.field.CB[7]  = (((uint8_t *)(void *)&length)[1]) ;
 651              		.loc 1 361 7 is_stmt 1 view .LVU237
 652              		.loc 1 361 41 is_stmt 0 view .LVU238
 653 0066 C5F30722 		ubfx	r2, r5, #8, #8
 654              	.LVL43:
 655              		.loc 1 361 41 view .LVU239
 656 006a 84F86A20 		strb	r2, [r4, #106]
 362:Middlewares/ST/STM32_USB_Host_Library/Class/MSC/Src/usbh_msc_scsi.c ****       MSC_Handle->hbot.cbw.field.CB[8]  = (((uint8_t *)(void *)&length)[0]) ;
 657              		.loc 1 362 7 is_stmt 1 view .LVU240
 658              		.loc 1 362 41 is_stmt 0 view .LVU241
 659 006e 84F86B50 		strb	r5, [r4, #107]
 363:Middlewares/ST/STM32_USB_Host_Library/Class/MSC/Src/usbh_msc_scsi.c **** 
 364:Middlewares/ST/STM32_USB_Host_Library/Class/MSC/Src/usbh_msc_scsi.c **** 
ARM GAS  /tmp/ccmD1Npv.s 			page 20


 365:Middlewares/ST/STM32_USB_Host_Library/Class/MSC/Src/usbh_msc_scsi.c ****       MSC_Handle->hbot.state = BOT_SEND_CBW;
 660              		.loc 1 365 7 is_stmt 1 view .LVU242
 661              		.loc 1 365 30 is_stmt 0 view .LVU243
 662 0072 0122     		movs	r2, #1
 663 0074 84F85020 		strb	r2, [r4, #80]
 366:Middlewares/ST/STM32_USB_Host_Library/Class/MSC/Src/usbh_msc_scsi.c ****       MSC_Handle->hbot.cmd_state = BOT_CMD_WAIT;
 664              		.loc 1 366 7 is_stmt 1 view .LVU244
 665              		.loc 1 366 34 is_stmt 0 view .LVU245
 666 0078 0222     		movs	r2, #2
 667 007a 84F85220 		strb	r2, [r4, #82]
 367:Middlewares/ST/STM32_USB_Host_Library/Class/MSC/Src/usbh_msc_scsi.c ****       MSC_Handle->hbot.pbuf = pbuf;
 668              		.loc 1 367 7 is_stmt 1 view .LVU246
 669              		.loc 1 367 29 is_stmt 0 view .LVU247
 670 007e C4F88C30 		str	r3, [r4, #140]
 368:Middlewares/ST/STM32_USB_Host_Library/Class/MSC/Src/usbh_msc_scsi.c ****       error = USBH_BUSY;
 671              		.loc 1 368 7 is_stmt 1 view .LVU248
 672              	.LVL44:
 369:Middlewares/ST/STM32_USB_Host_Library/Class/MSC/Src/usbh_msc_scsi.c ****       break;
 673              		.loc 1 369 7 view .LVU249
 674              	.L26:
 370:Middlewares/ST/STM32_USB_Host_Library/Class/MSC/Src/usbh_msc_scsi.c **** 
 371:Middlewares/ST/STM32_USB_Host_Library/Class/MSC/Src/usbh_msc_scsi.c ****     case BOT_CMD_WAIT:
 372:Middlewares/ST/STM32_USB_Host_Library/Class/MSC/Src/usbh_msc_scsi.c ****       error = USBH_MSC_BOT_Process(phost, lun);
 373:Middlewares/ST/STM32_USB_Host_Library/Class/MSC/Src/usbh_msc_scsi.c ****       break;
 374:Middlewares/ST/STM32_USB_Host_Library/Class/MSC/Src/usbh_msc_scsi.c **** 
 375:Middlewares/ST/STM32_USB_Host_Library/Class/MSC/Src/usbh_msc_scsi.c ****     default:
 376:Middlewares/ST/STM32_USB_Host_Library/Class/MSC/Src/usbh_msc_scsi.c ****       break;
 377:Middlewares/ST/STM32_USB_Host_Library/Class/MSC/Src/usbh_msc_scsi.c ****   }
 378:Middlewares/ST/STM32_USB_Host_Library/Class/MSC/Src/usbh_msc_scsi.c **** 
 379:Middlewares/ST/STM32_USB_Host_Library/Class/MSC/Src/usbh_msc_scsi.c ****   return error;
 675              		.loc 1 379 3 view .LVU250
 380:Middlewares/ST/STM32_USB_Host_Library/Class/MSC/Src/usbh_msc_scsi.c **** }
 676              		.loc 1 380 1 is_stmt 0 view .LVU251
 677 0082 38BD     		pop	{r3, r4, r5, pc}
 678              	.LVL45:
 679              	.L25:
 372:Middlewares/ST/STM32_USB_Host_Library/Class/MSC/Src/usbh_msc_scsi.c ****       break;
 680              		.loc 1 372 7 is_stmt 1 view .LVU252
 372:Middlewares/ST/STM32_USB_Host_Library/Class/MSC/Src/usbh_msc_scsi.c ****       break;
 681              		.loc 1 372 15 is_stmt 0 view .LVU253
 682 0084 6046     		mov	r0, ip
 683 0086 FFF7FEFF 		bl	USBH_MSC_BOT_Process
 684              	.LVL46:
 373:Middlewares/ST/STM32_USB_Host_Library/Class/MSC/Src/usbh_msc_scsi.c **** 
 685              		.loc 1 373 7 is_stmt 1 view .LVU254
 686 008a FAE7     		b	.L26
 687              		.cfi_endproc
 688              	.LFE137:
 690              		.section	.text.USBH_MSC_SCSI_Read,"ax",%progbits
 691              		.align	1
 692              		.global	USBH_MSC_SCSI_Read
 693              		.syntax unified
 694              		.thumb
 695              		.thumb_func
 697              	USBH_MSC_SCSI_Read:
 698              	.LVL47:
 699              	.LFB138:
ARM GAS  /tmp/ccmD1Npv.s 			page 21


 381:Middlewares/ST/STM32_USB_Host_Library/Class/MSC/Src/usbh_msc_scsi.c **** 
 382:Middlewares/ST/STM32_USB_Host_Library/Class/MSC/Src/usbh_msc_scsi.c **** /**
 383:Middlewares/ST/STM32_USB_Host_Library/Class/MSC/Src/usbh_msc_scsi.c ****   * @brief  USBH_MSC_SCSI_Read
 384:Middlewares/ST/STM32_USB_Host_Library/Class/MSC/Src/usbh_msc_scsi.c ****   *         Issue Read10 command.
 385:Middlewares/ST/STM32_USB_Host_Library/Class/MSC/Src/usbh_msc_scsi.c ****   * @param  phost: Host handle
 386:Middlewares/ST/STM32_USB_Host_Library/Class/MSC/Src/usbh_msc_scsi.c ****   * @param  lun: Logical Unit Number
 387:Middlewares/ST/STM32_USB_Host_Library/Class/MSC/Src/usbh_msc_scsi.c ****   * @param  address: sector address
 388:Middlewares/ST/STM32_USB_Host_Library/Class/MSC/Src/usbh_msc_scsi.c ****   * @param  pbuf: pointer to data
 389:Middlewares/ST/STM32_USB_Host_Library/Class/MSC/Src/usbh_msc_scsi.c ****   * @param  length: number of sector to read
 390:Middlewares/ST/STM32_USB_Host_Library/Class/MSC/Src/usbh_msc_scsi.c ****   * @retval USBH Status
 391:Middlewares/ST/STM32_USB_Host_Library/Class/MSC/Src/usbh_msc_scsi.c ****   */
 392:Middlewares/ST/STM32_USB_Host_Library/Class/MSC/Src/usbh_msc_scsi.c **** USBH_StatusTypeDef USBH_MSC_SCSI_Read(USBH_HandleTypeDef *phost,
 393:Middlewares/ST/STM32_USB_Host_Library/Class/MSC/Src/usbh_msc_scsi.c ****                                       uint8_t lun,
 394:Middlewares/ST/STM32_USB_Host_Library/Class/MSC/Src/usbh_msc_scsi.c ****                                       uint32_t address,
 395:Middlewares/ST/STM32_USB_Host_Library/Class/MSC/Src/usbh_msc_scsi.c ****                                       uint8_t *pbuf,
 396:Middlewares/ST/STM32_USB_Host_Library/Class/MSC/Src/usbh_msc_scsi.c ****                                       uint32_t length)
 397:Middlewares/ST/STM32_USB_Host_Library/Class/MSC/Src/usbh_msc_scsi.c **** {
 700              		.loc 1 397 1 view -0
 701              		.cfi_startproc
 702              		@ args = 4, pretend = 0, frame = 0
 703              		@ frame_needed = 0, uses_anonymous_args = 0
 704              		.loc 1 397 1 is_stmt 0 view .LVU256
 705 0000 38B5     		push	{r3, r4, r5, lr}
 706              	.LCFI5:
 707              		.cfi_def_cfa_offset 16
 708              		.cfi_offset 3, -16
 709              		.cfi_offset 4, -12
 710              		.cfi_offset 5, -8
 711              		.cfi_offset 14, -4
 712 0002 8446     		mov	ip, r0
 398:Middlewares/ST/STM32_USB_Host_Library/Class/MSC/Src/usbh_msc_scsi.c ****   USBH_StatusTypeDef    error = USBH_FAIL ;
 713              		.loc 1 398 3 is_stmt 1 view .LVU257
 714              	.LVL48:
 399:Middlewares/ST/STM32_USB_Host_Library/Class/MSC/Src/usbh_msc_scsi.c ****   MSC_HandleTypeDef *MSC_Handle = (MSC_HandleTypeDef *) phost->pActiveClass->pData;
 715              		.loc 1 399 3 view .LVU258
 716              		.loc 1 399 62 is_stmt 0 view .LVU259
 717 0004 D0F87C03 		ldr	r0, [r0, #892]
 718              	.LVL49:
 719              		.loc 1 399 22 view .LVU260
 720 0008 C469     		ldr	r4, [r0, #28]
 721              	.LVL50:
 400:Middlewares/ST/STM32_USB_Host_Library/Class/MSC/Src/usbh_msc_scsi.c **** 
 401:Middlewares/ST/STM32_USB_Host_Library/Class/MSC/Src/usbh_msc_scsi.c ****   switch (MSC_Handle->hbot.cmd_state)
 722              		.loc 1 401 3 is_stmt 1 view .LVU261
 723              		.loc 1 401 27 is_stmt 0 view .LVU262
 724 000a 94F85200 		ldrb	r0, [r4, #82]	@ zero_extendqisi2
 725              		.loc 1 401 3 view .LVU263
 726 000e 0128     		cmp	r0, #1
 727 0010 03D0     		beq	.L29
 728 0012 0228     		cmp	r0, #2
 729 0014 36D0     		beq	.L30
 730 0016 0220     		movs	r0, #2
 731 0018 33E0     		b	.L31
 732              	.L29:
 402:Middlewares/ST/STM32_USB_Host_Library/Class/MSC/Src/usbh_msc_scsi.c ****   {
 403:Middlewares/ST/STM32_USB_Host_Library/Class/MSC/Src/usbh_msc_scsi.c ****     case BOT_CMD_SEND:
 404:Middlewares/ST/STM32_USB_Host_Library/Class/MSC/Src/usbh_msc_scsi.c **** 
ARM GAS  /tmp/ccmD1Npv.s 			page 22


 405:Middlewares/ST/STM32_USB_Host_Library/Class/MSC/Src/usbh_msc_scsi.c ****       /*Prepare the CBW and relevant field*/
 406:Middlewares/ST/STM32_USB_Host_Library/Class/MSC/Src/usbh_msc_scsi.c ****       MSC_Handle->hbot.cbw.field.DataTransferLength = length * MSC_Handle->unit[0].capacity.block_s
 733              		.loc 1 406 7 is_stmt 1 view .LVU264
 734              		.loc 1 406 92 is_stmt 0 view .LVU265
 735 001a B4F89810 		ldrh	r1, [r4, #152]
 736              	.LVL51:
 737              		.loc 1 406 62 view .LVU266
 738 001e 049D     		ldr	r5, [sp, #16]
 739 0020 05FB01F1 		mul	r1, r5, r1
 740              		.loc 1 406 53 view .LVU267
 741 0024 E165     		str	r1, [r4, #92]
 407:Middlewares/ST/STM32_USB_Host_Library/Class/MSC/Src/usbh_msc_scsi.c ****       MSC_Handle->hbot.cbw.field.Flags = USB_EP_DIR_IN;
 742              		.loc 1 407 7 is_stmt 1 view .LVU268
 743              		.loc 1 407 40 is_stmt 0 view .LVU269
 744 0026 8021     		movs	r1, #128
 745 0028 84F86010 		strb	r1, [r4, #96]
 408:Middlewares/ST/STM32_USB_Host_Library/Class/MSC/Src/usbh_msc_scsi.c ****       MSC_Handle->hbot.cbw.field.CBLength = CBW_LENGTH;
 746              		.loc 1 408 7 is_stmt 1 view .LVU270
 747              		.loc 1 408 43 is_stmt 0 view .LVU271
 748 002c 0A21     		movs	r1, #10
 749 002e 84F86210 		strb	r1, [r4, #98]
 409:Middlewares/ST/STM32_USB_Host_Library/Class/MSC/Src/usbh_msc_scsi.c **** 
 410:Middlewares/ST/STM32_USB_Host_Library/Class/MSC/Src/usbh_msc_scsi.c ****       (void)USBH_memset(MSC_Handle->hbot.cbw.field.CB, 0, CBW_CB_LENGTH);
 750              		.loc 1 410 7 is_stmt 1 view .LVU272
 751              		.loc 1 410 13 is_stmt 0 view .LVU273
 752 0032 0021     		movs	r1, #0
 753 0034 C4F86310 		str	r1, [r4, #99]	@ unaligned
 754 0038 C4F86710 		str	r1, [r4, #103]	@ unaligned
 755 003c C4F86B10 		str	r1, [r4, #107]	@ unaligned
 756 0040 C4F86F10 		str	r1, [r4, #111]	@ unaligned
 411:Middlewares/ST/STM32_USB_Host_Library/Class/MSC/Src/usbh_msc_scsi.c ****       MSC_Handle->hbot.cbw.field.CB[0]  = OPCODE_READ10;
 757              		.loc 1 411 7 is_stmt 1 view .LVU274
 758              		.loc 1 411 41 is_stmt 0 view .LVU275
 759 0044 2821     		movs	r1, #40
 760 0046 84F86310 		strb	r1, [r4, #99]
 412:Middlewares/ST/STM32_USB_Host_Library/Class/MSC/Src/usbh_msc_scsi.c **** 
 413:Middlewares/ST/STM32_USB_Host_Library/Class/MSC/Src/usbh_msc_scsi.c ****       /*logical block address*/
 414:Middlewares/ST/STM32_USB_Host_Library/Class/MSC/Src/usbh_msc_scsi.c ****       MSC_Handle->hbot.cbw.field.CB[2]  = (((uint8_t *)(void *)&address)[3]);
 761              		.loc 1 414 7 is_stmt 1 view .LVU276
 762              		.loc 1 414 41 is_stmt 0 view .LVU277
 763 004a C2F30761 		ubfx	r1, r2, #24, #8
 764 004e 84F86510 		strb	r1, [r4, #101]
 415:Middlewares/ST/STM32_USB_Host_Library/Class/MSC/Src/usbh_msc_scsi.c ****       MSC_Handle->hbot.cbw.field.CB[3]  = (((uint8_t *)(void *)&address)[2]);
 765              		.loc 1 415 7 is_stmt 1 view .LVU278
 766              		.loc 1 415 41 is_stmt 0 view .LVU279
 767 0052 C2F30741 		ubfx	r1, r2, #16, #8
 768 0056 84F86610 		strb	r1, [r4, #102]
 416:Middlewares/ST/STM32_USB_Host_Library/Class/MSC/Src/usbh_msc_scsi.c ****       MSC_Handle->hbot.cbw.field.CB[4]  = (((uint8_t *)(void *)&address)[1]);
 769              		.loc 1 416 7 is_stmt 1 view .LVU280
 770              		.loc 1 416 41 is_stmt 0 view .LVU281
 771 005a C2F30721 		ubfx	r1, r2, #8, #8
 772 005e 84F86710 		strb	r1, [r4, #103]
 417:Middlewares/ST/STM32_USB_Host_Library/Class/MSC/Src/usbh_msc_scsi.c ****       MSC_Handle->hbot.cbw.field.CB[5]  = (((uint8_t *)(void *)&address)[0]);
 773              		.loc 1 417 7 is_stmt 1 view .LVU282
 774              		.loc 1 417 41 is_stmt 0 view .LVU283
 775 0062 84F86820 		strb	r2, [r4, #104]
 418:Middlewares/ST/STM32_USB_Host_Library/Class/MSC/Src/usbh_msc_scsi.c **** 
ARM GAS  /tmp/ccmD1Npv.s 			page 23


 419:Middlewares/ST/STM32_USB_Host_Library/Class/MSC/Src/usbh_msc_scsi.c **** 
 420:Middlewares/ST/STM32_USB_Host_Library/Class/MSC/Src/usbh_msc_scsi.c ****       /*Transfer length */
 421:Middlewares/ST/STM32_USB_Host_Library/Class/MSC/Src/usbh_msc_scsi.c ****       MSC_Handle->hbot.cbw.field.CB[7]  = (((uint8_t *)(void *)&length)[1]) ;
 776              		.loc 1 421 7 is_stmt 1 view .LVU284
 777              		.loc 1 421 41 is_stmt 0 view .LVU285
 778 0066 C5F30722 		ubfx	r2, r5, #8, #8
 779              	.LVL52:
 780              		.loc 1 421 41 view .LVU286
 781 006a 84F86A20 		strb	r2, [r4, #106]
 422:Middlewares/ST/STM32_USB_Host_Library/Class/MSC/Src/usbh_msc_scsi.c ****       MSC_Handle->hbot.cbw.field.CB[8]  = (((uint8_t *)(void *)&length)[0]) ;
 782              		.loc 1 422 7 is_stmt 1 view .LVU287
 783              		.loc 1 422 41 is_stmt 0 view .LVU288
 784 006e 84F86B50 		strb	r5, [r4, #107]
 423:Middlewares/ST/STM32_USB_Host_Library/Class/MSC/Src/usbh_msc_scsi.c **** 
 424:Middlewares/ST/STM32_USB_Host_Library/Class/MSC/Src/usbh_msc_scsi.c **** 
 425:Middlewares/ST/STM32_USB_Host_Library/Class/MSC/Src/usbh_msc_scsi.c ****       MSC_Handle->hbot.state = BOT_SEND_CBW;
 785              		.loc 1 425 7 is_stmt 1 view .LVU289
 786              		.loc 1 425 30 is_stmt 0 view .LVU290
 787 0072 0122     		movs	r2, #1
 788 0074 84F85020 		strb	r2, [r4, #80]
 426:Middlewares/ST/STM32_USB_Host_Library/Class/MSC/Src/usbh_msc_scsi.c ****       MSC_Handle->hbot.cmd_state = BOT_CMD_WAIT;
 789              		.loc 1 426 7 is_stmt 1 view .LVU291
 790              		.loc 1 426 34 is_stmt 0 view .LVU292
 791 0078 0222     		movs	r2, #2
 792 007a 84F85220 		strb	r2, [r4, #82]
 427:Middlewares/ST/STM32_USB_Host_Library/Class/MSC/Src/usbh_msc_scsi.c ****       MSC_Handle->hbot.pbuf = pbuf;
 793              		.loc 1 427 7 is_stmt 1 view .LVU293
 794              		.loc 1 427 29 is_stmt 0 view .LVU294
 795 007e C4F88C30 		str	r3, [r4, #140]
 428:Middlewares/ST/STM32_USB_Host_Library/Class/MSC/Src/usbh_msc_scsi.c ****       error = USBH_BUSY;
 796              		.loc 1 428 7 is_stmt 1 view .LVU295
 797              	.LVL53:
 429:Middlewares/ST/STM32_USB_Host_Library/Class/MSC/Src/usbh_msc_scsi.c ****       break;
 798              		.loc 1 429 7 view .LVU296
 799              	.L31:
 430:Middlewares/ST/STM32_USB_Host_Library/Class/MSC/Src/usbh_msc_scsi.c **** 
 431:Middlewares/ST/STM32_USB_Host_Library/Class/MSC/Src/usbh_msc_scsi.c ****     case BOT_CMD_WAIT:
 432:Middlewares/ST/STM32_USB_Host_Library/Class/MSC/Src/usbh_msc_scsi.c ****       error = USBH_MSC_BOT_Process(phost, lun);
 433:Middlewares/ST/STM32_USB_Host_Library/Class/MSC/Src/usbh_msc_scsi.c ****       break;
 434:Middlewares/ST/STM32_USB_Host_Library/Class/MSC/Src/usbh_msc_scsi.c **** 
 435:Middlewares/ST/STM32_USB_Host_Library/Class/MSC/Src/usbh_msc_scsi.c ****     default:
 436:Middlewares/ST/STM32_USB_Host_Library/Class/MSC/Src/usbh_msc_scsi.c ****       break;
 437:Middlewares/ST/STM32_USB_Host_Library/Class/MSC/Src/usbh_msc_scsi.c ****   }
 438:Middlewares/ST/STM32_USB_Host_Library/Class/MSC/Src/usbh_msc_scsi.c **** 
 439:Middlewares/ST/STM32_USB_Host_Library/Class/MSC/Src/usbh_msc_scsi.c ****   return error;
 800              		.loc 1 439 3 view .LVU297
 440:Middlewares/ST/STM32_USB_Host_Library/Class/MSC/Src/usbh_msc_scsi.c **** }
 801              		.loc 1 440 1 is_stmt 0 view .LVU298
 802 0082 38BD     		pop	{r3, r4, r5, pc}
 803              	.LVL54:
 804              	.L30:
 432:Middlewares/ST/STM32_USB_Host_Library/Class/MSC/Src/usbh_msc_scsi.c ****       break;
 805              		.loc 1 432 7 is_stmt 1 view .LVU299
 432:Middlewares/ST/STM32_USB_Host_Library/Class/MSC/Src/usbh_msc_scsi.c ****       break;
 806              		.loc 1 432 15 is_stmt 0 view .LVU300
 807 0084 6046     		mov	r0, ip
 808 0086 FFF7FEFF 		bl	USBH_MSC_BOT_Process
ARM GAS  /tmp/ccmD1Npv.s 			page 24


 809              	.LVL55:
 433:Middlewares/ST/STM32_USB_Host_Library/Class/MSC/Src/usbh_msc_scsi.c **** 
 810              		.loc 1 433 7 is_stmt 1 view .LVU301
 811 008a FAE7     		b	.L31
 812              		.cfi_endproc
 813              	.LFE138:
 815              		.text
 816              	.Letext0:
 817              		.file 2 "/usr/lib/gcc/arm-none-eabi/14.2.1/include/stdint.h"
 818              		.file 3 "Middlewares/ST/STM32_USB_Host_Library/Core/Inc/usbh_def.h"
 819              		.file 4 "Middlewares/ST/STM32_USB_Host_Library/Class/MSC/Inc/usbh_msc_bot.h"
 820              		.file 5 "Middlewares/ST/STM32_USB_Host_Library/Class/MSC/Inc/usbh_msc_scsi.h"
 821              		.file 6 "Middlewares/ST/STM32_USB_Host_Library/Class/MSC/Inc/usbh_msc.h"
 822              		.file 7 "/usr/include/newlib/string.h"
 823              		.file 8 "<built-in>"
ARM GAS  /tmp/ccmD1Npv.s 			page 25


DEFINED SYMBOLS
                            *ABS*:00000000 usbh_msc_scsi.c
     /tmp/ccmD1Npv.s:21     .text.USBH_MSC_SCSI_TestUnitReady:00000000 $t
     /tmp/ccmD1Npv.s:27     .text.USBH_MSC_SCSI_TestUnitReady:00000000 USBH_MSC_SCSI_TestUnitReady
     /tmp/ccmD1Npv.s:111    .text.USBH_MSC_SCSI_ReadCapacity:00000000 $t
     /tmp/ccmD1Npv.s:117    .text.USBH_MSC_SCSI_ReadCapacity:00000000 USBH_MSC_SCSI_ReadCapacity
     /tmp/ccmD1Npv.s:245    .text.USBH_MSC_SCSI_Inquiry:00000000 $t
     /tmp/ccmD1Npv.s:251    .text.USBH_MSC_SCSI_Inquiry:00000000 USBH_MSC_SCSI_Inquiry
     /tmp/ccmD1Npv.s:426    .text.USBH_MSC_SCSI_RequestSense:00000000 $t
     /tmp/ccmD1Npv.s:432    .text.USBH_MSC_SCSI_RequestSense:00000000 USBH_MSC_SCSI_RequestSense
     /tmp/ccmD1Npv.s:565    .text.USBH_MSC_SCSI_Write:00000000 $t
     /tmp/ccmD1Npv.s:571    .text.USBH_MSC_SCSI_Write:00000000 USBH_MSC_SCSI_Write
     /tmp/ccmD1Npv.s:691    .text.USBH_MSC_SCSI_Read:00000000 $t
     /tmp/ccmD1Npv.s:697    .text.USBH_MSC_SCSI_Read:00000000 USBH_MSC_SCSI_Read

UNDEFINED SYMBOLS
USBH_MSC_BOT_Process
memset
